[2.550s] Invoking command in '/home/webotpi/ros2_ws/src/voice_interaction': PYTHONPATH=/home/webotpi/ros2_ws/build/voice_interaction/prefix_override:/usr/lib/python3/dist-packages/colcon_core/task/python/colcon_distutils_commands:/home/webotpi/ros2_ws/install/voice_interaction/lib/python3.12/site-packages:${PYTHONPATH} /usr/bin/python3 -W ignore:setup.py install is deprecated -W ignore:easy_install command is deprecated setup.py egg_info --egg-base ../../build/voice_interaction build --build-base /home/webotpi/ros2_ws/build/voice_interaction/build install --record /home/webotpi/ros2_ws/build/voice_interaction/install.log --single-version-externally-managed install_data
[3.300s] running egg_info
[3.351s] writing ../../build/voice_interaction/voice_interaction.egg-info/PKG-INFO
[3.351s] writing dependency_links to ../../build/voice_interaction/voice_interaction.egg-info/dependency_links.txt
[3.354s] writing entry points to ../../build/voice_interaction/voice_interaction.egg-info/entry_points.txt
[3.354s] writing requirements to ../../build/voice_interaction/voice_interaction.egg-info/requires.txt
[3.355s] writing top-level names to ../../build/voice_interaction/voice_interaction.egg-info/top_level.txt
[3.450s] reading manifest file '../../build/voice_interaction/voice_interaction.egg-info/SOURCES.txt'
[3.450s] writing manifest file '../../build/voice_interaction/voice_interaction.egg-info/SOURCES.txt'
[3.450s] running build
[3.450s] running build_py
[3.450s] copying voice_interaction/intent_parser_node.py -> /home/webotpi/ros2_ws/build/voice_interaction/build/lib/voice_interaction
[3.451s] running install
[3.467s] running install_lib
[3.529s] copying /home/webotpi/ros2_ws/build/voice_interaction/build/lib/voice_interaction/intent_parser_node.py -> /home/webotpi/ros2_ws/install/voice_interaction/lib/python3.12/site-packages/voice_interaction
[3.537s] byte-compiling /home/webotpi/ros2_ws/install/voice_interaction/lib/python3.12/site-packages/voice_interaction/intent_parser_node.py to intent_parser_node.cpython-312.pyc
[3.539s] running install_data
[3.539s] copying config/voice_params.yaml -> /home/webotpi/ros2_ws/install/voice_interaction/share/voice_interaction/config
[3.541s] running install_egg_info
[3.587s] removing '/home/webotpi/ros2_ws/install/voice_interaction/lib/python3.12/site-packages/voice_interaction-0.1.0-py3.12.egg-info' (and everything under it)
[3.588s] Copying ../../build/voice_interaction/voice_interaction.egg-info to /home/webotpi/ros2_ws/install/voice_interaction/lib/python3.12/site-packages/voice_interaction-0.1.0-py3.12.egg-info
[3.589s] running install_scripts
[3.908s] Installing arm_executor_node script to /home/webotpi/ros2_ws/install/voice_interaction/lib/voice_interaction
[3.909s] Installing intent_parser_node script to /home/webotpi/ros2_ws/install/voice_interaction/lib/voice_interaction
[3.912s] Installing voice_recognition_node script to /home/webotpi/ros2_ws/install/voice_interaction/lib/voice_interaction
[3.913s] Installing voice_synthesis_node script to /home/webotpi/ros2_ws/install/voice_interaction/lib/voice_interaction
[3.914s] writing list of installed files to '/home/webotpi/ros2_ws/build/voice_interaction/install.log'
[4.057s] Invoked command in '/home/webotpi/ros2_ws/src/voice_interaction' returned '0': PYTHONPATH=/home/webotpi/ros2_ws/build/voice_interaction/prefix_override:/usr/lib/python3/dist-packages/colcon_core/task/python/colcon_distutils_commands:/home/webotpi/ros2_ws/install/voice_interaction/lib/python3.12/site-packages:${PYTHONPATH} /usr/bin/python3 -W ignore:setup.py install is deprecated -W ignore:easy_install command is deprecated setup.py egg_info --egg-base ../../build/voice_interaction build --build-base /home/webotpi/ros2_ws/build/voice_interaction/build install --record /home/webotpi/ros2_ws/build/voice_interaction/install.log --single-version-externally-managed install_data
