[1.803s] Invoking command in '/home/webotpi/ros2_ws/src/robot_integration': PYTHONPATH=/home/webotpi/ros2_ws/build/robot_integration/prefix_override:/usr/lib/python3/dist-packages/colcon_core/task/python/colcon_distutils_commands:/home/webotpi/ros2_ws/install/robot_integration/lib/python3.12/site-packages:${PYTHONPATH} /usr/bin/python3 -W ignore:setup.py install is deprecated -W ignore:easy_install command is deprecated setup.py egg_info --egg-base ../../build/robot_integration build --build-base /home/webotpi/ros2_ws/build/robot_integration/build install --record /home/webotpi/ros2_ws/build/robot_integration/install.log --single-version-externally-managed install_data
[2.175s] running egg_info
[2.201s] writing ../../build/robot_integration/robot_integration.egg-info/PKG-INFO
[2.201s] writing dependency_links to ../../build/robot_integration/robot_integration.egg-info/dependency_links.txt
[2.204s] writing entry points to ../../build/robot_integration/robot_integration.egg-info/entry_points.txt
[2.205s] writing requirements to ../../build/robot_integration/robot_integration.egg-info/requires.txt
[2.205s] writing top-level names to ../../build/robot_integration/robot_integration.egg-info/top_level.txt
[2.262s] reading manifest file '../../build/robot_integration/robot_integration.egg-info/SOURCES.txt'
[2.266s] writing manifest file '../../build/robot_integration/robot_integration.egg-info/SOURCES.txt'
[2.266s] running build
[2.266s] running build_py
[2.267s] copying robot_integration/line_follow_node.py -> /home/webotpi/ros2_ws/build/robot_integration/build/lib/robot_integration
[2.267s] running install
[2.277s] running install_lib
[2.304s] copying /home/webotpi/ros2_ws/build/robot_integration/build/lib/robot_integration/line_follow_node.py -> /home/webotpi/ros2_ws/install/robot_integration/lib/python3.12/site-packages/robot_integration
[2.305s] byte-compiling /home/webotpi/ros2_ws/install/robot_integration/lib/python3.12/site-packages/robot_integration/line_follow_node.py to line_follow_node.cpython-312.pyc
[2.314s] running install_data
[2.314s] copying config/line_follow_params.yaml -> /home/webotpi/ros2_ws/install/robot_integration/share/robot_integration/config
[2.315s] running install_egg_info
[2.344s] removing '/home/webotpi/ros2_ws/install/robot_integration/lib/python3.12/site-packages/robot_integration-1.0.0-py3.12.egg-info' (and everything under it)
[2.345s] Copying ../../build/robot_integration/robot_integration.egg-info to /home/webotpi/ros2_ws/install/robot_integration/lib/python3.12/site-packages/robot_integration-1.0.0-py3.12.egg-info
[2.346s] running install_scripts
[2.531s] Installing arm_controller_node script to /home/webotpi/ros2_ws/install/robot_integration/lib/robot_integration
[2.532s] Installing balance_beam_node script to /home/webotpi/ros2_ws/install/robot_integration/lib/robot_integration
[2.534s] Installing car_controller_node script to /home/webotpi/ros2_ws/install/robot_integration/lib/robot_integration
[2.535s] Installing coordinator_node script to /home/webotpi/ros2_ws/install/robot_integration/lib/robot_integration
[2.536s] Installing edge_detect_node script to /home/webotpi/ros2_ws/install/robot_integration/lib/robot_integration
[2.537s] Installing line_follow_node script to /home/webotpi/ros2_ws/install/robot_integration/lib/robot_integration
[2.537s] Installing stm32_bridge_node script to /home/webotpi/ros2_ws/install/robot_integration/lib/robot_integration
[2.539s] writing list of installed files to '/home/webotpi/ros2_ws/build/robot_integration/install.log'
[2.620s] Invoked command in '/home/webotpi/ros2_ws/src/robot_integration' returned '0': PYTHONPATH=/home/webotpi/ros2_ws/build/robot_integration/prefix_override:/usr/lib/python3/dist-packages/colcon_core/task/python/colcon_distutils_commands:/home/webotpi/ros2_ws/install/robot_integration/lib/python3.12/site-packages:${PYTHONPATH} /usr/bin/python3 -W ignore:setup.py install is deprecated -W ignore:easy_install command is deprecated setup.py egg_info --egg-base ../../build/robot_integration build --build-base /home/webotpi/ros2_ws/build/robot_integration/build install --record /home/webotpi/ros2_ws/build/robot_integration/install.log --single-version-externally-managed install_data
