[0.000000] (-) TimerEvent: {}
[0.001159] (-) JobUnselected: {'identifier': 'deptrum-ros-driver-aurora930'}
[0.001355] (-) JobUnselected: {'identifier': 'my_launch_pkg'}
[0.001415] (-) JobUnselected: {'identifier': 'my_srv'}
[0.001471] (-) JobUnselected: {'identifier': 'py_pkg'}
[0.001726] (-) JobUnselected: {'identifier': 'rplidar_ros'}
[0.001794] (-) JobUnselected: {'identifier': 'voice_interaction'}
[0.001841] (robot_integration) JobQueued: {'identifier': 'robot_integration', 'dependencies': OrderedDict()}
[0.002836] (robot_integration) JobStarted: {'identifier': 'robot_integration'}
[0.099663] (-) TimerEvent: {}
[0.199927] (-) TimerEvent: {}
[0.300190] (-) TimerEvent: {}
[0.400593] (-) TimerEvent: {}
[0.501143] (-) TimerEvent: {}
[0.601390] (-) TimerEvent: {}
[0.701711] (-) TimerEvent: {}
[0.801991] (-) TimerEvent: {}
[0.905229] (-) TimerEvent: {}
[1.005540] (-) TimerEvent: {}
[1.106027] (-) TimerEvent: {}
[1.206473] (-) TimerEvent: {}
[1.309559] (-) TimerEvent: {}
[1.409961] (-) TimerEvent: {}
[1.510604] (-) TimerEvent: {}
[1.610962] (-) TimerEvent: {}
[1.711344] (-) TimerEvent: {}
[1.811664] (-) TimerEvent: {}
[1.913731] (-) TimerEvent: {}
[2.014115] (-) TimerEvent: {}
[2.114619] (-) TimerEvent: {}
[2.215096] (-) TimerEvent: {}
[2.315528] (-) TimerEvent: {}
[2.415929] (-) TimerEvent: {}
[2.516279] (-) TimerEvent: {}
[2.622193] (-) TimerEvent: {}
[2.722988] (-) TimerEvent: {}
[2.825831] (-) TimerEvent: {}
[2.874608] (robot_integration) Command: {'cmd': ['/usr/bin/python3', '-W', 'ignore:setup.py install is deprecated', '-W', 'ignore:easy_install command is deprecated', 'setup.py', 'egg_info', '--egg-base', '../../build/robot_integration', 'build', '--build-base', '/home/webotpi/ros2_ws/build/robot_integration/build', 'install', '--record', '/home/webotpi/ros2_ws/build/robot_integration/install.log', '--single-version-externally-managed', 'install_data'], 'cwd': '/home/webotpi/ros2_ws/src/robot_integration', 'env': {'LANGUAGE': 'zh_CN:en', 'USER': 'webotpi', 'SSH_CLIENT': '192.168.0.111 44880 22', 'LC_TIME': 'zh_CN.UTF-8', 'XDG_SESSION_TYPE': 'tty', 'SHLVL': '1', 'LD_LIBRARY_PATH': '/opt/ros/jazzy/opt/rviz_ogre_vendor/lib:/opt/ros/jazzy/lib/aarch64-linux-gnu:/opt/ros/jazzy/opt/gz_math_vendor/lib:/opt/ros/jazzy/opt/gz_utils_vendor/lib:/opt/ros/jazzy/opt/gz_cmake_vendor/lib:/opt/ros/jazzy/lib', 'HOME': '/home/webotpi', 'OLDPWD': '/home/webotpi', 'ROS_PYTHON_VERSION': '3', 'LC_MONETARY': 'zh_CN.UTF-8', 'DBUS_SESSION_BUS_ADDRESS': 'unix:path=/run/user/1000/bus', 'ROS_DISTRO': 'jazzy', 'LOGNAME': 'webotpi', '_': '/usr/bin/colcon', 'ROS_VERSION': '2', 'XDG_SESSION_CLASS': 'user', 'XDG_SESSION_ID': '60', 'PATH': '/opt/ros/jazzy/bin:/usr/local/sbin:/usr/local/bin:/usr/sbin:/usr/bin:/sbin:/bin:/usr/games:/usr/local/games:/snap/bin', 'PAPERSIZE': 'a4', 'LC_ADDRESS': 'zh_CN.UTF-8', 'XDG_RUNTIME_DIR': '/run/user/1000', 'LANG': 'zh_CN.UTF-8', 'LC_TELEPHONE': 'zh_CN.UTF-8', 'AMENT_PREFIX_PATH': '/opt/ros/jazzy', 'SHELL': '/bin/bash', 'LC_NAME': 'zh_CN.UTF-8', 'LC_MEASUREMENT': 'zh_CN.UTF-8', 'LC_IDENTIFICATION': 'zh_CN.UTF-8', 'ROS_AUTOMATIC_DISCOVERY_RANGE': 'SUBNET', 'PWD': '/home/webotpi/ros2_ws/build/robot_integration', 'SSH_CONNECTION': '192.168.0.111 44880 192.168.0.119 22', 'PYTHONPATH': '/home/webotpi/ros2_ws/build/robot_integration/prefix_override:/usr/lib/python3/dist-packages/colcon_core/task/python/colcon_distutils_commands:/home/webotpi/ros2_ws/install/robot_integration/lib/python3.12/site-packages:/opt/ros/jazzy/lib/python3.12/site-packages', 'LC_NUMERIC': 'zh_CN.UTF-8', 'LC_PAPER': 'zh_CN.UTF-8', 'COLCON': '1', 'CMAKE_PREFIX_PATH': '/opt/ros/jazzy/opt/gz_math_vendor:/opt/ros/jazzy/opt/gz_utils_vendor:/opt/ros/jazzy/opt/gz_cmake_vendor'}, 'shell': False}
[2.925970] (-) TimerEvent: {}
[3.026296] (-) TimerEvent: {}
[3.126626] (-) TimerEvent: {}
[3.226944] (-) TimerEvent: {}
[3.328628] (-) TimerEvent: {}
[3.429046] (-) TimerEvent: {}
[3.529382] (-) TimerEvent: {}
[3.630621] (-) TimerEvent: {}
[3.730938] (-) TimerEvent: {}
[3.831220] (-) TimerEvent: {}
[3.858719] (robot_integration) StdoutLine: {'line': b'running egg_info\n'}
[3.929400] (robot_integration) StdoutLine: {'line': b'writing ../../build/robot_integration/robot_integration.egg-info/PKG-INFO\n'}
[3.930149] (robot_integration) StdoutLine: {'line': b'writing dependency_links to ../../build/robot_integration/robot_integration.egg-info/dependency_links.txt\n'}
[3.931335] (-) TimerEvent: {}
[3.933268] (robot_integration) StdoutLine: {'line': b'writing entry points to ../../build/robot_integration/robot_integration.egg-info/entry_points.txt\n'}
[3.933788] (robot_integration) StdoutLine: {'line': b'writing requirements to ../../build/robot_integration/robot_integration.egg-info/requires.txt\n'}
[3.934307] (robot_integration) StdoutLine: {'line': b'writing top-level names to ../../build/robot_integration/robot_integration.egg-info/top_level.txt\n'}
[4.011133] (robot_integration) StdoutLine: {'line': b"reading manifest file '../../build/robot_integration/robot_integration.egg-info/SOURCES.txt'\n"}
[4.012503] (robot_integration) StdoutLine: {'line': b"writing manifest file '../../build/robot_integration/robot_integration.egg-info/SOURCES.txt'\n"}
[4.012790] (robot_integration) StdoutLine: {'line': b'running build\n'}
[4.012888] (robot_integration) StdoutLine: {'line': b'running build_py\n'}
[4.013124] (robot_integration) StdoutLine: {'line': b'copying robot_integration/line_follow_node.py -> /home/webotpi/ros2_ws/build/robot_integration/build/lib/robot_integration\n'}
[4.013872] (robot_integration) StdoutLine: {'line': b'running install\n'}
[4.023467] (robot_integration) StdoutLine: {'line': b'running install_lib\n'}
[4.031442] (-) TimerEvent: {}
[4.055885] (robot_integration) StdoutLine: {'line': b'copying /home/webotpi/ros2_ws/build/robot_integration/build/lib/robot_integration/line_follow_node.py -> /home/webotpi/ros2_ws/install/robot_integration/lib/python3.12/site-packages/robot_integration\n'}
[4.059835] (robot_integration) StdoutLine: {'line': b'byte-compiling /home/webotpi/ros2_ws/install/robot_integration/lib/python3.12/site-packages/robot_integration/line_follow_node.py to line_follow_node.cpython-312.pyc\n'}
[4.080512] (robot_integration) StdoutLine: {'line': b'running install_data\n'}
[4.081677] (robot_integration) StdoutLine: {'line': b'copying scripts/hsv_calibrate.py -> /home/webotpi/ros2_ws/install/robot_integration/share/robot_integration/scripts\n'}
[4.081963] (robot_integration) StdoutLine: {'line': b'running install_egg_info\n'}
[4.116213] (robot_integration) StdoutLine: {'line': b"removing '/home/webotpi/ros2_ws/install/robot_integration/lib/python3.12/site-packages/robot_integration-1.0.0-py3.12.egg-info' (and everything under it)\n"}
[4.116768] (robot_integration) StdoutLine: {'line': b'Copying ../../build/robot_integration/robot_integration.egg-info to /home/webotpi/ros2_ws/install/robot_integration/lib/python3.12/site-packages/robot_integration-1.0.0-py3.12.egg-info\n'}
[4.118467] (robot_integration) StdoutLine: {'line': b'running install_scripts\n'}
[4.131661] (-) TimerEvent: {}
[4.231969] (-) TimerEvent: {}
[4.332559] (-) TimerEvent: {}
[4.434280] (-) TimerEvent: {}
[4.528853] (robot_integration) StdoutLine: {'line': b'Installing arm_controller_node script to /home/webotpi/ros2_ws/install/robot_integration/lib/robot_integration\n'}
[4.534422] (-) TimerEvent: {}
[4.575317] (robot_integration) StdoutLine: {'line': b'Installing balance_beam_node script to /home/webotpi/ros2_ws/install/robot_integration/lib/robot_integration\n'}
[4.576802] (robot_integration) StdoutLine: {'line': b'Installing car_controller_node script to /home/webotpi/ros2_ws/install/robot_integration/lib/robot_integration\n'}
[4.577172] (robot_integration) StdoutLine: {'line': b'Installing coordinator_node script to /home/webotpi/ros2_ws/install/robot_integration/lib/robot_integration\n'}
[4.577606] (robot_integration) StdoutLine: {'line': b'Installing edge_detect_node script to /home/webotpi/ros2_ws/install/robot_integration/lib/robot_integration\n'}
[4.578027] (robot_integration) StdoutLine: {'line': b'Installing line_follow_node script to /home/webotpi/ros2_ws/install/robot_integration/lib/robot_integration\n'}
[4.578612] (robot_integration) StdoutLine: {'line': b'Installing stm32_bridge_node script to /home/webotpi/ros2_ws/install/robot_integration/lib/robot_integration\n'}
[4.579352] (robot_integration) StdoutLine: {'line': b"writing list of installed files to '/home/webotpi/ros2_ws/build/robot_integration/install.log'\n"}
[4.634570] (-) TimerEvent: {}
[4.734944] (-) TimerEvent: {}
[4.744660] (robot_integration) CommandEnded: {'returncode': 0}
[4.784069] (robot_integration) JobEnded: {'identifier': 'robot_integration', 'rc': 0}
[4.785186] (-) EventReactorShutdown: {}
