[1.406s] Invoking command in '/home/webotpi/ros2_ws/src/robot_integration': DEBUGINFOD_URLS=https://debuginfod.ubuntu.com PYTHONPATH=/home/webotpi/ros2_ws/build/robot_integration/prefix_override:/usr/lib/python3/dist-packages/colcon_core/task/python/colcon_distutils_commands:/home/webotpi/ros2_ws/install/robot_integration/lib/python3.12/site-packages:${PYTHONPATH} /usr/bin/python3 -W ignore:setup.py install is deprecated -W ignore:easy_install command is deprecated setup.py egg_info --egg-base ../../build/robot_integration build --build-base /home/webotpi/ros2_ws/build/robot_integration/build install --record /home/webotpi/ros2_ws/build/robot_integration/install.log --single-version-externally-managed install_data
[1.817s] running egg_info
[1.847s] writing ../../build/robot_integration/robot_integration.egg-info/PKG-INFO
[1.847s] writing dependency_links to ../../build/robot_integration/robot_integration.egg-info/dependency_links.txt
[1.851s] writing entry points to ../../build/robot_integration/robot_integration.egg-info/entry_points.txt
[1.851s] writing requirements to ../../build/robot_integration/robot_integration.egg-info/requires.txt
[1.853s] writing top-level names to ../../build/robot_integration/robot_integration.egg-info/top_level.txt
[1.910s] reading manifest file '../../build/robot_integration/robot_integration.egg-info/SOURCES.txt'
[1.911s] writing manifest file '../../build/robot_integration/robot_integration.egg-info/SOURCES.txt'
[1.911s] running build
[1.911s] running build_py
[1.912s] running install
[1.921s] running install_lib
[1.957s] running install_data
[1.957s] running install_egg_info
[1.988s] removing '/home/webotpi/ros2_ws/install/robot_integration/lib/python3.12/site-packages/robot_integration-1.0.0-py3.12.egg-info' (and everything under it)
[1.988s] Copying ../../build/robot_integration/robot_integration.egg-info to /home/webotpi/ros2_ws/install/robot_integration/lib/python3.12/site-packages/robot_integration-1.0.0-py3.12.egg-info
[1.989s] running install_scripts
[2.203s] Installing arm_controller_node script to /home/webotpi/ros2_ws/install/robot_integration/lib/robot_integration
[2.203s] Installing car_controller_node script to /home/webotpi/ros2_ws/install/robot_integration/lib/robot_integration
[2.206s] Installing coordinator_node script to /home/webotpi/ros2_ws/install/robot_integration/lib/robot_integration
[2.207s] Installing edge_detect_node script to /home/webotpi/ros2_ws/install/robot_integration/lib/robot_integration
[2.208s] Installing stm32_bridge_node script to /home/webotpi/ros2_ws/install/robot_integration/lib/robot_integration
[2.209s] writing list of installed files to '/home/webotpi/ros2_ws/build/robot_integration/install.log'
[2.317s] Invoked command in '/home/webotpi/ros2_ws/src/robot_integration' returned '0': DEBUGINFOD_URLS=https://debuginfod.ubuntu.com PYTHONPATH=/home/webotpi/ros2_ws/build/robot_integration/prefix_override:/usr/lib/python3/dist-packages/colcon_core/task/python/colcon_distutils_commands:/home/webotpi/ros2_ws/install/robot_integration/lib/python3.12/site-packages:${PYTHONPATH} /usr/bin/python3 -W ignore:setup.py install is deprecated -W ignore:easy_install command is deprecated setup.py egg_info --egg-base ../../build/robot_integration build --build-base /home/webotpi/ros2_ws/build/robot_integration/build install --record /home/webotpi/ros2_ws/build/robot_integration/install.log --single-version-externally-managed install_data
