[0.000000] (-) TimerEvent: {}
[0.000279] (-) JobUnselected: {'identifier': 'deptrum-ros-driver-aurora930'}
[0.000433] (-) JobUnselected: {'identifier': 'my_launch_pkg'}
[0.000783] (-) JobUnselected: {'identifier': 'my_srv'}
[0.001035] (-) JobUnselected: {'identifier': 'py_pkg'}
[0.001369] (-) JobUnselected: {'identifier': 'rplidar_ros'}
[0.001440] (-) JobUnselected: {'identifier': 'voice_interaction'}
[0.001473] (robot_integration) JobQueued: {'identifier': 'robot_integration', 'dependencies': OrderedDict()}
[0.001507] (robot_integration) JobStarted: {'identifier': 'robot_integration'}
[0.099470] (-) TimerEvent: {}
[0.199785] (-) TimerEvent: {}
[0.300105] (-) TimerEvent: {}
[0.400362] (-) TimerEvent: {}
[0.500723] (-) TimerEvent: {}
[0.601961] (-) TimerEvent: {}
[0.702209] (-) TimerEvent: {}
[0.802439] (-) TimerEvent: {}
[0.902714] (-) TimerEvent: {}
[1.002952] (-) TimerEvent: {}
[1.103159] (-) TimerEvent: {}
[1.203384] (-) TimerEvent: {}
[1.303618] (-) TimerEvent: {}
[1.403888] (-) TimerEvent: {}
[1.504104] (-) TimerEvent: {}
[1.604304] (-) TimerEvent: {}
[1.704973] (-) TimerEvent: {}
[1.805216] (-) TimerEvent: {}
[1.905430] (-) TimerEvent: {}
[2.005672] (-) TimerEvent: {}
[2.067554] (robot_integration) Command: {'cmd': ['/usr/bin/python3', '-W', 'ignore:setup.py install is deprecated', '-W', 'ignore:easy_install command is deprecated', 'setup.py', 'egg_info', '--egg-base', '../../build/robot_integration', 'build', '--build-base', '/home/webotpi/ros2_ws/build/robot_integration/build', 'install', '--record', '/home/webotpi/ros2_ws/build/robot_integration/install.log', '--single-version-externally-managed', 'install_data'], 'cwd': '/home/webotpi/ros2_ws/src/robot_integration', 'env': {'LANGUAGE': 'zh_CN:en', 'USER': 'webotpi', 'SSH_CLIENT': '192.168.0.111 40434 22', 'LC_TIME': 'zh_CN.UTF-8', 'XDG_SESSION_TYPE': 'tty', 'SHLVL': '1', 'LD_LIBRARY_PATH': '/opt/ros/jazzy/opt/rviz_ogre_vendor/lib:/opt/ros/jazzy/lib/aarch64-linux-gnu:/opt/ros/jazzy/opt/gz_math_vendor/lib:/opt/ros/jazzy/opt/gz_utils_vendor/lib:/opt/ros/jazzy/opt/gz_cmake_vendor/lib:/opt/ros/jazzy/lib', 'HOME': '/home/webotpi', 'OLDPWD': '/home/webotpi', 'ROS_PYTHON_VERSION': '3', 'LC_MONETARY': 'zh_CN.UTF-8', 'DBUS_SESSION_BUS_ADDRESS': 'unix:path=/run/user/1000/bus', 'ROS_DISTRO': 'jazzy', 'LOGNAME': 'webotpi', '_': '/usr/bin/colcon', 'ROS_VERSION': '2', 'XDG_SESSION_CLASS': 'user', 'XDG_SESSION_ID': '15', 'PATH': '/opt/ros/jazzy/bin:/usr/local/sbin:/usr/local/bin:/usr/sbin:/usr/bin:/sbin:/bin:/usr/games:/usr/local/games:/snap/bin', 'PAPERSIZE': 'a4', 'LC_ADDRESS': 'zh_CN.UTF-8', 'XDG_RUNTIME_DIR': '/run/user/1000', 'LANG': 'zh_CN.UTF-8', 'LC_TELEPHONE': 'zh_CN.UTF-8', 'AMENT_PREFIX_PATH': '/opt/ros/jazzy', 'SHELL': '/bin/bash', 'LC_NAME': 'zh_CN.UTF-8', 'LC_MEASUREMENT': 'zh_CN.UTF-8', 'LC_IDENTIFICATION': 'zh_CN.UTF-8', 'ROS_AUTOMATIC_DISCOVERY_RANGE': 'SUBNET', 'PWD': '/home/webotpi/ros2_ws/build/robot_integration', 'SSH_CONNECTION': '192.168.0.111 40434 192.168.0.119 22', 'PYTHONPATH': '/home/webotpi/ros2_ws/build/robot_integration/prefix_override:/usr/lib/python3/dist-packages/colcon_core/task/python/colcon_distutils_commands:/home/webotpi/ros2_ws/install/robot_integration/lib/python3.12/site-packages:/opt/ros/jazzy/lib/python3.12/site-packages', 'LC_NUMERIC': 'zh_CN.UTF-8', 'LC_PAPER': 'zh_CN.UTF-8', 'COLCON': '1', 'CMAKE_PREFIX_PATH': '/opt/ros/jazzy/opt/gz_math_vendor:/opt/ros/jazzy/opt/gz_utils_vendor:/opt/ros/jazzy/opt/gz_cmake_vendor'}, 'shell': False}
[2.105795] (-) TimerEvent: {}
[2.206036] (-) TimerEvent: {}
[2.306318] (-) TimerEvent: {}
[2.406615] (-) TimerEvent: {}
[2.506893] (-) TimerEvent: {}
[2.607255] (-) TimerEvent: {}
[2.680285] (robot_integration) StdoutLine: {'line': b'running egg_info\n'}
[2.707369] (-) TimerEvent: {}
[2.743337] (robot_integration) StdoutLine: {'line': b'writing ../../build/robot_integration/robot_integration.egg-info/PKG-INFO\n'}
[2.744264] (robot_integration) StdoutLine: {'line': b'writing dependency_links to ../../build/robot_integration/robot_integration.egg-info/dependency_links.txt\n'}
[2.747205] (robot_integration) StdoutLine: {'line': b'writing entry points to ../../build/robot_integration/robot_integration.egg-info/entry_points.txt\n'}
[2.747878] (robot_integration) StdoutLine: {'line': b'writing requirements to ../../build/robot_integration/robot_integration.egg-info/requires.txt\n'}
[2.749700] (robot_integration) StdoutLine: {'line': b'writing top-level names to ../../build/robot_integration/robot_integration.egg-info/top_level.txt\n'}
[2.807647] (-) TimerEvent: {}
[2.893688] (robot_integration) StdoutLine: {'line': b"reading manifest file '../../build/robot_integration/robot_integration.egg-info/SOURCES.txt'\n"}
[2.899291] (robot_integration) StdoutLine: {'line': b"writing manifest file '../../build/robot_integration/robot_integration.egg-info/SOURCES.txt'\n"}
[2.900003] (robot_integration) StdoutLine: {'line': b'running build\n'}
[2.900269] (robot_integration) StdoutLine: {'line': b'running build_py\n'}
[2.901610] (robot_integration) StdoutLine: {'line': b'running install\n'}
[2.907698] (-) TimerEvent: {}
[2.913986] (robot_integration) StdoutLine: {'line': b'running install_lib\n'}
[2.944851] (robot_integration) StdoutLine: {'line': b'running install_data\n'}
[2.945410] (robot_integration) StdoutLine: {'line': b'copying config/line_follow_params.yaml -> /home/webotpi/ros2_ws/install/robot_integration/share/robot_integration/config\n'}
[2.945769] (robot_integration) StdoutLine: {'line': b'running install_egg_info\n'}
[2.978995] (robot_integration) StdoutLine: {'line': b"removing '/home/webotpi/ros2_ws/install/robot_integration/lib/python3.12/site-packages/robot_integration-1.0.0-py3.12.egg-info' (and everything under it)\n"}
[2.979524] (robot_integration) StdoutLine: {'line': b'Copying ../../build/robot_integration/robot_integration.egg-info to /home/webotpi/ros2_ws/install/robot_integration/lib/python3.12/site-packages/robot_integration-1.0.0-py3.12.egg-info\n'}
[2.983629] (robot_integration) StdoutLine: {'line': b'running install_scripts\n'}
[3.007811] (-) TimerEvent: {}
[3.108042] (-) TimerEvent: {}
[3.208310] (-) TimerEvent: {}
[3.304700] (robot_integration) StdoutLine: {'line': b'Installing arm_controller_node script to /home/webotpi/ros2_ws/install/robot_integration/lib/robot_integration\n'}
[3.305555] (robot_integration) StdoutLine: {'line': b'Installing balance_beam_node script to /home/webotpi/ros2_ws/install/robot_integration/lib/robot_integration\n'}
[3.307908] (robot_integration) StdoutLine: {'line': b'Installing car_controller_node script to /home/webotpi/ros2_ws/install/robot_integration/lib/robot_integration\n'}
[3.308529] (robot_integration) StdoutLine: {'line': b'Installing coordinator_node script to /home/webotpi/ros2_ws/install/robot_integration/lib/robot_integration\n'}
[3.308824] (-) TimerEvent: {}
[3.309271] (robot_integration) StdoutLine: {'line': b'Installing edge_detect_node script to /home/webotpi/ros2_ws/install/robot_integration/lib/robot_integration\n'}
[3.310131] (robot_integration) StdoutLine: {'line': b'Installing line_follow_node script to /home/webotpi/ros2_ws/install/robot_integration/lib/robot_integration\n'}
[3.310832] (robot_integration) StdoutLine: {'line': b'Installing stm32_bridge_node script to /home/webotpi/ros2_ws/install/robot_integration/lib/robot_integration\n'}
[3.312142] (robot_integration) StdoutLine: {'line': b"writing list of installed files to '/home/webotpi/ros2_ws/build/robot_integration/install.log'\n"}
[3.409140] (-) TimerEvent: {}
[3.412399] (robot_integration) CommandEnded: {'returncode': 0}
[3.446268] (robot_integration) JobEnded: {'identifier': 'robot_integration', 'rc': 0}
[3.447108] (-) EventReactorShutdown: {}
