[0.000000] (-) TimerEvent: {}
[0.000748] (-) JobUnselected: {'identifier': 'deptrum-ros-driver-aurora930'}
[0.001527] (-) JobUnselected: {'identifier': 'my_launch_pkg'}
[0.002029] (-) JobUnselected: {'identifier': 'my_srv'}
[0.002547] (-) JobUnselected: {'identifier': 'py_pkg'}
[0.002839] (-) JobUnselected: {'identifier': 'rplidar_ros'}
[0.002908] (-) JobUnselected: {'identifier': 'voice_interaction'}
[0.002972] (robot_integration) JobQueued: {'identifier': 'robot_integration', 'dependencies': OrderedDict()}
[0.003074] (robot_integration) JobStarted: {'identifier': 'robot_integration'}
[0.099286] (-) TimerEvent: {}
[0.199641] (-) TimerEvent: {}
[0.299931] (-) TimerEvent: {}
[0.400227] (-) TimerEvent: {}
[0.502115] (-) TimerEvent: {}
[0.602350] (-) TimerEvent: {}
[0.702631] (-) TimerEvent: {}
[0.802946] (-) TimerEvent: {}
[0.903220] (-) TimerEvent: {}
[1.003497] (-) TimerEvent: {}
[1.103812] (-) TimerEvent: {}
[1.204138] (-) TimerEvent: {}
[1.304421] (-) TimerEvent: {}
[1.404783] (-) TimerEvent: {}
[1.505118] (-) TimerEvent: {}
[1.607686] (-) TimerEvent: {}
[1.707993] (-) TimerEvent: {}
[1.808292] (-) TimerEvent: {}
[1.908617] (-) TimerEvent: {}
[2.008912] (-) TimerEvent: {}
[2.109194] (-) TimerEvent: {}
[2.209527] (-) TimerEvent: {}
[2.309900] (-) TimerEvent: {}
[2.345139] (robot_integration) Command: {'cmd': ['/usr/bin/python3', '-W', 'ignore:setup.py install is deprecated', '-W', 'ignore:easy_install command is deprecated', 'setup.py', 'egg_info', '--egg-base', '../../build/robot_integration', 'build', '--build-base', '/home/webotpi/ros2_ws/build/robot_integration/build', 'install', '--record', '/home/webotpi/ros2_ws/build/robot_integration/install.log', '--single-version-externally-managed', 'install_data'], 'cwd': '/home/webotpi/ros2_ws/src/robot_integration', 'env': {'LANGUAGE': 'zh_CN:en', 'USER': 'webotpi', 'SSH_CLIENT': '192.168.0.111 58200 22', 'LC_TIME': 'zh_CN.UTF-8', 'XDG_SESSION_TYPE': 'tty', 'SHLVL': '1', 'LD_LIBRARY_PATH': '/opt/ros/jazzy/opt/rviz_ogre_vendor/lib:/opt/ros/jazzy/lib/aarch64-linux-gnu:/opt/ros/jazzy/opt/gz_math_vendor/lib:/opt/ros/jazzy/opt/gz_utils_vendor/lib:/opt/ros/jazzy/opt/gz_cmake_vendor/lib:/opt/ros/jazzy/lib', 'HOME': '/home/webotpi', 'OLDPWD': '/home/webotpi/ros2_ws/src/robot_integration/robot_integration', 'ROS_PYTHON_VERSION': '3', 'LC_MONETARY': 'zh_CN.UTF-8', 'DBUS_SESSION_BUS_ADDRESS': 'unix:path=/run/user/1000/bus', 'ROS_DISTRO': 'jazzy', 'LOGNAME': 'webotpi', '_': '/usr/bin/colcon', 'ROS_VERSION': '2', 'XDG_SESSION_CLASS': 'user', 'XDG_SESSION_ID': '14', 'PATH': '/opt/ros/jazzy/bin:/usr/local/sbin:/usr/local/bin:/usr/sbin:/usr/bin:/sbin:/bin:/usr/games:/usr/local/games:/snap/bin', 'PAPERSIZE': 'a4', 'LC_ADDRESS': 'zh_CN.UTF-8', 'XDG_RUNTIME_DIR': '/run/user/1000', 'LANG': 'zh_CN.UTF-8', 'LC_TELEPHONE': 'zh_CN.UTF-8', 'AMENT_PREFIX_PATH': '/opt/ros/jazzy', 'SHELL': '/bin/bash', 'LC_NAME': 'zh_CN.UTF-8', 'LC_MEASUREMENT': 'zh_CN.UTF-8', 'LC_IDENTIFICATION': 'zh_CN.UTF-8', 'ROS_AUTOMATIC_DISCOVERY_RANGE': 'SUBNET', 'PWD': '/home/webotpi/ros2_ws/build/robot_integration', 'SSH_CONNECTION': '192.168.0.111 58200 192.168.0.119 22', 'PYTHONPATH': '/home/webotpi/ros2_ws/build/robot_integration/prefix_override:/usr/lib/python3/dist-packages/colcon_core/task/python/colcon_distutils_commands:/home/webotpi/ros2_ws/install/robot_integration/lib/python3.12/site-packages:/opt/ros/jazzy/lib/python3.12/site-packages', 'LC_NUMERIC': 'zh_CN.UTF-8', 'LC_PAPER': 'zh_CN.UTF-8', 'COLCON': '1', 'CMAKE_PREFIX_PATH': '/opt/ros/jazzy/opt/gz_math_vendor:/opt/ros/jazzy/opt/gz_utils_vendor:/opt/ros/jazzy/opt/gz_cmake_vendor'}, 'shell': False}
[2.410039] (-) TimerEvent: {}
[2.510333] (-) TimerEvent: {}
[2.610657] (-) TimerEvent: {}
[2.710960] (-) TimerEvent: {}
[2.812261] (-) TimerEvent: {}
[2.912556] (-) TimerEvent: {}
[3.012866] (-) TimerEvent: {}
[3.113275] (-) TimerEvent: {}
[3.213683] (-) TimerEvent: {}
[3.222851] (robot_integration) StdoutLine: {'line': b'running egg_info\n'}
[3.288650] (robot_integration) StdoutLine: {'line': b'writing ../../build/robot_integration/robot_integration.egg-info/PKG-INFO\n'}
[3.289663] (robot_integration) StdoutLine: {'line': b'writing dependency_links to ../../build/robot_integration/robot_integration.egg-info/dependency_links.txt\n'}
[3.295003] (robot_integration) StdoutLine: {'line': b'writing entry points to ../../build/robot_integration/robot_integration.egg-info/entry_points.txt\n'}
[3.295809] (robot_integration) StdoutLine: {'line': b'writing requirements to ../../build/robot_integration/robot_integration.egg-info/requires.txt\n'}
[3.296274] (robot_integration) StdoutLine: {'line': b'writing top-level names to ../../build/robot_integration/robot_integration.egg-info/top_level.txt\n'}
[3.313736] (-) TimerEvent: {}
[3.361798] (robot_integration) StdoutLine: {'line': b"reading manifest file '../../build/robot_integration/robot_integration.egg-info/SOURCES.txt'\n"}
[3.363217] (robot_integration) StdoutLine: {'line': b"writing manifest file '../../build/robot_integration/robot_integration.egg-info/SOURCES.txt'\n"}
[3.365761] (robot_integration) StdoutLine: {'line': b'running build\n'}
[3.366238] (robot_integration) StdoutLine: {'line': b'running build_py\n'}
[3.366341] (robot_integration) StdoutLine: {'line': b'copying robot_integration/line_follow_node.py -> /home/webotpi/ros2_ws/build/robot_integration/build/lib/robot_integration\n'}
[3.366428] (robot_integration) StdoutLine: {'line': b'running install\n'}
[3.375355] (robot_integration) StdoutLine: {'line': b'running install_lib\n'}
[3.405077] (robot_integration) StdoutLine: {'line': b'copying /home/webotpi/ros2_ws/build/robot_integration/build/lib/robot_integration/line_follow_node.py -> /home/webotpi/ros2_ws/install/robot_integration/lib/python3.12/site-packages/robot_integration\n'}
[3.406550] (robot_integration) StdoutLine: {'line': b'byte-compiling /home/webotpi/ros2_ws/install/robot_integration/lib/python3.12/site-packages/robot_integration/line_follow_node.py to line_follow_node.cpython-312.pyc\n'}
[3.413869] (-) TimerEvent: {}
[3.418985] (robot_integration) StdoutLine: {'line': b'running install_data\n'}
[3.420172] (robot_integration) StdoutLine: {'line': b'running install_egg_info\n'}
[3.494768] (robot_integration) StdoutLine: {'line': b"removing '/home/webotpi/ros2_ws/install/robot_integration/lib/python3.12/site-packages/robot_integration-1.0.0-py3.12.egg-info' (and everything under it)\n"}
[3.496304] (robot_integration) StdoutLine: {'line': b'Copying ../../build/robot_integration/robot_integration.egg-info to /home/webotpi/ros2_ws/install/robot_integration/lib/python3.12/site-packages/robot_integration-1.0.0-py3.12.egg-info\n'}
[3.500626] (robot_integration) StdoutLine: {'line': b'running install_scripts\n'}
[3.513996] (-) TimerEvent: {}
[3.614285] (-) TimerEvent: {}
[3.714566] (-) TimerEvent: {}
[3.814874] (-) TimerEvent: {}
[3.915146] (-) TimerEvent: {}
[3.980366] (robot_integration) StdoutLine: {'line': b'Installing arm_controller_node script to /home/webotpi/ros2_ws/install/robot_integration/lib/robot_integration\n'}
[3.981037] (robot_integration) StdoutLine: {'line': b'Installing balance_beam_node script to /home/webotpi/ros2_ws/install/robot_integration/lib/robot_integration\n'}
[3.983809] (robot_integration) StdoutLine: {'line': b'Installing car_controller_node script to /home/webotpi/ros2_ws/install/robot_integration/lib/robot_integration\n'}
[3.984561] (robot_integration) StdoutLine: {'line': b'Installing coordinator_node script to /home/webotpi/ros2_ws/install/robot_integration/lib/robot_integration\n'}
[3.985253] (robot_integration) StdoutLine: {'line': b'Installing edge_detect_node script to /home/webotpi/ros2_ws/install/robot_integration/lib/robot_integration\n'}
[3.986015] (robot_integration) StdoutLine: {'line': b'Installing line_follow_node script to /home/webotpi/ros2_ws/install/robot_integration/lib/robot_integration\n'}
[3.986748] (robot_integration) StdoutLine: {'line': b'Installing stm32_bridge_node script to /home/webotpi/ros2_ws/install/robot_integration/lib/robot_integration\n'}
[3.989240] (robot_integration) StdoutLine: {'line': b"writing list of installed files to '/home/webotpi/ros2_ws/build/robot_integration/install.log'\n"}
[4.015306] (-) TimerEvent: {}
[4.091212] (robot_integration) CommandEnded: {'returncode': 0}
[4.110265] (robot_integration) JobEnded: {'identifier': 'robot_integration', 'rc': 0}
[4.110991] (-) EventReactorShutdown: {}
