[0.000000] (-) TimerEvent: {}
[0.000131] (-) JobUnselected: {'identifier': 'deptrum-ros-driver-aurora930'}
[0.000285] (-) JobUnselected: {'identifier': 'my_launch_pkg'}
[0.000309] (-) JobUnselected: {'identifier': 'my_srv'}
[0.000375] (-) JobUnselected: {'identifier': 'py_pkg'}
[0.000581] (-) JobUnselected: {'identifier': 'rplidar_ros'}
[0.000731] (-) JobUnselected: {'identifier': 'voice_interaction'}
[0.000753] (robot_integration) JobQueued: {'identifier': 'robot_integration', 'dependencies': OrderedDict()}
[0.000892] (robot_integration) JobStarted: {'identifier': 'robot_integration'}
[0.099708] (-) TimerEvent: {}
[0.199907] (-) TimerEvent: {}
[0.300355] (-) TimerEvent: {}
[0.400630] (-) TimerEvent: {}
[0.500830] (-) TimerEvent: {}
[0.601029] (-) TimerEvent: {}
[0.701236] (-) TimerEvent: {}
[0.801625] (-) TimerEvent: {}
[0.901961] (-) TimerEvent: {}
[1.002339] (-) TimerEvent: {}
[1.055839] (robot_integration) Command: {'cmd': ['/usr/bin/python3', '-W', 'ignore:setup.py install is deprecated', '-W', 'ignore:easy_install command is deprecated', 'setup.py', 'develop', '--editable', '--build-directory', '/home/webotpi/ros2_ws/build/robot_integration/build', '--no-deps', 'symlink_data'], 'cwd': '/home/webotpi/ros2_ws/build/robot_integration', 'env': {'LANGUAGE': 'zh_CN:en', 'USER': 'webotpi', 'SSH_CLIENT': '192.168.0.111 55146 22', 'LC_TIME': 'zh_CN.UTF-8', 'XDG_SESSION_TYPE': 'tty', 'SHLVL': '1', 'HOME': '/home/webotpi', 'OLDPWD': '/home/webotpi', 'LC_MONETARY': 'zh_CN.UTF-8', 'DBUS_SESSION_BUS_ADDRESS': 'unix:path=/run/user/1000/bus', 'LOGNAME': 'webotpi', '_': '/usr/bin/colcon', 'XDG_SESSION_CLASS': 'user', 'XDG_SESSION_ID': '39', 'PATH': '/usr/local/sbin:/usr/local/bin:/usr/sbin:/usr/bin:/sbin:/bin:/usr/games:/usr/local/games:/snap/bin', 'PAPERSIZE': 'a4', 'LC_ADDRESS': 'zh_CN.UTF-8', 'XDG_RUNTIME_DIR': '/run/user/1000', 'LANG': 'zh_CN.UTF-8', 'LC_TELEPHONE': 'zh_CN.UTF-8', 'SHELL': '/bin/bash', 'LC_NAME': 'zh_CN.UTF-8', 'LC_MEASUREMENT': 'zh_CN.UTF-8', 'LC_IDENTIFICATION': 'zh_CN.UTF-8', 'PWD': '/home/webotpi/ros2_ws/build/robot_integration', 'SSH_CONNECTION': '192.168.0.111 55146 192.168.0.119 22', 'LC_NUMERIC': 'zh_CN.UTF-8', 'LC_PAPER': 'zh_CN.UTF-8', 'COLCON': '1', 'PYTHONPATH': '/home/webotpi/ros2_ws/build/robot_integration/prefix_override:/usr/lib/python3/dist-packages/colcon_core/task/python/colcon_distutils_commands:/home/webotpi/ros2_ws/install/robot_integration/lib/python3.12/site-packages:'}, 'shell': False}
[1.102448] (-) TimerEvent: {}
[1.202669] (-) TimerEvent: {}
[1.302872] (-) TimerEvent: {}
[1.403098] (-) TimerEvent: {}
[1.435790] (robot_integration) StdoutLine: {'line': b'running develop\n'}
[1.503197] (-) TimerEvent: {}
[1.603398] (-) TimerEvent: {}
[1.617635] (robot_integration) StdoutLine: {'line': b'running egg_info\n'}
[1.617883] (robot_integration) StdoutLine: {'line': b'creating robot_integration.egg-info\n'}
[1.634759] (robot_integration) StdoutLine: {'line': b'writing robot_integration.egg-info/PKG-INFO\n'}
[1.635325] (robot_integration) StdoutLine: {'line': b'writing dependency_links to robot_integration.egg-info/dependency_links.txt\n'}
[1.635653] (robot_integration) StdoutLine: {'line': b'writing entry points to robot_integration.egg-info/entry_points.txt\n'}
[1.635955] (robot_integration) StdoutLine: {'line': b'writing requirements to robot_integration.egg-info/requires.txt\n'}
[1.636126] (robot_integration) StdoutLine: {'line': b'writing top-level names to robot_integration.egg-info/top_level.txt\n'}
[1.636234] (robot_integration) StdoutLine: {'line': b"writing manifest file 'robot_integration.egg-info/SOURCES.txt'\n"}
[1.671088] (robot_integration) StdoutLine: {'line': b"reading manifest file 'robot_integration.egg-info/SOURCES.txt'\n"}
[1.672125] (robot_integration) StdoutLine: {'line': b"writing manifest file 'robot_integration.egg-info/SOURCES.txt'\n"}
[1.690810] (robot_integration) StdoutLine: {'line': b'running build_ext\n'}
[1.691052] (robot_integration) StdoutLine: {'line': b'Creating /home/webotpi/ros2_ws/install/robot_integration/lib/python3.12/site-packages/robot-integration.egg-link (link to .)\n'}
[1.691826] (robot_integration) StdoutLine: {'line': b'Installing arm_controller_node script to /home/webotpi/ros2_ws/install/robot_integration/lib/robot_integration\n'}
[1.692129] (robot_integration) StdoutLine: {'line': b'Installing balance_beam_node script to /home/webotpi/ros2_ws/install/robot_integration/lib/robot_integration\n'}
[1.692314] (robot_integration) StdoutLine: {'line': b'Installing car_controller_node script to /home/webotpi/ros2_ws/install/robot_integration/lib/robot_integration\n'}
[1.692491] (robot_integration) StdoutLine: {'line': b'Installing coordinator_node script to /home/webotpi/ros2_ws/install/robot_integration/lib/robot_integration\n'}
[1.692723] (robot_integration) StdoutLine: {'line': b'Installing edge_detect_node script to /home/webotpi/ros2_ws/install/robot_integration/lib/robot_integration\n'}
[1.692916] (robot_integration) StdoutLine: {'line': b'Installing line_follow_node script to /home/webotpi/ros2_ws/install/robot_integration/lib/robot_integration\n'}
[1.693074] (robot_integration) StdoutLine: {'line': b'Installing stm32_bridge_node script to /home/webotpi/ros2_ws/install/robot_integration/lib/robot_integration\n'}
[1.693283] (robot_integration) StdoutLine: {'line': b'\n'}
[1.693416] (robot_integration) StdoutLine: {'line': b'Installed /home/webotpi/ros2_ws/build/robot_integration\n'}
[1.693629] (robot_integration) StdoutLine: {'line': b'running symlink_data\n'}
[1.693888] (robot_integration) StdoutLine: {'line': b'creating /home/webotpi/ros2_ws/install/robot_integration/share/ament_index\n'}
[1.693988] (robot_integration) StdoutLine: {'line': b'creating /home/webotpi/ros2_ws/install/robot_integration/share/ament_index/resource_index\n'}
[1.694079] (robot_integration) StdoutLine: {'line': b'creating /home/webotpi/ros2_ws/install/robot_integration/share/ament_index/resource_index/packages\n'}
[1.694161] (robot_integration) StdoutLine: {'line': b'symbolically linking /home/webotpi/ros2_ws/build/robot_integration/resource/robot_integration -> /home/webotpi/ros2_ws/install/robot_integration/share/ament_index/resource_index/packages\n'}
[1.694374] (robot_integration) StdoutLine: {'line': b'symbolically linking /home/webotpi/ros2_ws/build/robot_integration/package.xml -> /home/webotpi/ros2_ws/install/robot_integration/share/robot_integration\n'}
[1.694502] (robot_integration) StdoutLine: {'line': b'creating /home/webotpi/ros2_ws/install/robot_integration/share/robot_integration/launch\n'}
[1.694774] (robot_integration) StdoutLine: {'line': b'symbolically linking /home/webotpi/ros2_ws/build/robot_integration/launch/balance_beam.launch.py -> /home/webotpi/ros2_ws/install/robot_integration/share/robot_integration/launch\n'}
[1.695071] (robot_integration) StdoutLine: {'line': b'symbolically linking /home/webotpi/ros2_ws/build/robot_integration/launch/edge_detect.launch.py -> /home/webotpi/ros2_ws/install/robot_integration/share/robot_integration/launch\n'}
[1.695173] (robot_integration) StdoutLine: {'line': b'symbolically linking /home/webotpi/ros2_ws/build/robot_integration/launch/full_system.launch.py -> /home/webotpi/ros2_ws/install/robot_integration/share/robot_integration/launch\n'}
[1.695269] (robot_integration) StdoutLine: {'line': b'symbolically linking /home/webotpi/ros2_ws/build/robot_integration/launch/line_follow.launch.py -> /home/webotpi/ros2_ws/install/robot_integration/share/robot_integration/launch\n'}
[1.695356] (robot_integration) StdoutLine: {'line': b'symbolically linking /home/webotpi/ros2_ws/build/robot_integration/launch/car_only.launch.py -> /home/webotpi/ros2_ws/install/robot_integration/share/robot_integration/launch\n'}
[1.695449] (robot_integration) StdoutLine: {'line': b'creating /home/webotpi/ros2_ws/install/robot_integration/share/robot_integration/config\n'}
[1.695547] (robot_integration) StdoutLine: {'line': b'symbolically linking /home/webotpi/ros2_ws/build/robot_integration/config/robot_params.yaml -> /home/webotpi/ros2_ws/install/robot_integration/share/robot_integration/config\n'}
[1.695762] (robot_integration) StdoutLine: {'line': b'symbolically linking /home/webotpi/ros2_ws/build/robot_integration/config/edge_detect_params.yaml -> /home/webotpi/ros2_ws/install/robot_integration/share/robot_integration/config\n'}
[1.695878] (robot_integration) StdoutLine: {'line': b'symbolically linking /home/webotpi/ros2_ws/build/robot_integration/config/line_follow_params.yaml -> /home/webotpi/ros2_ws/install/robot_integration/share/robot_integration/config\n'}
[1.695965] (robot_integration) StdoutLine: {'line': b'symbolically linking /home/webotpi/ros2_ws/build/robot_integration/config/line_follow_black_params.yaml -> /home/webotpi/ros2_ws/install/robot_integration/share/robot_integration/config\n'}
[1.696050] (robot_integration) StdoutLine: {'line': b'symbolically linking /home/webotpi/ros2_ws/build/robot_integration/config/balance_beam_params.yaml -> /home/webotpi/ros2_ws/install/robot_integration/share/robot_integration/config\n'}
[1.696156] (robot_integration) StdoutLine: {'line': b'creating /home/webotpi/ros2_ws/install/robot_integration/share/robot_integration/scripts\n'}
[1.696241] (robot_integration) StdoutLine: {'line': b'symbolically linking /home/webotpi/ros2_ws/build/robot_integration/scripts/hsv_calibrate.py -> /home/webotpi/ros2_ws/install/robot_integration/share/robot_integration/scripts\n'}
[1.696323] (robot_integration) StdoutLine: {'line': b'symbolically linking /home/webotpi/ros2_ws/build/robot_integration/scripts/test_bridge_detection.py -> /home/webotpi/ros2_ws/install/robot_integration/share/robot_integration/scripts\n'}
[1.703512] (-) TimerEvent: {}
[1.791341] (robot_integration) CommandEnded: {'returncode': 0}
[1.803884] (-) TimerEvent: {}
[1.808493] (robot_integration) JobEnded: {'identifier': 'robot_integration', 'rc': 0}
[1.810169] (-) EventReactorShutdown: {}
