[1.216s] Invoking command in '/home/webotpi/ros2_ws/src/robot_integration': PYTHONPATH=/home/webotpi/ros2_ws/build/robot_integration/prefix_override:/usr/lib/python3/dist-packages/colcon_core/task/python/colcon_distutils_commands:/home/webotpi/ros2_ws/install/robot_integration/lib/python3.12/site-packages:${PYTHONPATH} /usr/bin/python3 -W ignore:setup.py install is deprecated -W ignore:easy_install command is deprecated setup.py egg_info --egg-base ../../build/robot_integration build --build-base /home/webotpi/ros2_ws/build/robot_integration/build install --record /home/webotpi/ros2_ws/build/robot_integration/install.log --single-version-externally-managed install_data
[1.583s] running egg_info
[1.609s] writing ../../build/robot_integration/robot_integration.egg-info/PKG-INFO
[1.609s] writing dependency_links to ../../build/robot_integration/robot_integration.egg-info/dependency_links.txt
[1.616s] writing entry points to ../../build/robot_integration/robot_integration.egg-info/entry_points.txt
[1.617s] writing requirements to ../../build/robot_integration/robot_integration.egg-info/requires.txt
[1.618s] writing top-level names to ../../build/robot_integration/robot_integration.egg-info/top_level.txt
[1.676s] reading manifest file '../../build/robot_integration/robot_integration.egg-info/SOURCES.txt'
[1.677s] writing manifest file '../../build/robot_integration/robot_integration.egg-info/SOURCES.txt'
[1.677s] running build
[1.677s] running build_py
[1.678s] copying robot_integration/self_driving_node.py -> /home/webotpi/ros2_ws/build/robot_integration/build/lib/robot_integration
[1.679s] running install
[1.688s] running install_lib
[1.716s] byte-compiling /home/webotpi/ros2_ws/install/robot_integration/lib/python3.12/site-packages/robot_integration/self_driving_node.py to self_driving_node.cpython-312.pyc
[1.726s] running install_data
[1.726s] copying config/self_driving_params.yaml -> /home/webotpi/ros2_ws/install/robot_integration/share/robot_integration/config
[1.726s] running install_egg_info
[1.756s] removing '/home/webotpi/ros2_ws/install/robot_integration/lib/python3.12/site-packages/robot_integration-1.0.0-py3.12.egg-info' (and everything under it)
[1.757s] Copying ../../build/robot_integration/robot_integration.egg-info to /home/webotpi/ros2_ws/install/robot_integration/lib/python3.12/site-packages/robot_integration-1.0.0-py3.12.egg-info
[1.758s] running install_scripts
[1.943s] Installing arm_controller_node script to /home/webotpi/ros2_ws/install/robot_integration/lib/robot_integration
[1.943s] Installing balance_beam_node script to /home/webotpi/ros2_ws/install/robot_integration/lib/robot_integration
[1.950s] Installing car_controller_node script to /home/webotpi/ros2_ws/install/robot_integration/lib/robot_integration
[1.951s] Installing coordinator_node script to /home/webotpi/ros2_ws/install/robot_integration/lib/robot_integration
[1.952s] Installing edge_detect_node script to /home/webotpi/ros2_ws/install/robot_integration/lib/robot_integration
[1.955s] Installing line_follow_node script to /home/webotpi/ros2_ws/install/robot_integration/lib/robot_integration
[1.956s] Installing self_driving_node script to /home/webotpi/ros2_ws/install/robot_integration/lib/robot_integration
[1.957s] Installing stm32_bridge_node script to /home/webotpi/ros2_ws/install/robot_integration/lib/robot_integration
[1.959s] writing list of installed files to '/home/webotpi/ros2_ws/build/robot_integration/install.log'
[2.042s] Invoked command in '/home/webotpi/ros2_ws/src/robot_integration' returned '0': PYTHONPATH=/home/webotpi/ros2_ws/build/robot_integration/prefix_override:/usr/lib/python3/dist-packages/colcon_core/task/python/colcon_distutils_commands:/home/webotpi/ros2_ws/install/robot_integration/lib/python3.12/site-packages:${PYTHONPATH} /usr/bin/python3 -W ignore:setup.py install is deprecated -W ignore:easy_install command is deprecated setup.py egg_info --egg-base ../../build/robot_integration build --build-base /home/webotpi/ros2_ws/build/robot_integration/build install --record /home/webotpi/ros2_ws/build/robot_integration/install.log --single-version-externally-managed install_data
