[0.000000] (-) TimerEvent: {}
[0.000529] (-) JobUnselected: {'identifier': 'deptrum-ros-driver-aurora930'}
[0.000626] (-) JobUnselected: {'identifier': 'my_launch_pkg'}
[0.000709] (-) JobUnselected: {'identifier': 'my_srv'}
[0.000789] (-) JobUnselected: {'identifier': 'py_pkg'}
[0.001025] (-) JobUnselected: {'identifier': 'rplidar_ros'}
[0.001132] (voice_interaction) JobQueued: {'identifier': 'voice_interaction', 'dependencies': OrderedDict()}
[0.002084] (voice_interaction) JobStarted: {'identifier': 'voice_interaction'}
[0.099965] (-) TimerEvent: {}
[0.201923] (-) TimerEvent: {}
[0.302431] (-) TimerEvent: {}
[0.403003] (-) TimerEvent: {}
[0.504323] (-) TimerEvent: {}
[0.604765] (-) TimerEvent: {}
[0.706116] (-) TimerEvent: {}
[0.806440] (-) TimerEvent: {}
[0.908356] (-) TimerEvent: {}
[1.008625] (-) TimerEvent: {}
[1.109670] (-) TimerEvent: {}
[1.211061] (-) TimerEvent: {}
[1.311917] (-) TimerEvent: {}
[1.412602] (-) TimerEvent: {}
[1.513375] (-) TimerEvent: {}
[1.616046] (-) TimerEvent: {}
[1.691838] (voice_interaction) Command: {'cmd': ['/usr/bin/python3', '-W', 'ignore:setup.py install is deprecated', '-W', 'ignore:easy_install command is deprecated', 'setup.py', 'egg_info', '--egg-base', '../../build/voice_interaction', 'build', '--build-base', '/home/webotpi/ros2_ws/build/voice_interaction/build', 'install', '--record', '/home/webotpi/ros2_ws/build/voice_interaction/install.log', '--single-version-externally-managed', 'install_data'], 'cwd': '/home/webotpi/ros2_ws/src/voice_interaction', 'env': {'LANGUAGE': 'zh_CN:en', 'USER': 'webotpi', 'SSH_CLIENT': '192.168.0.111 35650 22', 'LC_TIME': 'zh_CN.UTF-8', 'XDG_SESSION_TYPE': 'tty', 'SHLVL': '1', 'HOME': '/home/webotpi', 'OLDPWD': '/home/webotpi', 'LC_MONETARY': 'zh_CN.UTF-8', 'DBUS_SESSION_BUS_ADDRESS': 'unix:path=/run/user/1000/bus', 'LOGNAME': 'webotpi', '_': '/usr/bin/colcon', 'XDG_SESSION_CLASS': 'user', 'XDG_SESSION_ID': '132', 'PATH': '/usr/local/sbin:/usr/local/bin:/usr/sbin:/usr/bin:/sbin:/bin:/usr/games:/usr/local/games:/snap/bin', 'PAPERSIZE': 'a4', 'LC_ADDRESS': 'zh_CN.UTF-8', 'XDG_RUNTIME_DIR': '/run/user/1000', 'LANG': 'zh_CN.UTF-8', 'LC_TELEPHONE': 'zh_CN.UTF-8', 'SHELL': '/bin/bash', 'LC_NAME': 'zh_CN.UTF-8', 'LC_MEASUREMENT': 'zh_CN.UTF-8', 'LC_IDENTIFICATION': 'zh_CN.UTF-8', 'PWD': '/home/webotpi/ros2_ws/build/voice_interaction', 'SSH_CONNECTION': '192.168.0.111 35650 192.168.0.119 22', 'LC_NUMERIC': 'zh_CN.UTF-8', 'LC_PAPER': 'zh_CN.UTF-8', 'COLCON': '1', 'PYTHONPATH': '/home/webotpi/ros2_ws/build/voice_interaction/prefix_override:/usr/lib/python3/dist-packages/colcon_core/task/python/colcon_distutils_commands:/home/webotpi/ros2_ws/install/voice_interaction/lib/python3.12/site-packages:'}, 'shell': False}
[1.716156] (-) TimerEvent: {}
[1.816489] (-) TimerEvent: {}
[1.918014] (-) TimerEvent: {}
[2.019203] (-) TimerEvent: {}
[2.119434] (-) TimerEvent: {}
[2.197522] (voice_interaction) StdoutLine: {'line': b'running egg_info\n'}
[2.218648] (voice_interaction) StdoutLine: {'line': b'writing ../../build/voice_interaction/voice_interaction.egg-info/PKG-INFO\n'}
[2.221232] (voice_interaction) StdoutLine: {'line': b'writing dependency_links to ../../build/voice_interaction/voice_interaction.egg-info/dependency_links.txt\n'}
[2.221525] (-) TimerEvent: {}
[2.222456] (voice_interaction) StdoutLine: {'line': b'writing entry points to ../../build/voice_interaction/voice_interaction.egg-info/entry_points.txt\n'}
[2.223150] (voice_interaction) StdoutLine: {'line': b'writing requirements to ../../build/voice_interaction/voice_interaction.egg-info/requires.txt\n'}
[2.223783] (voice_interaction) StdoutLine: {'line': b'writing top-level names to ../../build/voice_interaction/voice_interaction.egg-info/top_level.txt\n'}
[2.267158] (voice_interaction) StdoutLine: {'line': b"reading manifest file '../../build/voice_interaction/voice_interaction.egg-info/SOURCES.txt'\n"}
[2.268402] (voice_interaction) StdoutLine: {'line': b"writing manifest file '../../build/voice_interaction/voice_interaction.egg-info/SOURCES.txt'\n"}
[2.268722] (voice_interaction) StdoutLine: {'line': b'running build\n'}
[2.268873] (voice_interaction) StdoutLine: {'line': b'running build_py\n'}
[2.269150] (voice_interaction) StdoutLine: {'line': b'copying voice_interaction/intent_parser_node.py -> /home/webotpi/ros2_ws/build/voice_interaction/build/lib/voice_interaction\n'}
[2.269797] (voice_interaction) StdoutLine: {'line': b'running install\n'}
[2.287143] (voice_interaction) StdoutLine: {'line': b'running install_lib\n'}
[2.322151] (-) TimerEvent: {}
[2.338615] (voice_interaction) StdoutLine: {'line': b'copying /home/webotpi/ros2_ws/build/voice_interaction/build/lib/voice_interaction/intent_parser_node.py -> /home/webotpi/ros2_ws/install/voice_interaction/lib/python3.12/site-packages/voice_interaction\n'}
[2.342582] (voice_interaction) StdoutLine: {'line': b'byte-compiling /home/webotpi/ros2_ws/install/voice_interaction/lib/python3.12/site-packages/voice_interaction/intent_parser_node.py to intent_parser_node.cpython-312.pyc\n'}
[2.350809] (voice_interaction) StdoutLine: {'line': b'running install_data\n'}
[2.352359] (voice_interaction) StdoutLine: {'line': b'running install_egg_info\n'}
[2.387983] (voice_interaction) StdoutLine: {'line': b"removing '/home/webotpi/ros2_ws/install/voice_interaction/lib/python3.12/site-packages/voice_interaction-0.1.0-py3.12.egg-info' (and everything under it)\n"}
[2.388664] (voice_interaction) StdoutLine: {'line': b'Copying ../../build/voice_interaction/voice_interaction.egg-info to /home/webotpi/ros2_ws/install/voice_interaction/lib/python3.12/site-packages/voice_interaction-0.1.0-py3.12.egg-info\n'}
[2.390550] (voice_interaction) StdoutLine: {'line': b'running install_scripts\n'}
[2.422318] (-) TimerEvent: {}
[2.524970] (-) TimerEvent: {}
[2.625321] (-) TimerEvent: {}
[2.638076] (voice_interaction) StdoutLine: {'line': b'Installing arm_executor_node script to /home/webotpi/ros2_ws/install/voice_interaction/lib/voice_interaction\n'}
[2.639320] (voice_interaction) StdoutLine: {'line': b'Installing intent_parser_node script to /home/webotpi/ros2_ws/install/voice_interaction/lib/voice_interaction\n'}
[2.642166] (voice_interaction) StdoutLine: {'line': b'Installing voice_recognition_node script to /home/webotpi/ros2_ws/install/voice_interaction/lib/voice_interaction\n'}
[2.643062] (voice_interaction) StdoutLine: {'line': b'Installing voice_synthesis_node script to /home/webotpi/ros2_ws/install/voice_interaction/lib/voice_interaction\n'}
[2.644661] (voice_interaction) StdoutLine: {'line': b"writing list of installed files to '/home/webotpi/ros2_ws/build/voice_interaction/install.log'\n"}
[2.725463] (-) TimerEvent: {}
[2.780541] (voice_interaction) CommandEnded: {'returncode': 0}
[2.799457] (voice_interaction) JobEnded: {'identifier': 'voice_interaction', 'rc': 0}
[2.800291] (-) EventReactorShutdown: {}
