[0.020s] Invoking command in '/home/webotpi/ros2_ws/build/deptrum-ros-driver-aurora930': CMAKE_PREFIX_PATH=${CMAKE_PREFIX_PATH}:/home/webotpi/ros2_ws/install/voice_interaction:/home/webotpi/ros2_ws/install/robot_integration:/home/webotpi/ros2_ws/install/py_pkg:/home/webotpi/ros2_ws/install/my_launch_pkg:/opt/ros/jazzy DEBUGINFOD_URLS=https://debuginfod.ubuntu.com /usr/bin/cmake /home/webotpi/ros2_ws/src/deptrum-ros-driver -DCMAKE_INSTALL_PREFIX=/home/webotpi/ros2_ws/install/deptrum-ros-driver-aurora930
[0.085s] -- Found ament_cmake: 2.5.6 (/opt/ros/jazzy/share/ament_cmake/cmake)
[0.544s] -- Found rclcpp: 28.1.18 (/opt/ros/jazzy/share/rclcpp/cmake)
[0.624s] -- Found rosidl_generator_c: 4.6.7 (/opt/ros/jazzy/share/rosidl_generator_c/cmake)
[0.646s] -- Found rosidl_generator_cpp: 4.6.7 (/opt/ros/jazzy/share/rosidl_generator_cpp/cmake)
[0.676s] -- Using all available rosidl_typesupport_c: rosidl_typesupport_fastrtps_c;rosidl_typesupport_introspection_c
[0.709s] -- Using all available rosidl_typesupport_cpp: rosidl_typesupport_fastrtps_cpp;rosidl_typesupport_introspection_cpp
[0.869s] -- Found rmw_implementation_cmake: 7.3.3 (/opt/ros/jazzy/share/rmw_implementation_cmake/cmake)
[0.875s] -- Found rmw_fastrtps_cpp: 8.4.3 (/opt/ros/jazzy/share/rmw_fastrtps_cpp/cmake)
[1.029s] -- Using RMW implementation 'rmw_fastrtps_cpp' as default
[1.192s] -- STREAM_SDK_TYPE: STELLAR400
[1.192s] -- SYSTEM_PLATFORM: -
[1.194s] -- Download deptrum-stream-stellar400---v1.1.2-18.04.tar.gz from http://192.168.104.3/data/ci_release/deptrum-stream/stellar400/release/-/deptrum-stream-stellar400---v1.1.2-18.04.tar.gz
[136.776s] [31mCMake Error at cmake/Download.cmake:29 (message):
[136.777s]   
[136.777s]   http://192.168.104.3/data/ci_release/deptrum-stream/stellar400/release/-/deptrum-stream-stellar400---v1.1.2-18.04.tar.gz
[136.777s]   doesn't exist.
[136.777s] Call Stack (most recent call first):
[136.777s]   cmake/Download.cmake:71 (download)
[136.777s]   CMakeLists.txt:119 (download_sdk)
[136.777s] 
[136.778s] [0m
[136.778s] -- Configuring incomplete, errors occurred!
[136.806s] Invoked command in '/home/webotpi/ros2_ws/build/deptrum-ros-driver-aurora930' returned '1': CMAKE_PREFIX_PATH=${CMAKE_PREFIX_PATH}:/home/webotpi/ros2_ws/install/voice_interaction:/home/webotpi/ros2_ws/install/robot_integration:/home/webotpi/ros2_ws/install/py_pkg:/home/webotpi/ros2_ws/install/my_launch_pkg:/opt/ros/jazzy DEBUGINFOD_URLS=https://debuginfod.ubuntu.com /usr/bin/cmake /home/webotpi/ros2_ws/src/deptrum-ros-driver -DCMAKE_INSTALL_PREFIX=/home/webotpi/ros2_ws/install/deptrum-ros-driver-aurora930
