[0.000000] (-) TimerEvent: {}
[0.000187] (-) JobUnselected: {'identifier': 'deptrum-ros-driver-aurora930'}
[0.000416] (-) JobUnselected: {'identifier': 'my_launch_pkg'}
[0.000446] (-) JobUnselected: {'identifier': 'my_srv'}
[0.000739] (-) JobUnselected: {'identifier': 'py_pkg'}
[0.000762] (-) JobUnselected: {'identifier': 'rplidar_ros'}
[0.000959] (-) JobUnselected: {'identifier': 'voice_interaction'}
[0.000989] (robot_integration) JobQueued: {'identifier': 'robot_integration', 'dependencies': OrderedDict()}
[0.001019] (robot_integration) JobStarted: {'identifier': 'robot_integration'}
[0.099510] (-) TimerEvent: {}
[0.199722] (-) TimerEvent: {}
[0.299947] (-) TimerEvent: {}
[0.400227] (-) TimerEvent: {}
[0.500458] (-) TimerEvent: {}
[0.600663] (-) TimerEvent: {}
[0.700873] (-) TimerEvent: {}
[0.801092] (-) TimerEvent: {}
[0.901301] (-) TimerEvent: {}
[1.001504] (-) TimerEvent: {}
[1.101696] (-) TimerEvent: {}
[1.201899] (-) TimerEvent: {}
[1.302137] (-) TimerEvent: {}
[1.402404] (-) TimerEvent: {}
[1.406969] (robot_integration) Command: {'cmd': ['/usr/bin/python3', '-W', 'ignore:setup.py install is deprecated', '-W', 'ignore:easy_install command is deprecated', 'setup.py', 'egg_info', '--egg-base', '../../build/robot_integration', 'build', '--build-base', '/home/webotpi/ros2_ws/build/robot_integration/build', 'install', '--record', '/home/webotpi/ros2_ws/build/robot_integration/install.log', '--single-version-externally-managed', 'install_data'], 'cwd': '/home/webotpi/ros2_ws/src/robot_integration', 'env': {'LANGUAGE': 'zh_CN:en', 'USER': 'webotpi', 'SSH_CLIENT': '192.168.0.111 38554 22', 'LC_TIME': 'zh_CN.UTF-8', 'XDG_SESSION_TYPE': 'tty', 'SHLVL': '1', 'HOME': '/home/webotpi', 'OLDPWD': '/home/webotpi', 'LC_MONETARY': 'zh_CN.UTF-8', 'DBUS_SESSION_BUS_ADDRESS': 'unix:path=/run/user/1000/bus', 'LOGNAME': 'webotpi', '_': '/usr/bin/colcon', 'XDG_SESSION_CLASS': 'user', 'XDG_SESSION_ID': '7', 'PATH': '/usr/local/sbin:/usr/local/bin:/usr/sbin:/usr/bin:/sbin:/bin:/usr/games:/usr/local/games:/snap/bin', 'PAPERSIZE': 'a4', 'LC_ADDRESS': 'zh_CN.UTF-8', 'XDG_RUNTIME_DIR': '/run/user/1000', 'LANG': 'zh_CN.UTF-8', 'LC_TELEPHONE': 'zh_CN.UTF-8', 'SHELL': '/bin/bash', 'LC_NAME': 'zh_CN.UTF-8', 'LC_MEASUREMENT': 'zh_CN.UTF-8', 'LC_IDENTIFICATION': 'zh_CN.UTF-8', 'PWD': '/home/webotpi/ros2_ws/build/robot_integration', 'SSH_CONNECTION': '192.168.0.111 38554 192.168.0.119 22', 'LC_NUMERIC': 'zh_CN.UTF-8', 'LC_PAPER': 'zh_CN.UTF-8', 'COLCON': '1', 'PYTHONPATH': '/home/webotpi/ros2_ws/build/robot_integration/prefix_override:/usr/lib/python3/dist-packages/colcon_core/task/python/colcon_distutils_commands:/home/webotpi/ros2_ws/install/robot_integration/lib/python3.12/site-packages:'}, 'shell': False}
[1.502516] (-) TimerEvent: {}
[1.602740] (-) TimerEvent: {}
[1.681787] (robot_integration) StdoutLine: {'line': b'running egg_info\n'}
[1.697162] (robot_integration) StdoutLine: {'line': b'writing ../../build/robot_integration/robot_integration.egg-info/PKG-INFO\n'}
[1.697545] (robot_integration) StdoutLine: {'line': b'writing dependency_links to ../../build/robot_integration/robot_integration.egg-info/dependency_links.txt\n'}
[1.702801] (-) TimerEvent: {}
[1.704171] (robot_integration) StdoutLine: {'line': b'writing entry points to ../../build/robot_integration/robot_integration.egg-info/entry_points.txt\n'}
[1.704904] (robot_integration) StdoutLine: {'line': b'writing requirements to ../../build/robot_integration/robot_integration.egg-info/requires.txt\n'}
[1.705636] (robot_integration) StdoutLine: {'line': b'writing top-level names to ../../build/robot_integration/robot_integration.egg-info/top_level.txt\n'}
[1.740782] (robot_integration) StdoutLine: {'line': b"reading manifest file '../../build/robot_integration/robot_integration.egg-info/SOURCES.txt'\n"}
[1.748141] (robot_integration) StdoutLine: {'line': b"writing manifest file '../../build/robot_integration/robot_integration.egg-info/SOURCES.txt'\n"}
[1.748533] (robot_integration) StdoutLine: {'line': b'running build\n'}
[1.748653] (robot_integration) StdoutLine: {'line': b'running build_py\n'}
[1.749237] (robot_integration) StdoutLine: {'line': b'running install\n'}
[1.759296] (robot_integration) StdoutLine: {'line': b'running install_lib\n'}
[1.776768] (robot_integration) StdoutLine: {'line': b'running install_data\n'}
[1.777211] (robot_integration) StdoutLine: {'line': b'running install_egg_info\n'}
[1.794653] (robot_integration) StdoutLine: {'line': b"removing '/home/webotpi/ros2_ws/install/robot_integration/lib/python3.12/site-packages/robot_integration-1.0.0-py3.12.egg-info' (and everything under it)\n"}
[1.795209] (robot_integration) StdoutLine: {'line': b'Copying ../../build/robot_integration/robot_integration.egg-info to /home/webotpi/ros2_ws/install/robot_integration/lib/python3.12/site-packages/robot_integration-1.0.0-py3.12.egg-info\n'}
[1.802546] (robot_integration) StdoutLine: {'line': b'running install_scripts\n'}
[1.802876] (-) TimerEvent: {}
[1.903014] (-) TimerEvent: {}
[1.930739] (robot_integration) StdoutLine: {'line': b'Installing arm_controller_node script to /home/webotpi/ros2_ws/install/robot_integration/lib/robot_integration\n'}
[1.931305] (robot_integration) StdoutLine: {'line': b'Installing balance_beam_node script to /home/webotpi/ros2_ws/install/robot_integration/lib/robot_integration\n'}
[1.937308] (robot_integration) StdoutLine: {'line': b'Installing car_controller_node script to /home/webotpi/ros2_ws/install/robot_integration/lib/robot_integration\n'}
[1.938348] (robot_integration) StdoutLine: {'line': b'Installing coordinator_node script to /home/webotpi/ros2_ws/install/robot_integration/lib/robot_integration\n'}
[1.939660] (robot_integration) StdoutLine: {'line': b'Installing edge_detect_node script to /home/webotpi/ros2_ws/install/robot_integration/lib/robot_integration\n'}
[1.940841] (robot_integration) StdoutLine: {'line': b'Installing line_follow_node script to /home/webotpi/ros2_ws/install/robot_integration/lib/robot_integration\n'}
[1.942010] (robot_integration) StdoutLine: {'line': b'Installing stm32_bridge_node script to /home/webotpi/ros2_ws/install/robot_integration/lib/robot_integration\n'}
[1.943541] (robot_integration) StdoutLine: {'line': b"writing list of installed files to '/home/webotpi/ros2_ws/build/robot_integration/install.log'\n"}
[2.003187] (-) TimerEvent: {}
[2.027940] (robot_integration) CommandEnded: {'returncode': 0}
[2.062744] (robot_integration) JobEnded: {'identifier': 'robot_integration', 'rc': 0}
[2.064047] (-) EventReactorShutdown: {}
