[0.013s] Invoking command in '/home/webotpi/ros2_ws/build/pi5_robot_description': /usr/bin/cmake /home/webotpi/ros2_ws/src/pi5_robot_description -DAMENT_CMAKE_SYMLINK_INSTALL=1 -DCMAKE_INSTALL_PREFIX=/home/webotpi/ros2_ws/install/pi5_robot_description
[0.052s] CMake Error at CMakeLists.txt:4 (find_package):
[0.052s]   By not providing "Findament_cmake.cmake" in CMAKE_MODULE_PATH this project
[0.052s]   has asked CMake to find a package configuration file provided by
[0.052s]   "ament_cmake", but CMake did not find one.
[0.052s] 
[0.052s]   Could not find a package configuration file provided by "ament_cmake" with
[0.052s]   any of the following names:
[0.053s] 
[0.053s]     ament_cmakeConfig.cmake
[0.053s]     ament_cmake-config.cmake
[0.053s] 
[0.053s]   Add the installation prefix of "ament_cmake" to CMAKE_PREFIX_PATH or set
[0.053s]   "ament_cmake_DIR" to a directory containing one of the above files.  If
[0.053s]   "ament_cmake" provides a separate development package or SDK, be sure it
[0.053s]   has been installed.
[0.053s] 
[0.053s] 
[0.053s] -- Configuring incomplete, errors occurred!
[0.057s] Invoked command in '/home/webotpi/ros2_ws/build/pi5_robot_description' returned '1': /usr/bin/cmake /home/webotpi/ros2_ws/src/pi5_robot_description -DAMENT_CMAKE_SYMLINK_INSTALL=1 -DCMAKE_INSTALL_PREFIX=/home/webotpi/ros2_ws/install/pi5_robot_description
