[0.000000] (-) TimerEvent: {}
[0.000208] (-) JobUnselected: {'identifier': 'deptrum-ros-driver-aurora930'}
[0.000399] (-) JobUnselected: {'identifier': 'my_launch_pkg'}
[0.000698] (-) JobUnselected: {'identifier': 'my_srv'}
[0.000798] (-) JobUnselected: {'identifier': 'py_pkg'}
[0.000821] (-) JobUnselected: {'identifier': 'robot_integration'}
[0.000843] (-) JobUnselected: {'identifier': 'rplidar_ros'}
[0.000864] (-) JobUnselected: {'identifier': 'voice_interaction'}
[0.000890] (pi5_robot_description) JobQueued: {'identifier': 'pi5_robot_description', 'dependencies': OrderedDict()}
[0.001321] (pi5_robot_description) JobStarted: {'identifier': 'pi5_robot_description'}
[0.017617] (pi5_robot_description) JobProgress: {'identifier': 'pi5_robot_description', 'progress': 'cmake'}
[0.019226] (pi5_robot_description) Command: {'cmd': ['/usr/bin/cmake', '/home/webotpi/ros2_ws/src/pi5_robot_description', '-DAMENT_CMAKE_SYMLINK_INSTALL=1', '-DCMAKE_INSTALL_PREFIX=/home/webotpi/ros2_ws/install/pi5_robot_description'], 'cwd': '/home/webotpi/ros2_ws/build/pi5_robot_description', 'env': OrderedDict({'LANGUAGE': 'zh_CN:en', 'USER': 'webotpi', 'SSH_CLIENT': '192.168.0.111 37916 22', 'LC_TIME': 'zh_CN.UTF-8', 'GZ_CONFIG_PATH': '/opt/ros/jazzy/opt/gz_sim_vendor/share/gz:/opt/ros/jazzy/opt/sdformat_vendor/share/gz:/opt/ros/jazzy/opt/gz_gui_vendor/share/gz:/opt/ros/jazzy/opt/gz_transport_vendor/share/gz:/opt/ros/jazzy/opt/gz_rendering_vendor/share/gz:/opt/ros/jazzy/opt/gz_plugin_vendor/share/gz:/opt/ros/jazzy/opt/gz_fuel_tools_vendor/share/gz:/opt/ros/jazzy/opt/gz_msgs_vendor/share/gz:/opt/ros/jazzy/opt/gz_common_vendor/share/gz', 'XDG_SESSION_TYPE': 'tty', 'SHLVL': '1', 'LD_LIBRARY_PATH': '/opt/ros/jazzy/opt/gz_sim_vendor/lib:/opt/ros/jazzy/opt/gz_sensors_vendor/lib:/opt/ros/jazzy/opt/gz_physics_vendor/lib:/opt/ros/jazzy/opt/sdformat_vendor/lib:/opt/ros/jazzy/opt/rviz_ogre_vendor/lib:/opt/ros/jazzy/lib/aarch64-linux-gnu:/opt/ros/jazzy/opt/gz_gui_vendor/lib:/opt/ros/jazzy/opt/gz_transport_vendor/lib:/opt/ros/jazzy/opt/gz_rendering_vendor/lib:/opt/ros/jazzy/opt/gz_plugin_vendor/lib:/opt/ros/jazzy/opt/gz_fuel_tools_vendor/lib:/opt/ros/jazzy/opt/gz_msgs_vendor/lib:/opt/ros/jazzy/opt/gz_common_vendor/lib:/opt/ros/jazzy/opt/gz_math_vendor/lib:/opt/ros/jazzy/opt/gz_utils_vendor/lib:/opt/ros/jazzy/opt/gz_tools_vendor/lib:/opt/ros/jazzy/opt/gz_ogre_next_vendor/lib:/opt/ros/jazzy/opt/gz_dartsim_vendor/lib:/opt/ros/jazzy/opt/gz_cmake_vendor/lib:/opt/ros/jazzy/lib', 'HOME': '/home/webotpi', 'OLDPWD': '/home/webotpi/ros2_ws/src/pi5_robot_description/launch', 'ROS_PYTHON_VERSION': '3', 'LC_MONETARY': 'zh_CN.UTF-8', 'DBUS_SESSION_BUS_ADDRESS': 'unix:path=/run/user/1000/bus', 'ROS_DISTRO': 'jazzy', 'LOGNAME': 'webotpi', '_': '/usr/bin/colcon', 'ROS_VERSION': '2', 'XDG_SESSION_CLASS': 'user', 'XDG_SESSION_ID': '45', 'PATH': '/opt/ros/jazzy/opt/gz_msgs_vendor/bin:/opt/ros/jazzy/opt/gz_tools_vendor/bin:/opt/ros/jazzy/opt/gz_ogre_next_vendor/bin:/opt/ros/jazzy/bin:/usr/local/sbin:/usr/local/bin:/usr/sbin:/usr/bin:/sbin:/bin:/usr/games:/usr/local/games:/snap/bin', 'PAPERSIZE': 'a4', 'LC_ADDRESS': 'zh_CN.UTF-8', 'XDG_RUNTIME_DIR': '/run/user/1000', 'LANG': 'zh_CN.UTF-8', 'LC_TELEPHONE': 'zh_CN.UTF-8', 'AMENT_PREFIX_PATH': '/opt/ros/jazzy', 'SHELL': '/bin/bash', 'LC_NAME': 'zh_CN.UTF-8', 'LC_MEASUREMENT': 'zh_CN.UTF-8', 'LC_IDENTIFICATION': 'zh_CN.UTF-8', 'ROS_AUTOMATIC_DISCOVERY_RANGE': 'SUBNET', 'PWD': '/home/webotpi/ros2_ws/build/pi5_robot_description', 'SSH_CONNECTION': '192.168.0.111 37916 192.168.0.119 22', 'PYTHONPATH': '/opt/ros/jazzy/lib/python3.12/site-packages', 'LC_NUMERIC': 'zh_CN.UTF-8', 'LC_PAPER': 'zh_CN.UTF-8', 'COLCON': '1', 'CMAKE_PREFIX_PATH': '/opt/ros/jazzy/opt/gz_sim_vendor:/opt/ros/jazzy/opt/gz_sensors_vendor:/opt/ros/jazzy/opt/gz_physics_vendor:/opt/ros/jazzy/opt/sdformat_vendor:/opt/ros/jazzy/opt/gz_gui_vendor:/opt/ros/jazzy/opt/gz_transport_vendor:/opt/ros/jazzy/opt/gz_rendering_vendor:/opt/ros/jazzy/opt/gz_plugin_vendor:/opt/ros/jazzy/opt/gz_fuel_tools_vendor:/opt/ros/jazzy/opt/gz_msgs_vendor:/opt/ros/jazzy/opt/gz_common_vendor:/opt/ros/jazzy/opt/gz_math_vendor:/opt/ros/jazzy/opt/gz_utils_vendor:/opt/ros/jazzy/opt/gz_tools_vendor:/opt/ros/jazzy/opt/gz_ogre_next_vendor:/opt/ros/jazzy/opt/gz_dartsim_vendor:/opt/ros/jazzy/opt/gz_cmake_vendor:/opt/ros/jazzy'}), 'shell': False}
[0.055554] (pi5_robot_description) StdoutLine: {'line': b'-- Found ament_cmake: 2.5.6 (/opt/ros/jazzy/share/ament_cmake/cmake)\n'}
[0.099373] (-) TimerEvent: {}
[0.199850] (-) TimerEvent: {}
[0.300201] (-) TimerEvent: {}
[0.400597] (-) TimerEvent: {}
[0.501015] (-) TimerEvent: {}
[0.544347] (pi5_robot_description) StdoutLine: {'line': b'-- Override CMake install command with custom implementation using symlinks instead of copying resources\n'}
[0.601147] (-) TimerEvent: {}
[0.701449] (-) TimerEvent: {}
[0.787575] (pi5_robot_description) StdoutLine: {'line': b'-- Configuring done (0.7s)\n'}
[0.801672] (pi5_robot_description) StdoutLine: {'line': b'-- Generating done (0.0s)\n'}
[0.801972] (-) TimerEvent: {}
[0.811760] (pi5_robot_description) StdoutLine: {'line': b'-- Build files have been written to: /home/webotpi/ros2_ws/build/pi5_robot_description\n'}
[0.819551] (pi5_robot_description) CommandEnded: {'returncode': 0}
[0.820631] (pi5_robot_description) JobProgress: {'identifier': 'pi5_robot_description', 'progress': 'build'}
[0.821782] (pi5_robot_description) Command: {'cmd': ['/usr/bin/cmake', '--build', '/home/webotpi/ros2_ws/build/pi5_robot_description', '--', '-j4', '-l4'], 'cwd': '/home/webotpi/ros2_ws/build/pi5_robot_description', 'env': OrderedDict({'LANGUAGE': 'zh_CN:en', 'USER': 'webotpi', 'SSH_CLIENT': '192.168.0.111 37916 22', 'LC_TIME': 'zh_CN.UTF-8', 'GZ_CONFIG_PATH': '/opt/ros/jazzy/opt/gz_sim_vendor/share/gz:/opt/ros/jazzy/opt/sdformat_vendor/share/gz:/opt/ros/jazzy/opt/gz_gui_vendor/share/gz:/opt/ros/jazzy/opt/gz_transport_vendor/share/gz:/opt/ros/jazzy/opt/gz_rendering_vendor/share/gz:/opt/ros/jazzy/opt/gz_plugin_vendor/share/gz:/opt/ros/jazzy/opt/gz_fuel_tools_vendor/share/gz:/opt/ros/jazzy/opt/gz_msgs_vendor/share/gz:/opt/ros/jazzy/opt/gz_common_vendor/share/gz', 'XDG_SESSION_TYPE': 'tty', 'SHLVL': '1', 'LD_LIBRARY_PATH': '/opt/ros/jazzy/opt/gz_sim_vendor/lib:/opt/ros/jazzy/opt/gz_sensors_vendor/lib:/opt/ros/jazzy/opt/gz_physics_vendor/lib:/opt/ros/jazzy/opt/sdformat_vendor/lib:/opt/ros/jazzy/opt/rviz_ogre_vendor/lib:/opt/ros/jazzy/lib/aarch64-linux-gnu:/opt/ros/jazzy/opt/gz_gui_vendor/lib:/opt/ros/jazzy/opt/gz_transport_vendor/lib:/opt/ros/jazzy/opt/gz_rendering_vendor/lib:/opt/ros/jazzy/opt/gz_plugin_vendor/lib:/opt/ros/jazzy/opt/gz_fuel_tools_vendor/lib:/opt/ros/jazzy/opt/gz_msgs_vendor/lib:/opt/ros/jazzy/opt/gz_common_vendor/lib:/opt/ros/jazzy/opt/gz_math_vendor/lib:/opt/ros/jazzy/opt/gz_utils_vendor/lib:/opt/ros/jazzy/opt/gz_tools_vendor/lib:/opt/ros/jazzy/opt/gz_ogre_next_vendor/lib:/opt/ros/jazzy/opt/gz_dartsim_vendor/lib:/opt/ros/jazzy/opt/gz_cmake_vendor/lib:/opt/ros/jazzy/lib', 'HOME': '/home/webotpi', 'OLDPWD': '/home/webotpi/ros2_ws/src/pi5_robot_description/launch', 'ROS_PYTHON_VERSION': '3', 'LC_MONETARY': 'zh_CN.UTF-8', 'DBUS_SESSION_BUS_ADDRESS': 'unix:path=/run/user/1000/bus', 'ROS_DISTRO': 'jazzy', 'LOGNAME': 'webotpi', '_': '/usr/bin/colcon', 'ROS_VERSION': '2', 'XDG_SESSION_CLASS': 'user', 'XDG_SESSION_ID': '45', 'PATH': '/opt/ros/jazzy/opt/gz_msgs_vendor/bin:/opt/ros/jazzy/opt/gz_tools_vendor/bin:/opt/ros/jazzy/opt/gz_ogre_next_vendor/bin:/opt/ros/jazzy/bin:/usr/local/sbin:/usr/local/bin:/usr/sbin:/usr/bin:/sbin:/bin:/usr/games:/usr/local/games:/snap/bin', 'PAPERSIZE': 'a4', 'LC_ADDRESS': 'zh_CN.UTF-8', 'XDG_RUNTIME_DIR': '/run/user/1000', 'LANG': 'zh_CN.UTF-8', 'LC_TELEPHONE': 'zh_CN.UTF-8', 'AMENT_PREFIX_PATH': '/opt/ros/jazzy', 'SHELL': '/bin/bash', 'LC_NAME': 'zh_CN.UTF-8', 'LC_MEASUREMENT': 'zh_CN.UTF-8', 'LC_IDENTIFICATION': 'zh_CN.UTF-8', 'ROS_AUTOMATIC_DISCOVERY_RANGE': 'SUBNET', 'PWD': '/home/webotpi/ros2_ws/build/pi5_robot_description', 'SSH_CONNECTION': '192.168.0.111 37916 192.168.0.119 22', 'PYTHONPATH': '/opt/ros/jazzy/lib/python3.12/site-packages', 'LC_NUMERIC': 'zh_CN.UTF-8', 'LC_PAPER': 'zh_CN.UTF-8', 'COLCON': '1', 'CMAKE_PREFIX_PATH': '/opt/ros/jazzy/opt/gz_sim_vendor:/opt/ros/jazzy/opt/gz_sensors_vendor:/opt/ros/jazzy/opt/gz_physics_vendor:/opt/ros/jazzy/opt/sdformat_vendor:/opt/ros/jazzy/opt/gz_gui_vendor:/opt/ros/jazzy/opt/gz_transport_vendor:/opt/ros/jazzy/opt/gz_rendering_vendor:/opt/ros/jazzy/opt/gz_plugin_vendor:/opt/ros/jazzy/opt/gz_fuel_tools_vendor:/opt/ros/jazzy/opt/gz_msgs_vendor:/opt/ros/jazzy/opt/gz_common_vendor:/opt/ros/jazzy/opt/gz_math_vendor:/opt/ros/jazzy/opt/gz_utils_vendor:/opt/ros/jazzy/opt/gz_tools_vendor:/opt/ros/jazzy/opt/gz_ogre_next_vendor:/opt/ros/jazzy/opt/gz_dartsim_vendor:/opt/ros/jazzy/opt/gz_cmake_vendor:/opt/ros/jazzy'}), 'shell': False}
[0.902176] (-) TimerEvent: {}
[0.929674] (pi5_robot_description) CommandEnded: {'returncode': 0}
[0.930927] (pi5_robot_description) JobProgress: {'identifier': 'pi5_robot_description', 'progress': 'install'}
[0.959535] (pi5_robot_description) Command: {'cmd': ['/usr/bin/cmake', '--install', '/home/webotpi/ros2_ws/build/pi5_robot_description'], 'cwd': '/home/webotpi/ros2_ws/build/pi5_robot_description', 'env': OrderedDict({'LANGUAGE': 'zh_CN:en', 'USER': 'webotpi', 'SSH_CLIENT': '192.168.0.111 37916 22', 'LC_TIME': 'zh_CN.UTF-8', 'GZ_CONFIG_PATH': '/opt/ros/jazzy/opt/gz_sim_vendor/share/gz:/opt/ros/jazzy/opt/sdformat_vendor/share/gz:/opt/ros/jazzy/opt/gz_gui_vendor/share/gz:/opt/ros/jazzy/opt/gz_transport_vendor/share/gz:/opt/ros/jazzy/opt/gz_rendering_vendor/share/gz:/opt/ros/jazzy/opt/gz_plugin_vendor/share/gz:/opt/ros/jazzy/opt/gz_fuel_tools_vendor/share/gz:/opt/ros/jazzy/opt/gz_msgs_vendor/share/gz:/opt/ros/jazzy/opt/gz_common_vendor/share/gz', 'XDG_SESSION_TYPE': 'tty', 'SHLVL': '1', 'LD_LIBRARY_PATH': '/opt/ros/jazzy/opt/gz_sim_vendor/lib:/opt/ros/jazzy/opt/gz_sensors_vendor/lib:/opt/ros/jazzy/opt/gz_physics_vendor/lib:/opt/ros/jazzy/opt/sdformat_vendor/lib:/opt/ros/jazzy/opt/rviz_ogre_vendor/lib:/opt/ros/jazzy/lib/aarch64-linux-gnu:/opt/ros/jazzy/opt/gz_gui_vendor/lib:/opt/ros/jazzy/opt/gz_transport_vendor/lib:/opt/ros/jazzy/opt/gz_rendering_vendor/lib:/opt/ros/jazzy/opt/gz_plugin_vendor/lib:/opt/ros/jazzy/opt/gz_fuel_tools_vendor/lib:/opt/ros/jazzy/opt/gz_msgs_vendor/lib:/opt/ros/jazzy/opt/gz_common_vendor/lib:/opt/ros/jazzy/opt/gz_math_vendor/lib:/opt/ros/jazzy/opt/gz_utils_vendor/lib:/opt/ros/jazzy/opt/gz_tools_vendor/lib:/opt/ros/jazzy/opt/gz_ogre_next_vendor/lib:/opt/ros/jazzy/opt/gz_dartsim_vendor/lib:/opt/ros/jazzy/opt/gz_cmake_vendor/lib:/opt/ros/jazzy/lib', 'HOME': '/home/webotpi', 'OLDPWD': '/home/webotpi/ros2_ws/src/pi5_robot_description/launch', 'ROS_PYTHON_VERSION': '3', 'LC_MONETARY': 'zh_CN.UTF-8', 'DBUS_SESSION_BUS_ADDRESS': 'unix:path=/run/user/1000/bus', 'ROS_DISTRO': 'jazzy', 'LOGNAME': 'webotpi', '_': '/usr/bin/colcon', 'ROS_VERSION': '2', 'XDG_SESSION_CLASS': 'user', 'XDG_SESSION_ID': '45', 'PATH': '/opt/ros/jazzy/opt/gz_msgs_vendor/bin:/opt/ros/jazzy/opt/gz_tools_vendor/bin:/opt/ros/jazzy/opt/gz_ogre_next_vendor/bin:/opt/ros/jazzy/bin:/usr/local/sbin:/usr/local/bin:/usr/sbin:/usr/bin:/sbin:/bin:/usr/games:/usr/local/games:/snap/bin', 'PAPERSIZE': 'a4', 'LC_ADDRESS': 'zh_CN.UTF-8', 'XDG_RUNTIME_DIR': '/run/user/1000', 'LANG': 'zh_CN.UTF-8', 'LC_TELEPHONE': 'zh_CN.UTF-8', 'AMENT_PREFIX_PATH': '/opt/ros/jazzy', 'SHELL': '/bin/bash', 'LC_NAME': 'zh_CN.UTF-8', 'LC_MEASUREMENT': 'zh_CN.UTF-8', 'LC_IDENTIFICATION': 'zh_CN.UTF-8', 'ROS_AUTOMATIC_DISCOVERY_RANGE': 'SUBNET', 'PWD': '/home/webotpi/ros2_ws/build/pi5_robot_description', 'SSH_CONNECTION': '192.168.0.111 37916 192.168.0.119 22', 'PYTHONPATH': '/opt/ros/jazzy/lib/python3.12/site-packages', 'LC_NUMERIC': 'zh_CN.UTF-8', 'LC_PAPER': 'zh_CN.UTF-8', 'COLCON': '1', 'CMAKE_PREFIX_PATH': '/opt/ros/jazzy/opt/gz_sim_vendor:/opt/ros/jazzy/opt/gz_sensors_vendor:/opt/ros/jazzy/opt/gz_physics_vendor:/opt/ros/jazzy/opt/sdformat_vendor:/opt/ros/jazzy/opt/gz_gui_vendor:/opt/ros/jazzy/opt/gz_transport_vendor:/opt/ros/jazzy/opt/gz_rendering_vendor:/opt/ros/jazzy/opt/gz_plugin_vendor:/opt/ros/jazzy/opt/gz_fuel_tools_vendor:/opt/ros/jazzy/opt/gz_msgs_vendor:/opt/ros/jazzy/opt/gz_common_vendor:/opt/ros/jazzy/opt/gz_math_vendor:/opt/ros/jazzy/opt/gz_utils_vendor:/opt/ros/jazzy/opt/gz_tools_vendor:/opt/ros/jazzy/opt/gz_ogre_next_vendor:/opt/ros/jazzy/opt/gz_dartsim_vendor:/opt/ros/jazzy/opt/gz_cmake_vendor:/opt/ros/jazzy'}), 'shell': False}
[0.985304] (pi5_robot_description) StdoutLine: {'line': b'-- Install configuration: ""\n'}
[0.986000] (pi5_robot_description) StdoutLine: {'line': b'-- Execute custom install script\n'}
[0.986717] (pi5_robot_description) StdoutLine: {'line': b'-- Symlinking: /home/webotpi/ros2_ws/install/pi5_robot_description/share/pi5_robot_description/urdf/pi5_arm_robot.urdf.xacro\n'}
[1.002351] (-) TimerEvent: {}
[1.014988] (pi5_robot_description) StdoutLine: {'line': b'-- Symlinking: /home/webotpi/ros2_ws/install/pi5_robot_description/share/pi5_robot_description/launch/nav2_navigation.launch.py\n'}
[1.042473] (pi5_robot_description) StdoutLine: {'line': b'-- Symlinking: /home/webotpi/ros2_ws/install/pi5_robot_description/share/pi5_robot_description/launch/nav2_navigation_with_depth.launch.py\n'}
[1.070253] (pi5_robot_description) StdoutLine: {'line': b'-- Symlinking: /home/webotpi/ros2_ws/install/pi5_robot_description/share/pi5_robot_description/launch/slam_mapping.launch.py\n'}
[1.097962] (pi5_robot_description) StdoutLine: {'line': b'-- Symlinking: /home/webotpi/ros2_ws/install/pi5_robot_description/share/pi5_robot_description/launch/view_robot.launch.py\n'}
[1.102524] (-) TimerEvent: {}
[1.128741] (pi5_robot_description) StdoutLine: {'line': b'-- Symlinking: /home/webotpi/ros2_ws/install/pi5_robot_description/share/pi5_robot_description/config/collision_monitor_params.yaml\n'}
[1.155612] (pi5_robot_description) StdoutLine: {'line': b'-- Symlinking: /home/webotpi/ros2_ws/install/pi5_robot_description/share/pi5_robot_description/config/collision_monitor_params_backup.yaml\n'}
[1.182188] (pi5_robot_description) StdoutLine: {'line': b'-- Symlinking: /home/webotpi/ros2_ws/install/pi5_robot_description/share/pi5_robot_description/config/nav2.rviz\n'}
[1.202785] (-) TimerEvent: {}
[1.208104] (pi5_robot_description) StdoutLine: {'line': b'-- Symlinking: /home/webotpi/ros2_ws/install/pi5_robot_description/share/pi5_robot_description/config/nav2_params.yaml\n'}
[1.236445] (pi5_robot_description) StdoutLine: {'line': b'-- Symlinking: /home/webotpi/ros2_ws/install/pi5_robot_description/share/pi5_robot_description/config/nav2_params.yaml.bak\n'}
[1.267471] (pi5_robot_description) StdoutLine: {'line': b'-- Symlinking: /home/webotpi/ros2_ws/install/pi5_robot_description/share/pi5_robot_description/config/nav2_params.yaml.bak2\n'}
[1.302996] (-) TimerEvent: {}
[1.304781] (pi5_robot_description) StdoutLine: {'line': b'-- Symlinking: /home/webotpi/ros2_ws/install/pi5_robot_description/share/pi5_robot_description/config/nav2_params_rpp_backup.yaml\n'}
[1.332421] (pi5_robot_description) StdoutLine: {'line': b'-- Symlinking: /home/webotpi/ros2_ws/install/pi5_robot_description/share/pi5_robot_description/config/slam_toolbox_mapping.yaml\n'}
[1.359822] (pi5_robot_description) StdoutLine: {'line': b'-- Symlinking: /home/webotpi/ros2_ws/install/pi5_robot_description/share/pi5_robot_description/config/view_robot.rviz\n'}
[1.388722] (pi5_robot_description) StdoutLine: {'line': b'-- Symlinking: /home/webotpi/ros2_ws/install/pi5_robot_description/lib/pi5_robot_description/odom_only_node.py\n'}
[1.403138] (-) TimerEvent: {}
[1.416399] (pi5_robot_description) StdoutLine: {'line': b'-- Symlinking: /home/webotpi/ros2_ws/install/pi5_robot_description/lib/pi5_robot_description/cmd_vel_bridge_node.py\n'}
[1.444623] (pi5_robot_description) StdoutLine: {'line': b'-- Symlinking: /home/webotpi/ros2_ws/install/pi5_robot_description/lib/pi5_robot_description/goal_pose_bridge.py\n'}
[1.472476] (pi5_robot_description) StdoutLine: {'line': b'-- Symlinking: /home/webotpi/ros2_ws/install/pi5_robot_description/lib/pi5_robot_description/save_map.sh\n'}
[1.500178] (pi5_robot_description) StdoutLine: {'line': b'-- Symlinking: /home/webotpi/ros2_ws/install/pi5_robot_description/lib/pi5_robot_description/verify_urdf.sh\n'}
[1.503887] (-) TimerEvent: {}
[1.527679] (pi5_robot_description) StdoutLine: {'line': b'-- Symlinking: /home/webotpi/ros2_ws/install/pi5_robot_description/share/ament_index/resource_index/package_run_dependencies/pi5_robot_description\n'}
[1.557992] (pi5_robot_description) StdoutLine: {'line': b'-- Symlinking: /home/webotpi/ros2_ws/install/pi5_robot_description/share/ament_index/resource_index/parent_prefix_path/pi5_robot_description\n'}
[1.584454] (pi5_robot_description) StdoutLine: {'line': b'-- Symlinking: /home/webotpi/ros2_ws/install/pi5_robot_description/share/pi5_robot_description/environment/ament_prefix_path.sh\n'}
[1.604059] (-) TimerEvent: {}
[1.612630] (pi5_robot_description) StdoutLine: {'line': b'-- Symlinking: /home/webotpi/ros2_ws/install/pi5_robot_description/share/pi5_robot_description/environment/ament_prefix_path.dsv\n'}
[1.641481] (pi5_robot_description) StdoutLine: {'line': b'-- Symlinking: /home/webotpi/ros2_ws/install/pi5_robot_description/share/pi5_robot_description/environment/path.sh\n'}
[1.668130] (pi5_robot_description) StdoutLine: {'line': b'-- Symlinking: /home/webotpi/ros2_ws/install/pi5_robot_description/share/pi5_robot_description/environment/path.dsv\n'}
[1.695198] (pi5_robot_description) StdoutLine: {'line': b'-- Symlinking: /home/webotpi/ros2_ws/install/pi5_robot_description/share/pi5_robot_description/local_setup.bash\n'}
[1.704190] (-) TimerEvent: {}
[1.724061] (pi5_robot_description) StdoutLine: {'line': b'-- Symlinking: /home/webotpi/ros2_ws/install/pi5_robot_description/share/pi5_robot_description/local_setup.sh\n'}
[1.754529] (pi5_robot_description) StdoutLine: {'line': b'-- Symlinking: /home/webotpi/ros2_ws/install/pi5_robot_description/share/pi5_robot_description/local_setup.zsh\n'}
[1.783022] (pi5_robot_description) StdoutLine: {'line': b'-- Symlinking: /home/webotpi/ros2_ws/install/pi5_robot_description/share/pi5_robot_description/local_setup.dsv\n'}
[1.805995] (-) TimerEvent: {}
[1.808716] (pi5_robot_description) StdoutLine: {'line': b'-- Symlinking: /home/webotpi/ros2_ws/install/pi5_robot_description/share/pi5_robot_description/package.dsv\n'}
[1.835481] (pi5_robot_description) StdoutLine: {'line': b'-- Symlinking: /home/webotpi/ros2_ws/install/pi5_robot_description/share/ament_index/resource_index/packages/pi5_robot_description\n'}
[1.861792] (pi5_robot_description) StdoutLine: {'line': b'-- Symlinking: /home/webotpi/ros2_ws/install/pi5_robot_description/share/pi5_robot_description/cmake/pi5_robot_descriptionConfig.cmake\n'}
[1.887630] (pi5_robot_description) StdoutLine: {'line': b'-- Symlinking: /home/webotpi/ros2_ws/install/pi5_robot_description/share/pi5_robot_description/cmake/pi5_robot_descriptionConfig-version.cmake\n'}
[1.906266] (-) TimerEvent: {}
[1.914698] (pi5_robot_description) StdoutLine: {'line': b'-- Symlinking: /home/webotpi/ros2_ws/install/pi5_robot_description/share/pi5_robot_description/package.xml\n'}
[1.944704] (pi5_robot_description) CommandEnded: {'returncode': 0}
[2.001332] (pi5_robot_description) JobEnded: {'identifier': 'pi5_robot_description', 'rc': 0}
[2.003438] (-) EventReactorShutdown: {}
