[0.000000] (-) TimerEvent: {}
[0.000171] (-) JobUnselected: {'identifier': 'deptrum-ros-driver-aurora930'}
[0.000271] (-) JobUnselected: {'identifier': 'my_launch_pkg'}
[0.000322] (-) JobUnselected: {'identifier': 'my_srv'}
[0.000363] (-) JobUnselected: {'identifier': 'py_pkg'}
[0.000401] (-) JobUnselected: {'identifier': 'rplidar_ros'}
[0.000439] (-) JobUnselected: {'identifier': 'voice_interaction'}
[0.000483] (robot_integration) JobQueued: {'identifier': 'robot_integration', 'dependencies': OrderedDict()}
[0.003381] (robot_integration) JobStarted: {'identifier': 'robot_integration'}
[0.099295] (-) TimerEvent: {}
[0.199496] (-) TimerEvent: {}
[0.299714] (-) TimerEvent: {}
[0.400017] (-) TimerEvent: {}
[0.500344] (-) TimerEvent: {}
[0.600659] (-) TimerEvent: {}
[0.701133] (-) TimerEvent: {}
[0.801535] (-) TimerEvent: {}
[0.901800] (-) TimerEvent: {}
[1.002084] (-) TimerEvent: {}
[1.102352] (-) TimerEvent: {}
[1.202618] (-) TimerEvent: {}
[1.302872] (-) TimerEvent: {}
[1.403155] (-) TimerEvent: {}
[1.503442] (-) TimerEvent: {}
[1.603788] (-) TimerEvent: {}
[1.704069] (-) TimerEvent: {}
[1.804344] (-) TimerEvent: {}
[1.904607] (-) TimerEvent: {}
[2.004880] (-) TimerEvent: {}
[2.105163] (-) TimerEvent: {}
[2.205469] (-) TimerEvent: {}
[2.305821] (-) TimerEvent: {}
[2.339844] (robot_integration) Command: {'cmd': ['/usr/bin/python3', '-W', 'ignore:setup.py install is deprecated', '-W', 'ignore:easy_install command is deprecated', 'setup.py', 'egg_info', '--egg-base', '../../build/robot_integration', 'build', '--build-base', '/home/webotpi/ros2_ws/build/robot_integration/build', 'install', '--record', '/home/webotpi/ros2_ws/build/robot_integration/install.log', '--single-version-externally-managed', 'install_data'], 'cwd': '/home/webotpi/ros2_ws/src/robot_integration', 'env': {'LANGUAGE': 'zh_CN:en', 'USER': 'webotpi', 'SSH_CLIENT': '192.168.0.111 56798 22', 'LC_TIME': 'zh_CN.UTF-8', 'XDG_SESSION_TYPE': 'tty', 'SHLVL': '1', 'LD_LIBRARY_PATH': '/opt/ros/jazzy/opt/rviz_ogre_vendor/lib:/opt/ros/jazzy/lib/aarch64-linux-gnu:/opt/ros/jazzy/opt/gz_math_vendor/lib:/opt/ros/jazzy/opt/gz_utils_vendor/lib:/opt/ros/jazzy/opt/gz_cmake_vendor/lib:/opt/ros/jazzy/lib', 'HOME': '/home/webotpi', 'OLDPWD': '/home/webotpi/ros2_ws/src/robot_integration/robot_integration', 'ROS_PYTHON_VERSION': '3', 'LC_MONETARY': 'zh_CN.UTF-8', 'DBUS_SESSION_BUS_ADDRESS': 'unix:path=/run/user/1000/bus', 'ROS_DISTRO': 'jazzy', 'LOGNAME': 'webotpi', '_': '/usr/bin/colcon', 'ROS_VERSION': '2', 'XDG_SESSION_CLASS': 'user', 'XDG_SESSION_ID': '20', 'PATH': '/opt/ros/jazzy/bin:/usr/local/sbin:/usr/local/bin:/usr/sbin:/usr/bin:/sbin:/bin:/usr/games:/usr/local/games:/snap/bin', 'PAPERSIZE': 'a4', 'LC_ADDRESS': 'zh_CN.UTF-8', 'XDG_RUNTIME_DIR': '/run/user/1000', 'LANG': 'zh_CN.UTF-8', 'LC_TELEPHONE': 'zh_CN.UTF-8', 'AMENT_PREFIX_PATH': '/opt/ros/jazzy', 'SHELL': '/bin/bash', 'LC_NAME': 'zh_CN.UTF-8', 'LC_MEASUREMENT': 'zh_CN.UTF-8', 'LC_IDENTIFICATION': 'zh_CN.UTF-8', 'ROS_AUTOMATIC_DISCOVERY_RANGE': 'SUBNET', 'PWD': '/home/webotpi/ros2_ws/build/robot_integration', 'SSH_CONNECTION': '192.168.0.111 56798 192.168.0.119 22', 'PYTHONPATH': '/home/webotpi/ros2_ws/build/robot_integration/prefix_override:/usr/lib/python3/dist-packages/colcon_core/task/python/colcon_distutils_commands:/home/webotpi/ros2_ws/install/robot_integration/lib/python3.12/site-packages:/opt/ros/jazzy/lib/python3.12/site-packages', 'LC_NUMERIC': 'zh_CN.UTF-8', 'LC_PAPER': 'zh_CN.UTF-8', 'COLCON': '1', 'CMAKE_PREFIX_PATH': '/opt/ros/jazzy/opt/gz_math_vendor:/opt/ros/jazzy/opt/gz_utils_vendor:/opt/ros/jazzy/opt/gz_cmake_vendor'}, 'shell': False}
[2.405968] (-) TimerEvent: {}
[2.506333] (-) TimerEvent: {}
[2.606601] (-) TimerEvent: {}
[2.706865] (-) TimerEvent: {}
[2.807155] (-) TimerEvent: {}
[2.907431] (-) TimerEvent: {}
[3.007693] (-) TimerEvent: {}
[3.058435] (robot_integration) StdoutLine: {'line': b'running egg_info\n'}
[3.107848] (-) TimerEvent: {}
[3.122832] (robot_integration) StdoutLine: {'line': b'writing ../../build/robot_integration/robot_integration.egg-info/PKG-INFO\n'}
[3.123534] (robot_integration) StdoutLine: {'line': b'writing dependency_links to ../../build/robot_integration/robot_integration.egg-info/dependency_links.txt\n'}
[3.126447] (robot_integration) StdoutLine: {'line': b'writing entry points to ../../build/robot_integration/robot_integration.egg-info/entry_points.txt\n'}
[3.127041] (robot_integration) StdoutLine: {'line': b'writing requirements to ../../build/robot_integration/robot_integration.egg-info/requires.txt\n'}
[3.127877] (robot_integration) StdoutLine: {'line': b'writing top-level names to ../../build/robot_integration/robot_integration.egg-info/top_level.txt\n'}
[3.187663] (robot_integration) StdoutLine: {'line': b"reading manifest file '../../build/robot_integration/robot_integration.egg-info/SOURCES.txt'\n"}
[3.188963] (robot_integration) StdoutLine: {'line': b"writing manifest file '../../build/robot_integration/robot_integration.egg-info/SOURCES.txt'\n"}
[3.189178] (robot_integration) StdoutLine: {'line': b'running build\n'}
[3.189321] (robot_integration) StdoutLine: {'line': b'running build_py\n'}
[3.189554] (robot_integration) StdoutLine: {'line': b'copying robot_integration/line_follow_node.py -> /home/webotpi/ros2_ws/build/robot_integration/build/lib/robot_integration\n'}
[3.190312] (robot_integration) StdoutLine: {'line': b'running install\n'}
[3.199624] (robot_integration) StdoutLine: {'line': b'running install_lib\n'}
[3.207935] (-) TimerEvent: {}
[3.228039] (robot_integration) StdoutLine: {'line': b'copying /home/webotpi/ros2_ws/build/robot_integration/build/lib/robot_integration/line_follow_node.py -> /home/webotpi/ros2_ws/install/robot_integration/lib/python3.12/site-packages/robot_integration\n'}
[3.229005] (robot_integration) StdoutLine: {'line': b'byte-compiling /home/webotpi/ros2_ws/install/robot_integration/lib/python3.12/site-packages/robot_integration/line_follow_node.py to line_follow_node.cpython-312.pyc\n'}
[3.235461] (robot_integration) StdoutLine: {'line': b'running install_data\n'}
[3.235935] (robot_integration) StdoutLine: {'line': b'running install_egg_info\n'}
[3.292856] (robot_integration) StdoutLine: {'line': b"removing '/home/webotpi/ros2_ws/install/robot_integration/lib/python3.12/site-packages/robot_integration-1.0.0-py3.12.egg-info' (and everything under it)\n"}
[3.293786] (robot_integration) StdoutLine: {'line': b'Copying ../../build/robot_integration/robot_integration.egg-info to /home/webotpi/ros2_ws/install/robot_integration/lib/python3.12/site-packages/robot_integration-1.0.0-py3.12.egg-info\n'}
[3.296889] (robot_integration) StdoutLine: {'line': b'running install_scripts\n'}
[3.308044] (-) TimerEvent: {}
[3.408253] (-) TimerEvent: {}
[3.508506] (-) TimerEvent: {}
[3.608802] (-) TimerEvent: {}
[3.709144] (-) TimerEvent: {}
[3.722947] (robot_integration) StdoutLine: {'line': b'Installing arm_controller_node script to /home/webotpi/ros2_ws/install/robot_integration/lib/robot_integration\n'}
[3.723479] (robot_integration) StdoutLine: {'line': b'Installing balance_beam_node script to /home/webotpi/ros2_ws/install/robot_integration/lib/robot_integration\n'}
[3.727237] (robot_integration) StdoutLine: {'line': b'Installing car_controller_node script to /home/webotpi/ros2_ws/install/robot_integration/lib/robot_integration\n'}
[3.728571] (robot_integration) StdoutLine: {'line': b'Installing coordinator_node script to /home/webotpi/ros2_ws/install/robot_integration/lib/robot_integration\n'}
[3.729460] (robot_integration) StdoutLine: {'line': b'Installing edge_detect_node script to /home/webotpi/ros2_ws/install/robot_integration/lib/robot_integration\n'}
[3.729971] (robot_integration) StdoutLine: {'line': b'Installing line_follow_node script to /home/webotpi/ros2_ws/install/robot_integration/lib/robot_integration\n'}
[3.730771] (robot_integration) StdoutLine: {'line': b'Installing stm32_bridge_node script to /home/webotpi/ros2_ws/install/robot_integration/lib/robot_integration\n'}
[3.732026] (robot_integration) StdoutLine: {'line': b"writing list of installed files to '/home/webotpi/ros2_ws/build/robot_integration/install.log'\n"}
[3.809293] (-) TimerEvent: {}
[3.837017] (robot_integration) CommandEnded: {'returncode': 0}
[3.856635] (robot_integration) JobEnded: {'identifier': 'robot_integration', 'rc': 0}
[3.857421] (-) EventReactorShutdown: {}
