[0.021s] Invoking command in '/home/webotpi/ros2_ws/build/my_srv': CMAKE_PREFIX_PATH=${CMAKE_PREFIX_PATH}:/opt/ros/jazzy /usr/bin/cmake /home/webotpi/ros2_ws/src/my_srv -DCMAKE_INSTALL_PREFIX=/home/webotpi/ros2_ws/install/my_srv
[0.400s] -- The C compiler identification is GNU 13.3.0
[0.872s] -- The CXX compiler identification is GNU 13.3.0
[0.949s] -- Detecting C compiler ABI info
[1.758s] -- Detecting C compiler ABI info - done
[1.784s] -- Check for working C compiler: /usr/bin/cc - skipped
[1.788s] -- Detecting C compile features
[1.789s] -- Detecting C compile features - done
[1.810s] -- Detecting CXX compiler ABI info
[2.064s] -- Detecting CXX compiler ABI info - done
[2.081s] -- Check for working CXX compiler: /usr/bin/c++ - skipped
[2.081s] -- Detecting CXX compile features
[2.081s] -- Detecting CXX compile features - done
[2.094s] -- Found ament_cmake: 2.5.6 (/opt/ros/jazzy/share/ament_cmake/cmake)
[2.396s] -- Found Python3: /usr/bin/python3 (found version "3.12.3") found components: Interpreter 
[2.717s] -- Found cv_bridge: 4.1.0 (/opt/ros/jazzy/share/cv_bridge/cmake)
[2.885s] -- Found rosidl_generator_c: 4.6.7 (/opt/ros/jazzy/share/rosidl_generator_c/cmake)
[2.916s] -- Found rosidl_generator_cpp: 4.6.7 (/opt/ros/jazzy/share/rosidl_generator_cpp/cmake)
[2.983s] -- Using all available rosidl_typesupport_c: rosidl_typesupport_fastrtps_c;rosidl_typesupport_introspection_c
[3.048s] -- Using all available rosidl_typesupport_cpp: rosidl_typesupport_fastrtps_cpp;rosidl_typesupport_introspection_cpp
[3.412s] -- Found rmw_implementation_cmake: 7.3.3 (/opt/ros/jazzy/share/rmw_implementation_cmake/cmake)
[3.419s] -- Found rmw_fastrtps_cpp: 8.4.3 (/opt/ros/jazzy/share/rmw_fastrtps_cpp/cmake)
[3.674s] -- Found OpenSSL: /usr/lib/aarch64-linux-gnu/libcrypto.so (found version "3.0.13")  
[3.720s] -- Found FastRTPS: /opt/ros/jazzy/include (Required is at least version "2.13") 
[3.768s] -- Using RMW implementation 'rmw_fastrtps_cpp' as default
[3.978s] -- Found rosbridge_suite: 2.6.0 (/opt/ros/jazzy/share/rosbridge_suite/cmake)
[3.981s] -- Found rosidl_default_generators: 1.6.0 (/opt/ros/jazzy/share/rosidl_default_generators/cmake)
[4.034s] -- Found rosidl_adapter: 4.6.7 (/opt/ros/jazzy/share/rosidl_adapter/cmake)
[5.522s] -- Found ament_cmake_ros: 0.12.0 (/opt/ros/jazzy/share/ament_cmake_ros/cmake)
[7.299s] -- Using all available rosidl_typesupport_c: rosidl_typesupport_fastrtps_c;rosidl_typesupport_introspection_c
[8.004s] -- Using all available rosidl_typesupport_cpp: rosidl_typesupport_fastrtps_cpp;rosidl_typesupport_introspection_cpp
[8.023s] -- Found python_cmake_module: 0.11.1 (/opt/ros/jazzy/share/python_cmake_module/cmake)
[8.314s] -- Found PythonExtra: /usr/bin/python3  
[9.528s] -- Found Python3: /usr/bin/python3 (found version "3.12.3") found components: Interpreter Development NumPy Development.Module Development.Embed 
[9.670s] -- Found Python3: /usr/bin/python3 (found version "3.12.3") found components: Interpreter 
[9.685s] -- Found ament_lint_auto: 0.17.5 (/opt/ros/jazzy/share/ament_lint_auto/cmake)
[9.759s] -- Added test 'flake8' to check Python code syntax and style conventions
[9.760s] -- Configured 'flake8' exclude dirs and/or files: 
[9.768s] -- Added test 'lint_cmake' to check CMake code style
[9.772s] -- Added test 'pep257' to check Python code against some of the docstring style conventions in PEP 257
[9.781s] -- Added test 'xmllint' to check XML markup files
[9.799s] -- Configuring done (9.7s)
[9.882s] -- Generating done (0.1s)
[9.903s] -- Build files have been written to: /home/webotpi/ros2_ws/build/my_srv
[9.960s] Invoked command in '/home/webotpi/ros2_ws/build/my_srv' returned '0': CMAKE_PREFIX_PATH=${CMAKE_PREFIX_PATH}:/opt/ros/jazzy /usr/bin/cmake /home/webotpi/ros2_ws/src/my_srv -DCMAKE_INSTALL_PREFIX=/home/webotpi/ros2_ws/install/my_srv
[9.961s] Invoking command in '/home/webotpi/ros2_ws/build/my_srv': CMAKE_PREFIX_PATH=${CMAKE_PREFIX_PATH}:/opt/ros/jazzy /usr/bin/cmake --build /home/webotpi/ros2_ws/build/my_srv -- -j4 -l4
[10.097s] [  2%] Generating Rust code for ROS interfaces
[10.739s] [  2%] Built target my_srv__rs
[10.841s] [  2%] Built target ament_cmake_python_copy_my_srv
[10.887s] [  5%] Generating type hashes for ROS interfaces
[11.315s] [  5%] Built target my_srv__rosidl_generator_type_description
[11.730s] running egg_info
[11.731s] creating my_srv.egg-info
[11.767s] writing my_srv.egg-info/PKG-INFO
[11.767s] writing dependency_links to my_srv.egg-info/dependency_links.txt
[11.767s] writing top-level names to my_srv.egg-info/top_level.txt
[11.767s] writing manifest file 'my_srv.egg-info/SOURCES.txt'
[11.870s] reading manifest file 'my_srv.egg-info/SOURCES.txt'
[11.871s] writing manifest file 'my_srv.egg-info/SOURCES.txt'
[11.980s] [  5%] Built target ament_cmake_python_build_my_srv_egg
[12.028s] [  8%] Generating C++ code for ROS interfaces
[12.777s] [  8%] Built target my_srv__cpp
[12.813s] [ 11%] Generating C code for ROS interfaces
[13.561s] [ 14%] Building C object CMakeFiles/my_srv__rosidl_generator_c.dir/rosidl_generator_c/my_srv/srv/detail/add__description.c.o
[13.744s] [ 17%] Building C object CMakeFiles/my_srv__rosidl_generator_c.dir/rosidl_generator_c/my_srv/srv/detail/add__type_support.c.o
[13.836s] [ 20%] Building C object CMakeFiles/my_srv__rosidl_generator_c.dir/rosidl_generator_c/my_srv/srv/detail/add__functions.c.o
[14.073s] [ 22%] Linking C shared library libmy_srv__rosidl_generator_c.so
[14.208s] [ 22%] Built target my_srv__rosidl_generator_c
[14.235s] [ 25%] Generating C type support for eProsima Fast-RTPS
[14.914s] [ 28%] Building CXX object CMakeFiles/my_srv__rosidl_typesupport_fastrtps_c.dir/rosidl_typesupport_fastrtps_c/my_srv/srv/detail/add__type_support_c.cpp.o
[16.338s] [ 31%] Linking CXX shared library libmy_srv__rosidl_typesupport_fastrtps_c.so
[16.605s] [ 31%] Built target my_srv__rosidl_typesupport_fastrtps_c
[16.639s] [ 34%] Generating C type support dispatch for ROS interfaces
[17.171s] [ 37%] Building CXX object CMakeFiles/my_srv__rosidl_typesupport_c.dir/rosidl_typesupport_c/my_srv/srv/add__type_support.cpp.o
[17.289s] [ 40%] Linking CXX shared library libmy_srv__rosidl_typesupport_c.so
[17.375s] [ 40%] Built target my_srv__rosidl_typesupport_c
[17.394s] [ 42%] Generating C++ introspection for ROS interfaces
[18.053s] [ 45%] Building CXX object CMakeFiles/my_srv__rosidl_typesupport_introspection_cpp.dir/rosidl_typesupport_introspection_cpp/my_srv/srv/detail/add__type_support.cpp.o
[19.167s] [ 48%] Linking CXX shared library libmy_srv__rosidl_typesupport_introspection_cpp.so
[19.380s] [ 48%] Built target my_srv__rosidl_typesupport_introspection_cpp
[19.399s] [ 51%] Generating C++ type support dispatch for ROS interfaces
[19.900s] [ 54%] Building CXX object CMakeFiles/my_srv__rosidl_typesupport_cpp.dir/rosidl_typesupport_cpp/my_srv/srv/add__type_support.cpp.o
[20.973s] [ 57%] Linking CXX shared library libmy_srv__rosidl_typesupport_cpp.so
[21.211s] [ 57%] Built target my_srv__rosidl_typesupport_cpp
[21.236s] [ 60%] Generating C introspection for ROS interfaces
[21.972s] [ 62%] Building C object CMakeFiles/my_srv__rosidl_typesupport_introspection_c.dir/rosidl_typesupport_introspection_c/my_srv/srv/detail/add__type_support.c.o
[22.114s] [ 65%] Linking C shared library libmy_srv__rosidl_typesupport_introspection_c.so
[22.209s] [ 65%] Built target my_srv__rosidl_typesupport_introspection_c
[22.244s] [ 68%] Generating C++ type support for eProsima Fast-RTPS
[23.150s] [ 71%] Building CXX object CMakeFiles/my_srv__rosidl_typesupport_fastrtps_cpp.dir/rosidl_typesupport_fastrtps_cpp/my_srv/srv/detail/dds_fastrtps/add__type_support.cpp.o
[25.177s] [ 74%] Linking CXX shared library libmy_srv__rosidl_typesupport_fastrtps_cpp.so
[25.327s] [ 74%] Built target my_srv__rosidl_typesupport_fastrtps_cpp
[25.360s] [ 74%] Built target my_srv
[25.393s] [ 77%] Generating Python code for ROS interfaces
[26.017s] [ 77%] Built target my_srv__py
[26.052s] [ 80%] Building C object CMakeFiles/my_srv__rosidl_generator_py.dir/rosidl_generator_py/my_srv/srv/_add_s.c.o
[26.404s] [ 82%] Linking C shared library libmy_srv__rosidl_generator_py.so
[26.481s] [ 82%] Built target my_srv__rosidl_generator_py
[26.518s] [ 85%] Building C object CMakeFiles/my_srv_s__rosidl_typesupport_fastrtps_c.dir/rosidl_generator_py/my_srv/_my_srv_s.ep.rosidl_typesupport_fastrtps_c.c.o
[26.689s] [ 88%] Linking C shared module rosidl_generator_py/my_srv/my_srv_s__rosidl_typesupport_fastrtps_c.so
[26.746s] [ 88%] Built target my_srv_s__rosidl_typesupport_fastrtps_c
[26.781s] [ 91%] Building C object CMakeFiles/my_srv_s__rosidl_typesupport_c.dir/rosidl_generator_py/my_srv/_my_srv_s.ep.rosidl_typesupport_c.c.o
[26.946s] [ 94%] Linking C shared module rosidl_generator_py/my_srv/my_srv_s__rosidl_typesupport_c.so
[27.000s] [ 94%] Built target my_srv_s__rosidl_typesupport_c
[27.035s] [ 97%] Building C object CMakeFiles/my_srv_s__rosidl_typesupport_introspection_c.dir/rosidl_generator_py/my_srv/_my_srv_s.ep.rosidl_typesupport_introspection_c.c.o
[27.202s] [100%] Linking C shared module rosidl_generator_py/my_srv/my_srv_s__rosidl_typesupport_introspection_c.so
[27.258s] [100%] Built target my_srv_s__rosidl_typesupport_introspection_c
[27.278s] Invoked command in '/home/webotpi/ros2_ws/build/my_srv' returned '0': CMAKE_PREFIX_PATH=${CMAKE_PREFIX_PATH}:/opt/ros/jazzy /usr/bin/cmake --build /home/webotpi/ros2_ws/build/my_srv -- -j4 -l4
[27.295s] Invoking command in '/home/webotpi/ros2_ws/build/my_srv': CMAKE_PREFIX_PATH=${CMAKE_PREFIX_PATH}:/opt/ros/jazzy /usr/bin/cmake --install /home/webotpi/ros2_ws/build/my_srv
[27.310s] -- Install configuration: ""
[27.310s] -- Installing: /home/webotpi/ros2_ws/install/my_srv/share/ament_index/resource_index/rosidl_interfaces/my_srv
[27.310s] -- Installing: /home/webotpi/ros2_ws/install/my_srv/share/my_srv/srv/Add.json
[27.310s] -- Installing: /home/webotpi/ros2_ws/install/my_srv/include/my_srv/my_srv
[27.311s] -- Installing: /home/webotpi/ros2_ws/install/my_srv/include/my_srv/my_srv/msg
[27.311s] -- Installing: /home/webotpi/ros2_ws/install/my_srv/include/my_srv/my_srv/msg/rosidl_generator_c__visibility_control.h
[27.311s] -- Installing: /home/webotpi/ros2_ws/install/my_srv/include/my_srv/my_srv/srv
[27.311s] -- Installing: /home/webotpi/ros2_ws/install/my_srv/include/my_srv/my_srv/srv/add.h
[27.311s] -- Installing: /home/webotpi/ros2_ws/install/my_srv/include/my_srv/my_srv/srv/detail
[27.311s] -- Installing: /home/webotpi/ros2_ws/install/my_srv/include/my_srv/my_srv/srv/detail/add__functions.c
[27.312s] -- Installing: /home/webotpi/ros2_ws/install/my_srv/include/my_srv/my_srv/srv/detail/add__type_support.h
[27.312s] -- Installing: /home/webotpi/ros2_ws/install/my_srv/include/my_srv/my_srv/srv/detail/add__type_support.c
[27.313s] -- Installing: /home/webotpi/ros2_ws/install/my_srv/include/my_srv/my_srv/srv/detail/add__struct.h
[27.313s] -- Installing: /home/webotpi/ros2_ws/install/my_srv/include/my_srv/my_srv/srv/detail/add__functions.h
[27.313s] -- Installing: /home/webotpi/ros2_ws/install/my_srv/include/my_srv/my_srv/srv/detail/add__description.c
[27.313s] -- Installing: /home/webotpi/ros2_ws/install/my_srv/share/my_srv/environment/library_path.sh
[27.313s] -- Installing: /home/webotpi/ros2_ws/install/my_srv/share/my_srv/environment/library_path.dsv
[27.313s] -- Installing: /home/webotpi/ros2_ws/install/my_srv/lib/libmy_srv__rosidl_generator_c.so
[27.314s] -- Set non-toolchain portion of runtime path of "/home/webotpi/ros2_ws/install/my_srv/lib/libmy_srv__rosidl_generator_c.so" to ""
[27.314s] -- Up-to-date: /home/webotpi/ros2_ws/install/my_srv/include/my_srv/my_srv
[27.314s] -- Up-to-date: /home/webotpi/ros2_ws/install/my_srv/include/my_srv/my_srv/msg
[27.314s] -- Installing: /home/webotpi/ros2_ws/install/my_srv/include/my_srv/my_srv/msg/rosidl_typesupport_fastrtps_c__visibility_control.h
[27.314s] -- Up-to-date: /home/webotpi/ros2_ws/install/my_srv/include/my_srv/my_srv/srv
[27.314s] -- Up-to-date: /home/webotpi/ros2_ws/install/my_srv/include/my_srv/my_srv/srv/detail
[27.314s] -- Installing: /home/webotpi/ros2_ws/install/my_srv/include/my_srv/my_srv/srv/detail/add__rosidl_typesupport_fastrtps_c.h
[27.315s] -- Installing: /home/webotpi/ros2_ws/install/my_srv/lib/libmy_srv__rosidl_typesupport_fastrtps_c.so
[27.316s] -- Set non-toolchain portion of runtime path of "/home/webotpi/ros2_ws/install/my_srv/lib/libmy_srv__rosidl_typesupport_fastrtps_c.so" to ""
[27.316s] -- Up-to-date: /home/webotpi/ros2_ws/install/my_srv/include/my_srv/my_srv
[27.316s] -- Up-to-date: /home/webotpi/ros2_ws/install/my_srv/include/my_srv/my_srv/msg
[27.316s] -- Installing: /home/webotpi/ros2_ws/install/my_srv/include/my_srv/my_srv/msg/rosidl_generator_cpp__visibility_control.hpp
[27.316s] -- Up-to-date: /home/webotpi/ros2_ws/install/my_srv/include/my_srv/my_srv/srv
[27.316s] -- Installing: /home/webotpi/ros2_ws/install/my_srv/include/my_srv/my_srv/srv/add.hpp
[27.316s] -- Up-to-date: /home/webotpi/ros2_ws/install/my_srv/include/my_srv/my_srv/srv/detail
[27.316s] -- Installing: /home/webotpi/ros2_ws/install/my_srv/include/my_srv/my_srv/srv/detail/add__type_support.hpp
[27.317s] -- Installing: /home/webotpi/ros2_ws/install/my_srv/include/my_srv/my_srv/srv/detail/add__struct.hpp
[27.317s] -- Installing: /home/webotpi/ros2_ws/install/my_srv/include/my_srv/my_srv/srv/detail/add__traits.hpp
[27.317s] -- Installing: /home/webotpi/ros2_ws/install/my_srv/include/my_srv/my_srv/srv/detail/add__builder.hpp
[27.317s] -- Up-to-date: /home/webotpi/ros2_ws/install/my_srv/include/my_srv/my_srv
[27.318s] -- Up-to-date: /home/webotpi/ros2_ws/install/my_srv/include/my_srv/my_srv/msg
[27.318s] -- Installing: /home/webotpi/ros2_ws/install/my_srv/include/my_srv/my_srv/msg/rosidl_typesupport_fastrtps_cpp__visibility_control.h
[27.318s] -- Up-to-date: /home/webotpi/ros2_ws/install/my_srv/include/my_srv/my_srv/srv
[27.318s] -- Up-to-date: /home/webotpi/ros2_ws/install/my_srv/include/my_srv/my_srv/srv/detail
[27.318s] -- Installing: /home/webotpi/ros2_ws/install/my_srv/include/my_srv/my_srv/srv/detail/add__rosidl_typesupport_fastrtps_cpp.hpp
[27.318s] -- Installing: /home/webotpi/ros2_ws/install/my_srv/include/my_srv/my_srv/srv/detail/dds_fastrtps
[27.318s] -- Installing: /home/webotpi/ros2_ws/install/my_srv/lib/libmy_srv__rosidl_typesupport_fastrtps_cpp.so
[27.318s] -- Set non-toolchain portion of runtime path of "/home/webotpi/ros2_ws/install/my_srv/lib/libmy_srv__rosidl_typesupport_fastrtps_cpp.so" to ""
[27.319s] -- Up-to-date: /home/webotpi/ros2_ws/install/my_srv/include/my_srv/my_srv
[27.319s] -- Up-to-date: /home/webotpi/ros2_ws/install/my_srv/include/my_srv/my_srv/msg
[27.319s] -- Installing: /home/webotpi/ros2_ws/install/my_srv/include/my_srv/my_srv/msg/rosidl_typesupport_introspection_c__visibility_control.h
[27.319s] -- Up-to-date: /home/webotpi/ros2_ws/install/my_srv/include/my_srv/my_srv/srv
[27.319s] -- Up-to-date: /home/webotpi/ros2_ws/install/my_srv/include/my_srv/my_srv/srv/detail
[27.319s] -- Installing: /home/webotpi/ros2_ws/install/my_srv/include/my_srv/my_srv/srv/detail/add__type_support.c
[27.319s] -- Installing: /home/webotpi/ros2_ws/install/my_srv/include/my_srv/my_srv/srv/detail/add__rosidl_typesupport_introspection_c.h
[27.319s] -- Installing: /home/webotpi/ros2_ws/install/my_srv/lib/libmy_srv__rosidl_typesupport_introspection_c.so
[27.320s] -- Set non-toolchain portion of runtime path of "/home/webotpi/ros2_ws/install/my_srv/lib/libmy_srv__rosidl_typesupport_introspection_c.so" to ""
[27.320s] -- Installing: /home/webotpi/ros2_ws/install/my_srv/lib/libmy_srv__rosidl_typesupport_c.so
[27.321s] -- Set non-toolchain portion of runtime path of "/home/webotpi/ros2_ws/install/my_srv/lib/libmy_srv__rosidl_typesupport_c.so" to ""
[27.321s] -- Up-to-date: /home/webotpi/ros2_ws/install/my_srv/include/my_srv/my_srv
[27.321s] -- Up-to-date: /home/webotpi/ros2_ws/install/my_srv/include/my_srv/my_srv/srv
[27.321s] -- Up-to-date: /home/webotpi/ros2_ws/install/my_srv/include/my_srv/my_srv/srv/detail
[27.321s] -- Installing: /home/webotpi/ros2_ws/install/my_srv/include/my_srv/my_srv/srv/detail/add__type_support.cpp
[27.321s] -- Installing: /home/webotpi/ros2_ws/install/my_srv/include/my_srv/my_srv/srv/detail/add__rosidl_typesupport_introspection_cpp.hpp
[27.321s] -- Installing: /home/webotpi/ros2_ws/install/my_srv/lib/libmy_srv__rosidl_typesupport_introspection_cpp.so
[27.322s] -- Set non-toolchain portion of runtime path of "/home/webotpi/ros2_ws/install/my_srv/lib/libmy_srv__rosidl_typesupport_introspection_cpp.so" to ""
[27.322s] -- Installing: /home/webotpi/ros2_ws/install/my_srv/lib/libmy_srv__rosidl_typesupport_cpp.so
[27.323s] -- Set non-toolchain portion of runtime path of "/home/webotpi/ros2_ws/install/my_srv/lib/libmy_srv__rosidl_typesupport_cpp.so" to ""
[27.323s] -- Installing: /home/webotpi/ros2_ws/install/my_srv/share/my_srv/environment/pythonpath.sh
[27.323s] -- Installing: /home/webotpi/ros2_ws/install/my_srv/share/my_srv/environment/pythonpath.dsv
[27.323s] -- Installing: /home/webotpi/ros2_ws/install/my_srv/lib/python3.12/site-packages/my_srv-0.0.0-py3.12.egg-info
[27.324s] -- Installing: /home/webotpi/ros2_ws/install/my_srv/lib/python3.12/site-packages/my_srv-0.0.0-py3.12.egg-info/top_level.txt
[27.324s] -- Installing: /home/webotpi/ros2_ws/install/my_srv/lib/python3.12/site-packages/my_srv-0.0.0-py3.12.egg-info/PKG-INFO
[27.324s] -- Installing: /home/webotpi/ros2_ws/install/my_srv/lib/python3.12/site-packages/my_srv-0.0.0-py3.12.egg-info/SOURCES.txt
[27.324s] -- Installing: /home/webotpi/ros2_ws/install/my_srv/lib/python3.12/site-packages/my_srv-0.0.0-py3.12.egg-info/dependency_links.txt
[27.324s] -- Installing: /home/webotpi/ros2_ws/install/my_srv/lib/python3.12/site-packages/my_srv
[27.324s] -- Installing: /home/webotpi/ros2_ws/install/my_srv/lib/python3.12/site-packages/my_srv/_my_srv_s.ep.rosidl_typesupport_c.c
[27.324s] -- Installing: /home/webotpi/ros2_ws/install/my_srv/lib/python3.12/site-packages/my_srv/_my_srv_s.ep.rosidl_typesupport_introspection_c.c
[27.325s] -- Installing: /home/webotpi/ros2_ws/install/my_srv/lib/python3.12/site-packages/my_srv/my_srv_s__rosidl_typesupport_c.so
[27.325s] -- Installing: /home/webotpi/ros2_ws/install/my_srv/lib/python3.12/site-packages/my_srv/__init__.py
[27.325s] -- Installing: /home/webotpi/ros2_ws/install/my_srv/lib/python3.12/site-packages/my_srv/srv
[27.325s] -- Installing: /home/webotpi/ros2_ws/install/my_srv/lib/python3.12/site-packages/my_srv/srv/__init__.py
[27.325s] -- Installing: /home/webotpi/ros2_ws/install/my_srv/lib/python3.12/site-packages/my_srv/srv/_add.py
[27.326s] -- Installing: /home/webotpi/ros2_ws/install/my_srv/lib/python3.12/site-packages/my_srv/srv/_add_s.c
[27.326s] -- Installing: /home/webotpi/ros2_ws/install/my_srv/lib/python3.12/site-packages/my_srv/_my_srv_s.ep.rosidl_typesupport_fastrtps_c.c
[27.326s] -- Installing: /home/webotpi/ros2_ws/install/my_srv/lib/python3.12/site-packages/my_srv/my_srv_s__rosidl_typesupport_fastrtps_c.so
[27.326s] -- Installing: /home/webotpi/ros2_ws/install/my_srv/lib/python3.12/site-packages/my_srv/my_srv_s__rosidl_typesupport_introspection_c.so
[27.388s] Listing '/home/webotpi/ros2_ws/install/my_srv/lib/python3.12/site-packages/my_srv'...
[27.388s] Compiling '/home/webotpi/ros2_ws/install/my_srv/lib/python3.12/site-packages/my_srv/__init__.py'...
[27.388s] Listing '/home/webotpi/ros2_ws/install/my_srv/lib/python3.12/site-packages/my_srv/srv'...
[27.388s] Compiling '/home/webotpi/ros2_ws/install/my_srv/lib/python3.12/site-packages/my_srv/srv/__init__.py'...
[27.388s] Compiling '/home/webotpi/ros2_ws/install/my_srv/lib/python3.12/site-packages/my_srv/srv/_add.py'...
[27.401s] -- Installing: /home/webotpi/ros2_ws/install/my_srv/lib/python3.12/site-packages/my_srv/my_srv_s__rosidl_typesupport_fastrtps_c.so
[27.402s] -- Set non-toolchain portion of runtime path of "/home/webotpi/ros2_ws/install/my_srv/lib/python3.12/site-packages/my_srv/my_srv_s__rosidl_typesupport_fastrtps_c.so" to ""
[27.402s] -- Installing: /home/webotpi/ros2_ws/install/my_srv/lib/python3.12/site-packages/my_srv/my_srv_s__rosidl_typesupport_introspection_c.so
[27.402s] -- Set non-toolchain portion of runtime path of "/home/webotpi/ros2_ws/install/my_srv/lib/python3.12/site-packages/my_srv/my_srv_s__rosidl_typesupport_introspection_c.so" to ""
[27.403s] -- Installing: /home/webotpi/ros2_ws/install/my_srv/lib/python3.12/site-packages/my_srv/my_srv_s__rosidl_typesupport_c.so
[27.403s] -- Set non-toolchain portion of runtime path of "/home/webotpi/ros2_ws/install/my_srv/lib/python3.12/site-packages/my_srv/my_srv_s__rosidl_typesupport_c.so" to ""
[27.404s] -- Installing: /home/webotpi/ros2_ws/install/my_srv/lib/libmy_srv__rosidl_generator_py.so
[27.404s] -- Set non-toolchain portion of runtime path of "/home/webotpi/ros2_ws/install/my_srv/lib/libmy_srv__rosidl_generator_py.so" to ""
[27.404s] -- Installing: /home/webotpi/ros2_ws/install/my_srv/share/ament_index/resource_index/rust_packages/my_srv
[27.405s] -- Installing: /home/webotpi/ros2_ws/install/my_srv/share/my_srv/rust
[27.405s] -- Installing: /home/webotpi/ros2_ws/install/my_srv/share/my_srv/rust/build.rs
[27.405s] -- Installing: /home/webotpi/ros2_ws/install/my_srv/share/my_srv/rust/src
[27.405s] -- Installing: /home/webotpi/ros2_ws/install/my_srv/share/my_srv/rust/src/lib.rs
[27.405s] -- Installing: /home/webotpi/ros2_ws/install/my_srv/share/my_srv/rust/src/srv
[27.405s] -- Installing: /home/webotpi/ros2_ws/install/my_srv/share/my_srv/rust/src/srv/rmw.rs
[27.406s] -- Installing: /home/webotpi/ros2_ws/install/my_srv/share/my_srv/rust/src/srv.rs
[27.406s] -- Installing: /home/webotpi/ros2_ws/install/my_srv/share/my_srv/rust/Cargo.toml
[27.406s] -- Installing: /home/webotpi/ros2_ws/install/my_srv/share/my_srv/srv/Add.idl
[27.406s] -- Installing: /home/webotpi/ros2_ws/install/my_srv/share/my_srv/srv/Add.srv
[27.406s] -- Installing: /home/webotpi/ros2_ws/install/my_srv/lib/my_srv/arm_fk.py
[27.409s] -- Installing: /home/webotpi/ros2_ws/install/my_srv/lib/my_srv/arm_rviz_bridge.py
[27.409s] -- Installing: /home/webotpi/ros2_ws/install/my_srv/lib/my_srv/arm_teach.py
[27.409s] -- Installing: /home/webotpi/ros2_ws/install/my_srv/lib/my_srv/asr_node.py
[27.409s] -- Installing: /home/webotpi/ros2_ws/install/my_srv/lib/my_srv/color_set_node.py
[27.410s] -- Installing: /home/webotpi/ros2_ws/install/my_srv/lib/my_srv/color_sorting_node.py
[27.411s] -- Installing: /home/webotpi/ros2_ws/install/my_srv/lib/my_srv/color_stack_node.py
[27.411s] -- Installing: /home/webotpi/ros2_ws/install/my_srv/lib/my_srv/color_track_node.py
[27.411s] -- Installing: /home/webotpi/ros2_ws/install/my_srv/lib/my_srv/color_track_pick_node.py
[27.412s] -- Installing: /home/webotpi/ros2_ws/install/my_srv/lib/my_srv/depth_arm.launch.py
[27.412s] -- Installing: /home/webotpi/ros2_ws/install/my_srv/lib/my_srv/depth_color_sorting_node.py
[27.412s] -- Installing: /home/webotpi/ros2_ws/install/my_srv/lib/my_srv/depth_color_stack_node.py
[27.412s] -- Installing: /home/webotpi/ros2_ws/install/my_srv/lib/my_srv/depth_color_track_node.py
[27.414s] -- Installing: /home/webotpi/ros2_ws/install/my_srv/lib/my_srv/depth_distance_node.py
[27.415s] -- Installing: /home/webotpi/ros2_ws/install/my_srv/lib/my_srv/depth_label_sorting_node.py
[27.415s] -- Installing: /home/webotpi/ros2_ws/install/my_srv/lib/my_srv/depth_label_stack_node.py
[27.415s] -- Installing: /home/webotpi/ros2_ws/install/my_srv/lib/my_srv/depth_label_track_node.py
[27.415s] -- Installing: /home/webotpi/ros2_ws/install/my_srv/lib/my_srv/depth_num_sorting_node.py
[27.415s] -- Installing: /home/webotpi/ros2_ws/install/my_srv/lib/my_srv/depth_num_stack_node.py
[27.415s] -- Installing: /home/webotpi/ros2_ws/install/my_srv/lib/my_srv/depth_num_track_node.py
[27.416s] -- Installing: /home/webotpi/ros2_ws/install/my_srv/lib/my_srv/depth_utils.py
[27.416s] -- Installing: /home/webotpi/ros2_ws/install/my_srv/lib/my_srv/diagnose_hand_eye.py
[27.416s] -- Installing: /home/webotpi/ros2_ws/install/my_srv/lib/my_srv/eye_in_hand_calib_node.py
[27.416s] -- Installing: /home/webotpi/ros2_ws/install/my_srv/lib/my_srv/face_track_node.py
[27.416s] -- Installing: /home/webotpi/ros2_ws/install/my_srv/lib/my_srv/glove_node.py
[27.416s] -- Installing: /home/webotpi/ros2_ws/install/my_srv/lib/my_srv/hand_gesture_arm_node.py
[27.416s] -- Installing: /home/webotpi/ros2_ws/install/my_srv/lib/my_srv/height_check_node.py
[27.416s] -- Installing: /home/webotpi/ros2_ws/install/my_srv/lib/my_srv/joy_arm_node.py
[27.416s] -- Installing: /home/webotpi/ros2_ws/install/my_srv/lib/my_srv/lab_tuner.py
[27.417s] -- Installing: /home/webotpi/ros2_ws/install/my_srv/lib/my_srv/label_sorting_node.py
[27.417s] -- Installing: /home/webotpi/ros2_ws/install/my_srv/lib/my_srv/label_stack_node.py
[27.417s] -- Installing: /home/webotpi/ros2_ws/install/my_srv/lib/my_srv/label_track_node.py
[27.417s] -- Installing: /home/webotpi/ros2_ws/install/my_srv/lib/my_srv/num_sorting_node.py
[27.417s] -- Installing: /home/webotpi/ros2_ws/install/my_srv/lib/my_srv/num_stack_node.py
[27.417s] -- Installing: /home/webotpi/ros2_ws/install/my_srv/lib/my_srv/num_track_node.py
[27.417s] -- Installing: /home/webotpi/ros2_ws/install/my_srv/lib/my_srv/servo_node.py
[27.418s] -- Installing: /home/webotpi/ros2_ws/install/my_srv/lib/my_srv/test.py
[27.418s] -- Installing: /home/webotpi/ros2_ws/install/my_srv/lib/my_srv/yolo_detect_node.py
[27.418s] -- Installing: /home/webotpi/ros2_ws/install/my_srv/lib/my_srv/yolo_pick_node.py
[27.418s] -- Installing: /home/webotpi/ros2_ws/install/my_srv/lib/my_srv/yolo_shape_announce.py
[27.419s] -- Installing: /home/webotpi/ros2_ws/install/my_srv/lib/my_srv/z_move.py
[27.420s] -- Installing: /home/webotpi/ros2_ws/install/my_srv/lib/my_srv/z_uart.py
[27.420s] -- Installing: /home/webotpi/ros2_ws/install/my_srv/share/my_srv/launch
[27.420s] -- Installing: /home/webotpi/ros2_ws/install/my_srv/share/my_srv/launch/slave.launch.py
[27.420s] -- Installing: /home/webotpi/ros2_ws/install/my_srv/share/my_srv/launch/function.launch.py
[27.421s] -- Installing: /home/webotpi/ros2_ws/install/my_srv/share/my_srv/launch/depth_arm.launch.py
[27.421s] -- Installing: /home/webotpi/ros2_ws/install/my_srv/share/my_srv/web
[27.421s] -- Installing: /home/webotpi/ros2_ws/install/my_srv/share/my_srv/web/index.html
[27.421s] -- Installing: /home/webotpi/ros2_ws/install/my_srv/share/ament_index/resource_index/package_run_dependencies/my_srv
[27.421s] -- Installing: /home/webotpi/ros2_ws/install/my_srv/share/ament_index/resource_index/parent_prefix_path/my_srv
[27.422s] -- Installing: /home/webotpi/ros2_ws/install/my_srv/share/my_srv/environment/ament_prefix_path.sh
[27.422s] -- Installing: /home/webotpi/ros2_ws/install/my_srv/share/my_srv/environment/ament_prefix_path.dsv
[27.422s] -- Installing: /home/webotpi/ros2_ws/install/my_srv/share/my_srv/environment/path.sh
[27.423s] -- Installing: /home/webotpi/ros2_ws/install/my_srv/share/my_srv/environment/path.dsv
[27.424s] -- Installing: /home/webotpi/ros2_ws/install/my_srv/share/my_srv/local_setup.bash
[27.424s] -- Installing: /home/webotpi/ros2_ws/install/my_srv/share/my_srv/local_setup.sh
[27.424s] -- Installing: /home/webotpi/ros2_ws/install/my_srv/share/my_srv/local_setup.zsh
[27.424s] -- Installing: /home/webotpi/ros2_ws/install/my_srv/share/my_srv/local_setup.dsv
[27.424s] -- Installing: /home/webotpi/ros2_ws/install/my_srv/share/my_srv/package.dsv
[27.424s] -- Installing: /home/webotpi/ros2_ws/install/my_srv/share/ament_index/resource_index/packages/my_srv
[27.425s] -- Installing: /home/webotpi/ros2_ws/install/my_srv/share/my_srv/cmake/export_my_srv__rosidl_generator_cExport.cmake
[27.425s] -- Installing: /home/webotpi/ros2_ws/install/my_srv/share/my_srv/cmake/export_my_srv__rosidl_generator_cExport-noconfig.cmake
[27.425s] -- Installing: /home/webotpi/ros2_ws/install/my_srv/share/my_srv/cmake/export_my_srv__rosidl_typesupport_fastrtps_cExport.cmake
[27.425s] -- Installing: /home/webotpi/ros2_ws/install/my_srv/share/my_srv/cmake/export_my_srv__rosidl_typesupport_fastrtps_cExport-noconfig.cmake
[27.425s] -- Installing: /home/webotpi/ros2_ws/install/my_srv/share/my_srv/cmake/export_my_srv__rosidl_generator_cppExport.cmake
[27.425s] -- Installing: /home/webotpi/ros2_ws/install/my_srv/share/my_srv/cmake/export_my_srv__rosidl_typesupport_fastrtps_cppExport.cmake
[27.425s] -- Installing: /home/webotpi/ros2_ws/install/my_srv/share/my_srv/cmake/export_my_srv__rosidl_typesupport_fastrtps_cppExport-noconfig.cmake
[27.426s] -- Installing: /home/webotpi/ros2_ws/install/my_srv/share/my_srv/cmake/my_srv__rosidl_typesupport_introspection_cExport.cmake
[27.426s] -- Installing: /home/webotpi/ros2_ws/install/my_srv/share/my_srv/cmake/my_srv__rosidl_typesupport_introspection_cExport-noconfig.cmake
[27.426s] -- Installing: /home/webotpi/ros2_ws/install/my_srv/share/my_srv/cmake/my_srv__rosidl_typesupport_cExport.cmake
[27.427s] -- Installing: /home/webotpi/ros2_ws/install/my_srv/share/my_srv/cmake/my_srv__rosidl_typesupport_cExport-noconfig.cmake
[27.427s] -- Installing: /home/webotpi/ros2_ws/install/my_srv/share/my_srv/cmake/my_srv__rosidl_typesupport_introspection_cppExport.cmake
[27.427s] -- Installing: /home/webotpi/ros2_ws/install/my_srv/share/my_srv/cmake/my_srv__rosidl_typesupport_introspection_cppExport-noconfig.cmake
[27.427s] -- Installing: /home/webotpi/ros2_ws/install/my_srv/share/my_srv/cmake/my_srv__rosidl_typesupport_cppExport.cmake
[27.427s] -- Installing: /home/webotpi/ros2_ws/install/my_srv/share/my_srv/cmake/my_srv__rosidl_typesupport_cppExport-noconfig.cmake
[27.428s] -- Installing: /home/webotpi/ros2_ws/install/my_srv/share/my_srv/cmake/export_my_srv__rosidl_generator_pyExport.cmake
[27.428s] -- Installing: /home/webotpi/ros2_ws/install/my_srv/share/my_srv/cmake/export_my_srv__rosidl_generator_pyExport-noconfig.cmake
[27.428s] -- Installing: /home/webotpi/ros2_ws/install/my_srv/share/my_srv/cmake/rosidl_cmake-extras.cmake
[27.428s] -- Installing: /home/webotpi/ros2_ws/install/my_srv/share/my_srv/cmake/ament_cmake_export_dependencies-extras.cmake
[27.428s] -- Installing: /home/webotpi/ros2_ws/install/my_srv/share/my_srv/cmake/ament_cmake_export_include_directories-extras.cmake
[27.428s] -- Installing: /home/webotpi/ros2_ws/install/my_srv/share/my_srv/cmake/ament_cmake_export_libraries-extras.cmake
[27.428s] -- Installing: /home/webotpi/ros2_ws/install/my_srv/share/my_srv/cmake/ament_cmake_export_targets-extras.cmake
[27.429s] -- Installing: /home/webotpi/ros2_ws/install/my_srv/share/my_srv/cmake/rosidl_cmake_export_typesupport_targets-extras.cmake
[27.429s] -- Installing: /home/webotpi/ros2_ws/install/my_srv/share/my_srv/cmake/rosidl_cmake_export_typesupport_libraries-extras.cmake
[27.429s] -- Installing: /home/webotpi/ros2_ws/install/my_srv/share/my_srv/cmake/my_srvConfig.cmake
[27.429s] -- Installing: /home/webotpi/ros2_ws/install/my_srv/share/my_srv/cmake/my_srvConfig-version.cmake
[27.429s] -- Installing: /home/webotpi/ros2_ws/install/my_srv/share/my_srv/package.xml
[27.433s] Invoked command in '/home/webotpi/ros2_ws/build/my_srv' returned '0': CMAKE_PREFIX_PATH=${CMAKE_PREFIX_PATH}:/opt/ros/jazzy /usr/bin/cmake --install /home/webotpi/ros2_ws/build/my_srv
