[0.000000] (-) TimerEvent: {}
[0.000142] (-) JobUnselected: {'identifier': 'deptrum-ros-driver-aurora930'}
[0.000316] (-) JobUnselected: {'identifier': 'my_launch_pkg'}
[0.000389] (-) JobUnselected: {'identifier': 'my_srv'}
[0.000590] (-) JobUnselected: {'identifier': 'py_pkg'}
[0.000610] (-) JobUnselected: {'identifier': 'rplidar_ros'}
[0.000758] (-) JobUnselected: {'identifier': 'voice_interaction'}
[0.000781] (robot_integration) JobQueued: {'identifier': 'robot_integration', 'dependencies': OrderedDict()}
[0.000960] (robot_integration) JobStarted: {'identifier': 'robot_integration'}
[0.099661] (-) TimerEvent: {}
[0.199924] (-) TimerEvent: {}
[0.300231] (-) TimerEvent: {}
[0.400528] (-) TimerEvent: {}
[0.500811] (-) TimerEvent: {}
[0.601171] (-) TimerEvent: {}
[0.701533] (-) TimerEvent: {}
[0.801849] (-) TimerEvent: {}
[0.902141] (-) TimerEvent: {}
[1.002438] (-) TimerEvent: {}
[1.102711] (-) TimerEvent: {}
[1.203001] (-) TimerEvent: {}
[1.303242] (-) TimerEvent: {}
[1.403481] (-) TimerEvent: {}
[1.503834] (-) TimerEvent: {}
[1.604162] (-) TimerEvent: {}
[1.704446] (-) TimerEvent: {}
[1.804735] (-) TimerEvent: {}
[1.905037] (-) TimerEvent: {}
[2.005301] (-) TimerEvent: {}
[2.105567] (-) TimerEvent: {}
[2.205877] (-) TimerEvent: {}
[2.294012] (robot_integration) Command: {'cmd': ['/usr/bin/python3', '-W', 'ignore:setup.py install is deprecated', '-W', 'ignore:easy_install command is deprecated', 'setup.py', 'egg_info', '--egg-base', '../../build/robot_integration', 'build', '--build-base', '/home/webotpi/ros2_ws/build/robot_integration/build', 'install', '--record', '/home/webotpi/ros2_ws/build/robot_integration/install.log', '--single-version-externally-managed', 'install_data'], 'cwd': '/home/webotpi/ros2_ws/src/robot_integration', 'env': {'LANGUAGE': 'zh_CN:en', 'USER': 'webotpi', 'SSH_CLIENT': '192.168.0.111 47840 22', 'LC_TIME': 'zh_CN.UTF-8', 'XDG_SESSION_TYPE': 'tty', 'SHLVL': '1', 'LD_LIBRARY_PATH': '/opt/ros/jazzy/opt/rviz_ogre_vendor/lib:/opt/ros/jazzy/lib/aarch64-linux-gnu:/opt/ros/jazzy/opt/gz_math_vendor/lib:/opt/ros/jazzy/opt/gz_utils_vendor/lib:/opt/ros/jazzy/opt/gz_cmake_vendor/lib:/opt/ros/jazzy/lib', 'HOME': '/home/webotpi', 'OLDPWD': '/home/webotpi', 'ROS_PYTHON_VERSION': '3', 'LC_MONETARY': 'zh_CN.UTF-8', 'DBUS_SESSION_BUS_ADDRESS': 'unix:path=/run/user/1000/bus', 'ROS_DISTRO': 'jazzy', 'LOGNAME': 'webotpi', '_': '/usr/bin/colcon', 'ROS_VERSION': '2', 'XDG_SESSION_CLASS': 'user', 'XDG_SESSION_ID': '33', 'PATH': '/opt/ros/jazzy/bin:/usr/local/sbin:/usr/local/bin:/usr/sbin:/usr/bin:/sbin:/bin:/usr/games:/usr/local/games:/snap/bin', 'PAPERSIZE': 'a4', 'LC_ADDRESS': 'zh_CN.UTF-8', 'XDG_RUNTIME_DIR': '/run/user/1000', 'LANG': 'zh_CN.UTF-8', 'LC_TELEPHONE': 'zh_CN.UTF-8', 'AMENT_PREFIX_PATH': '/opt/ros/jazzy', 'SHELL': '/bin/bash', 'LC_NAME': 'zh_CN.UTF-8', 'LC_MEASUREMENT': 'zh_CN.UTF-8', 'LC_IDENTIFICATION': 'zh_CN.UTF-8', 'ROS_AUTOMATIC_DISCOVERY_RANGE': 'SUBNET', 'PWD': '/home/webotpi/ros2_ws/build/robot_integration', 'SSH_CONNECTION': '192.168.0.111 47840 192.168.0.119 22', 'PYTHONPATH': '/home/webotpi/ros2_ws/build/robot_integration/prefix_override:/usr/lib/python3/dist-packages/colcon_core/task/python/colcon_distutils_commands:/home/webotpi/ros2_ws/install/robot_integration/lib/python3.12/site-packages:/opt/ros/jazzy/lib/python3.12/site-packages', 'LC_NUMERIC': 'zh_CN.UTF-8', 'LC_PAPER': 'zh_CN.UTF-8', 'COLCON': '1', 'CMAKE_PREFIX_PATH': '/opt/ros/jazzy/opt/gz_math_vendor:/opt/ros/jazzy/opt/gz_utils_vendor:/opt/ros/jazzy/opt/gz_cmake_vendor'}, 'shell': False}
[2.306054] (-) TimerEvent: {}
[2.406418] (-) TimerEvent: {}
[2.506641] (-) TimerEvent: {}
[2.606931] (-) TimerEvent: {}
[2.707231] (-) TimerEvent: {}
[2.807528] (-) TimerEvent: {}
[2.907815] (-) TimerEvent: {}
[3.008081] (-) TimerEvent: {}
[3.049591] (robot_integration) StdoutLine: {'line': b'running egg_info\n'}
[3.108412] (-) TimerEvent: {}
[3.113839] (robot_integration) StdoutLine: {'line': b'writing ../../build/robot_integration/robot_integration.egg-info/PKG-INFO\n'}
[3.114578] (robot_integration) StdoutLine: {'line': b'writing dependency_links to ../../build/robot_integration/robot_integration.egg-info/dependency_links.txt\n'}
[3.118620] (robot_integration) StdoutLine: {'line': b'writing entry points to ../../build/robot_integration/robot_integration.egg-info/entry_points.txt\n'}
[3.119475] (robot_integration) StdoutLine: {'line': b'writing requirements to ../../build/robot_integration/robot_integration.egg-info/requires.txt\n'}
[3.120495] (robot_integration) StdoutLine: {'line': b'writing top-level names to ../../build/robot_integration/robot_integration.egg-info/top_level.txt\n'}
[3.182066] (robot_integration) StdoutLine: {'line': b"reading manifest file '../../build/robot_integration/robot_integration.egg-info/SOURCES.txt'\n"}
[3.183489] (robot_integration) StdoutLine: {'line': b"writing manifest file '../../build/robot_integration/robot_integration.egg-info/SOURCES.txt'\n"}
[3.183755] (robot_integration) StdoutLine: {'line': b'running build\n'}
[3.183849] (robot_integration) StdoutLine: {'line': b'running build_py\n'}
[3.184500] (robot_integration) StdoutLine: {'line': b'running install\n'}
[3.195318] (robot_integration) StdoutLine: {'line': b'running install_lib\n'}
[3.208450] (-) TimerEvent: {}
[3.226968] (robot_integration) StdoutLine: {'line': b'running install_data\n'}
[3.227341] (robot_integration) StdoutLine: {'line': b'copying launch/line_follow.launch.py -> /home/webotpi/ros2_ws/install/robot_integration/share/robot_integration/launch\n'}
[3.227757] (robot_integration) StdoutLine: {'line': b'running install_egg_info\n'}
[3.277333] (robot_integration) StdoutLine: {'line': b"removing '/home/webotpi/ros2_ws/install/robot_integration/lib/python3.12/site-packages/robot_integration-1.0.0-py3.12.egg-info' (and everything under it)\n"}
[3.278414] (robot_integration) StdoutLine: {'line': b'Copying ../../build/robot_integration/robot_integration.egg-info to /home/webotpi/ros2_ws/install/robot_integration/lib/python3.12/site-packages/robot_integration-1.0.0-py3.12.egg-info\n'}
[3.281828] (robot_integration) StdoutLine: {'line': b'running install_scripts\n'}
[3.308598] (-) TimerEvent: {}
[3.408905] (-) TimerEvent: {}
[3.509178] (-) TimerEvent: {}
[3.609429] (-) TimerEvent: {}
[3.637493] (robot_integration) StdoutLine: {'line': b'Installing arm_controller_node script to /home/webotpi/ros2_ws/install/robot_integration/lib/robot_integration\n'}
[3.637872] (robot_integration) StdoutLine: {'line': b'Installing balance_beam_node script to /home/webotpi/ros2_ws/install/robot_integration/lib/robot_integration\n'}
[3.640605] (robot_integration) StdoutLine: {'line': b'Installing car_controller_node script to /home/webotpi/ros2_ws/install/robot_integration/lib/robot_integration\n'}
[3.641352] (robot_integration) StdoutLine: {'line': b'Installing coordinator_node script to /home/webotpi/ros2_ws/install/robot_integration/lib/robot_integration\n'}
[3.642033] (robot_integration) StdoutLine: {'line': b'Installing edge_detect_node script to /home/webotpi/ros2_ws/install/robot_integration/lib/robot_integration\n'}
[3.642755] (robot_integration) StdoutLine: {'line': b'Installing line_follow_node script to /home/webotpi/ros2_ws/install/robot_integration/lib/robot_integration\n'}
[3.643716] (robot_integration) StdoutLine: {'line': b'Installing stm32_bridge_node script to /home/webotpi/ros2_ws/install/robot_integration/lib/robot_integration\n'}
[3.645375] (robot_integration) StdoutLine: {'line': b"writing list of installed files to '/home/webotpi/ros2_ws/build/robot_integration/install.log'\n"}
[3.709692] (-) TimerEvent: {}
[3.741160] (robot_integration) CommandEnded: {'returncode': 0}
[3.758689] (robot_integration) JobEnded: {'identifier': 'robot_integration', 'rc': 0}
[3.759464] (-) EventReactorShutdown: {}
