[0.000000] (-) TimerEvent: {}
[0.000367] (-) JobUnselected: {'identifier': 'deptrum-ros-driver-aurora930'}
[0.001552] (-) JobUnselected: {'identifier': 'my_launch_pkg'}
[0.001832] (-) JobUnselected: {'identifier': 'my_srv'}
[0.001890] (-) JobUnselected: {'identifier': 'py_pkg'}
[0.001931] (-) JobUnselected: {'identifier': 'rplidar_ros'}
[0.001969] (-) JobUnselected: {'identifier': 'voice_interaction'}
[0.002013] (robot_integration) JobQueued: {'identifier': 'robot_integration', 'dependencies': OrderedDict()}
[0.002062] (robot_integration) JobStarted: {'identifier': 'robot_integration'}
[0.099190] (-) TimerEvent: {}
[0.199479] (-) TimerEvent: {}
[0.299764] (-) TimerEvent: {}
[0.400077] (-) TimerEvent: {}
[0.500334] (-) TimerEvent: {}
[0.600635] (-) TimerEvent: {}
[0.700923] (-) TimerEvent: {}
[0.801235] (-) TimerEvent: {}
[0.903399] (-) TimerEvent: {}
[1.003688] (-) TimerEvent: {}
[1.103943] (-) TimerEvent: {}
[1.204198] (-) TimerEvent: {}
[1.304471] (-) TimerEvent: {}
[1.404917] (-) TimerEvent: {}
[1.505413] (-) TimerEvent: {}
[1.605883] (-) TimerEvent: {}
[1.706393] (-) TimerEvent: {}
[1.806658] (-) TimerEvent: {}
[1.906913] (-) TimerEvent: {}
[2.007163] (-) TimerEvent: {}
[2.107472] (-) TimerEvent: {}
[2.207745] (-) TimerEvent: {}
[2.307998] (-) TimerEvent: {}
[2.408320] (-) TimerEvent: {}
[2.508678] (-) TimerEvent: {}
[2.561142] (robot_integration) Command: {'cmd': ['/usr/bin/python3', '-W', 'ignore:setup.py install is deprecated', '-W', 'ignore:easy_install command is deprecated', 'setup.py', 'egg_info', '--egg-base', '../../build/robot_integration', 'build', '--build-base', '/home/webotpi/ros2_ws/build/robot_integration/build', 'install', '--record', '/home/webotpi/ros2_ws/build/robot_integration/install.log', '--single-version-externally-managed', 'install_data'], 'cwd': '/home/webotpi/ros2_ws/src/robot_integration', 'env': {'LANGUAGE': 'zh_CN:en', 'USER': 'webotpi', 'SSH_CLIENT': '192.168.0.111 33910 22', 'LC_TIME': 'zh_CN.UTF-8', 'XDG_SESSION_TYPE': 'tty', 'SHLVL': '1', 'LD_LIBRARY_PATH': '/opt/ros/jazzy/opt/rviz_ogre_vendor/lib:/opt/ros/jazzy/lib/aarch64-linux-gnu:/opt/ros/jazzy/opt/gz_math_vendor/lib:/opt/ros/jazzy/opt/gz_utils_vendor/lib:/opt/ros/jazzy/opt/gz_cmake_vendor/lib:/opt/ros/jazzy/lib', 'HOME': '/home/webotpi', 'OLDPWD': '/home/webotpi/ros2_ws/src/robot_integration/robot_integration', 'ROS_PYTHON_VERSION': '3', 'LC_MONETARY': 'zh_CN.UTF-8', 'DBUS_SESSION_BUS_ADDRESS': 'unix:path=/run/user/1000/bus', 'ROS_DISTRO': 'jazzy', 'LOGNAME': 'webotpi', '_': '/usr/bin/colcon', 'ROS_VERSION': '2', 'XDG_SESSION_CLASS': 'user', 'XDG_SESSION_ID': '12', 'PATH': '/opt/ros/jazzy/bin:/usr/local/sbin:/usr/local/bin:/usr/sbin:/usr/bin:/sbin:/bin:/usr/games:/usr/local/games:/snap/bin', 'PAPERSIZE': 'a4', 'LC_ADDRESS': 'zh_CN.UTF-8', 'XDG_RUNTIME_DIR': '/run/user/1000', 'LANG': 'zh_CN.UTF-8', 'LC_TELEPHONE': 'zh_CN.UTF-8', 'AMENT_PREFIX_PATH': '/opt/ros/jazzy', 'SHELL': '/bin/bash', 'LC_NAME': 'zh_CN.UTF-8', 'LC_MEASUREMENT': 'zh_CN.UTF-8', 'LC_IDENTIFICATION': 'zh_CN.UTF-8', 'ROS_AUTOMATIC_DISCOVERY_RANGE': 'SUBNET', 'PWD': '/home/webotpi/ros2_ws/build/robot_integration', 'SSH_CONNECTION': '192.168.0.111 33910 192.168.0.119 22', 'PYTHONPATH': '/home/webotpi/ros2_ws/build/robot_integration/prefix_override:/usr/lib/python3/dist-packages/colcon_core/task/python/colcon_distutils_commands:/home/webotpi/ros2_ws/install/robot_integration/lib/python3.12/site-packages:/opt/ros/jazzy/lib/python3.12/site-packages', 'LC_NUMERIC': 'zh_CN.UTF-8', 'LC_PAPER': 'zh_CN.UTF-8', 'COLCON': '1', 'CMAKE_PREFIX_PATH': '/opt/ros/jazzy/opt/gz_math_vendor:/opt/ros/jazzy/opt/gz_utils_vendor:/opt/ros/jazzy/opt/gz_cmake_vendor'}, 'shell': False}
[2.608778] (-) TimerEvent: {}
[2.709020] (-) TimerEvent: {}
[2.809318] (-) TimerEvent: {}
[2.909545] (-) TimerEvent: {}
[3.009809] (-) TimerEvent: {}
[3.110062] (-) TimerEvent: {}
[3.210321] (-) TimerEvent: {}
[3.310580] (-) TimerEvent: {}
[3.320099] (robot_integration) StdoutLine: {'line': b'running egg_info\n'}
[3.391529] (robot_integration) StdoutLine: {'line': b'writing ../../build/robot_integration/robot_integration.egg-info/PKG-INFO\n'}
[3.397725] (robot_integration) StdoutLine: {'line': b'writing dependency_links to ../../build/robot_integration/robot_integration.egg-info/dependency_links.txt\n'}
[3.398233] (robot_integration) StdoutLine: {'line': b'writing entry points to ../../build/robot_integration/robot_integration.egg-info/entry_points.txt\n'}
[3.398480] (robot_integration) StdoutLine: {'line': b'writing requirements to ../../build/robot_integration/robot_integration.egg-info/requires.txt\n'}
[3.398678] (robot_integration) StdoutLine: {'line': b'writing top-level names to ../../build/robot_integration/robot_integration.egg-info/top_level.txt\n'}
[3.410661] (-) TimerEvent: {}
[3.454967] (robot_integration) StdoutLine: {'line': b"reading manifest file '../../build/robot_integration/robot_integration.egg-info/SOURCES.txt'\n"}
[3.456260] (robot_integration) StdoutLine: {'line': b"writing manifest file '../../build/robot_integration/robot_integration.egg-info/SOURCES.txt'\n"}
[3.456548] (robot_integration) StdoutLine: {'line': b'running build\n'}
[3.456641] (robot_integration) StdoutLine: {'line': b'running build_py\n'}
[3.456869] (robot_integration) StdoutLine: {'line': b'copying robot_integration/line_follow_node.py -> /home/webotpi/ros2_ws/build/robot_integration/build/lib/robot_integration\n'}
[3.458095] (robot_integration) StdoutLine: {'line': b'running install\n'}
[3.468013] (robot_integration) StdoutLine: {'line': b'running install_lib\n'}
[3.495208] (robot_integration) StdoutLine: {'line': b'copying /home/webotpi/ros2_ws/build/robot_integration/build/lib/robot_integration/line_follow_node.py -> /home/webotpi/ros2_ws/install/robot_integration/lib/python3.12/site-packages/robot_integration\n'}
[3.496248] (robot_integration) StdoutLine: {'line': b'byte-compiling /home/webotpi/ros2_ws/install/robot_integration/lib/python3.12/site-packages/robot_integration/line_follow_node.py to line_follow_node.cpython-312.pyc\n'}
[3.503164] (robot_integration) StdoutLine: {'line': b'running install_data\n'}
[3.503677] (robot_integration) StdoutLine: {'line': b'running install_egg_info\n'}
[3.511016] (-) TimerEvent: {}
[3.579148] (robot_integration) StdoutLine: {'line': b"removing '/home/webotpi/ros2_ws/install/robot_integration/lib/python3.12/site-packages/robot_integration-1.0.0-py3.12.egg-info' (and everything under it)\n"}
[3.579957] (robot_integration) StdoutLine: {'line': b'Copying ../../build/robot_integration/robot_integration.egg-info to /home/webotpi/ros2_ws/install/robot_integration/lib/python3.12/site-packages/robot_integration-1.0.0-py3.12.egg-info\n'}
[3.582534] (robot_integration) StdoutLine: {'line': b'running install_scripts\n'}
[3.611062] (-) TimerEvent: {}
[3.711326] (-) TimerEvent: {}
[3.811587] (-) TimerEvent: {}
[3.911858] (-) TimerEvent: {}
[4.012160] (-) TimerEvent: {}
[4.034344] (robot_integration) StdoutLine: {'line': b'Installing arm_controller_node script to /home/webotpi/ros2_ws/install/robot_integration/lib/robot_integration\n'}
[4.034930] (robot_integration) StdoutLine: {'line': b'Installing balance_beam_node script to /home/webotpi/ros2_ws/install/robot_integration/lib/robot_integration\n'}
[4.037404] (robot_integration) StdoutLine: {'line': b'Installing car_controller_node script to /home/webotpi/ros2_ws/install/robot_integration/lib/robot_integration\n'}
[4.037985] (robot_integration) StdoutLine: {'line': b'Installing coordinator_node script to /home/webotpi/ros2_ws/install/robot_integration/lib/robot_integration\n'}
[4.038720] (robot_integration) StdoutLine: {'line': b'Installing edge_detect_node script to /home/webotpi/ros2_ws/install/robot_integration/lib/robot_integration\n'}
[4.039488] (robot_integration) StdoutLine: {'line': b'Installing line_follow_node script to /home/webotpi/ros2_ws/install/robot_integration/lib/robot_integration\n'}
[4.040256] (robot_integration) StdoutLine: {'line': b'Installing stm32_bridge_node script to /home/webotpi/ros2_ws/install/robot_integration/lib/robot_integration\n'}
[4.041727] (robot_integration) StdoutLine: {'line': b"writing list of installed files to '/home/webotpi/ros2_ws/build/robot_integration/install.log'\n"}
[4.112315] (-) TimerEvent: {}
[4.140091] (robot_integration) CommandEnded: {'returncode': 0}
[4.158098] (robot_integration) JobEnded: {'identifier': 'robot_integration', 'rc': 0}
[4.158918] (-) EventReactorShutdown: {}
