[0.000000] (-) TimerEvent: {}
[0.000138] (-) JobUnselected: {'identifier': 'deptrum-ros-driver-aurora930'}
[0.000177] (-) JobUnselected: {'identifier': 'my_launch_pkg'}
[0.000199] (-) JobUnselected: {'identifier': 'my_srv'}
[0.000217] (-) JobUnselected: {'identifier': 'py_pkg'}
[0.000233] (-) JobUnselected: {'identifier': 'rplidar_ros'}
[0.000250] (-) JobUnselected: {'identifier': 'voice_interaction'}
[0.000270] (robot_integration) JobQueued: {'identifier': 'robot_integration', 'dependencies': OrderedDict()}
[0.000599] (robot_integration) JobStarted: {'identifier': 'robot_integration'}
[0.099462] (-) TimerEvent: {}
[0.200010] (-) TimerEvent: {}
[0.300224] (-) TimerEvent: {}
[0.400667] (-) TimerEvent: {}
[0.501631] (-) TimerEvent: {}
[0.601878] (-) TimerEvent: {}
[0.702205] (-) TimerEvent: {}
[0.802572] (-) TimerEvent: {}
[0.902765] (-) TimerEvent: {}
[1.002975] (-) TimerEvent: {}
[1.103538] (-) TimerEvent: {}
[1.203898] (-) TimerEvent: {}
[1.304401] (-) TimerEvent: {}
[1.404742] (-) TimerEvent: {}
[1.504965] (-) TimerEvent: {}
[1.605551] (-) TimerEvent: {}
[1.705998] (-) TimerEvent: {}
[1.806385] (-) TimerEvent: {}
[1.907813] (-) TimerEvent: {}
[2.004902] (robot_integration) Command: {'cmd': ['/usr/bin/python3', '-W', 'ignore:setup.py install is deprecated', '-W', 'ignore:easy_install command is deprecated', 'setup.py', 'egg_info', '--egg-base', '../../build/robot_integration', 'build', '--build-base', '/home/webotpi/ros2_ws/build/robot_integration/build', 'install', '--record', '/home/webotpi/ros2_ws/build/robot_integration/install.log', '--single-version-externally-managed', 'install_data'], 'cwd': '/home/webotpi/ros2_ws/src/robot_integration', 'env': {'LANGUAGE': 'zh_CN:en', 'USER': 'webotpi', 'SSH_CLIENT': '192.168.0.111 44128 22', 'LC_TIME': 'zh_CN.UTF-8', 'XDG_SESSION_TYPE': 'tty', 'SHLVL': '1', 'LD_LIBRARY_PATH': '/opt/ros/jazzy/opt/rviz_ogre_vendor/lib:/opt/ros/jazzy/lib/aarch64-linux-gnu:/opt/ros/jazzy/opt/gz_math_vendor/lib:/opt/ros/jazzy/opt/gz_utils_vendor/lib:/opt/ros/jazzy/opt/gz_cmake_vendor/lib:/opt/ros/jazzy/lib', 'HOME': '/home/webotpi', 'OLDPWD': '/home/webotpi', 'ROS_PYTHON_VERSION': '3', 'LC_MONETARY': 'zh_CN.UTF-8', 'DBUS_SESSION_BUS_ADDRESS': 'unix:path=/run/user/1000/bus', 'ROS_DISTRO': 'jazzy', 'LOGNAME': 'webotpi', '_': '/usr/bin/colcon', 'ROS_VERSION': '2', 'XDG_SESSION_CLASS': 'user', 'XDG_SESSION_ID': '42', 'PATH': '/opt/ros/jazzy/bin:/usr/local/sbin:/usr/local/bin:/usr/sbin:/usr/bin:/sbin:/bin:/usr/games:/usr/local/games:/snap/bin', 'PAPERSIZE': 'a4', 'LC_ADDRESS': 'zh_CN.UTF-8', 'XDG_RUNTIME_DIR': '/run/user/1000', 'LANG': 'zh_CN.UTF-8', 'LC_TELEPHONE': 'zh_CN.UTF-8', 'AMENT_PREFIX_PATH': '/opt/ros/jazzy', 'SHELL': '/bin/bash', 'LC_NAME': 'zh_CN.UTF-8', 'LC_MEASUREMENT': 'zh_CN.UTF-8', 'LC_IDENTIFICATION': 'zh_CN.UTF-8', 'ROS_AUTOMATIC_DISCOVERY_RANGE': 'SUBNET', 'PWD': '/home/webotpi/ros2_ws/build/robot_integration', 'SSH_CONNECTION': '192.168.0.111 44128 192.168.0.119 22', 'PYTHONPATH': '/home/webotpi/ros2_ws/build/robot_integration/prefix_override:/usr/lib/python3/dist-packages/colcon_core/task/python/colcon_distutils_commands:/home/webotpi/ros2_ws/install/robot_integration/lib/python3.12/site-packages:/opt/ros/jazzy/lib/python3.12/site-packages', 'LC_NUMERIC': 'zh_CN.UTF-8', 'LC_PAPER': 'zh_CN.UTF-8', 'COLCON': '1', 'CMAKE_PREFIX_PATH': '/opt/ros/jazzy/opt/gz_math_vendor:/opt/ros/jazzy/opt/gz_utils_vendor:/opt/ros/jazzy/opt/gz_cmake_vendor'}, 'shell': False}
[2.007864] (-) TimerEvent: {}
[2.108626] (-) TimerEvent: {}
[2.208878] (-) TimerEvent: {}
[2.309830] (-) TimerEvent: {}
[2.410304] (-) TimerEvent: {}
[2.510498] (-) TimerEvent: {}
[2.579514] (robot_integration) StdoutLine: {'line': b'running egg_info\n'}
[2.607182] (robot_integration) StdoutLine: {'line': b'writing ../../build/robot_integration/robot_integration.egg-info/PKG-INFO\n'}
[2.607531] (robot_integration) StdoutLine: {'line': b'writing dependency_links to ../../build/robot_integration/robot_integration.egg-info/dependency_links.txt\n'}
[2.610544] (-) TimerEvent: {}
[2.613890] (robot_integration) StdoutLine: {'line': b'writing entry points to ../../build/robot_integration/robot_integration.egg-info/entry_points.txt\n'}
[2.614572] (robot_integration) StdoutLine: {'line': b'writing requirements to ../../build/robot_integration/robot_integration.egg-info/requires.txt\n'}
[2.615332] (robot_integration) StdoutLine: {'line': b'writing top-level names to ../../build/robot_integration/robot_integration.egg-info/top_level.txt\n'}
[2.710799] (-) TimerEvent: {}
[2.750496] (robot_integration) StdoutLine: {'line': b"reading manifest file '../../build/robot_integration/robot_integration.egg-info/SOURCES.txt'\n"}
[2.752882] (robot_integration) StdoutLine: {'line': b"writing manifest file '../../build/robot_integration/robot_integration.egg-info/SOURCES.txt'\n"}
[2.753589] (robot_integration) StdoutLine: {'line': b'running build\n'}
[2.753722] (robot_integration) StdoutLine: {'line': b'running build_py\n'}
[2.754245] (robot_integration) StdoutLine: {'line': b'copying robot_integration/self_driving_node.py -> /home/webotpi/ros2_ws/build/robot_integration/build/lib/robot_integration\n'}
[2.754370] (robot_integration) StdoutLine: {'line': b'running install\n'}
[2.767308] (robot_integration) StdoutLine: {'line': b'running install_lib\n'}
[2.801840] (robot_integration) StdoutLine: {'line': b'byte-compiling /home/webotpi/ros2_ws/install/robot_integration/lib/python3.12/site-packages/robot_integration/self_driving_node.py to self_driving_node.cpython-312.pyc\n'}
[2.811068] (-) TimerEvent: {}
[2.817243] (robot_integration) StdoutLine: {'line': b'running install_data\n'}
[2.818350] (robot_integration) StdoutLine: {'line': b'copying config/self_driving_params.yaml -> /home/webotpi/ros2_ws/install/robot_integration/share/robot_integration/config\n'}
[2.819314] (robot_integration) StdoutLine: {'line': b'running install_egg_info\n'}
[2.862969] (robot_integration) StdoutLine: {'line': b"removing '/home/webotpi/ros2_ws/install/robot_integration/lib/python3.12/site-packages/robot_integration-1.0.0-py3.12.egg-info' (and everything under it)\n"}
[2.865111] (robot_integration) StdoutLine: {'line': b'Copying ../../build/robot_integration/robot_integration.egg-info to /home/webotpi/ros2_ws/install/robot_integration/lib/python3.12/site-packages/robot_integration-1.0.0-py3.12.egg-info\n'}
[2.867819] (robot_integration) StdoutLine: {'line': b'running install_scripts\n'}
[2.911118] (-) TimerEvent: {}
[3.011361] (-) TimerEvent: {}
[3.111567] (-) TimerEvent: {}
[3.134549] (robot_integration) StdoutLine: {'line': b'Installing arm_controller_node script to /home/webotpi/ros2_ws/install/robot_integration/lib/robot_integration\n'}
[3.134848] (robot_integration) StdoutLine: {'line': b'Installing balance_beam_node script to /home/webotpi/ros2_ws/install/robot_integration/lib/robot_integration\n'}
[3.143057] (robot_integration) StdoutLine: {'line': b'Installing car_controller_node script to /home/webotpi/ros2_ws/install/robot_integration/lib/robot_integration\n'}
[3.144374] (robot_integration) StdoutLine: {'line': b'Installing coordinator_node script to /home/webotpi/ros2_ws/install/robot_integration/lib/robot_integration\n'}
[3.144917] (robot_integration) StdoutLine: {'line': b'Installing edge_detect_node script to /home/webotpi/ros2_ws/install/robot_integration/lib/robot_integration\n'}
[3.146174] (robot_integration) StdoutLine: {'line': b'Installing line_follow_node script to /home/webotpi/ros2_ws/install/robot_integration/lib/robot_integration\n'}
[3.147015] (robot_integration) StdoutLine: {'line': b'Installing self_driving_node script to /home/webotpi/ros2_ws/install/robot_integration/lib/robot_integration\n'}
[3.148150] (robot_integration) StdoutLine: {'line': b'Installing stm32_bridge_node script to /home/webotpi/ros2_ws/install/robot_integration/lib/robot_integration\n'}
[3.149892] (robot_integration) StdoutLine: {'line': b"writing list of installed files to '/home/webotpi/ros2_ws/build/robot_integration/install.log'\n"}
[3.211952] (-) TimerEvent: {}
[3.313122] (-) TimerEvent: {}
[3.334014] (robot_integration) CommandEnded: {'returncode': 0}
[3.364562] (robot_integration) JobEnded: {'identifier': 'robot_integration', 'rc': 0}
[3.365690] (-) EventReactorShutdown: {}
