[0.000000] (-) TimerEvent: {}
[0.001274] (-) JobUnselected: {'identifier': 'deptrum-ros-driver-aurora930'}
[0.001423] (-) JobUnselected: {'identifier': 'my_launch_pkg'}
[0.001449] (-) JobUnselected: {'identifier': 'my_srv'}
[0.001468] (-) JobUnselected: {'identifier': 'py_pkg'}
[0.001485] (-) JobUnselected: {'identifier': 'robot_integration'}
[0.001502] (-) JobUnselected: {'identifier': 'rplidar_ros'}
[0.001518] (-) JobUnselected: {'identifier': 'voice_interaction'}
[0.001539] (pi5_robot_description) JobQueued: {'identifier': 'pi5_robot_description', 'dependencies': OrderedDict()}
[0.002106] (pi5_robot_description) JobStarted: {'identifier': 'pi5_robot_description'}
[0.010470] (pi5_robot_description) JobProgress: {'identifier': 'pi5_robot_description', 'progress': 'cmake'}
[0.011216] (pi5_robot_description) Command: {'cmd': ['/usr/bin/cmake', '/home/webotpi/ros2_ws/src/pi5_robot_description', '-DCMAKE_INSTALL_PREFIX=/home/webotpi/ros2_ws/install/pi5_robot_description'], 'cwd': '/home/webotpi/ros2_ws/build/pi5_robot_description', 'env': OrderedDict({'LANGUAGE': 'zh_CN:en', 'USER': 'webotpi', 'SSH_CLIENT': '192.168.0.111 33812 22', 'LC_TIME': 'zh_CN.UTF-8', 'XDG_SESSION_TYPE': 'tty', 'SHLVL': '1', 'HOME': '/home/webotpi', 'OLDPWD': '/home/webotpi', 'LC_MONETARY': 'zh_CN.UTF-8', 'DBUS_SESSION_BUS_ADDRESS': 'unix:path=/run/user/1000/bus', 'LOGNAME': 'webotpi', '_': '/usr/bin/colcon', 'XDG_SESSION_CLASS': 'user', 'XDG_SESSION_ID': '18', 'PATH': '/usr/local/sbin:/usr/local/bin:/usr/sbin:/usr/bin:/sbin:/bin:/usr/games:/usr/local/games:/snap/bin', 'PAPERSIZE': 'a4', 'LC_ADDRESS': 'zh_CN.UTF-8', 'XDG_RUNTIME_DIR': '/run/user/1000', 'LANG': 'zh_CN.UTF-8', 'LC_TELEPHONE': 'zh_CN.UTF-8', 'SHELL': '/bin/bash', 'LC_NAME': 'zh_CN.UTF-8', 'LC_MEASUREMENT': 'zh_CN.UTF-8', 'LC_IDENTIFICATION': 'zh_CN.UTF-8', 'PWD': '/home/webotpi/ros2_ws/build/pi5_robot_description', 'SSH_CONNECTION': '192.168.0.111 33812 192.168.0.119 22', 'LC_NUMERIC': 'zh_CN.UTF-8', 'LC_PAPER': 'zh_CN.UTF-8', 'COLCON': '1'}), 'shell': False}
[0.100289] (-) TimerEvent: {}
[0.118820] (pi5_robot_description) StdoutLine: {'line': b'-- The C compiler identification is GNU 13.3.0\n'}
[0.201537] (-) TimerEvent: {}
[0.241709] (pi5_robot_description) StdoutLine: {'line': b'-- The CXX compiler identification is GNU 13.3.0\n'}
[0.272641] (pi5_robot_description) StdoutLine: {'line': b'-- Detecting C compiler ABI info\n'}
[0.301659] (-) TimerEvent: {}
[0.403368] (-) TimerEvent: {}
[0.448806] (pi5_robot_description) StdoutLine: {'line': b'-- Detecting C compiler ABI info - done\n'}
[0.466307] (pi5_robot_description) StdoutLine: {'line': b'-- Check for working C compiler: /usr/bin/cc - skipped\n'}
[0.466620] (pi5_robot_description) StdoutLine: {'line': b'-- Detecting C compile features\n'}
[0.467150] (pi5_robot_description) StdoutLine: {'line': b'-- Detecting C compile features - done\n'}
[0.482471] (pi5_robot_description) StdoutLine: {'line': b'-- Detecting CXX compiler ABI info\n'}
[0.503489] (-) TimerEvent: {}
[0.603885] (-) TimerEvent: {}
[0.675780] (pi5_robot_description) StdoutLine: {'line': b'-- Detecting CXX compiler ABI info - done\n'}
[0.692693] (pi5_robot_description) StdoutLine: {'line': b'-- Check for working CXX compiler: /usr/bin/c++ - skipped\n'}
[0.693153] (pi5_robot_description) StdoutLine: {'line': b'-- Detecting CXX compile features\n'}
[0.693958] (pi5_robot_description) StdoutLine: {'line': b'-- Detecting CXX compile features - done\n'}
[0.703970] (-) TimerEvent: {}
[0.711739] (pi5_robot_description) StderrLine: {'line': b'CMake Error at CMakeLists.txt:4 (find_package):\n'}
[0.712036] (pi5_robot_description) StderrLine: {'line': b'  By not providing "Findament_cmake.cmake" in CMAKE_MODULE_PATH this project\n'}
[0.712197] (pi5_robot_description) StderrLine: {'line': b'  has asked CMake to find a package configuration file provided by\n'}
[0.712312] (pi5_robot_description) StderrLine: {'line': b'  "ament_cmake", but CMake did not find one.\n'}
[0.712412] (pi5_robot_description) StderrLine: {'line': b'\n'}
[0.712507] (pi5_robot_description) StderrLine: {'line': b'  Could not find a package configuration file provided by "ament_cmake" with\n'}
[0.712631] (pi5_robot_description) StderrLine: {'line': b'  any of the following names:\n'}
[0.712764] (pi5_robot_description) StderrLine: {'line': b'\n'}
[0.712867] (pi5_robot_description) StderrLine: {'line': b'    ament_cmakeConfig.cmake\n'}
[0.712996] (pi5_robot_description) StderrLine: {'line': b'    ament_cmake-config.cmake\n'}
[0.713102] (pi5_robot_description) StderrLine: {'line': b'\n'}
[0.713197] (pi5_robot_description) StderrLine: {'line': b'  Add the installation prefix of "ament_cmake" to CMAKE_PREFIX_PATH or set\n'}
[0.713291] (pi5_robot_description) StderrLine: {'line': b'  "ament_cmake_DIR" to a directory containing one of the above files.  If\n'}
[0.713387] (pi5_robot_description) StderrLine: {'line': b'  "ament_cmake" provides a separate development package or SDK, be sure it\n'}
[0.713481] (pi5_robot_description) StderrLine: {'line': b'  has been installed.\n'}
[0.713574] (pi5_robot_description) StderrLine: {'line': b'\n'}
[0.713667] (pi5_robot_description) StderrLine: {'line': b'\n'}
[0.713763] (pi5_robot_description) StdoutLine: {'line': b'-- Configuring incomplete, errors occurred!\n'}
[0.718438] (pi5_robot_description) CommandEnded: {'returncode': 1}
[0.759901] (pi5_robot_description) JobEnded: {'identifier': 'pi5_robot_description', 'rc': 1}
[0.770359] (-) EventReactorShutdown: {}
