[0.000000] (-) TimerEvent: {}
[0.000102] (-) JobUnselected: {'identifier': 'deptrum-ros-driver-aurora930'}
[0.000217] (-) JobUnselected: {'identifier': 'my_launch_pkg'}
[0.000386] (-) JobUnselected: {'identifier': 'my_srv'}
[0.000650] (-) JobUnselected: {'identifier': 'py_pkg'}
[0.000670] (-) JobUnselected: {'identifier': 'robot_integration'}
[0.000816] (-) JobUnselected: {'identifier': 'rplidar_ros'}
[0.000835] (-) JobUnselected: {'identifier': 'voice_interaction'}
[0.001039] (pi5_robot_description) JobQueued: {'identifier': 'pi5_robot_description', 'dependencies': OrderedDict()}
[0.001062] (pi5_robot_description) JobStarted: {'identifier': 'pi5_robot_description'}
[0.014252] (pi5_robot_description) JobProgress: {'identifier': 'pi5_robot_description', 'progress': 'cmake'}
[0.014992] (pi5_robot_description) JobProgress: {'identifier': 'pi5_robot_description', 'progress': 'build'}
[0.015805] (pi5_robot_description) Command: {'cmd': ['/usr/bin/cmake', '--build', '/home/webotpi/ros2_ws/build/pi5_robot_description', '--', '-j4', '-l4'], 'cwd': '/home/webotpi/ros2_ws/build/pi5_robot_description', 'env': OrderedDict({'LANGUAGE': 'zh_CN:en', 'USER': 'webotpi', 'SSH_CLIENT': '192.168.0.111 38642 22', 'LC_TIME': 'zh_CN.UTF-8', 'GZ_CONFIG_PATH': '/opt/ros/jazzy/opt/gz_sim_vendor/share/gz:/opt/ros/jazzy/opt/sdformat_vendor/share/gz:/opt/ros/jazzy/opt/gz_gui_vendor/share/gz:/opt/ros/jazzy/opt/gz_transport_vendor/share/gz:/opt/ros/jazzy/opt/gz_rendering_vendor/share/gz:/opt/ros/jazzy/opt/gz_plugin_vendor/share/gz:/opt/ros/jazzy/opt/gz_fuel_tools_vendor/share/gz:/opt/ros/jazzy/opt/gz_msgs_vendor/share/gz:/opt/ros/jazzy/opt/gz_common_vendor/share/gz', 'XDG_SESSION_TYPE': 'tty', 'SHLVL': '1', 'LD_LIBRARY_PATH': '/opt/ros/jazzy/opt/gz_sim_vendor/lib:/opt/ros/jazzy/opt/gz_sensors_vendor/lib:/opt/ros/jazzy/opt/gz_physics_vendor/lib:/opt/ros/jazzy/opt/sdformat_vendor/lib:/opt/ros/jazzy/opt/rviz_ogre_vendor/lib:/opt/ros/jazzy/lib/aarch64-linux-gnu:/opt/ros/jazzy/opt/gz_gui_vendor/lib:/opt/ros/jazzy/opt/gz_transport_vendor/lib:/opt/ros/jazzy/opt/gz_rendering_vendor/lib:/opt/ros/jazzy/opt/gz_plugin_vendor/lib:/opt/ros/jazzy/opt/gz_fuel_tools_vendor/lib:/opt/ros/jazzy/opt/gz_msgs_vendor/lib:/opt/ros/jazzy/opt/gz_common_vendor/lib:/opt/ros/jazzy/opt/gz_math_vendor/lib:/opt/ros/jazzy/opt/gz_utils_vendor/lib:/opt/ros/jazzy/opt/gz_tools_vendor/lib:/opt/ros/jazzy/opt/gz_ogre_next_vendor/lib:/opt/ros/jazzy/opt/gz_dartsim_vendor/lib:/opt/ros/jazzy/opt/gz_cmake_vendor/lib:/opt/ros/jazzy/lib', 'HOME': '/home/webotpi', 'OLDPWD': '/home/webotpi', 'ROS_PYTHON_VERSION': '3', 'LC_MONETARY': 'zh_CN.UTF-8', 'DBUS_SESSION_BUS_ADDRESS': 'unix:path=/run/user/1000/bus', 'ROS_DISTRO': 'jazzy', 'LOGNAME': 'webotpi', '_': '/usr/bin/colcon', 'ROS_VERSION': '2', 'XDG_SESSION_CLASS': 'user', 'XDG_SESSION_ID': '62', 'PATH': '/opt/ros/jazzy/opt/gz_msgs_vendor/bin:/opt/ros/jazzy/opt/gz_tools_vendor/bin:/opt/ros/jazzy/opt/gz_ogre_next_vendor/bin:/opt/ros/jazzy/bin:/usr/local/sbin:/usr/local/bin:/usr/sbin:/usr/bin:/sbin:/bin:/usr/games:/usr/local/games:/snap/bin', 'PAPERSIZE': 'a4', 'LC_ADDRESS': 'zh_CN.UTF-8', 'XDG_RUNTIME_DIR': '/run/user/1000', 'LANG': 'zh_CN.UTF-8', 'LC_TELEPHONE': 'zh_CN.UTF-8', 'AMENT_PREFIX_PATH': '/opt/ros/jazzy', 'SHELL': '/bin/bash', 'LC_NAME': 'zh_CN.UTF-8', 'LC_MEASUREMENT': 'zh_CN.UTF-8', 'LC_IDENTIFICATION': 'zh_CN.UTF-8', 'ROS_AUTOMATIC_DISCOVERY_RANGE': 'SUBNET', 'PWD': '/home/webotpi/ros2_ws/build/pi5_robot_description', 'SSH_CONNECTION': '192.168.0.111 38642 192.168.0.119 22', 'PYTHONPATH': '/opt/ros/jazzy/lib/python3.12/site-packages', 'LC_NUMERIC': 'zh_CN.UTF-8', 'LC_PAPER': 'zh_CN.UTF-8', 'COLCON': '1', 'CMAKE_PREFIX_PATH': '/opt/ros/jazzy/opt/gz_sim_vendor:/opt/ros/jazzy/opt/gz_sensors_vendor:/opt/ros/jazzy/opt/gz_physics_vendor:/opt/ros/jazzy/opt/sdformat_vendor:/opt/ros/jazzy/opt/gz_gui_vendor:/opt/ros/jazzy/opt/gz_transport_vendor:/opt/ros/jazzy/opt/gz_rendering_vendor:/opt/ros/jazzy/opt/gz_plugin_vendor:/opt/ros/jazzy/opt/gz_fuel_tools_vendor:/opt/ros/jazzy/opt/gz_msgs_vendor:/opt/ros/jazzy/opt/gz_common_vendor:/opt/ros/jazzy/opt/gz_math_vendor:/opt/ros/jazzy/opt/gz_utils_vendor:/opt/ros/jazzy/opt/gz_tools_vendor:/opt/ros/jazzy/opt/gz_ogre_next_vendor:/opt/ros/jazzy/opt/gz_dartsim_vendor:/opt/ros/jazzy/opt/gz_cmake_vendor:/opt/ros/jazzy'}), 'shell': False}
[0.098948] (pi5_robot_description) CommandEnded: {'returncode': 0}
[0.099883] (-) TimerEvent: {}
[0.100179] (pi5_robot_description) JobProgress: {'identifier': 'pi5_robot_description', 'progress': 'install'}
[0.121592] (pi5_robot_description) Command: {'cmd': ['/usr/bin/cmake', '--install', '/home/webotpi/ros2_ws/build/pi5_robot_description'], 'cwd': '/home/webotpi/ros2_ws/build/pi5_robot_description', 'env': OrderedDict({'LANGUAGE': 'zh_CN:en', 'USER': 'webotpi', 'SSH_CLIENT': '192.168.0.111 38642 22', 'LC_TIME': 'zh_CN.UTF-8', 'GZ_CONFIG_PATH': '/opt/ros/jazzy/opt/gz_sim_vendor/share/gz:/opt/ros/jazzy/opt/sdformat_vendor/share/gz:/opt/ros/jazzy/opt/gz_gui_vendor/share/gz:/opt/ros/jazzy/opt/gz_transport_vendor/share/gz:/opt/ros/jazzy/opt/gz_rendering_vendor/share/gz:/opt/ros/jazzy/opt/gz_plugin_vendor/share/gz:/opt/ros/jazzy/opt/gz_fuel_tools_vendor/share/gz:/opt/ros/jazzy/opt/gz_msgs_vendor/share/gz:/opt/ros/jazzy/opt/gz_common_vendor/share/gz', 'XDG_SESSION_TYPE': 'tty', 'SHLVL': '1', 'LD_LIBRARY_PATH': '/opt/ros/jazzy/opt/gz_sim_vendor/lib:/opt/ros/jazzy/opt/gz_sensors_vendor/lib:/opt/ros/jazzy/opt/gz_physics_vendor/lib:/opt/ros/jazzy/opt/sdformat_vendor/lib:/opt/ros/jazzy/opt/rviz_ogre_vendor/lib:/opt/ros/jazzy/lib/aarch64-linux-gnu:/opt/ros/jazzy/opt/gz_gui_vendor/lib:/opt/ros/jazzy/opt/gz_transport_vendor/lib:/opt/ros/jazzy/opt/gz_rendering_vendor/lib:/opt/ros/jazzy/opt/gz_plugin_vendor/lib:/opt/ros/jazzy/opt/gz_fuel_tools_vendor/lib:/opt/ros/jazzy/opt/gz_msgs_vendor/lib:/opt/ros/jazzy/opt/gz_common_vendor/lib:/opt/ros/jazzy/opt/gz_math_vendor/lib:/opt/ros/jazzy/opt/gz_utils_vendor/lib:/opt/ros/jazzy/opt/gz_tools_vendor/lib:/opt/ros/jazzy/opt/gz_ogre_next_vendor/lib:/opt/ros/jazzy/opt/gz_dartsim_vendor/lib:/opt/ros/jazzy/opt/gz_cmake_vendor/lib:/opt/ros/jazzy/lib', 'HOME': '/home/webotpi', 'OLDPWD': '/home/webotpi', 'ROS_PYTHON_VERSION': '3', 'LC_MONETARY': 'zh_CN.UTF-8', 'DBUS_SESSION_BUS_ADDRESS': 'unix:path=/run/user/1000/bus', 'ROS_DISTRO': 'jazzy', 'LOGNAME': 'webotpi', '_': '/usr/bin/colcon', 'ROS_VERSION': '2', 'XDG_SESSION_CLASS': 'user', 'XDG_SESSION_ID': '62', 'PATH': '/opt/ros/jazzy/opt/gz_msgs_vendor/bin:/opt/ros/jazzy/opt/gz_tools_vendor/bin:/opt/ros/jazzy/opt/gz_ogre_next_vendor/bin:/opt/ros/jazzy/bin:/usr/local/sbin:/usr/local/bin:/usr/sbin:/usr/bin:/sbin:/bin:/usr/games:/usr/local/games:/snap/bin', 'PAPERSIZE': 'a4', 'LC_ADDRESS': 'zh_CN.UTF-8', 'XDG_RUNTIME_DIR': '/run/user/1000', 'LANG': 'zh_CN.UTF-8', 'LC_TELEPHONE': 'zh_CN.UTF-8', 'AMENT_PREFIX_PATH': '/opt/ros/jazzy', 'SHELL': '/bin/bash', 'LC_NAME': 'zh_CN.UTF-8', 'LC_MEASUREMENT': 'zh_CN.UTF-8', 'LC_IDENTIFICATION': 'zh_CN.UTF-8', 'ROS_AUTOMATIC_DISCOVERY_RANGE': 'SUBNET', 'PWD': '/home/webotpi/ros2_ws/build/pi5_robot_description', 'SSH_CONNECTION': '192.168.0.111 38642 192.168.0.119 22', 'PYTHONPATH': '/opt/ros/jazzy/lib/python3.12/site-packages', 'LC_NUMERIC': 'zh_CN.UTF-8', 'LC_PAPER': 'zh_CN.UTF-8', 'COLCON': '1', 'CMAKE_PREFIX_PATH': '/opt/ros/jazzy/opt/gz_sim_vendor:/opt/ros/jazzy/opt/gz_sensors_vendor:/opt/ros/jazzy/opt/gz_physics_vendor:/opt/ros/jazzy/opt/sdformat_vendor:/opt/ros/jazzy/opt/gz_gui_vendor:/opt/ros/jazzy/opt/gz_transport_vendor:/opt/ros/jazzy/opt/gz_rendering_vendor:/opt/ros/jazzy/opt/gz_plugin_vendor:/opt/ros/jazzy/opt/gz_fuel_tools_vendor:/opt/ros/jazzy/opt/gz_msgs_vendor:/opt/ros/jazzy/opt/gz_common_vendor:/opt/ros/jazzy/opt/gz_math_vendor:/opt/ros/jazzy/opt/gz_utils_vendor:/opt/ros/jazzy/opt/gz_tools_vendor:/opt/ros/jazzy/opt/gz_ogre_next_vendor:/opt/ros/jazzy/opt/gz_dartsim_vendor:/opt/ros/jazzy/opt/gz_cmake_vendor:/opt/ros/jazzy'}), 'shell': False}
[0.139439] (pi5_robot_description) StdoutLine: {'line': b'-- Install configuration: ""\n'}
[0.141404] (pi5_robot_description) StdoutLine: {'line': b'-- Up-to-date: /home/webotpi/ros2_ws/install/pi5_robot_description/share/pi5_robot_description/urdf\n'}
[0.141727] (pi5_robot_description) StdoutLine: {'line': b'-- Up-to-date: /home/webotpi/ros2_ws/install/pi5_robot_description/share/pi5_robot_description/urdf/arm_car.urdf\n'}
[0.142245] (pi5_robot_description) StdoutLine: {'line': b'-- Up-to-date: /home/webotpi/ros2_ws/install/pi5_robot_description/share/pi5_robot_description/urdf/pi5_arm_robot.urdf.xacro.bak\n'}
[0.142587] (pi5_robot_description) StdoutLine: {'line': b'-- Up-to-date: /home/webotpi/ros2_ws/install/pi5_robot_description/share/pi5_robot_description/urdf/pi5_arm_car.urdf.xacro\n'}
[0.142691] (pi5_robot_description) StdoutLine: {'line': b'-- Up-to-date: /home/webotpi/ros2_ws/install/pi5_robot_description/share/pi5_robot_description/urdf/pi5_arm_robot.urdf.xacro\n'}
[0.142793] (pi5_robot_description) StdoutLine: {'line': b'-- Up-to-date: /home/webotpi/ros2_ws/install/pi5_robot_description/share/pi5_robot_description/launch\n'}
[0.142893] (pi5_robot_description) StdoutLine: {'line': b'-- Up-to-date: /home/webotpi/ros2_ws/install/pi5_robot_description/share/pi5_robot_description/launch/nav2_navigation.launch.py\n'}
[0.142987] (pi5_robot_description) StdoutLine: {'line': b'-- Up-to-date: /home/webotpi/ros2_ws/install/pi5_robot_description/share/pi5_robot_description/launch/nav2_navigation_with_depth.launch.py\n'}
[0.143081] (pi5_robot_description) StdoutLine: {'line': b'-- Up-to-date: /home/webotpi/ros2_ws/install/pi5_robot_description/share/pi5_robot_description/launch/voice_navigation.launch.py\n'}
[0.143176] (pi5_robot_description) StdoutLine: {'line': b'-- Installing: /home/webotpi/ros2_ws/install/pi5_robot_description/share/pi5_robot_description/launch/rtabmap_mapping.launch.py\n'}
[0.143266] (pi5_robot_description) StdoutLine: {'line': b'-- Up-to-date: /home/webotpi/ros2_ws/install/pi5_robot_description/share/pi5_robot_description/launch/view_robot.launch.py\n'}
[0.143348] (pi5_robot_description) StdoutLine: {'line': b'-- Up-to-date: /home/webotpi/ros2_ws/install/pi5_robot_description/share/pi5_robot_description/launch/slam_mapping.launch.py\n'}
[0.143481] (pi5_robot_description) StdoutLine: {'line': b'-- Up-to-date: /home/webotpi/ros2_ws/install/pi5_robot_description/share/pi5_robot_description/launch/multi_waypoint_navigation.launch.py\n'}
[0.143580] (pi5_robot_description) StdoutLine: {'line': b'-- Up-to-date: /home/webotpi/ros2_ws/install/pi5_robot_description/share/pi5_robot_description/config\n'}
[0.143675] (pi5_robot_description) StdoutLine: {'line': b'-- Up-to-date: /home/webotpi/ros2_ws/install/pi5_robot_description/share/pi5_robot_description/config/rtabmap.rviz\n'}
[0.143818] (pi5_robot_description) StdoutLine: {'line': b'-- Installing: /home/webotpi/ros2_ws/install/pi5_robot_description/share/pi5_robot_description/config/view_robot.rviz\n'}
[0.143918] (pi5_robot_description) StdoutLine: {'line': b'-- Up-to-date: /home/webotpi/ros2_ws/install/pi5_robot_description/share/pi5_robot_description/config/nav2_params.yaml\n'}
[0.144022] (pi5_robot_description) StdoutLine: {'line': b'-- Up-to-date: /home/webotpi/ros2_ws/install/pi5_robot_description/share/pi5_robot_description/config/nav2_params.yaml.bak2\n'}
[0.144138] (pi5_robot_description) StdoutLine: {'line': b'-- Up-to-date: /home/webotpi/ros2_ws/install/pi5_robot_description/share/pi5_robot_description/config/slam_toolbox_mapping.yaml\n'}
[0.144260] (pi5_robot_description) StdoutLine: {'line': b'-- Up-to-date: /home/webotpi/ros2_ws/install/pi5_robot_description/share/pi5_robot_description/config/waypoint_nav.rviz\n'}
[0.144406] (pi5_robot_description) StdoutLine: {'line': b'-- Up-to-date: /home/webotpi/ros2_ws/install/pi5_robot_description/share/pi5_robot_description/config/collision_monitor_params.yaml\n'}
[0.144599] (pi5_robot_description) StdoutLine: {'line': b'-- Up-to-date: /home/webotpi/ros2_ws/install/pi5_robot_description/share/pi5_robot_description/config/rtabmap.rviz.bak\n'}
[0.144850] (pi5_robot_description) StdoutLine: {'line': b'-- Up-to-date: /home/webotpi/ros2_ws/install/pi5_robot_description/share/pi5_robot_description/config/named_waypoints.yaml\n'}
[0.145046] (pi5_robot_description) StdoutLine: {'line': b'-- Up-to-date: /home/webotpi/ros2_ws/install/pi5_robot_description/share/pi5_robot_description/config/collision_monitor_params_backup.yaml\n'}
[0.145357] (pi5_robot_description) StdoutLine: {'line': b'-- Up-to-date: /home/webotpi/ros2_ws/install/pi5_robot_description/share/pi5_robot_description/config/nav2.rviz\n'}
[0.149442] (pi5_robot_description) StdoutLine: {'line': b'-- Up-to-date: /home/webotpi/ros2_ws/install/pi5_robot_description/share/pi5_robot_description/config/nav2_params_rpp_backup.yaml\n'}
[0.149853] (pi5_robot_description) StdoutLine: {'line': b'-- Up-to-date: /home/webotpi/ros2_ws/install/pi5_robot_description/share/pi5_robot_description/config/nav2_params.yaml.bak\n'}
[0.150704] (pi5_robot_description) StdoutLine: {'line': b'-- Up-to-date: /home/webotpi/ros2_ws/install/pi5_robot_description/share/pi5_robot_description/meshes\n'}
[0.151553] (pi5_robot_description) StdoutLine: {'line': b'-- Up-to-date: /home/webotpi/ros2_ws/install/pi5_robot_description/share/pi5_robot_description/meshes/Link5.STL\n'}
[0.151765] (pi5_robot_description) StdoutLine: {'line': b'-- Up-to-date: /home/webotpi/ros2_ws/install/pi5_robot_description/share/pi5_robot_description/meshes/lbw.STL\n'}
[0.152132] (pi5_robot_description) StdoutLine: {'line': b'-- Up-to-date: /home/webotpi/ros2_ws/install/pi5_robot_description/share/pi5_robot_description/meshes/arm_Link3.STL\n'}
[0.152313] (pi5_robot_description) StdoutLine: {'line': b'-- Up-to-date: /home/webotpi/ros2_ws/install/pi5_robot_description/share/pi5_robot_description/meshes/arm_Link1.STL\n'}
[0.152670] (pi5_robot_description) StdoutLine: {'line': b'-- Up-to-date: /home/webotpi/ros2_ws/install/pi5_robot_description/share/pi5_robot_description/meshes/Link6.STL\n'}
[0.152886] (pi5_robot_description) StdoutLine: {'line': b'-- Up-to-date: /home/webotpi/ros2_ws/install/pi5_robot_description/share/pi5_robot_description/meshes/link4.STL\n'}
[0.153294] (pi5_robot_description) StdoutLine: {'line': b'-- Up-to-date: /home/webotpi/ros2_ws/install/pi5_robot_description/share/pi5_robot_description/meshes/Link2.STL\n'}
[0.153514] (pi5_robot_description) StdoutLine: {'line': b'-- Up-to-date: /home/webotpi/ros2_ws/install/pi5_robot_description/share/pi5_robot_description/meshes/arm_Link8_r.STL\n'}
[0.153679] (pi5_robot_description) StdoutLine: {'line': b'-- Up-to-date: /home/webotpi/ros2_ws/install/pi5_robot_description/share/pi5_robot_description/meshes/base_link.STL\n'}
[0.153798] (pi5_robot_description) StdoutLine: {'line': b'-- Up-to-date: /home/webotpi/ros2_ws/install/pi5_robot_description/share/pi5_robot_description/meshes/lfw.STL\n'}
[0.154174] (pi5_robot_description) StdoutLine: {'line': b'-- Up-to-date: /home/webotpi/ros2_ws/install/pi5_robot_description/share/pi5_robot_description/meshes/rbw.STL\n'}
[0.154291] (pi5_robot_description) StdoutLine: {'line': b'-- Up-to-date: /home/webotpi/ros2_ws/install/pi5_robot_description/share/pi5_robot_description/meshes/link8_r.STL\n'}
[0.154498] (pi5_robot_description) StdoutLine: {'line': b'-- Up-to-date: /home/webotpi/ros2_ws/install/pi5_robot_description/share/pi5_robot_description/meshes/arm_Link9_l.STL\n'}
[0.154674] (pi5_robot_description) StdoutLine: {'line': b'-- Up-to-date: /home/webotpi/ros2_ws/install/pi5_robot_description/share/pi5_robot_description/meshes/arm_Link7_r.STL\n'}
[0.154985] (pi5_robot_description) StdoutLine: {'line': b'-- Up-to-date: /home/webotpi/ros2_ws/install/pi5_robot_description/share/pi5_robot_description/meshes/arm_Link5.STL\n'}
[0.155255] (pi5_robot_description) StdoutLine: {'line': b'-- Up-to-date: /home/webotpi/ros2_ws/install/pi5_robot_description/share/pi5_robot_description/meshes/Link4.STL\n'}
[0.155525] (pi5_robot_description) StdoutLine: {'line': b'-- Up-to-date: /home/webotpi/ros2_ws/install/pi5_robot_description/share/pi5_robot_description/meshes/link6_r.STL\n'}
[0.155641] (pi5_robot_description) StdoutLine: {'line': b'-- Up-to-date: /home/webotpi/ros2_ws/install/pi5_robot_description/share/pi5_robot_description/meshes/Link7.STL\n'}
[0.155810] (pi5_robot_description) StdoutLine: {'line': b'-- Up-to-date: /home/webotpi/ros2_ws/install/pi5_robot_description/share/pi5_robot_description/meshes/arm_Link11_l.STL\n'}
[0.156066] (pi5_robot_description) StdoutLine: {'line': b'-- Up-to-date: /home/webotpi/ros2_ws/install/pi5_robot_description/share/pi5_robot_description/meshes/Link3.STL\n'}
[0.156229] (pi5_robot_description) StdoutLine: {'line': b'-- Up-to-date: /home/webotpi/ros2_ws/install/pi5_robot_description/share/pi5_robot_description/meshes/arm_Link2.STL\n'}
[0.156344] (pi5_robot_description) StdoutLine: {'line': b'-- Up-to-date: /home/webotpi/ros2_ws/install/pi5_robot_description/share/pi5_robot_description/meshes/link2.STL\n'}
[0.157231] (pi5_robot_description) StdoutLine: {'line': b'-- Up-to-date: /home/webotpi/ros2_ws/install/pi5_robot_description/share/pi5_robot_description/meshes/link9_l.STL\n'}
[0.157353] (pi5_robot_description) StdoutLine: {'line': b'-- Up-to-date: /home/webotpi/ros2_ws/install/pi5_robot_description/share/pi5_robot_description/meshes/arm_Link4.STL\n'}
[0.157619] (pi5_robot_description) StdoutLine: {'line': b'-- Up-to-date: /home/webotpi/ros2_ws/install/pi5_robot_description/share/pi5_robot_description/meshes/link3.STL\n'}
[0.158161] (pi5_robot_description) StdoutLine: {'line': b'-- Up-to-date: /home/webotpi/ros2_ws/install/pi5_robot_description/share/pi5_robot_description/meshes/link1.STL\n'}
[0.158298] (pi5_robot_description) StdoutLine: {'line': b'-- Up-to-date: /home/webotpi/ros2_ws/install/pi5_robot_description/share/pi5_robot_description/meshes/link11_l.STL\n'}
[0.158464] (pi5_robot_description) StdoutLine: {'line': b'-- Up-to-date: /home/webotpi/ros2_ws/install/pi5_robot_description/share/pi5_robot_description/meshes/link5.STL\n'}
[0.158603] (pi5_robot_description) StdoutLine: {'line': b'-- Up-to-date: /home/webotpi/ros2_ws/install/pi5_robot_description/share/pi5_robot_description/meshes/rfw.STL\n'}
[0.158728] (pi5_robot_description) StdoutLine: {'line': b'-- Up-to-date: /home/webotpi/ros2_ws/install/pi5_robot_description/share/pi5_robot_description/meshes/link10_l.STL\n'}
[0.158901] (pi5_robot_description) StdoutLine: {'line': b'-- Up-to-date: /home/webotpi/ros2_ws/install/pi5_robot_description/share/pi5_robot_description/meshes/link7_r.STL\n'}
[0.159037] (pi5_robot_description) StdoutLine: {'line': b'-- Up-to-date: /home/webotpi/ros2_ws/install/pi5_robot_description/share/pi5_robot_description/meshes/arm_Link10_l.STL\n'}
[0.159171] (pi5_robot_description) StdoutLine: {'line': b'-- Up-to-date: /home/webotpi/ros2_ws/install/pi5_robot_description/share/pi5_robot_description/meshes/arm_base_link.STL\n'}
[0.159294] (pi5_robot_description) StdoutLine: {'line': b'-- Up-to-date: /home/webotpi/ros2_ws/install/pi5_robot_description/share/pi5_robot_description/meshes/Link1.STL\n'}
[0.159458] (pi5_robot_description) StdoutLine: {'line': b'-- Up-to-date: /home/webotpi/ros2_ws/install/pi5_robot_description/share/pi5_robot_description/meshes/arm_Link6_r.STL\n'}
[0.159587] (pi5_robot_description) StdoutLine: {'line': b'-- Up-to-date: /home/webotpi/ros2_ws/install/pi5_robot_description/lib/pi5_robot_description/odom_only_node.py\n'}
[0.159698] (pi5_robot_description) StdoutLine: {'line': b'-- Up-to-date: /home/webotpi/ros2_ws/install/pi5_robot_description/lib/pi5_robot_description/cmd_vel_bridge_node.py\n'}
[0.159831] (pi5_robot_description) StdoutLine: {'line': b'-- Up-to-date: /home/webotpi/ros2_ws/install/pi5_robot_description/lib/pi5_robot_description/goal_pose_bridge.py\n'}
[0.159992] (pi5_robot_description) StdoutLine: {'line': b'-- Up-to-date: /home/webotpi/ros2_ws/install/pi5_robot_description/lib/pi5_robot_description/waypoint_navigator.py\n'}
[0.160113] (pi5_robot_description) StdoutLine: {'line': b'-- Up-to-date: /home/webotpi/ros2_ws/install/pi5_robot_description/lib/pi5_robot_description/nav_executor_node.py\n'}
[0.160248] (pi5_robot_description) StdoutLine: {'line': b'-- Up-to-date: /home/webotpi/ros2_ws/install/pi5_robot_description/lib/pi5_robot_description/yolo_zone_detect_node.py\n'}
[0.160396] (pi5_robot_description) StdoutLine: {'line': b'-- Up-to-date: /home/webotpi/ros2_ws/install/pi5_robot_description/lib/pi5_robot_description/save_map.sh\n'}
[0.160603] (pi5_robot_description) StdoutLine: {'line': b'-- Up-to-date: /home/webotpi/ros2_ws/install/pi5_robot_description/lib/pi5_robot_description/save_rtabmap_map.sh\n'}
[0.161152] (pi5_robot_description) StdoutLine: {'line': b'-- Up-to-date: /home/webotpi/ros2_ws/install/pi5_robot_description/lib/pi5_robot_description/verify_urdf.sh\n'}
[0.161882] (pi5_robot_description) StdoutLine: {'line': b'-- Up-to-date: /home/webotpi/ros2_ws/install/pi5_robot_description/lib/pi5_robot_description/waypoint_control.sh\n'}
[0.162069] (pi5_robot_description) StdoutLine: {'line': b'-- Up-to-date: /home/webotpi/ros2_ws/install/pi5_robot_description/share/ament_index/resource_index/package_run_dependencies/pi5_robot_description\n'}
[0.162232] (pi5_robot_description) StdoutLine: {'line': b'-- Up-to-date: /home/webotpi/ros2_ws/install/pi5_robot_description/share/ament_index/resource_index/parent_prefix_path/pi5_robot_description\n'}
[0.162339] (pi5_robot_description) StdoutLine: {'line': b'-- Up-to-date: /home/webotpi/ros2_ws/install/pi5_robot_description/share/pi5_robot_description/environment/ament_prefix_path.sh\n'}
[0.162711] (pi5_robot_description) StdoutLine: {'line': b'-- Up-to-date: /home/webotpi/ros2_ws/install/pi5_robot_description/share/pi5_robot_description/environment/ament_prefix_path.dsv\n'}
[0.163195] (pi5_robot_description) StdoutLine: {'line': b'-- Up-to-date: /home/webotpi/ros2_ws/install/pi5_robot_description/share/pi5_robot_description/environment/path.sh\n'}
[0.163372] (pi5_robot_description) StdoutLine: {'line': b'-- Up-to-date: /home/webotpi/ros2_ws/install/pi5_robot_description/share/pi5_robot_description/environment/path.dsv\n'}
[0.163701] (pi5_robot_description) StdoutLine: {'line': b'-- Up-to-date: /home/webotpi/ros2_ws/install/pi5_robot_description/share/pi5_robot_description/local_setup.bash\n'}
[0.164676] (pi5_robot_description) StdoutLine: {'line': b'-- Up-to-date: /home/webotpi/ros2_ws/install/pi5_robot_description/share/pi5_robot_description/local_setup.sh\n'}
[0.164835] (pi5_robot_description) StdoutLine: {'line': b'-- Up-to-date: /home/webotpi/ros2_ws/install/pi5_robot_description/share/pi5_robot_description/local_setup.zsh\n'}
[0.165346] (pi5_robot_description) StdoutLine: {'line': b'-- Up-to-date: /home/webotpi/ros2_ws/install/pi5_robot_description/share/pi5_robot_description/local_setup.dsv\n'}
[0.165512] (pi5_robot_description) StdoutLine: {'line': b'-- Installing: /home/webotpi/ros2_ws/install/pi5_robot_description/share/pi5_robot_description/package.dsv\n'}
[0.165753] (pi5_robot_description) StdoutLine: {'line': b'-- Up-to-date: /home/webotpi/ros2_ws/install/pi5_robot_description/share/ament_index/resource_index/packages/pi5_robot_description\n'}
[0.166011] (pi5_robot_description) StdoutLine: {'line': b'-- Up-to-date: /home/webotpi/ros2_ws/install/pi5_robot_description/share/pi5_robot_description/cmake/pi5_robot_descriptionConfig.cmake\n'}
[0.166123] (pi5_robot_description) StdoutLine: {'line': b'-- Up-to-date: /home/webotpi/ros2_ws/install/pi5_robot_description/share/pi5_robot_description/cmake/pi5_robot_descriptionConfig-version.cmake\n'}
[0.166450] (pi5_robot_description) StdoutLine: {'line': b'-- Up-to-date: /home/webotpi/ros2_ws/install/pi5_robot_description/share/pi5_robot_description/package.xml\n'}
[0.166992] (pi5_robot_description) CommandEnded: {'returncode': 0}
[0.193103] (pi5_robot_description) JobEnded: {'identifier': 'pi5_robot_description', 'rc': 0}
[0.194869] (-) EventReactorShutdown: {}
