[0.000000] (-) TimerEvent: {}
[0.000144] (-) JobUnselected: {'identifier': 'deptrum-ros-driver-aurora930'}
[0.000178] (-) JobUnselected: {'identifier': 'my_launch_pkg'}
[0.000199] (-) JobUnselected: {'identifier': 'my_srv'}
[0.000216] (-) JobUnselected: {'identifier': 'py_pkg'}
[0.000232] (-) JobUnselected: {'identifier': 'rplidar_ros'}
[0.000248] (-) JobUnselected: {'identifier': 'voice_interaction'}
[0.000266] (robot_integration) JobQueued: {'identifier': 'robot_integration', 'dependencies': OrderedDict()}
[0.000671] (robot_integration) JobStarted: {'identifier': 'robot_integration'}
[0.099660] (-) TimerEvent: {}
[0.199812] (-) TimerEvent: {}
[0.299974] (-) TimerEvent: {}
[0.400151] (-) TimerEvent: {}
[0.500318] (-) TimerEvent: {}
[0.600479] (-) TimerEvent: {}
[0.700639] (-) TimerEvent: {}
[0.800805] (-) TimerEvent: {}
[0.900980] (-) TimerEvent: {}
[1.001144] (-) TimerEvent: {}
[1.101317] (-) TimerEvent: {}
[1.188909] (robot_integration) Command: {'cmd': ['/usr/bin/python3', '-W', 'ignore:setup.py install is deprecated', '-W', 'ignore:easy_install command is deprecated', 'setup.py', 'egg_info', '--egg-base', '../../build/robot_integration', 'build', '--build-base', '/home/webotpi/ros2_ws/build/robot_integration/build', 'install', '--record', '/home/webotpi/ros2_ws/build/robot_integration/install.log', '--single-version-externally-managed', 'install_data'], 'cwd': '/home/webotpi/ros2_ws/src/robot_integration', 'env': {'LANGUAGE': 'zh_CN:en', 'USER': 'webotpi', 'SSH_CLIENT': '192.168.0.111 45856 22', 'LC_TIME': 'zh_CN.UTF-8', 'XDG_SESSION_TYPE': 'tty', 'SHLVL': '1', 'LD_LIBRARY_PATH': '/opt/ros/jazzy/opt/rviz_ogre_vendor/lib:/opt/ros/jazzy/lib/aarch64-linux-gnu:/opt/ros/jazzy/opt/gz_math_vendor/lib:/opt/ros/jazzy/opt/gz_utils_vendor/lib:/opt/ros/jazzy/opt/gz_cmake_vendor/lib:/opt/ros/jazzy/lib', 'HOME': '/home/webotpi', 'OLDPWD': '/home/webotpi', 'ROS_PYTHON_VERSION': '3', 'LC_MONETARY': 'zh_CN.UTF-8', 'DBUS_SESSION_BUS_ADDRESS': 'unix:path=/run/user/1000/bus', 'ROS_DISTRO': 'jazzy', 'LOGNAME': 'webotpi', '_': '/usr/bin/colcon', 'ROS_VERSION': '2', 'XDG_SESSION_CLASS': 'user', 'XDG_SESSION_ID': '37', 'PATH': '/opt/ros/jazzy/bin:/usr/local/sbin:/usr/local/bin:/usr/sbin:/usr/bin:/sbin:/bin:/usr/games:/usr/local/games:/snap/bin', 'PAPERSIZE': 'a4', 'LC_ADDRESS': 'zh_CN.UTF-8', 'XDG_RUNTIME_DIR': '/run/user/1000', 'LANG': 'zh_CN.UTF-8', 'LC_TELEPHONE': 'zh_CN.UTF-8', 'AMENT_PREFIX_PATH': '/opt/ros/jazzy', 'SHELL': '/bin/bash', 'LC_NAME': 'zh_CN.UTF-8', 'LC_MEASUREMENT': 'zh_CN.UTF-8', 'LC_IDENTIFICATION': 'zh_CN.UTF-8', 'ROS_AUTOMATIC_DISCOVERY_RANGE': 'SUBNET', 'PWD': '/home/webotpi/ros2_ws/build/robot_integration', 'SSH_CONNECTION': '192.168.0.111 45856 192.168.0.119 22', 'PYTHONPATH': '/home/webotpi/ros2_ws/build/robot_integration/prefix_override:/usr/lib/python3/dist-packages/colcon_core/task/python/colcon_distutils_commands:/home/webotpi/ros2_ws/install/robot_integration/lib/python3.12/site-packages:/opt/ros/jazzy/lib/python3.12/site-packages', 'LC_NUMERIC': 'zh_CN.UTF-8', 'LC_PAPER': 'zh_CN.UTF-8', 'COLCON': '1', 'CMAKE_PREFIX_PATH': '/opt/ros/jazzy/opt/gz_math_vendor:/opt/ros/jazzy/opt/gz_utils_vendor:/opt/ros/jazzy/opt/gz_cmake_vendor'}, 'shell': False}
[1.201396] (-) TimerEvent: {}
[1.301556] (-) TimerEvent: {}
[1.401723] (-) TimerEvent: {}
[1.501880] (-) TimerEvent: {}
[1.551778] (robot_integration) StdoutLine: {'line': b'running egg_info\n'}
[1.577817] (robot_integration) StdoutLine: {'line': b'writing ../../build/robot_integration/robot_integration.egg-info/PKG-INFO\n'}
[1.578228] (robot_integration) StdoutLine: {'line': b'writing dependency_links to ../../build/robot_integration/robot_integration.egg-info/dependency_links.txt\n'}
[1.584515] (robot_integration) StdoutLine: {'line': b'writing entry points to ../../build/robot_integration/robot_integration.egg-info/entry_points.txt\n'}
[1.585219] (robot_integration) StdoutLine: {'line': b'writing requirements to ../../build/robot_integration/robot_integration.egg-info/requires.txt\n'}
[1.585970] (robot_integration) StdoutLine: {'line': b'writing top-level names to ../../build/robot_integration/robot_integration.egg-info/top_level.txt\n'}
[1.601950] (-) TimerEvent: {}
[1.642732] (robot_integration) StdoutLine: {'line': b"reading manifest file '../../build/robot_integration/robot_integration.egg-info/SOURCES.txt'\n"}
[1.644080] (robot_integration) StdoutLine: {'line': b"writing manifest file '../../build/robot_integration/robot_integration.egg-info/SOURCES.txt'\n"}
[1.644308] (robot_integration) StdoutLine: {'line': b'running build\n'}
[1.644437] (robot_integration) StdoutLine: {'line': b'running build_py\n'}
[1.644884] (robot_integration) StdoutLine: {'line': b'copying robot_integration/self_driving_node.py -> /home/webotpi/ros2_ws/build/robot_integration/build/lib/robot_integration\n'}
[1.645466] (robot_integration) StdoutLine: {'line': b'running install\n'}
[1.654627] (robot_integration) StdoutLine: {'line': b'running install_lib\n'}
[1.683146] (robot_integration) StdoutLine: {'line': b'byte-compiling /home/webotpi/ros2_ws/install/robot_integration/lib/python3.12/site-packages/robot_integration/self_driving_node.py to self_driving_node.cpython-312.pyc\n'}
[1.693031] (robot_integration) StdoutLine: {'line': b'running install_data\n'}
[1.693462] (robot_integration) StdoutLine: {'line': b'copying config/self_driving_params.yaml -> /home/webotpi/ros2_ws/install/robot_integration/share/robot_integration/config\n'}
[1.693873] (robot_integration) StdoutLine: {'line': b'running install_egg_info\n'}
[1.702024] (-) TimerEvent: {}
[1.723382] (robot_integration) StdoutLine: {'line': b"removing '/home/webotpi/ros2_ws/install/robot_integration/lib/python3.12/site-packages/robot_integration-1.0.0-py3.12.egg-info' (and everything under it)\n"}
[1.723765] (robot_integration) StdoutLine: {'line': b'Copying ../../build/robot_integration/robot_integration.egg-info to /home/webotpi/ros2_ws/install/robot_integration/lib/python3.12/site-packages/robot_integration-1.0.0-py3.12.egg-info\n'}
[1.724954] (robot_integration) StdoutLine: {'line': b'running install_scripts\n'}
[1.802122] (-) TimerEvent: {}
[1.902287] (-) TimerEvent: {}
[1.907209] (robot_integration) StdoutLine: {'line': b'Installing arm_controller_node script to /home/webotpi/ros2_ws/install/robot_integration/lib/robot_integration\n'}
[1.907472] (robot_integration) StdoutLine: {'line': b'Installing balance_beam_node script to /home/webotpi/ros2_ws/install/robot_integration/lib/robot_integration\n'}
[1.914109] (robot_integration) StdoutLine: {'line': b'Installing car_controller_node script to /home/webotpi/ros2_ws/install/robot_integration/lib/robot_integration\n'}
[1.916586] (robot_integration) StdoutLine: {'line': b'Installing coordinator_node script to /home/webotpi/ros2_ws/install/robot_integration/lib/robot_integration\n'}
[1.917697] (robot_integration) StdoutLine: {'line': b'Installing edge_detect_node script to /home/webotpi/ros2_ws/install/robot_integration/lib/robot_integration\n'}
[1.918854] (robot_integration) StdoutLine: {'line': b'Installing line_follow_node script to /home/webotpi/ros2_ws/install/robot_integration/lib/robot_integration\n'}
[1.920053] (robot_integration) StdoutLine: {'line': b'Installing self_driving_node script to /home/webotpi/ros2_ws/install/robot_integration/lib/robot_integration\n'}
[1.921173] (robot_integration) StdoutLine: {'line': b'Installing stm32_bridge_node script to /home/webotpi/ros2_ws/install/robot_integration/lib/robot_integration\n'}
[1.922830] (robot_integration) StdoutLine: {'line': b"writing list of installed files to '/home/webotpi/ros2_ws/build/robot_integration/install.log'\n"}
[2.002389] (-) TimerEvent: {}
[2.003118] (robot_integration) CommandEnded: {'returncode': 0}
[2.025265] (robot_integration) JobEnded: {'identifier': 'robot_integration', 'rc': 0}
[2.026103] (-) EventReactorShutdown: {}
