[0.035s] Invoking command in '/home/webotpi/ros2_ws/build/pi5_robot_description': CMAKE_PREFIX_PATH=${CMAKE_PREFIX_PATH}:/opt/ros/jazzy /usr/bin/cmake /home/webotpi/ros2_ws/src/pi5_robot_description -DAMENT_CMAKE_SYMLINK_INSTALL=1 -DCMAKE_INSTALL_PREFIX=/home/webotpi/ros2_ws/install/pi5_robot_description
[0.193s] -- Found ament_cmake: 2.5.6 (/opt/ros/jazzy/share/ament_cmake/cmake)
[0.673s] -- Override CMake install command with custom implementation using symlinks instead of copying resources
[0.927s] -- Configuring done (0.8s)
[0.952s] -- Generating done (0.0s)
[0.964s] -- Build files have been written to: /home/webotpi/ros2_ws/build/pi5_robot_description
[0.970s] Invoked command in '/home/webotpi/ros2_ws/build/pi5_robot_description' returned '0': CMAKE_PREFIX_PATH=${CMAKE_PREFIX_PATH}:/opt/ros/jazzy /usr/bin/cmake /home/webotpi/ros2_ws/src/pi5_robot_description -DAMENT_CMAKE_SYMLINK_INSTALL=1 -DCMAKE_INSTALL_PREFIX=/home/webotpi/ros2_ws/install/pi5_robot_description
[0.972s] Invoking command in '/home/webotpi/ros2_ws/build/pi5_robot_description': CMAKE_PREFIX_PATH=${CMAKE_PREFIX_PATH}:/opt/ros/jazzy /usr/bin/cmake --build /home/webotpi/ros2_ws/build/pi5_robot_description -- -j4 -l4
[1.081s] Invoked command in '/home/webotpi/ros2_ws/build/pi5_robot_description' returned '0': CMAKE_PREFIX_PATH=${CMAKE_PREFIX_PATH}:/opt/ros/jazzy /usr/bin/cmake --build /home/webotpi/ros2_ws/build/pi5_robot_description -- -j4 -l4
[1.110s] Invoking command in '/home/webotpi/ros2_ws/build/pi5_robot_description': CMAKE_PREFIX_PATH=${CMAKE_PREFIX_PATH}:/opt/ros/jazzy /usr/bin/cmake --install /home/webotpi/ros2_ws/build/pi5_robot_description
[1.127s] -- Install configuration: ""
[1.128s] -- Execute custom install script
[1.129s] -- Up-to-date symlink: /home/webotpi/ros2_ws/install/pi5_robot_description/share/pi5_robot_description/urdf/pi5_arm_robot.urdf.xacro
[1.130s] -- Up-to-date symlink: /home/webotpi/ros2_ws/install/pi5_robot_description/share/pi5_robot_description/launch/nav2_navigation.launch.py
[1.130s] -- Up-to-date symlink: /home/webotpi/ros2_ws/install/pi5_robot_description/share/pi5_robot_description/launch/slam_mapping.launch.py
[1.130s] -- Up-to-date symlink: /home/webotpi/ros2_ws/install/pi5_robot_description/share/pi5_robot_description/launch/view_robot.launch.py
[1.130s] -- Up-to-date symlink: /home/webotpi/ros2_ws/install/pi5_robot_description/share/pi5_robot_description/config/nav2.rviz
[1.131s] -- Up-to-date symlink: /home/webotpi/ros2_ws/install/pi5_robot_description/share/pi5_robot_description/config/nav2_params.yaml
[1.131s] -- Symlinking: /home/webotpi/ros2_ws/install/pi5_robot_description/share/pi5_robot_description/config/nav2_params.yaml.bak
[1.153s] -- Up-to-date symlink: /home/webotpi/ros2_ws/install/pi5_robot_description/share/pi5_robot_description/config/slam_toolbox_mapping.yaml
[1.153s] -- Up-to-date symlink: /home/webotpi/ros2_ws/install/pi5_robot_description/share/pi5_robot_description/config/view_robot.rviz
[1.153s] -- Up-to-date symlink: /home/webotpi/ros2_ws/install/pi5_robot_description/lib/pi5_robot_description/odom_only_node.py
[1.154s] -- Up-to-date symlink: /home/webotpi/ros2_ws/install/pi5_robot_description/lib/pi5_robot_description/cmd_vel_bridge_node.py
[1.154s] -- Up-to-date symlink: /home/webotpi/ros2_ws/install/pi5_robot_description/lib/pi5_robot_description/goal_pose_bridge.py
[1.154s] -- Up-to-date symlink: /home/webotpi/ros2_ws/install/pi5_robot_description/lib/pi5_robot_description/save_map.sh
[1.154s] -- Up-to-date symlink: /home/webotpi/ros2_ws/install/pi5_robot_description/lib/pi5_robot_description/verify_urdf.sh
[1.161s] -- Up-to-date symlink: /home/webotpi/ros2_ws/install/pi5_robot_description/share/ament_index/resource_index/package_run_dependencies/pi5_robot_description
[1.162s] -- Up-to-date symlink: /home/webotpi/ros2_ws/install/pi5_robot_description/share/ament_index/resource_index/parent_prefix_path/pi5_robot_description
[1.162s] -- Up-to-date symlink: /home/webotpi/ros2_ws/install/pi5_robot_description/share/pi5_robot_description/environment/ament_prefix_path.sh
[1.162s] -- Up-to-date symlink: /home/webotpi/ros2_ws/install/pi5_robot_description/share/pi5_robot_description/environment/ament_prefix_path.dsv
[1.162s] -- Up-to-date symlink: /home/webotpi/ros2_ws/install/pi5_robot_description/share/pi5_robot_description/environment/path.sh
[1.162s] -- Up-to-date symlink: /home/webotpi/ros2_ws/install/pi5_robot_description/share/pi5_robot_description/environment/path.dsv
[1.163s] -- Up-to-date symlink: /home/webotpi/ros2_ws/install/pi5_robot_description/share/pi5_robot_description/local_setup.bash
[1.163s] -- Up-to-date symlink: /home/webotpi/ros2_ws/install/pi5_robot_description/share/pi5_robot_description/local_setup.sh
[1.163s] -- Up-to-date symlink: /home/webotpi/ros2_ws/install/pi5_robot_description/share/pi5_robot_description/local_setup.zsh
[1.163s] -- Up-to-date symlink: /home/webotpi/ros2_ws/install/pi5_robot_description/share/pi5_robot_description/local_setup.dsv
[1.163s] -- Symlinking: /home/webotpi/ros2_ws/install/pi5_robot_description/share/pi5_robot_description/package.dsv
[1.186s] -- Up-to-date symlink: /home/webotpi/ros2_ws/install/pi5_robot_description/share/ament_index/resource_index/packages/pi5_robot_description
[1.187s] -- Up-to-date symlink: /home/webotpi/ros2_ws/install/pi5_robot_description/share/pi5_robot_description/cmake/pi5_robot_descriptionConfig.cmake
[1.187s] -- Up-to-date symlink: /home/webotpi/ros2_ws/install/pi5_robot_description/share/pi5_robot_description/cmake/pi5_robot_descriptionConfig-version.cmake
[1.187s] -- Up-to-date symlink: /home/webotpi/ros2_ws/install/pi5_robot_description/share/pi5_robot_description/package.xml
[1.191s] Invoked command in '/home/webotpi/ros2_ws/build/pi5_robot_description' returned '0': CMAKE_PREFIX_PATH=${CMAKE_PREFIX_PATH}:/opt/ros/jazzy /usr/bin/cmake --install /home/webotpi/ros2_ws/build/pi5_robot_description
