[0.012s] Invoking command in '/home/webotpi/ros2_ws/build/my_srv': CMAKE_PREFIX_PATH=${CMAKE_PREFIX_PATH}:/opt/ros/jazzy /usr/bin/cmake /home/webotpi/ros2_ws/src/my_srv -DCMAKE_INSTALL_PREFIX=/home/webotpi/ros2_ws/install/my_srv
[0.470s] -- The C compiler identification is GNU 13.3.0
[1.029s] -- The CXX compiler identification is GNU 13.3.0
[1.095s] -- Detecting C compiler ABI info
[1.338s] -- Detecting C compiler ABI info - done
[1.354s] -- Check for working C compiler: /usr/bin/cc - skipped
[1.359s] -- Detecting C compile features
[1.364s] -- Detecting C compile features - done
[1.415s] -- Detecting CXX compiler ABI info
[1.715s] -- Detecting CXX compiler ABI info - done
[1.745s] -- Check for working CXX compiler: /usr/bin/c++ - skipped
[1.745s] -- Detecting CXX compile features
[1.753s] -- Detecting CXX compile features - done
[1.766s] -- Found ament_cmake: 2.5.6 (/opt/ros/jazzy/share/ament_cmake/cmake)
[2.206s] -- Found Python3: /usr/bin/python3 (found version "3.12.3") found components: Interpreter 
[2.617s] -- Found cv_bridge: 4.1.0 (/opt/ros/jazzy/share/cv_bridge/cmake)
[2.762s] -- Found rosidl_generator_c: 4.6.7 (/opt/ros/jazzy/share/rosidl_generator_c/cmake)
[2.798s] -- Found rosidl_generator_cpp: 4.6.7 (/opt/ros/jazzy/share/rosidl_generator_cpp/cmake)
[2.945s] -- Using all available rosidl_typesupport_c: rosidl_typesupport_fastrtps_c;rosidl_typesupport_introspection_c
[3.527s] -- Using all available rosidl_typesupport_cpp: rosidl_typesupport_fastrtps_cpp;rosidl_typesupport_introspection_cpp
[4.199s] -- Found rmw_implementation_cmake: 7.3.3 (/opt/ros/jazzy/share/rmw_implementation_cmake/cmake)
[4.208s] -- Found rmw_fastrtps_cpp: 8.4.3 (/opt/ros/jazzy/share/rmw_fastrtps_cpp/cmake)
[4.469s] -- Found OpenSSL: /usr/lib/aarch64-linux-gnu/libcrypto.so (found version "3.0.13")  
[4.531s] -- Found FastRTPS: /opt/ros/jazzy/include (Required is at least version "2.13") 
[4.588s] -- Using RMW implementation 'rmw_fastrtps_cpp' as default
[4.810s] -- Found rosbridge_suite: 2.6.0 (/opt/ros/jazzy/share/rosbridge_suite/cmake)
[4.818s] -- Found rosidl_default_generators: 1.6.0 (/opt/ros/jazzy/share/rosidl_default_generators/cmake)
[4.890s] -- Found rosidl_adapter: 4.6.7 (/opt/ros/jazzy/share/rosidl_adapter/cmake)
[6.580s] -- Found ament_cmake_ros: 0.12.0 (/opt/ros/jazzy/share/ament_cmake_ros/cmake)
[8.545s] -- Using all available rosidl_typesupport_c: rosidl_typesupport_fastrtps_c;rosidl_typesupport_introspection_c
[9.328s] -- Using all available rosidl_typesupport_cpp: rosidl_typesupport_fastrtps_cpp;rosidl_typesupport_introspection_cpp
[9.335s] -- Found python_cmake_module: 0.11.1 (/opt/ros/jazzy/share/python_cmake_module/cmake)
[9.748s] -- Found PythonExtra: /usr/bin/python3  
[10.986s] -- Found Python3: /usr/bin/python3 (found version "3.12.3") found components: Interpreter Development NumPy Development.Module Development.Embed 
[11.193s] -- Found Python3: /usr/bin/python3 (found version "3.12.3") found components: Interpreter 
[11.202s] -- Found ament_lint_auto: 0.17.5 (/opt/ros/jazzy/share/ament_lint_auto/cmake)
[11.320s] -- Added test 'flake8' to check Python code syntax and style conventions
[11.320s] -- Configured 'flake8' exclude dirs and/or files: 
[11.322s] -- Added test 'lint_cmake' to check CMake code style
[11.326s] -- Added test 'pep257' to check Python code against some of the docstring style conventions in PEP 257
[11.337s] -- Added test 'xmllint' to check XML markup files
[11.353s] -- Configuring done (11.3s)
[11.433s] -- Generating done (0.1s)
[11.453s] -- Build files have been written to: /home/webotpi/ros2_ws/build/my_srv
[11.518s] Invoked command in '/home/webotpi/ros2_ws/build/my_srv' returned '0': CMAKE_PREFIX_PATH=${CMAKE_PREFIX_PATH}:/opt/ros/jazzy /usr/bin/cmake /home/webotpi/ros2_ws/src/my_srv -DCMAKE_INSTALL_PREFIX=/home/webotpi/ros2_ws/install/my_srv
[11.528s] Invoking command in '/home/webotpi/ros2_ws/build/my_srv': CMAKE_PREFIX_PATH=${CMAKE_PREFIX_PATH}:/opt/ros/jazzy /usr/bin/cmake --build /home/webotpi/ros2_ws/build/my_srv -- -j4 -l4
[11.681s] [  2%] Generating Rust code for ROS interfaces
[11.688s] [  5%] Generating type hashes for ROS interfaces
[11.732s] [  5%] Built target ament_cmake_python_copy_my_srv
[12.406s] [  5%] Built target my_srv__rosidl_generator_type_description
[12.419s] running egg_info
[12.420s] creating my_srv.egg-info
[12.432s] [  8%] Generating C code for ROS interfaces
[12.534s] [ 11%] Generating C++ code for ROS interfaces
[12.583s] writing my_srv.egg-info/PKG-INFO
[12.589s] writing dependency_links to my_srv.egg-info/dependency_links.txt
[12.589s] writing top-level names to my_srv.egg-info/top_level.txt
[12.593s] writing manifest file 'my_srv.egg-info/SOURCES.txt'
[12.770s] reading manifest file 'my_srv.egg-info/SOURCES.txt'
[12.773s] writing manifest file 'my_srv.egg-info/SOURCES.txt'
[12.935s] [ 11%] Built target ament_cmake_python_build_my_srv_egg
[12.949s] [ 11%] Built target my_srv__rs
[13.636s] [ 17%] Building C object CMakeFiles/my_srv__rosidl_generator_c.dir/rosidl_generator_c/my_srv/srv/detail/add__type_support.c.o
[13.639s] [ 17%] Building C object CMakeFiles/my_srv__rosidl_generator_c.dir/rosidl_generator_c/my_srv/srv/detail/add__functions.c.o
[13.657s] [ 20%] Built target my_srv__cpp
[13.659s] [ 20%] Building C object CMakeFiles/my_srv__rosidl_generator_c.dir/rosidl_generator_c/my_srv/srv/detail/add__description.c.o
[13.971s] [ 22%] Linking C shared library libmy_srv__rosidl_generator_c.so
[14.058s] [ 22%] Built target my_srv__rosidl_generator_c
[14.094s] [ 25%] Generating C introspection for ROS interfaces
[14.107s] [ 31%] Generating C++ type support for eProsima Fast-RTPS
[14.120s] [ 31%] Generating C type support for eProsima Fast-RTPS
[15.010s] [ 34%] Generating C type support dispatch for ROS interfaces
[15.016s] [ 37%] Building CXX object CMakeFiles/my_srv__rosidl_typesupport_fastrtps_c.dir/rosidl_typesupport_fastrtps_c/my_srv/srv/detail/add__type_support_c.cpp.o
[15.085s] [ 40%] Building C object CMakeFiles/my_srv__rosidl_typesupport_introspection_c.dir/rosidl_typesupport_introspection_c/my_srv/srv/detail/add__type_support.c.o
[15.224s] [ 42%] Building CXX object CMakeFiles/my_srv__rosidl_typesupport_fastrtps_cpp.dir/rosidl_typesupport_fastrtps_cpp/my_srv/srv/detail/dds_fastrtps/add__type_support.cpp.o
[15.291s] [ 45%] Linking C shared library libmy_srv__rosidl_typesupport_introspection_c.so
[15.428s] [ 45%] Built target my_srv__rosidl_typesupport_introspection_c
[15.450s] [ 48%] Generating C++ introspection for ROS interfaces
[15.987s] [ 51%] Building CXX object CMakeFiles/my_srv__rosidl_typesupport_c.dir/rosidl_typesupport_c/my_srv/srv/add__type_support.cpp.o
[16.264s] [ 54%] Linking CXX shared library libmy_srv__rosidl_typesupport_c.so
[16.440s] [ 57%] Building CXX object CMakeFiles/my_srv__rosidl_typesupport_introspection_cpp.dir/rosidl_typesupport_introspection_cpp/my_srv/srv/detail/add__type_support.cpp.o
[16.471s] [ 57%] Built target my_srv__rosidl_typesupport_c
[16.530s] [ 60%] Generating C++ type support dispatch for ROS interfaces
[17.589s] [ 62%] Building CXX object CMakeFiles/my_srv__rosidl_typesupport_cpp.dir/rosidl_typesupport_cpp/my_srv/srv/add__type_support.cpp.o
[17.779s] [ 65%] Linking CXX shared library libmy_srv__rosidl_typesupport_fastrtps_c.so
[18.035s] [ 68%] Linking CXX shared library libmy_srv__rosidl_typesupport_introspection_cpp.so
[18.037s] [ 68%] Built target my_srv__rosidl_typesupport_fastrtps_c
[18.381s] [ 68%] Built target my_srv__rosidl_typesupport_introspection_cpp
[18.442s] [ 71%] Linking CXX shared library libmy_srv__rosidl_typesupport_fastrtps_cpp.so
[18.749s] [ 71%] Built target my_srv__rosidl_typesupport_fastrtps_cpp
[19.139s] [ 74%] Linking CXX shared library libmy_srv__rosidl_typesupport_cpp.so
[19.415s] [ 74%] Built target my_srv__rosidl_typesupport_cpp
[19.472s] [ 74%] Built target my_srv
[19.523s] [ 77%] Generating Python code for ROS interfaces
[20.513s] [ 77%] Built target my_srv__py
[20.569s] [ 80%] Building C object CMakeFiles/my_srv__rosidl_generator_py.dir/rosidl_generator_py/my_srv/srv/_add_s.c.o
[21.133s] [ 82%] Linking C shared library libmy_srv__rosidl_generator_py.so
[21.258s] [ 82%] Built target my_srv__rosidl_generator_py
[21.306s] [ 85%] Building C object CMakeFiles/my_srv_s__rosidl_typesupport_fastrtps_c.dir/rosidl_generator_py/my_srv/_my_srv_s.ep.rosidl_typesupport_fastrtps_c.c.o
[21.313s] [ 88%] Building C object CMakeFiles/my_srv_s__rosidl_typesupport_introspection_c.dir/rosidl_generator_py/my_srv/_my_srv_s.ep.rosidl_typesupport_introspection_c.c.o
[21.337s] [ 91%] Building C object CMakeFiles/my_srv_s__rosidl_typesupport_c.dir/rosidl_generator_py/my_srv/_my_srv_s.ep.rosidl_typesupport_c.c.o
[21.663s] [ 94%] Linking C shared module rosidl_generator_py/my_srv/my_srv_s__rosidl_typesupport_introspection_c.so
[21.667s] [ 97%] Linking C shared module rosidl_generator_py/my_srv/my_srv_s__rosidl_typesupport_fastrtps_c.so
[21.670s] [100%] Linking C shared module rosidl_generator_py/my_srv/my_srv_s__rosidl_typesupport_c.so
[21.753s] [100%] Built target my_srv_s__rosidl_typesupport_fastrtps_c
[21.773s] [100%] Built target my_srv_s__rosidl_typesupport_c
[21.776s] [100%] Built target my_srv_s__rosidl_typesupport_introspection_c
[21.800s] Invoked command in '/home/webotpi/ros2_ws/build/my_srv' returned '0': CMAKE_PREFIX_PATH=${CMAKE_PREFIX_PATH}:/opt/ros/jazzy /usr/bin/cmake --build /home/webotpi/ros2_ws/build/my_srv -- -j4 -l4
[21.820s] Invoking command in '/home/webotpi/ros2_ws/build/my_srv': CMAKE_PREFIX_PATH=${CMAKE_PREFIX_PATH}:/opt/ros/jazzy /usr/bin/cmake --install /home/webotpi/ros2_ws/build/my_srv
[21.835s] -- Install configuration: ""
[21.836s] -- Installing: /home/webotpi/ros2_ws/install/my_srv/share/ament_index/resource_index/rosidl_interfaces/my_srv
[21.836s] -- Installing: /home/webotpi/ros2_ws/install/my_srv/share/my_srv/srv/Add.json
[21.837s] -- Installing: /home/webotpi/ros2_ws/install/my_srv/include/my_srv/my_srv
[21.837s] -- Installing: /home/webotpi/ros2_ws/install/my_srv/include/my_srv/my_srv/msg
[21.837s] -- Installing: /home/webotpi/ros2_ws/install/my_srv/include/my_srv/my_srv/msg/rosidl_generator_c__visibility_control.h
[21.837s] -- Installing: /home/webotpi/ros2_ws/install/my_srv/include/my_srv/my_srv/srv
[21.837s] -- Installing: /home/webotpi/ros2_ws/install/my_srv/include/my_srv/my_srv/srv/add.h
[21.837s] -- Installing: /home/webotpi/ros2_ws/install/my_srv/include/my_srv/my_srv/srv/detail
[21.839s] -- Installing: /home/webotpi/ros2_ws/install/my_srv/include/my_srv/my_srv/srv/detail/add__functions.c
[21.839s] -- Installing: /home/webotpi/ros2_ws/install/my_srv/include/my_srv/my_srv/srv/detail/add__type_support.h
[21.839s] -- Installing: /home/webotpi/ros2_ws/install/my_srv/include/my_srv/my_srv/srv/detail/add__type_support.c
[21.839s] -- Installing: /home/webotpi/ros2_ws/install/my_srv/include/my_srv/my_srv/srv/detail/add__struct.h
[21.839s] -- Installing: /home/webotpi/ros2_ws/install/my_srv/include/my_srv/my_srv/srv/detail/add__functions.h
[21.839s] -- Installing: /home/webotpi/ros2_ws/install/my_srv/include/my_srv/my_srv/srv/detail/add__description.c
[21.840s] -- Installing: /home/webotpi/ros2_ws/install/my_srv/share/my_srv/environment/library_path.sh
[21.840s] -- Installing: /home/webotpi/ros2_ws/install/my_srv/share/my_srv/environment/library_path.dsv
[21.840s] -- Installing: /home/webotpi/ros2_ws/install/my_srv/lib/libmy_srv__rosidl_generator_c.so
[21.840s] -- Set non-toolchain portion of runtime path of "/home/webotpi/ros2_ws/install/my_srv/lib/libmy_srv__rosidl_generator_c.so" to ""
[21.840s] -- Up-to-date: /home/webotpi/ros2_ws/install/my_srv/include/my_srv/my_srv
[21.840s] -- Up-to-date: /home/webotpi/ros2_ws/install/my_srv/include/my_srv/my_srv/msg
[21.841s] -- Installing: /home/webotpi/ros2_ws/install/my_srv/include/my_srv/my_srv/msg/rosidl_typesupport_fastrtps_c__visibility_control.h
[21.841s] -- Up-to-date: /home/webotpi/ros2_ws/install/my_srv/include/my_srv/my_srv/srv
[21.841s] -- Up-to-date: /home/webotpi/ros2_ws/install/my_srv/include/my_srv/my_srv/srv/detail
[21.841s] -- Installing: /home/webotpi/ros2_ws/install/my_srv/include/my_srv/my_srv/srv/detail/add__rosidl_typesupport_fastrtps_c.h
[21.841s] -- Installing: /home/webotpi/ros2_ws/install/my_srv/lib/libmy_srv__rosidl_typesupport_fastrtps_c.so
[21.842s] -- Set non-toolchain portion of runtime path of "/home/webotpi/ros2_ws/install/my_srv/lib/libmy_srv__rosidl_typesupport_fastrtps_c.so" to ""
[21.842s] -- Up-to-date: /home/webotpi/ros2_ws/install/my_srv/include/my_srv/my_srv
[21.842s] -- Up-to-date: /home/webotpi/ros2_ws/install/my_srv/include/my_srv/my_srv/msg
[21.842s] -- Installing: /home/webotpi/ros2_ws/install/my_srv/include/my_srv/my_srv/msg/rosidl_generator_cpp__visibility_control.hpp
[21.842s] -- Up-to-date: /home/webotpi/ros2_ws/install/my_srv/include/my_srv/my_srv/srv
[21.842s] -- Installing: /home/webotpi/ros2_ws/install/my_srv/include/my_srv/my_srv/srv/add.hpp
[21.843s] -- Up-to-date: /home/webotpi/ros2_ws/install/my_srv/include/my_srv/my_srv/srv/detail
[21.843s] -- Installing: /home/webotpi/ros2_ws/install/my_srv/include/my_srv/my_srv/srv/detail/add__type_support.hpp
[21.843s] -- Installing: /home/webotpi/ros2_ws/install/my_srv/include/my_srv/my_srv/srv/detail/add__struct.hpp
[21.843s] -- Installing: /home/webotpi/ros2_ws/install/my_srv/include/my_srv/my_srv/srv/detail/add__traits.hpp
[21.843s] -- Installing: /home/webotpi/ros2_ws/install/my_srv/include/my_srv/my_srv/srv/detail/add__builder.hpp
[21.844s] -- Up-to-date: /home/webotpi/ros2_ws/install/my_srv/include/my_srv/my_srv
[21.844s] -- Up-to-date: /home/webotpi/ros2_ws/install/my_srv/include/my_srv/my_srv/msg
[21.844s] -- Installing: /home/webotpi/ros2_ws/install/my_srv/include/my_srv/my_srv/msg/rosidl_typesupport_fastrtps_cpp__visibility_control.h
[21.844s] -- Up-to-date: /home/webotpi/ros2_ws/install/my_srv/include/my_srv/my_srv/srv
[21.844s] -- Up-to-date: /home/webotpi/ros2_ws/install/my_srv/include/my_srv/my_srv/srv/detail
[21.844s] -- Installing: /home/webotpi/ros2_ws/install/my_srv/include/my_srv/my_srv/srv/detail/add__rosidl_typesupport_fastrtps_cpp.hpp
[21.844s] -- Installing: /home/webotpi/ros2_ws/install/my_srv/include/my_srv/my_srv/srv/detail/dds_fastrtps
[21.844s] -- Installing: /home/webotpi/ros2_ws/install/my_srv/lib/libmy_srv__rosidl_typesupport_fastrtps_cpp.so
[21.845s] -- Set non-toolchain portion of runtime path of "/home/webotpi/ros2_ws/install/my_srv/lib/libmy_srv__rosidl_typesupport_fastrtps_cpp.so" to ""
[21.845s] -- Up-to-date: /home/webotpi/ros2_ws/install/my_srv/include/my_srv/my_srv
[21.845s] -- Up-to-date: /home/webotpi/ros2_ws/install/my_srv/include/my_srv/my_srv/msg
[21.845s] -- Installing: /home/webotpi/ros2_ws/install/my_srv/include/my_srv/my_srv/msg/rosidl_typesupport_introspection_c__visibility_control.h
[21.845s] -- Up-to-date: /home/webotpi/ros2_ws/install/my_srv/include/my_srv/my_srv/srv
[21.846s] -- Up-to-date: /home/webotpi/ros2_ws/install/my_srv/include/my_srv/my_srv/srv/detail
[21.846s] -- Installing: /home/webotpi/ros2_ws/install/my_srv/include/my_srv/my_srv/srv/detail/add__type_support.c
[21.847s] -- Installing: /home/webotpi/ros2_ws/install/my_srv/include/my_srv/my_srv/srv/detail/add__rosidl_typesupport_introspection_c.h
[21.847s] -- Installing: /home/webotpi/ros2_ws/install/my_srv/lib/libmy_srv__rosidl_typesupport_introspection_c.so
[21.848s] -- Set non-toolchain portion of runtime path of "/home/webotpi/ros2_ws/install/my_srv/lib/libmy_srv__rosidl_typesupport_introspection_c.so" to ""
[21.849s] -- Installing: /home/webotpi/ros2_ws/install/my_srv/lib/libmy_srv__rosidl_typesupport_c.so
[21.852s] -- Set non-toolchain portion of runtime path of "/home/webotpi/ros2_ws/install/my_srv/lib/libmy_srv__rosidl_typesupport_c.so" to ""
[21.852s] -- Up-to-date: /home/webotpi/ros2_ws/install/my_srv/include/my_srv/my_srv
[21.852s] -- Up-to-date: /home/webotpi/ros2_ws/install/my_srv/include/my_srv/my_srv/srv
[21.853s] -- Up-to-date: /home/webotpi/ros2_ws/install/my_srv/include/my_srv/my_srv/srv/detail
[21.857s] -- Installing: /home/webotpi/ros2_ws/install/my_srv/include/my_srv/my_srv/srv/detail/add__type_support.cpp
[21.857s] -- Installing: /home/webotpi/ros2_ws/install/my_srv/include/my_srv/my_srv/srv/detail/add__rosidl_typesupport_introspection_cpp.hpp
[21.857s] -- Installing: /home/webotpi/ros2_ws/install/my_srv/lib/libmy_srv__rosidl_typesupport_introspection_cpp.so
[21.858s] -- Set non-toolchain portion of runtime path of "/home/webotpi/ros2_ws/install/my_srv/lib/libmy_srv__rosidl_typesupport_introspection_cpp.so" to ""
[21.858s] -- Installing: /home/webotpi/ros2_ws/install/my_srv/lib/libmy_srv__rosidl_typesupport_cpp.so
[21.858s] -- Set non-toolchain portion of runtime path of "/home/webotpi/ros2_ws/install/my_srv/lib/libmy_srv__rosidl_typesupport_cpp.so" to ""
[21.858s] -- Installing: /home/webotpi/ros2_ws/install/my_srv/share/my_srv/environment/pythonpath.sh
[21.858s] -- Installing: /home/webotpi/ros2_ws/install/my_srv/share/my_srv/environment/pythonpath.dsv
[21.859s] -- Installing: /home/webotpi/ros2_ws/install/my_srv/lib/python3.12/site-packages/my_srv-0.0.0-py3.12.egg-info
[21.859s] -- Installing: /home/webotpi/ros2_ws/install/my_srv/lib/python3.12/site-packages/my_srv-0.0.0-py3.12.egg-info/top_level.txt
[21.863s] -- Installing: /home/webotpi/ros2_ws/install/my_srv/lib/python3.12/site-packages/my_srv-0.0.0-py3.12.egg-info/PKG-INFO
[21.863s] -- Installing: /home/webotpi/ros2_ws/install/my_srv/lib/python3.12/site-packages/my_srv-0.0.0-py3.12.egg-info/SOURCES.txt
[21.863s] -- Installing: /home/webotpi/ros2_ws/install/my_srv/lib/python3.12/site-packages/my_srv-0.0.0-py3.12.egg-info/dependency_links.txt
[21.863s] -- Installing: /home/webotpi/ros2_ws/install/my_srv/lib/python3.12/site-packages/my_srv
[21.863s] -- Installing: /home/webotpi/ros2_ws/install/my_srv/lib/python3.12/site-packages/my_srv/_my_srv_s.ep.rosidl_typesupport_c.c
[21.863s] -- Installing: /home/webotpi/ros2_ws/install/my_srv/lib/python3.12/site-packages/my_srv/_my_srv_s.ep.rosidl_typesupport_introspection_c.c
[21.863s] -- Installing: /home/webotpi/ros2_ws/install/my_srv/lib/python3.12/site-packages/my_srv/my_srv_s__rosidl_typesupport_c.so
[21.865s] -- Installing: /home/webotpi/ros2_ws/install/my_srv/lib/python3.12/site-packages/my_srv/__init__.py
[21.865s] -- Installing: /home/webotpi/ros2_ws/install/my_srv/lib/python3.12/site-packages/my_srv/srv
[21.866s] -- Installing: /home/webotpi/ros2_ws/install/my_srv/lib/python3.12/site-packages/my_srv/srv/__init__.py
[21.866s] -- Installing: /home/webotpi/ros2_ws/install/my_srv/lib/python3.12/site-packages/my_srv/srv/_add.py
[21.866s] -- Installing: /home/webotpi/ros2_ws/install/my_srv/lib/python3.12/site-packages/my_srv/srv/_add_s.c
[21.867s] -- Installing: /home/webotpi/ros2_ws/install/my_srv/lib/python3.12/site-packages/my_srv/_my_srv_s.ep.rosidl_typesupport_fastrtps_c.c
[21.867s] -- Installing: /home/webotpi/ros2_ws/install/my_srv/lib/python3.12/site-packages/my_srv/my_srv_s__rosidl_typesupport_fastrtps_c.so
[21.868s] -- Installing: /home/webotpi/ros2_ws/install/my_srv/lib/python3.12/site-packages/my_srv/my_srv_s__rosidl_typesupport_introspection_c.so
[22.009s] Listing '/home/webotpi/ros2_ws/install/my_srv/lib/python3.12/site-packages/my_srv'...
[22.011s] Compiling '/home/webotpi/ros2_ws/install/my_srv/lib/python3.12/site-packages/my_srv/__init__.py'...
[22.011s] Listing '/home/webotpi/ros2_ws/install/my_srv/lib/python3.12/site-packages/my_srv/srv'...
[22.012s] Compiling '/home/webotpi/ros2_ws/install/my_srv/lib/python3.12/site-packages/my_srv/srv/__init__.py'...
[22.012s] Compiling '/home/webotpi/ros2_ws/install/my_srv/lib/python3.12/site-packages/my_srv/srv/_add.py'...
[22.030s] -- Installing: /home/webotpi/ros2_ws/install/my_srv/lib/python3.12/site-packages/my_srv/my_srv_s__rosidl_typesupport_fastrtps_c.so
[22.031s] -- Set non-toolchain portion of runtime path of "/home/webotpi/ros2_ws/install/my_srv/lib/python3.12/site-packages/my_srv/my_srv_s__rosidl_typesupport_fastrtps_c.so" to ""
[22.031s] -- Installing: /home/webotpi/ros2_ws/install/my_srv/lib/python3.12/site-packages/my_srv/my_srv_s__rosidl_typesupport_introspection_c.so
[22.031s] -- Set non-toolchain portion of runtime path of "/home/webotpi/ros2_ws/install/my_srv/lib/python3.12/site-packages/my_srv/my_srv_s__rosidl_typesupport_introspection_c.so" to ""
[22.032s] -- Installing: /home/webotpi/ros2_ws/install/my_srv/lib/python3.12/site-packages/my_srv/my_srv_s__rosidl_typesupport_c.so
[22.035s] -- Set non-toolchain portion of runtime path of "/home/webotpi/ros2_ws/install/my_srv/lib/python3.12/site-packages/my_srv/my_srv_s__rosidl_typesupport_c.so" to ""
[22.036s] -- Installing: /home/webotpi/ros2_ws/install/my_srv/lib/libmy_srv__rosidl_generator_py.so
[22.036s] -- Set non-toolchain portion of runtime path of "/home/webotpi/ros2_ws/install/my_srv/lib/libmy_srv__rosidl_generator_py.so" to ""
[22.039s] -- Installing: /home/webotpi/ros2_ws/install/my_srv/share/ament_index/resource_index/rust_packages/my_srv
[22.040s] -- Installing: /home/webotpi/ros2_ws/install/my_srv/share/my_srv/rust
[22.041s] -- Installing: /home/webotpi/ros2_ws/install/my_srv/share/my_srv/rust/build.rs
[22.041s] -- Installing: /home/webotpi/ros2_ws/install/my_srv/share/my_srv/rust/src
[22.041s] -- Installing: /home/webotpi/ros2_ws/install/my_srv/share/my_srv/rust/src/lib.rs
[22.041s] -- Installing: /home/webotpi/ros2_ws/install/my_srv/share/my_srv/rust/src/srv
[22.041s] -- Installing: /home/webotpi/ros2_ws/install/my_srv/share/my_srv/rust/src/srv/rmw.rs
[22.043s] -- Installing: /home/webotpi/ros2_ws/install/my_srv/share/my_srv/rust/src/srv.rs
[22.043s] -- Installing: /home/webotpi/ros2_ws/install/my_srv/share/my_srv/rust/Cargo.toml
[22.043s] -- Installing: /home/webotpi/ros2_ws/install/my_srv/share/my_srv/srv/Add.idl
[22.044s] -- Installing: /home/webotpi/ros2_ws/install/my_srv/share/my_srv/srv/Add.srv
[22.044s] -- Installing: /home/webotpi/ros2_ws/install/my_srv/lib/my_srv/arm_fk.py
[22.048s] -- Installing: /home/webotpi/ros2_ws/install/my_srv/lib/my_srv/arm_rviz_bridge.py
[22.049s] -- Installing: /home/webotpi/ros2_ws/install/my_srv/lib/my_srv/arm_teach.py
[22.051s] -- Installing: /home/webotpi/ros2_ws/install/my_srv/lib/my_srv/asr_node.py
[22.053s] -- Installing: /home/webotpi/ros2_ws/install/my_srv/lib/my_srv/color_set_node.py
[22.054s] -- Installing: /home/webotpi/ros2_ws/install/my_srv/lib/my_srv/color_sorting_node.py
[22.056s] -- Installing: /home/webotpi/ros2_ws/install/my_srv/lib/my_srv/color_stack_node.py
[22.056s] -- Installing: /home/webotpi/ros2_ws/install/my_srv/lib/my_srv/color_track_node.py
[22.057s] -- Installing: /home/webotpi/ros2_ws/install/my_srv/lib/my_srv/color_track_pick_node.py
[22.067s] -- Installing: /home/webotpi/ros2_ws/install/my_srv/lib/my_srv/depth_arm.launch.py
[22.070s] -- Installing: /home/webotpi/ros2_ws/install/my_srv/lib/my_srv/depth_color_sorting_node.py
[22.072s] -- Installing: /home/webotpi/ros2_ws/install/my_srv/lib/my_srv/depth_color_stack_node.py
[22.075s] -- Installing: /home/webotpi/ros2_ws/install/my_srv/lib/my_srv/depth_color_track_node.py
[22.078s] -- Installing: /home/webotpi/ros2_ws/install/my_srv/lib/my_srv/depth_distance_node.py
[22.079s] -- Installing: /home/webotpi/ros2_ws/install/my_srv/lib/my_srv/depth_label_sorting_node.py
[22.081s] -- Installing: /home/webotpi/ros2_ws/install/my_srv/lib/my_srv/depth_label_stack_node.py
[22.087s] -- Installing: /home/webotpi/ros2_ws/install/my_srv/lib/my_srv/depth_label_track_node.py
[22.089s] -- Installing: /home/webotpi/ros2_ws/install/my_srv/lib/my_srv/depth_num_sorting_node.py
[22.090s] -- Installing: /home/webotpi/ros2_ws/install/my_srv/lib/my_srv/depth_num_stack_node.py
[22.090s] -- Installing: /home/webotpi/ros2_ws/install/my_srv/lib/my_srv/depth_num_track_node.py
[22.092s] -- Installing: /home/webotpi/ros2_ws/install/my_srv/lib/my_srv/depth_utils.py
[22.097s] -- Installing: /home/webotpi/ros2_ws/install/my_srv/lib/my_srv/diagnose_hand_eye.py
[22.098s] -- Installing: /home/webotpi/ros2_ws/install/my_srv/lib/my_srv/eye_in_hand_calib_node.py
[22.100s] -- Installing: /home/webotpi/ros2_ws/install/my_srv/lib/my_srv/face_track_node.py
[22.103s] -- Installing: /home/webotpi/ros2_ws/install/my_srv/lib/my_srv/garbage_sort_node.py
[22.105s] -- Installing: /home/webotpi/ros2_ws/install/my_srv/lib/my_srv/glove_node.py
[22.107s] -- Installing: /home/webotpi/ros2_ws/install/my_srv/lib/my_srv/hand_gesture_arm_node.py
[22.111s] -- Installing: /home/webotpi/ros2_ws/install/my_srv/lib/my_srv/height_check_node.py
[22.112s] -- Installing: /home/webotpi/ros2_ws/install/my_srv/lib/my_srv/joy_arm_node.py
[22.113s] -- Installing: /home/webotpi/ros2_ws/install/my_srv/lib/my_srv/lab_tuner.py
[22.115s] -- Installing: /home/webotpi/ros2_ws/install/my_srv/lib/my_srv/label_sorting_node.py
[22.121s] -- Installing: /home/webotpi/ros2_ws/install/my_srv/lib/my_srv/label_stack_node.py
[22.122s] -- Installing: /home/webotpi/ros2_ws/install/my_srv/lib/my_srv/label_track_node.py
[22.123s] -- Installing: /home/webotpi/ros2_ws/install/my_srv/lib/my_srv/num_sorting_node.py
[22.126s] -- Installing: /home/webotpi/ros2_ws/install/my_srv/lib/my_srv/num_stack_node.py
[22.128s] -- Installing: /home/webotpi/ros2_ws/install/my_srv/lib/my_srv/num_track_node.py
[22.131s] -- Installing: /home/webotpi/ros2_ws/install/my_srv/lib/my_srv/pinch_arm_control.py
[22.131s] -- Installing: /home/webotpi/ros2_ws/install/my_srv/lib/my_srv/servo_node.py
[22.132s] -- Installing: /home/webotpi/ros2_ws/install/my_srv/lib/my_srv/test.py
[22.135s] -- Installing: /home/webotpi/ros2_ws/install/my_srv/lib/my_srv/yolo_detect_node.py
[22.138s] -- Installing: /home/webotpi/ros2_ws/install/my_srv/lib/my_srv/yolo_pick_node.py
[22.138s] -- Installing: /home/webotpi/ros2_ws/install/my_srv/lib/my_srv/yolo_shape_announce.py
[22.139s] -- Installing: /home/webotpi/ros2_ws/install/my_srv/lib/my_srv/z_move.py
[22.140s] -- Installing: /home/webotpi/ros2_ws/install/my_srv/lib/my_srv/z_uart.py
[22.141s] -- Installing: /home/webotpi/ros2_ws/install/my_srv/share/my_srv/launch
[22.141s] -- Installing: /home/webotpi/ros2_ws/install/my_srv/share/my_srv/launch/slave.launch.py
[22.142s] -- Installing: /home/webotpi/ros2_ws/install/my_srv/share/my_srv/launch/function.launch.py
[22.146s] -- Installing: /home/webotpi/ros2_ws/install/my_srv/share/my_srv/launch/depth_arm.launch.py
[22.148s] -- Installing: /home/webotpi/ros2_ws/install/my_srv/share/my_srv/web
[22.148s] -- Installing: /home/webotpi/ros2_ws/install/my_srv/share/my_srv/web/index.html
[22.151s] -- Installing: /home/webotpi/ros2_ws/install/my_srv/share/ament_index/resource_index/package_run_dependencies/my_srv
[22.151s] -- Installing: /home/webotpi/ros2_ws/install/my_srv/share/ament_index/resource_index/parent_prefix_path/my_srv
[22.151s] -- Installing: /home/webotpi/ros2_ws/install/my_srv/share/my_srv/environment/ament_prefix_path.sh
[22.152s] -- Installing: /home/webotpi/ros2_ws/install/my_srv/share/my_srv/environment/ament_prefix_path.dsv
[22.152s] -- Installing: /home/webotpi/ros2_ws/install/my_srv/share/my_srv/environment/path.sh
[22.155s] -- Installing: /home/webotpi/ros2_ws/install/my_srv/share/my_srv/environment/path.dsv
[22.155s] -- Installing: /home/webotpi/ros2_ws/install/my_srv/share/my_srv/local_setup.bash
[22.155s] -- Installing: /home/webotpi/ros2_ws/install/my_srv/share/my_srv/local_setup.sh
[22.156s] -- Installing: /home/webotpi/ros2_ws/install/my_srv/share/my_srv/local_setup.zsh
[22.157s] -- Installing: /home/webotpi/ros2_ws/install/my_srv/share/my_srv/local_setup.dsv
[22.157s] -- Installing: /home/webotpi/ros2_ws/install/my_srv/share/my_srv/package.dsv
[22.157s] -- Installing: /home/webotpi/ros2_ws/install/my_srv/share/ament_index/resource_index/packages/my_srv
[22.157s] -- Installing: /home/webotpi/ros2_ws/install/my_srv/share/my_srv/cmake/export_my_srv__rosidl_generator_cExport.cmake
[22.158s] -- Installing: /home/webotpi/ros2_ws/install/my_srv/share/my_srv/cmake/export_my_srv__rosidl_generator_cExport-noconfig.cmake
[22.158s] -- Installing: /home/webotpi/ros2_ws/install/my_srv/share/my_srv/cmake/export_my_srv__rosidl_typesupport_fastrtps_cExport.cmake
[22.158s] -- Installing: /home/webotpi/ros2_ws/install/my_srv/share/my_srv/cmake/export_my_srv__rosidl_typesupport_fastrtps_cExport-noconfig.cmake
[22.159s] -- Installing: /home/webotpi/ros2_ws/install/my_srv/share/my_srv/cmake/export_my_srv__rosidl_generator_cppExport.cmake
[22.159s] -- Installing: /home/webotpi/ros2_ws/install/my_srv/share/my_srv/cmake/export_my_srv__rosidl_typesupport_fastrtps_cppExport.cmake
[22.160s] -- Installing: /home/webotpi/ros2_ws/install/my_srv/share/my_srv/cmake/export_my_srv__rosidl_typesupport_fastrtps_cppExport-noconfig.cmake
[22.161s] -- Installing: /home/webotpi/ros2_ws/install/my_srv/share/my_srv/cmake/my_srv__rosidl_typesupport_introspection_cExport.cmake
[22.161s] -- Installing: /home/webotpi/ros2_ws/install/my_srv/share/my_srv/cmake/my_srv__rosidl_typesupport_introspection_cExport-noconfig.cmake
[22.161s] -- Installing: /home/webotpi/ros2_ws/install/my_srv/share/my_srv/cmake/my_srv__rosidl_typesupport_cExport.cmake
[22.161s] -- Installing: /home/webotpi/ros2_ws/install/my_srv/share/my_srv/cmake/my_srv__rosidl_typesupport_cExport-noconfig.cmake
[22.161s] -- Installing: /home/webotpi/ros2_ws/install/my_srv/share/my_srv/cmake/my_srv__rosidl_typesupport_introspection_cppExport.cmake
[22.162s] -- Installing: /home/webotpi/ros2_ws/install/my_srv/share/my_srv/cmake/my_srv__rosidl_typesupport_introspection_cppExport-noconfig.cmake
[22.162s] -- Installing: /home/webotpi/ros2_ws/install/my_srv/share/my_srv/cmake/my_srv__rosidl_typesupport_cppExport.cmake
[22.162s] -- Installing: /home/webotpi/ros2_ws/install/my_srv/share/my_srv/cmake/my_srv__rosidl_typesupport_cppExport-noconfig.cmake
[22.163s] -- Installing: /home/webotpi/ros2_ws/install/my_srv/share/my_srv/cmake/export_my_srv__rosidl_generator_pyExport.cmake
[22.163s] -- Installing: /home/webotpi/ros2_ws/install/my_srv/share/my_srv/cmake/export_my_srv__rosidl_generator_pyExport-noconfig.cmake
[22.163s] -- Installing: /home/webotpi/ros2_ws/install/my_srv/share/my_srv/cmake/rosidl_cmake-extras.cmake
[22.163s] -- Installing: /home/webotpi/ros2_ws/install/my_srv/share/my_srv/cmake/ament_cmake_export_dependencies-extras.cmake
[22.164s] -- Installing: /home/webotpi/ros2_ws/install/my_srv/share/my_srv/cmake/ament_cmake_export_include_directories-extras.cmake
[22.164s] -- Installing: /home/webotpi/ros2_ws/install/my_srv/share/my_srv/cmake/ament_cmake_export_libraries-extras.cmake
[22.164s] -- Installing: /home/webotpi/ros2_ws/install/my_srv/share/my_srv/cmake/ament_cmake_export_targets-extras.cmake
[22.165s] -- Installing: /home/webotpi/ros2_ws/install/my_srv/share/my_srv/cmake/rosidl_cmake_export_typesupport_targets-extras.cmake
[22.165s] -- Installing: /home/webotpi/ros2_ws/install/my_srv/share/my_srv/cmake/rosidl_cmake_export_typesupport_libraries-extras.cmake
[22.165s] -- Installing: /home/webotpi/ros2_ws/install/my_srv/share/my_srv/cmake/my_srvConfig.cmake
[22.165s] -- Installing: /home/webotpi/ros2_ws/install/my_srv/share/my_srv/cmake/my_srvConfig-version.cmake
[22.165s] -- Installing: /home/webotpi/ros2_ws/install/my_srv/share/my_srv/package.xml
[22.172s] Invoked command in '/home/webotpi/ros2_ws/build/my_srv' returned '0': CMAKE_PREFIX_PATH=${CMAKE_PREFIX_PATH}:/opt/ros/jazzy /usr/bin/cmake --install /home/webotpi/ros2_ws/build/my_srv
