[2.719s] Invoking command in '/home/webotpi/ros2_ws/src/robot_integration': PYTHONPATH=/home/webotpi/ros2_ws/build/robot_integration/prefix_override:/usr/lib/python3/dist-packages/colcon_core/task/python/colcon_distutils_commands:/home/webotpi/ros2_ws/install/robot_integration/lib/python3.12/site-packages:${PYTHONPATH} /usr/bin/python3 -W ignore:setup.py install is deprecated -W ignore:easy_install command is deprecated setup.py egg_info --egg-base ../../build/robot_integration build --build-base /home/webotpi/ros2_ws/build/robot_integration/build install --record /home/webotpi/ros2_ws/build/robot_integration/install.log --single-version-externally-managed install_data
[3.488s] running egg_info
[3.491s] creating ../../build/robot_integration/robot_integration.egg-info
[3.565s] writing ../../build/robot_integration/robot_integration.egg-info/PKG-INFO
[3.566s] writing dependency_links to ../../build/robot_integration/robot_integration.egg-info/dependency_links.txt
[3.566s] writing entry points to ../../build/robot_integration/robot_integration.egg-info/entry_points.txt
[3.567s] writing requirements to ../../build/robot_integration/robot_integration.egg-info/requires.txt
[3.567s] writing top-level names to ../../build/robot_integration/robot_integration.egg-info/top_level.txt
[3.567s] writing manifest file '../../build/robot_integration/robot_integration.egg-info/SOURCES.txt'
[3.675s] reading manifest file '../../build/robot_integration/robot_integration.egg-info/SOURCES.txt'
[3.678s] writing manifest file '../../build/robot_integration/robot_integration.egg-info/SOURCES.txt'
[3.678s] running build
[3.678s] running build_py
[3.678s] creating /home/webotpi/ros2_ws/build/robot_integration/build
[3.678s] creating /home/webotpi/ros2_ws/build/robot_integration/build/lib
[3.678s] creating /home/webotpi/ros2_ws/build/robot_integration/build/lib/robot_integration
[3.678s] copying robot_integration/coordinator_node.py -> /home/webotpi/ros2_ws/build/robot_integration/build/lib/robot_integration
[3.684s] copying robot_integration/line_follow_node.py -> /home/webotpi/ros2_ws/build/robot_integration/build/lib/robot_integration
[3.688s] copying robot_integration/arm_controller_node.py -> /home/webotpi/ros2_ws/build/robot_integration/build/lib/robot_integration
[3.689s] copying robot_integration/__init__.py -> /home/webotpi/ros2_ws/build/robot_integration/build/lib/robot_integration
[3.691s] copying robot_integration/edge_detect_node.py -> /home/webotpi/ros2_ws/build/robot_integration/build/lib/robot_integration
[3.691s] copying robot_integration/stm32_bridge_node.py -> /home/webotpi/ros2_ws/build/robot_integration/build/lib/robot_integration
[3.698s] copying robot_integration/balance_beam_node.py -> /home/webotpi/ros2_ws/build/robot_integration/build/lib/robot_integration
[3.699s] copying robot_integration/self_driving_node.py -> /home/webotpi/ros2_ws/build/robot_integration/build/lib/robot_integration
[3.718s] copying robot_integration/car_controller_node.py -> /home/webotpi/ros2_ws/build/robot_integration/build/lib/robot_integration
[3.724s] running install
[3.736s] running install_lib
[3.794s] creating /home/webotpi/ros2_ws/install/robot_integration/lib/python3.12/site-packages/robot_integration
[3.795s] copying /home/webotpi/ros2_ws/build/robot_integration/build/lib/robot_integration/coordinator_node.py -> /home/webotpi/ros2_ws/install/robot_integration/lib/python3.12/site-packages/robot_integration
[3.795s] copying /home/webotpi/ros2_ws/build/robot_integration/build/lib/robot_integration/line_follow_node.py -> /home/webotpi/ros2_ws/install/robot_integration/lib/python3.12/site-packages/robot_integration
[3.795s] copying /home/webotpi/ros2_ws/build/robot_integration/build/lib/robot_integration/arm_controller_node.py -> /home/webotpi/ros2_ws/install/robot_integration/lib/python3.12/site-packages/robot_integration
[3.795s] copying /home/webotpi/ros2_ws/build/robot_integration/build/lib/robot_integration/__init__.py -> /home/webotpi/ros2_ws/install/robot_integration/lib/python3.12/site-packages/robot_integration
[3.796s] copying /home/webotpi/ros2_ws/build/robot_integration/build/lib/robot_integration/edge_detect_node.py -> /home/webotpi/ros2_ws/install/robot_integration/lib/python3.12/site-packages/robot_integration
[3.799s] copying /home/webotpi/ros2_ws/build/robot_integration/build/lib/robot_integration/stm32_bridge_node.py -> /home/webotpi/ros2_ws/install/robot_integration/lib/python3.12/site-packages/robot_integration
[3.800s] copying /home/webotpi/ros2_ws/build/robot_integration/build/lib/robot_integration/balance_beam_node.py -> /home/webotpi/ros2_ws/install/robot_integration/lib/python3.12/site-packages/robot_integration
[3.800s] copying /home/webotpi/ros2_ws/build/robot_integration/build/lib/robot_integration/self_driving_node.py -> /home/webotpi/ros2_ws/install/robot_integration/lib/python3.12/site-packages/robot_integration
[3.800s] copying /home/webotpi/ros2_ws/build/robot_integration/build/lib/robot_integration/car_controller_node.py -> /home/webotpi/ros2_ws/install/robot_integration/lib/python3.12/site-packages/robot_integration
[3.802s] byte-compiling /home/webotpi/ros2_ws/install/robot_integration/lib/python3.12/site-packages/robot_integration/coordinator_node.py to coordinator_node.cpython-312.pyc
[3.811s] byte-compiling /home/webotpi/ros2_ws/install/robot_integration/lib/python3.12/site-packages/robot_integration/line_follow_node.py to line_follow_node.cpython-312.pyc
[3.819s] byte-compiling /home/webotpi/ros2_ws/install/robot_integration/lib/python3.12/site-packages/robot_integration/arm_controller_node.py to arm_controller_node.cpython-312.pyc
[3.824s] byte-compiling /home/webotpi/ros2_ws/install/robot_integration/lib/python3.12/site-packages/robot_integration/__init__.py to __init__.cpython-312.pyc
[3.824s] byte-compiling /home/webotpi/ros2_ws/install/robot_integration/lib/python3.12/site-packages/robot_integration/edge_detect_node.py to edge_detect_node.cpython-312.pyc
[3.832s] byte-compiling /home/webotpi/ros2_ws/install/robot_integration/lib/python3.12/site-packages/robot_integration/stm32_bridge_node.py to stm32_bridge_node.cpython-312.pyc
[3.838s] byte-compiling /home/webotpi/ros2_ws/install/robot_integration/lib/python3.12/site-packages/robot_integration/balance_beam_node.py to balance_beam_node.cpython-312.pyc
[3.851s] byte-compiling /home/webotpi/ros2_ws/install/robot_integration/lib/python3.12/site-packages/robot_integration/self_driving_node.py to self_driving_node.cpython-312.pyc
[3.871s] byte-compiling /home/webotpi/ros2_ws/install/robot_integration/lib/python3.12/site-packages/robot_integration/car_controller_node.py to car_controller_node.cpython-312.pyc
[3.876s] running install_data
[3.876s] creating /home/webotpi/ros2_ws/install/robot_integration/share/ament_index
[3.876s] creating /home/webotpi/ros2_ws/install/robot_integration/share/ament_index/resource_index
[3.877s] creating /home/webotpi/ros2_ws/install/robot_integration/share/ament_index/resource_index/packages
[3.877s] copying resource/robot_integration -> /home/webotpi/ros2_ws/install/robot_integration/share/ament_index/resource_index/packages
[3.878s] copying package.xml -> /home/webotpi/ros2_ws/install/robot_integration/share/robot_integration
[3.878s] creating /home/webotpi/ros2_ws/install/robot_integration/share/robot_integration/launch
[3.878s] copying launch/balance_beam.launch.py -> /home/webotpi/ros2_ws/install/robot_integration/share/robot_integration/launch
[3.885s] copying launch/self_driving.launch.py -> /home/webotpi/ros2_ws/install/robot_integration/share/robot_integration/launch
[3.887s] copying launch/edge_detect.launch.py -> /home/webotpi/ros2_ws/install/robot_integration/share/robot_integration/launch
[3.887s] copying launch/full_system.launch.py -> /home/webotpi/ros2_ws/install/robot_integration/share/robot_integration/launch
[3.887s] copying launch/line_follow.launch.py -> /home/webotpi/ros2_ws/install/robot_integration/share/robot_integration/launch
[3.888s] copying launch/car_only.launch.py -> /home/webotpi/ros2_ws/install/robot_integration/share/robot_integration/launch
[3.888s] creating /home/webotpi/ros2_ws/install/robot_integration/share/robot_integration/config
[3.889s] copying config/robot_params.yaml -> /home/webotpi/ros2_ws/install/robot_integration/share/robot_integration/config
[3.891s] copying config/edge_detect_params.yaml -> /home/webotpi/ros2_ws/install/robot_integration/share/robot_integration/config
[3.891s] copying config/line_follow_params.yaml -> /home/webotpi/ros2_ws/install/robot_integration/share/robot_integration/config
[3.892s] copying config/self_driving_params.yaml -> /home/webotpi/ros2_ws/install/robot_integration/share/robot_integration/config
[3.893s] copying config/line_follow_black_params.yaml -> /home/webotpi/ros2_ws/install/robot_integration/share/robot_integration/config
[3.894s] copying config/balance_beam_params.yaml -> /home/webotpi/ros2_ws/install/robot_integration/share/robot_integration/config
[3.895s] creating /home/webotpi/ros2_ws/install/robot_integration/share/robot_integration/scripts
[3.898s] copying scripts/hsv_calibrate.py -> /home/webotpi/ros2_ws/install/robot_integration/share/robot_integration/scripts
[3.898s] copying scripts/test_bridge_detection.py -> /home/webotpi/ros2_ws/install/robot_integration/share/robot_integration/scripts
[3.898s] running install_egg_info
[3.978s] Copying ../../build/robot_integration/robot_integration.egg-info to /home/webotpi/ros2_ws/install/robot_integration/lib/python3.12/site-packages/robot_integration-1.0.0-py3.12.egg-info
[3.978s] running install_scripts
[4.357s] Installing arm_controller_node script to /home/webotpi/ros2_ws/install/robot_integration/lib/robot_integration
[4.357s] Installing balance_beam_node script to /home/webotpi/ros2_ws/install/robot_integration/lib/robot_integration
[4.358s] Installing car_controller_node script to /home/webotpi/ros2_ws/install/robot_integration/lib/robot_integration
[4.358s] Installing coordinator_node script to /home/webotpi/ros2_ws/install/robot_integration/lib/robot_integration
[4.358s] Installing edge_detect_node script to /home/webotpi/ros2_ws/install/robot_integration/lib/robot_integration
[4.358s] Installing line_follow_node script to /home/webotpi/ros2_ws/install/robot_integration/lib/robot_integration
[4.358s] Installing self_driving_node script to /home/webotpi/ros2_ws/install/robot_integration/lib/robot_integration
[4.358s] Installing stm32_bridge_node script to /home/webotpi/ros2_ws/install/robot_integration/lib/robot_integration
[4.358s] writing list of installed files to '/home/webotpi/ros2_ws/build/robot_integration/install.log'
[4.520s] Invoked command in '/home/webotpi/ros2_ws/src/robot_integration' returned '0': PYTHONPATH=/home/webotpi/ros2_ws/build/robot_integration/prefix_override:/usr/lib/python3/dist-packages/colcon_core/task/python/colcon_distutils_commands:/home/webotpi/ros2_ws/install/robot_integration/lib/python3.12/site-packages:${PYTHONPATH} /usr/bin/python3 -W ignore:setup.py install is deprecated -W ignore:easy_install command is deprecated setup.py egg_info --egg-base ../../build/robot_integration build --build-base /home/webotpi/ros2_ws/build/robot_integration/build install --record /home/webotpi/ros2_ws/build/robot_integration/install.log --single-version-externally-managed install_data
