[0.000000] (-) TimerEvent: {}
[0.000609] (-) JobUnselected: {'identifier': 'deptrum-ros-driver-aurora930'}
[0.000698] (-) JobUnselected: {'identifier': 'my_launch_pkg'}
[0.000746] (-) JobUnselected: {'identifier': 'my_srv'}
[0.000786] (-) JobUnselected: {'identifier': 'py_pkg'}
[0.000824] (-) JobUnselected: {'identifier': 'rplidar_ros'}
[0.000862] (-) JobUnselected: {'identifier': 'voice_interaction'}
[0.000905] (robot_integration) JobQueued: {'identifier': 'robot_integration', 'dependencies': OrderedDict()}
[0.000950] (robot_integration) JobStarted: {'identifier': 'robot_integration'}
[0.098731] (-) TimerEvent: {}
[0.198965] (-) TimerEvent: {}
[0.299193] (-) TimerEvent: {}
[0.399443] (-) TimerEvent: {}
[0.499710] (-) TimerEvent: {}
[0.599937] (-) TimerEvent: {}
[0.700173] (-) TimerEvent: {}
[0.800588] (-) TimerEvent: {}
[0.901057] (-) TimerEvent: {}
[1.001394] (-) TimerEvent: {}
[1.101696] (-) TimerEvent: {}
[1.201951] (-) TimerEvent: {}
[1.302228] (-) TimerEvent: {}
[1.402526] (-) TimerEvent: {}
[1.502873] (-) TimerEvent: {}
[1.603114] (-) TimerEvent: {}
[1.703379] (-) TimerEvent: {}
[1.803611] (-) TimerEvent: {}
[1.903916] (-) TimerEvent: {}
[2.004272] (-) TimerEvent: {}
[2.046407] (robot_integration) Command: {'cmd': ['/usr/bin/python3', '-W', 'ignore:setup.py install is deprecated', '-W', 'ignore:easy_install command is deprecated', 'setup.py', 'egg_info', '--egg-base', '../../build/robot_integration', 'build', '--build-base', '/home/webotpi/ros2_ws/build/robot_integration/build', 'install', '--record', '/home/webotpi/ros2_ws/build/robot_integration/install.log', '--single-version-externally-managed', 'install_data'], 'cwd': '/home/webotpi/ros2_ws/src/robot_integration', 'env': {'LANGUAGE': 'zh_CN:en', 'USER': 'webotpi', 'SSH_CLIENT': '192.168.0.111 46830 22', 'LC_TIME': 'zh_CN.UTF-8', 'XDG_SESSION_TYPE': 'tty', 'SHLVL': '1', 'LD_LIBRARY_PATH': '/opt/ros/jazzy/opt/rviz_ogre_vendor/lib:/opt/ros/jazzy/lib/aarch64-linux-gnu:/opt/ros/jazzy/opt/gz_math_vendor/lib:/opt/ros/jazzy/opt/gz_utils_vendor/lib:/opt/ros/jazzy/opt/gz_cmake_vendor/lib:/opt/ros/jazzy/lib', 'HOME': '/home/webotpi', 'OLDPWD': '/home/webotpi', 'ROS_PYTHON_VERSION': '3', 'LC_MONETARY': 'zh_CN.UTF-8', 'DBUS_SESSION_BUS_ADDRESS': 'unix:path=/run/user/1000/bus', 'ROS_DISTRO': 'jazzy', 'LOGNAME': 'webotpi', '_': '/usr/bin/colcon', 'ROS_VERSION': '2', 'XDG_SESSION_CLASS': 'user', 'XDG_SESSION_ID': '63', 'PATH': '/opt/ros/jazzy/bin:/usr/local/sbin:/usr/local/bin:/usr/sbin:/usr/bin:/sbin:/bin:/usr/games:/usr/local/games:/snap/bin', 'PAPERSIZE': 'a4', 'LC_ADDRESS': 'zh_CN.UTF-8', 'XDG_RUNTIME_DIR': '/run/user/1000', 'LANG': 'zh_CN.UTF-8', 'LC_TELEPHONE': 'zh_CN.UTF-8', 'AMENT_PREFIX_PATH': '/opt/ros/jazzy', 'SHELL': '/bin/bash', 'LC_NAME': 'zh_CN.UTF-8', 'LC_MEASUREMENT': 'zh_CN.UTF-8', 'LC_IDENTIFICATION': 'zh_CN.UTF-8', 'ROS_AUTOMATIC_DISCOVERY_RANGE': 'SUBNET', 'PWD': '/home/webotpi/ros2_ws/build/robot_integration', 'SSH_CONNECTION': '192.168.0.111 46830 192.168.0.119 22', 'PYTHONPATH': '/home/webotpi/ros2_ws/build/robot_integration/prefix_override:/usr/lib/python3/dist-packages/colcon_core/task/python/colcon_distutils_commands:/home/webotpi/ros2_ws/install/robot_integration/lib/python3.12/site-packages:/opt/ros/jazzy/lib/python3.12/site-packages', 'LC_NUMERIC': 'zh_CN.UTF-8', 'LC_PAPER': 'zh_CN.UTF-8', 'COLCON': '1', 'CMAKE_PREFIX_PATH': '/opt/ros/jazzy/opt/gz_math_vendor:/opt/ros/jazzy/opt/gz_utils_vendor:/opt/ros/jazzy/opt/gz_cmake_vendor'}, 'shell': False}
[2.104387] (-) TimerEvent: {}
[2.204662] (-) TimerEvent: {}
[2.304939] (-) TimerEvent: {}
[2.405176] (-) TimerEvent: {}
[2.505417] (-) TimerEvent: {}
[2.605655] (-) TimerEvent: {}
[2.610218] (robot_integration) StdoutLine: {'line': b'running egg_info\n'}
[2.610780] (robot_integration) StdoutLine: {'line': b'creating ../../build/robot_integration/robot_integration.egg-info\n'}
[2.639157] (robot_integration) StdoutLine: {'line': b'writing ../../build/robot_integration/robot_integration.egg-info/PKG-INFO\n'}
[2.639582] (robot_integration) StdoutLine: {'line': b'writing dependency_links to ../../build/robot_integration/robot_integration.egg-info/dependency_links.txt\n'}
[2.639878] (robot_integration) StdoutLine: {'line': b'writing entry points to ../../build/robot_integration/robot_integration.egg-info/entry_points.txt\n'}
[2.640042] (robot_integration) StdoutLine: {'line': b'writing requirements to ../../build/robot_integration/robot_integration.egg-info/requires.txt\n'}
[2.640189] (robot_integration) StdoutLine: {'line': b'writing top-level names to ../../build/robot_integration/robot_integration.egg-info/top_level.txt\n'}
[2.640350] (robot_integration) StdoutLine: {'line': b"writing manifest file '../../build/robot_integration/robot_integration.egg-info/SOURCES.txt'\n"}
[2.705815] (-) TimerEvent: {}
[2.766171] (robot_integration) StdoutLine: {'line': b"reading manifest file '../../build/robot_integration/robot_integration.egg-info/SOURCES.txt'\n"}
[2.767804] (robot_integration) StdoutLine: {'line': b"writing manifest file '../../build/robot_integration/robot_integration.egg-info/SOURCES.txt'\n"}
[2.768359] (robot_integration) StdoutLine: {'line': b'running build\n'}
[2.768593] (robot_integration) StdoutLine: {'line': b'running build_py\n'}
[2.768896] (robot_integration) StdoutLine: {'line': b'creating /home/webotpi/ros2_ws/build/robot_integration/build\n'}
[2.769294] (robot_integration) StdoutLine: {'line': b'creating /home/webotpi/ros2_ws/build/robot_integration/build/lib\n'}
[2.769644] (robot_integration) StdoutLine: {'line': b'creating /home/webotpi/ros2_ws/build/robot_integration/build/lib/robot_integration\n'}
[2.769872] (robot_integration) StdoutLine: {'line': b'copying robot_integration/coordinator_node.py -> /home/webotpi/ros2_ws/build/robot_integration/build/lib/robot_integration\n'}
[2.770172] (robot_integration) StdoutLine: {'line': b'copying robot_integration/arm_controller_node.py -> /home/webotpi/ros2_ws/build/robot_integration/build/lib/robot_integration\n'}
[2.771352] (robot_integration) StdoutLine: {'line': b'copying robot_integration/__init__.py -> /home/webotpi/ros2_ws/build/robot_integration/build/lib/robot_integration\n'}
[2.771696] (robot_integration) StdoutLine: {'line': b'copying robot_integration/edge_detect_node.py -> /home/webotpi/ros2_ws/build/robot_integration/build/lib/robot_integration\n'}
[2.771846] (robot_integration) StdoutLine: {'line': b'copying robot_integration/stm32_bridge_node.py -> /home/webotpi/ros2_ws/build/robot_integration/build/lib/robot_integration\n'}
[2.772279] (robot_integration) StdoutLine: {'line': b'copying robot_integration/balance_beam_node.py -> /home/webotpi/ros2_ws/build/robot_integration/build/lib/robot_integration\n'}
[2.772655] (robot_integration) StdoutLine: {'line': b'copying robot_integration/car_controller_node.py -> /home/webotpi/ros2_ws/build/robot_integration/build/lib/robot_integration\n'}
[2.773030] (robot_integration) StdoutLine: {'line': b'running install\n'}
[2.785736] (robot_integration) StdoutLine: {'line': b'running install_lib\n'}
[2.807848] (-) TimerEvent: {}
[2.827289] (robot_integration) StdoutLine: {'line': b'creating /home/webotpi/ros2_ws/install/robot_integration/lib/python3.12/site-packages/robot_integration\n'}
[2.827590] (robot_integration) StdoutLine: {'line': b'copying /home/webotpi/ros2_ws/build/robot_integration/build/lib/robot_integration/coordinator_node.py -> /home/webotpi/ros2_ws/install/robot_integration/lib/python3.12/site-packages/robot_integration\n'}
[2.827754] (robot_integration) StdoutLine: {'line': b'copying /home/webotpi/ros2_ws/build/robot_integration/build/lib/robot_integration/arm_controller_node.py -> /home/webotpi/ros2_ws/install/robot_integration/lib/python3.12/site-packages/robot_integration\n'}
[2.827899] (robot_integration) StdoutLine: {'line': b'copying /home/webotpi/ros2_ws/build/robot_integration/build/lib/robot_integration/__init__.py -> /home/webotpi/ros2_ws/install/robot_integration/lib/python3.12/site-packages/robot_integration\n'}
[2.828055] (robot_integration) StdoutLine: {'line': b'copying /home/webotpi/ros2_ws/build/robot_integration/build/lib/robot_integration/edge_detect_node.py -> /home/webotpi/ros2_ws/install/robot_integration/lib/python3.12/site-packages/robot_integration\n'}
[2.828396] (robot_integration) StdoutLine: {'line': b'copying /home/webotpi/ros2_ws/build/robot_integration/build/lib/robot_integration/stm32_bridge_node.py -> /home/webotpi/ros2_ws/install/robot_integration/lib/python3.12/site-packages/robot_integration\n'}
[2.828525] (robot_integration) StdoutLine: {'line': b'copying /home/webotpi/ros2_ws/build/robot_integration/build/lib/robot_integration/balance_beam_node.py -> /home/webotpi/ros2_ws/install/robot_integration/lib/python3.12/site-packages/robot_integration\n'}
[2.828671] (robot_integration) StdoutLine: {'line': b'copying /home/webotpi/ros2_ws/build/robot_integration/build/lib/robot_integration/car_controller_node.py -> /home/webotpi/ros2_ws/install/robot_integration/lib/python3.12/site-packages/robot_integration\n'}
[2.829428] (robot_integration) StdoutLine: {'line': b'byte-compiling /home/webotpi/ros2_ws/install/robot_integration/lib/python3.12/site-packages/robot_integration/coordinator_node.py to coordinator_node.cpython-312.pyc\n'}
[2.832851] (robot_integration) StdoutLine: {'line': b'byte-compiling /home/webotpi/ros2_ws/install/robot_integration/lib/python3.12/site-packages/robot_integration/arm_controller_node.py to arm_controller_node.cpython-312.pyc\n'}
[2.835511] (robot_integration) StdoutLine: {'line': b'byte-compiling /home/webotpi/ros2_ws/install/robot_integration/lib/python3.12/site-packages/robot_integration/__init__.py to __init__.cpython-312.pyc\n'}
[2.835791] (robot_integration) StdoutLine: {'line': b'byte-compiling /home/webotpi/ros2_ws/install/robot_integration/lib/python3.12/site-packages/robot_integration/edge_detect_node.py to edge_detect_node.cpython-312.pyc\n'}
[2.840588] (robot_integration) StdoutLine: {'line': b'byte-compiling /home/webotpi/ros2_ws/install/robot_integration/lib/python3.12/site-packages/robot_integration/stm32_bridge_node.py to stm32_bridge_node.cpython-312.pyc\n'}
[2.843936] (robot_integration) StdoutLine: {'line': b'byte-compiling /home/webotpi/ros2_ws/install/robot_integration/lib/python3.12/site-packages/robot_integration/balance_beam_node.py to balance_beam_node.cpython-312.pyc\n'}
[2.848587] (robot_integration) StdoutLine: {'line': b'byte-compiling /home/webotpi/ros2_ws/install/robot_integration/lib/python3.12/site-packages/robot_integration/car_controller_node.py to car_controller_node.cpython-312.pyc\n'}
[2.850584] (robot_integration) StdoutLine: {'line': b'running install_data\n'}
[2.850826] (robot_integration) StdoutLine: {'line': b'creating /home/webotpi/ros2_ws/install/robot_integration/share/ament_index\n'}
[2.850959] (robot_integration) StdoutLine: {'line': b'creating /home/webotpi/ros2_ws/install/robot_integration/share/ament_index/resource_index\n'}
[2.851095] (robot_integration) StdoutLine: {'line': b'creating /home/webotpi/ros2_ws/install/robot_integration/share/ament_index/resource_index/packages\n'}
[2.851177] (robot_integration) StdoutLine: {'line': b'copying resource/robot_integration -> /home/webotpi/ros2_ws/install/robot_integration/share/ament_index/resource_index/packages\n'}
[2.851297] (robot_integration) StdoutLine: {'line': b'copying package.xml -> /home/webotpi/ros2_ws/install/robot_integration/share/robot_integration\n'}
[2.851479] (robot_integration) StdoutLine: {'line': b'creating /home/webotpi/ros2_ws/install/robot_integration/share/robot_integration/launch\n'}
[2.851557] (robot_integration) StdoutLine: {'line': b'copying launch/balance_beam.launch.py -> /home/webotpi/ros2_ws/install/robot_integration/share/robot_integration/launch\n'}
[2.851685] (robot_integration) StdoutLine: {'line': b'copying launch/edge_detect.launch.py -> /home/webotpi/ros2_ws/install/robot_integration/share/robot_integration/launch\n'}
[2.851914] (robot_integration) StdoutLine: {'line': b'copying launch/full_system.launch.py -> /home/webotpi/ros2_ws/install/robot_integration/share/robot_integration/launch\n'}
[2.851995] (robot_integration) StdoutLine: {'line': b'copying launch/car_only.launch.py -> /home/webotpi/ros2_ws/install/robot_integration/share/robot_integration/launch\n'}
[2.852152] (robot_integration) StdoutLine: {'line': b'creating /home/webotpi/ros2_ws/install/robot_integration/share/robot_integration/config\n'}
[2.852287] (robot_integration) StdoutLine: {'line': b'copying config/robot_params.yaml -> /home/webotpi/ros2_ws/install/robot_integration/share/robot_integration/config\n'}
[2.852454] (robot_integration) StdoutLine: {'line': b'copying config/edge_detect_params.yaml -> /home/webotpi/ros2_ws/install/robot_integration/share/robot_integration/config\n'}
[2.852533] (robot_integration) StdoutLine: {'line': b'copying config/balance_beam_params.yaml -> /home/webotpi/ros2_ws/install/robot_integration/share/robot_integration/config\n'}
[2.852653] (robot_integration) StdoutLine: {'line': b'running install_egg_info\n'}
[2.907996] (-) TimerEvent: {}
[2.953059] (robot_integration) StdoutLine: {'line': b'Copying ../../build/robot_integration/robot_integration.egg-info to /home/webotpi/ros2_ws/install/robot_integration/lib/python3.12/site-packages/robot_integration-1.0.0-py3.12.egg-info\n'}
[2.956114] (robot_integration) StdoutLine: {'line': b'running install_scripts\n'}
[3.008132] (-) TimerEvent: {}
[3.108431] (-) TimerEvent: {}
[3.208762] (-) TimerEvent: {}
[3.308982] (-) TimerEvent: {}
[3.313722] (robot_integration) StdoutLine: {'line': b'Installing arm_controller_node script to /home/webotpi/ros2_ws/install/robot_integration/lib/robot_integration\n'}
[3.314250] (robot_integration) StdoutLine: {'line': b'Installing balance_beam_node script to /home/webotpi/ros2_ws/install/robot_integration/lib/robot_integration\n'}
[3.314643] (robot_integration) StdoutLine: {'line': b'Installing car_controller_node script to /home/webotpi/ros2_ws/install/robot_integration/lib/robot_integration\n'}
[3.314969] (robot_integration) StdoutLine: {'line': b'Installing coordinator_node script to /home/webotpi/ros2_ws/install/robot_integration/lib/robot_integration\n'}
[3.315278] (robot_integration) StdoutLine: {'line': b'Installing edge_detect_node script to /home/webotpi/ros2_ws/install/robot_integration/lib/robot_integration\n'}
[3.315596] (robot_integration) StdoutLine: {'line': b'Installing stm32_bridge_node script to /home/webotpi/ros2_ws/install/robot_integration/lib/robot_integration\n'}
[3.316458] (robot_integration) StdoutLine: {'line': b"writing list of installed files to '/home/webotpi/ros2_ws/build/robot_integration/install.log'\n"}
[3.409137] (-) TimerEvent: {}
[3.463663] (robot_integration) CommandEnded: {'returncode': 0}
[3.477471] (robot_integration) JobEnded: {'identifier': 'robot_integration', 'rc': 0}
[3.478236] (-) EventReactorShutdown: {}
