[1.914s] Invoking command in '/home/webotpi/ros2_ws/src/robot_integration': DEBUGINFOD_URLS=https://debuginfod.ubuntu.com PYTHONPATH=/home/webotpi/ros2_ws/build/robot_integration/prefix_override:/usr/lib/python3/dist-packages/colcon_core/task/python/colcon_distutils_commands:/home/webotpi/ros2_ws/install/robot_integration/lib/python3.12/site-packages:${PYTHONPATH} /usr/bin/python3 -W ignore:setup.py install is deprecated -W ignore:easy_install command is deprecated setup.py egg_info --egg-base ../../build/robot_integration build --build-base /home/webotpi/ros2_ws/build/robot_integration/build install --record /home/webotpi/ros2_ws/build/robot_integration/install.log --single-version-externally-managed install_data
[2.326s] running egg_info
[2.356s] writing ../../build/robot_integration/robot_integration.egg-info/PKG-INFO
[2.363s] writing dependency_links to ../../build/robot_integration/robot_integration.egg-info/dependency_links.txt
[2.363s] writing entry points to ../../build/robot_integration/robot_integration.egg-info/entry_points.txt
[2.364s] writing requirements to ../../build/robot_integration/robot_integration.egg-info/requires.txt
[2.365s] writing top-level names to ../../build/robot_integration/robot_integration.egg-info/top_level.txt
[2.437s] reading manifest file '../../build/robot_integration/robot_integration.egg-info/SOURCES.txt'
[2.444s] writing manifest file '../../build/robot_integration/robot_integration.egg-info/SOURCES.txt'
[2.444s] running build
[2.444s] running build_py
[2.446s] copying robot_integration/line_follow_node.py -> /home/webotpi/ros2_ws/build/robot_integration/build/lib/robot_integration
[2.446s] copying robot_integration/stm32_bridge_node.py -> /home/webotpi/ros2_ws/build/robot_integration/build/lib/robot_integration
[2.447s] running install
[2.459s] running install_lib
[2.487s] copying /home/webotpi/ros2_ws/build/robot_integration/build/lib/robot_integration/line_follow_node.py -> /home/webotpi/ros2_ws/install/robot_integration/lib/python3.12/site-packages/robot_integration
[2.488s] copying /home/webotpi/ros2_ws/build/robot_integration/build/lib/robot_integration/stm32_bridge_node.py -> /home/webotpi/ros2_ws/install/robot_integration/lib/python3.12/site-packages/robot_integration
[2.489s] byte-compiling /home/webotpi/ros2_ws/install/robot_integration/lib/python3.12/site-packages/robot_integration/line_follow_node.py to line_follow_node.cpython-312.pyc
[2.494s]   File "/home/webotpi/ros2_ws/install/robot_integration/lib/python3.12/site-packages/robot_integration/line_follow_node.py", line 135
[2.494s]     f[Odom] x={self._odom_x:+.3f}m y={self._odom_y:+.3f}m yaw={self._odom_yaw:+.1f}deg
[2.494s]                               ^
[2.494s] SyntaxError: invalid decimal literal
[2.494s] 
[2.494s] byte-compiling /home/webotpi/ros2_ws/install/robot_integration/lib/python3.12/site-packages/robot_integration/stm32_bridge_node.py to stm32_bridge_node.cpython-312.pyc
[2.499s] running install_data
[2.500s] running install_egg_info
[2.532s] removing '/home/webotpi/ros2_ws/install/robot_integration/lib/python3.12/site-packages/robot_integration-1.0.0-py3.12.egg-info' (and everything under it)
[2.533s] Copying ../../build/robot_integration/robot_integration.egg-info to /home/webotpi/ros2_ws/install/robot_integration/lib/python3.12/site-packages/robot_integration-1.0.0-py3.12.egg-info
[2.540s] running install_scripts
[2.740s] Installing arm_controller_node script to /home/webotpi/ros2_ws/install/robot_integration/lib/robot_integration
[2.740s] Installing balance_beam_node script to /home/webotpi/ros2_ws/install/robot_integration/lib/robot_integration
[2.747s] Installing car_controller_node script to /home/webotpi/ros2_ws/install/robot_integration/lib/robot_integration
[2.749s] Installing coordinator_node script to /home/webotpi/ros2_ws/install/robot_integration/lib/robot_integration
[2.751s] Installing edge_detect_node script to /home/webotpi/ros2_ws/install/robot_integration/lib/robot_integration
[2.752s] Installing line_follow_node script to /home/webotpi/ros2_ws/install/robot_integration/lib/robot_integration
[2.753s] Installing stm32_bridge_node script to /home/webotpi/ros2_ws/install/robot_integration/lib/robot_integration
[2.755s] writing list of installed files to '/home/webotpi/ros2_ws/build/robot_integration/install.log'
[2.864s] Invoked command in '/home/webotpi/ros2_ws/src/robot_integration' returned '0': DEBUGINFOD_URLS=https://debuginfod.ubuntu.com PYTHONPATH=/home/webotpi/ros2_ws/build/robot_integration/prefix_override:/usr/lib/python3/dist-packages/colcon_core/task/python/colcon_distutils_commands:/home/webotpi/ros2_ws/install/robot_integration/lib/python3.12/site-packages:${PYTHONPATH} /usr/bin/python3 -W ignore:setup.py install is deprecated -W ignore:easy_install command is deprecated setup.py egg_info --egg-base ../../build/robot_integration build --build-base /home/webotpi/ros2_ws/build/robot_integration/build install --record /home/webotpi/ros2_ws/build/robot_integration/install.log --single-version-externally-managed install_data
