[1.765s] Invoking command in '/home/webotpi/ros2_ws/src/robot_integration': PYTHONPATH=/home/webotpi/ros2_ws/build/robot_integration/prefix_override:/usr/lib/python3/dist-packages/colcon_core/task/python/colcon_distutils_commands:/home/webotpi/ros2_ws/install/robot_integration/lib/python3.12/site-packages:${PYTHONPATH} /usr/bin/python3 -W ignore:setup.py install is deprecated -W ignore:easy_install command is deprecated setup.py egg_info --egg-base ../../build/robot_integration build --build-base /home/webotpi/ros2_ws/build/robot_integration/build install --record /home/webotpi/ros2_ws/build/robot_integration/install.log --single-version-externally-managed install_data
[2.134s] running egg_info
[2.161s] writing ../../build/robot_integration/robot_integration.egg-info/PKG-INFO
[2.163s] writing dependency_links to ../../build/robot_integration/robot_integration.egg-info/dependency_links.txt
[2.166s] writing entry points to ../../build/robot_integration/robot_integration.egg-info/entry_points.txt
[2.168s] writing requirements to ../../build/robot_integration/robot_integration.egg-info/requires.txt
[2.170s] writing top-level names to ../../build/robot_integration/robot_integration.egg-info/top_level.txt
[2.230s] reading manifest file '../../build/robot_integration/robot_integration.egg-info/SOURCES.txt'
[2.233s] writing manifest file '../../build/robot_integration/robot_integration.egg-info/SOURCES.txt'
[2.234s] running build
[2.234s] running build_py
[2.237s] copying robot_integration/edge_detect_node.py -> /home/webotpi/ros2_ws/build/robot_integration/build/lib/robot_integration
[2.238s] running install
[2.249s] running install_lib
[2.280s] copying /home/webotpi/ros2_ws/build/robot_integration/build/lib/robot_integration/edge_detect_node.py -> /home/webotpi/ros2_ws/install/robot_integration/lib/python3.12/site-packages/robot_integration
[2.281s] byte-compiling /home/webotpi/ros2_ws/install/robot_integration/lib/python3.12/site-packages/robot_integration/edge_detect_node.py to edge_detect_node.cpython-312.pyc
[2.287s] running install_data
[2.291s] copying config/edge_detect_params.yaml -> /home/webotpi/ros2_ws/install/robot_integration/share/robot_integration/config
[2.292s] running install_egg_info
[2.324s] removing '/home/webotpi/ros2_ws/install/robot_integration/lib/python3.12/site-packages/robot_integration-1.0.0-py3.12.egg-info' (and everything under it)
[2.324s] Copying ../../build/robot_integration/robot_integration.egg-info to /home/webotpi/ros2_ws/install/robot_integration/lib/python3.12/site-packages/robot_integration-1.0.0-py3.12.egg-info
[2.328s] running install_scripts
[2.512s] Installing arm_controller_node script to /home/webotpi/ros2_ws/install/robot_integration/lib/robot_integration
[2.513s] Installing car_controller_node script to /home/webotpi/ros2_ws/install/robot_integration/lib/robot_integration
[2.514s] Installing coordinator_node script to /home/webotpi/ros2_ws/install/robot_integration/lib/robot_integration
[2.514s] Installing edge_detect_node script to /home/webotpi/ros2_ws/install/robot_integration/lib/robot_integration
[2.514s] Installing stm32_bridge_node script to /home/webotpi/ros2_ws/install/robot_integration/lib/robot_integration
[2.514s] writing list of installed files to '/home/webotpi/ros2_ws/build/robot_integration/install.log'
[2.603s] Invoked command in '/home/webotpi/ros2_ws/src/robot_integration' returned '0': PYTHONPATH=/home/webotpi/ros2_ws/build/robot_integration/prefix_override:/usr/lib/python3/dist-packages/colcon_core/task/python/colcon_distutils_commands:/home/webotpi/ros2_ws/install/robot_integration/lib/python3.12/site-packages:${PYTHONPATH} /usr/bin/python3 -W ignore:setup.py install is deprecated -W ignore:easy_install command is deprecated setup.py egg_info --egg-base ../../build/robot_integration build --build-base /home/webotpi/ros2_ws/build/robot_integration/build install --record /home/webotpi/ros2_ws/build/robot_integration/install.log --single-version-externally-managed install_data
