[0.020s] Invoking command in '/home/webotpi/ros2_ws/build/pi5_robot_description': CMAKE_PREFIX_PATH=${CMAKE_PREFIX_PATH}:/opt/ros/jazzy /usr/bin/cmake /home/webotpi/ros2_ws/src/pi5_robot_description -DAMENT_CMAKE_SYMLINK_INSTALL=1 -DCMAKE_INSTALL_PREFIX=/home/webotpi/ros2_ws/install/pi5_robot_description
[0.073s] -- Found ament_cmake: 2.5.6 (/opt/ros/jazzy/share/ament_cmake/cmake)
[0.426s] -- Found Python3: /usr/bin/python3 (found version "3.12.3") found components: Interpreter 
[0.646s] -- Override CMake install command with custom implementation using symlinks instead of copying resources
[1.060s] -- Configuring done (1.0s)
[1.067s] -- Generating done (0.0s)
[1.070s] -- Build files have been written to: /home/webotpi/ros2_ws/build/pi5_robot_description
[1.078s] Invoked command in '/home/webotpi/ros2_ws/build/pi5_robot_description' returned '0': CMAKE_PREFIX_PATH=${CMAKE_PREFIX_PATH}:/opt/ros/jazzy /usr/bin/cmake /home/webotpi/ros2_ws/src/pi5_robot_description -DAMENT_CMAKE_SYMLINK_INSTALL=1 -DCMAKE_INSTALL_PREFIX=/home/webotpi/ros2_ws/install/pi5_robot_description
[1.081s] Invoking command in '/home/webotpi/ros2_ws/build/pi5_robot_description': CMAKE_PREFIX_PATH=${CMAKE_PREFIX_PATH}:/opt/ros/jazzy /usr/bin/cmake --build /home/webotpi/ros2_ws/build/pi5_robot_description -- -j4 -l4
[1.198s] Invoked command in '/home/webotpi/ros2_ws/build/pi5_robot_description' returned '0': CMAKE_PREFIX_PATH=${CMAKE_PREFIX_PATH}:/opt/ros/jazzy /usr/bin/cmake --build /home/webotpi/ros2_ws/build/pi5_robot_description -- -j4 -l4
[1.226s] Invoking command in '/home/webotpi/ros2_ws/build/pi5_robot_description': CMAKE_PREFIX_PATH=${CMAKE_PREFIX_PATH}:/opt/ros/jazzy /usr/bin/cmake --install /home/webotpi/ros2_ws/build/pi5_robot_description
[1.252s] -- Install configuration: ""
[1.252s] -- Execute custom install script
[1.253s] -- Symlinking: /home/webotpi/ros2_ws/install/pi5_robot_description/share/pi5_robot_description/urdf/pi5_arm_robot.urdf.xacro
[1.280s] -- Symlinking: /home/webotpi/ros2_ws/install/pi5_robot_description/share/pi5_robot_description/launch/nav2_navigation.launch.py
[1.309s] -- Symlinking: /home/webotpi/ros2_ws/install/pi5_robot_description/share/pi5_robot_description/launch/nav2_navigation_with_depth.launch.py
[1.337s] -- Symlinking: /home/webotpi/ros2_ws/install/pi5_robot_description/share/pi5_robot_description/launch/slam_mapping.launch.py
[1.363s] -- Symlinking: /home/webotpi/ros2_ws/install/pi5_robot_description/share/pi5_robot_description/launch/view_robot.launch.py
[1.390s] -- Symlinking: /home/webotpi/ros2_ws/install/pi5_robot_description/share/pi5_robot_description/config/collision_monitor_params.yaml
[1.415s] -- Symlinking: /home/webotpi/ros2_ws/install/pi5_robot_description/share/pi5_robot_description/config/collision_monitor_params_backup.yaml
[1.439s] -- Symlinking: /home/webotpi/ros2_ws/install/pi5_robot_description/share/pi5_robot_description/config/nav2.rviz
[1.467s] -- Symlinking: /home/webotpi/ros2_ws/install/pi5_robot_description/share/pi5_robot_description/config/nav2_params.yaml
[1.495s] -- Symlinking: /home/webotpi/ros2_ws/install/pi5_robot_description/share/pi5_robot_description/config/nav2_params.yaml.bak
[1.524s] -- Symlinking: /home/webotpi/ros2_ws/install/pi5_robot_description/share/pi5_robot_description/config/nav2_params.yaml.bak2
[1.549s] -- Symlinking: /home/webotpi/ros2_ws/install/pi5_robot_description/share/pi5_robot_description/config/nav2_params_rpp_backup.yaml
[1.576s] -- Symlinking: /home/webotpi/ros2_ws/install/pi5_robot_description/share/pi5_robot_description/config/slam_toolbox_mapping.yaml
[1.604s] -- Symlinking: /home/webotpi/ros2_ws/install/pi5_robot_description/share/pi5_robot_description/config/view_robot.rviz
[1.631s] -- Symlinking: /home/webotpi/ros2_ws/install/pi5_robot_description/lib/pi5_robot_description/odom_only_node.py
[1.656s] -- Symlinking: /home/webotpi/ros2_ws/install/pi5_robot_description/lib/pi5_robot_description/cmd_vel_bridge_node.py
[1.683s] -- Symlinking: /home/webotpi/ros2_ws/install/pi5_robot_description/lib/pi5_robot_description/goal_pose_bridge.py
[1.710s] -- Symlinking: /home/webotpi/ros2_ws/install/pi5_robot_description/lib/pi5_robot_description/save_map.sh
[1.738s] -- Symlinking: /home/webotpi/ros2_ws/install/pi5_robot_description/lib/pi5_robot_description/verify_urdf.sh
[1.765s] -- Symlinking: /home/webotpi/ros2_ws/install/pi5_robot_description/share/ament_index/resource_index/package_run_dependencies/pi5_robot_description
[1.792s] -- Symlinking: /home/webotpi/ros2_ws/install/pi5_robot_description/share/ament_index/resource_index/parent_prefix_path/pi5_robot_description
[1.820s] -- Symlinking: /home/webotpi/ros2_ws/install/pi5_robot_description/share/pi5_robot_description/environment/ament_prefix_path.sh
[1.847s] -- Symlinking: /home/webotpi/ros2_ws/install/pi5_robot_description/share/pi5_robot_description/environment/ament_prefix_path.dsv
[1.874s] -- Symlinking: /home/webotpi/ros2_ws/install/pi5_robot_description/share/pi5_robot_description/environment/path.sh
[1.900s] -- Symlinking: /home/webotpi/ros2_ws/install/pi5_robot_description/share/pi5_robot_description/environment/path.dsv
[1.928s] -- Symlinking: /home/webotpi/ros2_ws/install/pi5_robot_description/share/pi5_robot_description/local_setup.bash
[1.955s] -- Symlinking: /home/webotpi/ros2_ws/install/pi5_robot_description/share/pi5_robot_description/local_setup.sh
[1.982s] -- Symlinking: /home/webotpi/ros2_ws/install/pi5_robot_description/share/pi5_robot_description/local_setup.zsh
[2.008s] -- Symlinking: /home/webotpi/ros2_ws/install/pi5_robot_description/share/pi5_robot_description/local_setup.dsv
[2.034s] -- Symlinking: /home/webotpi/ros2_ws/install/pi5_robot_description/share/pi5_robot_description/package.dsv
[2.061s] -- Symlinking: /home/webotpi/ros2_ws/install/pi5_robot_description/share/ament_index/resource_index/packages/pi5_robot_description
[2.087s] -- Symlinking: /home/webotpi/ros2_ws/install/pi5_robot_description/share/pi5_robot_description/cmake/pi5_robot_descriptionConfig.cmake
[2.114s] -- Symlinking: /home/webotpi/ros2_ws/install/pi5_robot_description/share/pi5_robot_description/cmake/pi5_robot_descriptionConfig-version.cmake
[2.142s] -- Symlinking: /home/webotpi/ros2_ws/install/pi5_robot_description/share/pi5_robot_description/package.xml
[2.174s] Invoked command in '/home/webotpi/ros2_ws/build/pi5_robot_description' returned '0': CMAKE_PREFIX_PATH=${CMAKE_PREFIX_PATH}:/opt/ros/jazzy /usr/bin/cmake --install /home/webotpi/ros2_ws/build/pi5_robot_description
