[1.430s] Invoking command in '/home/webotpi/ros2_ws/src/robot_integration': PYTHONPATH=/home/webotpi/ros2_ws/build/robot_integration/prefix_override:/usr/lib/python3/dist-packages/colcon_core/task/python/colcon_distutils_commands:/home/webotpi/ros2_ws/install/robot_integration/lib/python3.12/site-packages: /usr/bin/python3 -W ignore:setup.py install is deprecated -W ignore:easy_install command is deprecated setup.py egg_info --egg-base ../../build/robot_integration build --build-base /home/webotpi/ros2_ws/build/robot_integration/build install --record /home/webotpi/ros2_ws/build/robot_integration/install.log --single-version-externally-managed install_data
[1.706s] running egg_info
[1.706s] creating ../../build/robot_integration/robot_integration.egg-info
[1.722s] writing ../../build/robot_integration/robot_integration.egg-info/PKG-INFO
[1.722s] writing dependency_links to ../../build/robot_integration/robot_integration.egg-info/dependency_links.txt
[1.722s] writing entry points to ../../build/robot_integration/robot_integration.egg-info/entry_points.txt
[1.722s] writing requirements to ../../build/robot_integration/robot_integration.egg-info/requires.txt
[1.723s] writing top-level names to ../../build/robot_integration/robot_integration.egg-info/top_level.txt
[1.723s] writing manifest file '../../build/robot_integration/robot_integration.egg-info/SOURCES.txt'
[1.755s] reading manifest file '../../build/robot_integration/robot_integration.egg-info/SOURCES.txt'
[1.756s] writing manifest file '../../build/robot_integration/robot_integration.egg-info/SOURCES.txt'
[1.757s] running build
[1.757s] running build_py
[1.757s] creating /home/webotpi/ros2_ws/build/robot_integration/build
[1.758s] creating /home/webotpi/ros2_ws/build/robot_integration/build/lib
[1.758s] creating /home/webotpi/ros2_ws/build/robot_integration/build/lib/robot_integration
[1.758s] copying robot_integration/coordinator_node.py -> /home/webotpi/ros2_ws/build/robot_integration/build/lib/robot_integration
[1.758s] copying robot_integration/arm_controller_node.py -> /home/webotpi/ros2_ws/build/robot_integration/build/lib/robot_integration
[1.758s] copying robot_integration/__init__.py -> /home/webotpi/ros2_ws/build/robot_integration/build/lib/robot_integration
[1.758s] copying robot_integration/stm32_bridge_node.py -> /home/webotpi/ros2_ws/build/robot_integration/build/lib/robot_integration
[1.758s] copying robot_integration/car_controller_node.py -> /home/webotpi/ros2_ws/build/robot_integration/build/lib/robot_integration
[1.758s] running install
[1.768s] running install_lib
[1.783s] creating /home/webotpi/ros2_ws/install/robot_integration/lib/python3.12/site-packages/robot_integration
[1.784s] copying /home/webotpi/ros2_ws/build/robot_integration/build/lib/robot_integration/coordinator_node.py -> /home/webotpi/ros2_ws/install/robot_integration/lib/python3.12/site-packages/robot_integration
[1.784s] copying /home/webotpi/ros2_ws/build/robot_integration/build/lib/robot_integration/arm_controller_node.py -> /home/webotpi/ros2_ws/install/robot_integration/lib/python3.12/site-packages/robot_integration
[1.784s] copying /home/webotpi/ros2_ws/build/robot_integration/build/lib/robot_integration/__init__.py -> /home/webotpi/ros2_ws/install/robot_integration/lib/python3.12/site-packages/robot_integration
[1.784s] copying /home/webotpi/ros2_ws/build/robot_integration/build/lib/robot_integration/stm32_bridge_node.py -> /home/webotpi/ros2_ws/install/robot_integration/lib/python3.12/site-packages/robot_integration
[1.784s] copying /home/webotpi/ros2_ws/build/robot_integration/build/lib/robot_integration/car_controller_node.py -> /home/webotpi/ros2_ws/install/robot_integration/lib/python3.12/site-packages/robot_integration
[1.785s] byte-compiling /home/webotpi/ros2_ws/install/robot_integration/lib/python3.12/site-packages/robot_integration/coordinator_node.py to coordinator_node.cpython-312.pyc
[1.788s] byte-compiling /home/webotpi/ros2_ws/install/robot_integration/lib/python3.12/site-packages/robot_integration/arm_controller_node.py to arm_controller_node.cpython-312.pyc
[1.791s] byte-compiling /home/webotpi/ros2_ws/install/robot_integration/lib/python3.12/site-packages/robot_integration/__init__.py to __init__.cpython-312.pyc
[1.791s] byte-compiling /home/webotpi/ros2_ws/install/robot_integration/lib/python3.12/site-packages/robot_integration/stm32_bridge_node.py to stm32_bridge_node.cpython-312.pyc
[1.795s] byte-compiling /home/webotpi/ros2_ws/install/robot_integration/lib/python3.12/site-packages/robot_integration/car_controller_node.py to car_controller_node.cpython-312.pyc
[1.796s] running install_data
[1.797s] creating /home/webotpi/ros2_ws/install/robot_integration/share/ament_index
[1.797s] creating /home/webotpi/ros2_ws/install/robot_integration/share/ament_index/resource_index
[1.797s] creating /home/webotpi/ros2_ws/install/robot_integration/share/ament_index/resource_index/packages
[1.797s] copying resource/robot_integration -> /home/webotpi/ros2_ws/install/robot_integration/share/ament_index/resource_index/packages
[1.797s] copying package.xml -> /home/webotpi/ros2_ws/install/robot_integration/share/robot_integration
[1.797s] creating /home/webotpi/ros2_ws/install/robot_integration/share/robot_integration/launch
[1.798s] copying launch/full_system.launch.py -> /home/webotpi/ros2_ws/install/robot_integration/share/robot_integration/launch
[1.798s] copying launch/car_only.launch.py -> /home/webotpi/ros2_ws/install/robot_integration/share/robot_integration/launch
[1.798s] creating /home/webotpi/ros2_ws/install/robot_integration/share/robot_integration/config
[1.798s] copying config/robot_params.yaml -> /home/webotpi/ros2_ws/install/robot_integration/share/robot_integration/config
[1.798s] running install_egg_info
[1.816s] Copying ../../build/robot_integration/robot_integration.egg-info to /home/webotpi/ros2_ws/install/robot_integration/lib/python3.12/site-packages/robot_integration-1.0.0-py3.12.egg-info
[1.820s] running install_scripts
[1.947s] Installing arm_controller_node script to /home/webotpi/ros2_ws/install/robot_integration/bin
[1.950s] Installing car_controller_node script to /home/webotpi/ros2_ws/install/robot_integration/bin
[1.950s] Installing coordinator_node script to /home/webotpi/ros2_ws/install/robot_integration/bin
[1.951s] Installing stm32_bridge_node script to /home/webotpi/ros2_ws/install/robot_integration/bin
[1.951s] writing list of installed files to '/home/webotpi/ros2_ws/build/robot_integration/install.log'
[2.043s] Invoked command in '/home/webotpi/ros2_ws/src/robot_integration' returned '0': PYTHONPATH=/home/webotpi/ros2_ws/build/robot_integration/prefix_override:/usr/lib/python3/dist-packages/colcon_core/task/python/colcon_distutils_commands:/home/webotpi/ros2_ws/install/robot_integration/lib/python3.12/site-packages: /usr/bin/python3 -W ignore:setup.py install is deprecated -W ignore:easy_install command is deprecated setup.py egg_info --egg-base ../../build/robot_integration build --build-base /home/webotpi/ros2_ws/build/robot_integration/build install --record /home/webotpi/ros2_ws/build/robot_integration/install.log --single-version-externally-managed install_data
