[2.102s] Invoking command in '/home/webotpi/ros2_ws/src/robot_integration': DEBUGINFOD_URLS=https://debuginfod.ubuntu.com PYTHONPATH=/home/webotpi/ros2_ws/build/robot_integration/prefix_override:/usr/lib/python3/dist-packages/colcon_core/task/python/colcon_distutils_commands:/home/webotpi/ros2_ws/install/robot_integration/lib/python3.12/site-packages:${PYTHONPATH} /usr/bin/python3 -W ignore:setup.py install is deprecated -W ignore:easy_install command is deprecated setup.py egg_info --egg-base ../../build/robot_integration build --build-base /home/webotpi/ros2_ws/build/robot_integration/build install --record /home/webotpi/ros2_ws/build/robot_integration/install.log --single-version-externally-managed install_data
[2.738s] running egg_info
[2.804s] writing ../../build/robot_integration/robot_integration.egg-info/PKG-INFO
[2.848s] writing dependency_links to ../../build/robot_integration/robot_integration.egg-info/dependency_links.txt
[2.849s] writing entry points to ../../build/robot_integration/robot_integration.egg-info/entry_points.txt
[2.849s] writing requirements to ../../build/robot_integration/robot_integration.egg-info/requires.txt
[2.850s] writing top-level names to ../../build/robot_integration/robot_integration.egg-info/top_level.txt
[2.910s] reading manifest file '../../build/robot_integration/robot_integration.egg-info/SOURCES.txt'
[2.913s] writing manifest file '../../build/robot_integration/robot_integration.egg-info/SOURCES.txt'
[2.913s] running build
[2.914s] running build_py
[2.914s] running install
[2.924s] running install_lib
[2.953s] running install_data
[2.953s] copying config/line_follow_params.yaml -> /home/webotpi/ros2_ws/install/robot_integration/share/robot_integration/config
[2.954s] running install_egg_info
[2.993s] removing '/home/webotpi/ros2_ws/install/robot_integration/lib/python3.12/site-packages/robot_integration-1.0.0-py3.12.egg-info' (and everything under it)
[2.994s] Copying ../../build/robot_integration/robot_integration.egg-info to /home/webotpi/ros2_ws/install/robot_integration/lib/python3.12/site-packages/robot_integration-1.0.0-py3.12.egg-info
[2.995s] running install_scripts
[3.337s] Installing arm_controller_node script to /home/webotpi/ros2_ws/install/robot_integration/lib/robot_integration
[3.337s] Installing balance_beam_node script to /home/webotpi/ros2_ws/install/robot_integration/lib/robot_integration
[3.342s] Installing car_controller_node script to /home/webotpi/ros2_ws/install/robot_integration/lib/robot_integration
[3.343s] Installing coordinator_node script to /home/webotpi/ros2_ws/install/robot_integration/lib/robot_integration
[3.344s] Installing edge_detect_node script to /home/webotpi/ros2_ws/install/robot_integration/lib/robot_integration
[3.347s] Installing line_follow_node script to /home/webotpi/ros2_ws/install/robot_integration/lib/robot_integration
[3.348s] Installing stm32_bridge_node script to /home/webotpi/ros2_ws/install/robot_integration/lib/robot_integration
[3.349s] writing list of installed files to '/home/webotpi/ros2_ws/build/robot_integration/install.log'
[3.435s] Invoked command in '/home/webotpi/ros2_ws/src/robot_integration' returned '0': DEBUGINFOD_URLS=https://debuginfod.ubuntu.com PYTHONPATH=/home/webotpi/ros2_ws/build/robot_integration/prefix_override:/usr/lib/python3/dist-packages/colcon_core/task/python/colcon_distutils_commands:/home/webotpi/ros2_ws/install/robot_integration/lib/python3.12/site-packages:${PYTHONPATH} /usr/bin/python3 -W ignore:setup.py install is deprecated -W ignore:easy_install command is deprecated setup.py egg_info --egg-base ../../build/robot_integration build --build-base /home/webotpi/ros2_ws/build/robot_integration/build install --record /home/webotpi/ros2_ws/build/robot_integration/install.log --single-version-externally-managed install_data
