[0.000000] (-) TimerEvent: {}
[0.000267] (-) JobUnselected: {'identifier': 'deptrum-ros-driver-aurora930'}
[0.000648] (-) JobUnselected: {'identifier': 'my_launch_pkg'}
[0.001218] (-) JobUnselected: {'identifier': 'my_srv'}
[0.001586] (-) JobUnselected: {'identifier': 'py_pkg'}
[0.001972] (-) JobUnselected: {'identifier': 'rplidar_ros'}
[0.002020] (-) JobUnselected: {'identifier': 'voice_interaction'}
[0.002072] (robot_integration) JobQueued: {'identifier': 'robot_integration', 'dependencies': OrderedDict()}
[0.002125] (robot_integration) JobStarted: {'identifier': 'robot_integration'}
[0.099266] (-) TimerEvent: {}
[0.199536] (-) TimerEvent: {}
[0.299785] (-) TimerEvent: {}
[0.400004] (-) TimerEvent: {}
[0.500236] (-) TimerEvent: {}
[0.600481] (-) TimerEvent: {}
[0.700727] (-) TimerEvent: {}
[0.800974] (-) TimerEvent: {}
[0.901226] (-) TimerEvent: {}
[1.001433] (-) TimerEvent: {}
[1.101650] (-) TimerEvent: {}
[1.201850] (-) TimerEvent: {}
[1.302075] (-) TimerEvent: {}
[1.402316] (-) TimerEvent: {}
[1.502549] (-) TimerEvent: {}
[1.602833] (-) TimerEvent: {}
[1.671569] (robot_integration) Command: {'cmd': ['/usr/bin/python3', '-W', 'ignore:setup.py install is deprecated', '-W', 'ignore:easy_install command is deprecated', 'setup.py', 'egg_info', '--egg-base', '../../build/robot_integration', 'build', '--build-base', '/home/webotpi/ros2_ws/build/robot_integration/build', 'install', '--record', '/home/webotpi/ros2_ws/build/robot_integration/install.log', '--single-version-externally-managed', 'install_data'], 'cwd': '/home/webotpi/ros2_ws/src/robot_integration', 'env': {'LANGUAGE': 'zh_CN:en', 'USER': 'webotpi', 'SSH_CLIENT': '192.168.0.111 59600 22', 'LC_TIME': 'zh_CN.UTF-8', 'XDG_SESSION_TYPE': 'tty', 'SHLVL': '1', 'LD_LIBRARY_PATH': '/opt/ros/jazzy/opt/rviz_ogre_vendor/lib:/opt/ros/jazzy/lib/aarch64-linux-gnu:/opt/ros/jazzy/opt/gz_math_vendor/lib:/opt/ros/jazzy/opt/gz_utils_vendor/lib:/opt/ros/jazzy/opt/gz_cmake_vendor/lib:/opt/ros/jazzy/lib', 'HOME': '/home/webotpi', 'OLDPWD': '/home/webotpi', 'ROS_PYTHON_VERSION': '3', 'LC_MONETARY': 'zh_CN.UTF-8', 'DBUS_SESSION_BUS_ADDRESS': 'unix:path=/run/user/1000/bus', 'ROS_DISTRO': 'jazzy', 'LOGNAME': 'webotpi', '_': '/usr/bin/colcon', 'ROS_VERSION': '2', 'XDG_SESSION_CLASS': 'user', 'XDG_SESSION_ID': '77', 'PATH': '/opt/ros/jazzy/bin:/usr/local/sbin:/usr/local/bin:/usr/sbin:/usr/bin:/sbin:/bin:/usr/games:/usr/local/games:/snap/bin', 'PAPERSIZE': 'a4', 'LC_ADDRESS': 'zh_CN.UTF-8', 'XDG_RUNTIME_DIR': '/run/user/1000', 'LANG': 'zh_CN.UTF-8', 'LC_TELEPHONE': 'zh_CN.UTF-8', 'AMENT_PREFIX_PATH': '/opt/ros/jazzy', 'SHELL': '/bin/bash', 'LC_NAME': 'zh_CN.UTF-8', 'LC_MEASUREMENT': 'zh_CN.UTF-8', 'LC_IDENTIFICATION': 'zh_CN.UTF-8', 'ROS_AUTOMATIC_DISCOVERY_RANGE': 'SUBNET', 'PWD': '/home/webotpi/ros2_ws/build/robot_integration', 'SSH_CONNECTION': '192.168.0.111 59600 192.168.0.119 22', 'PYTHONPATH': '/home/webotpi/ros2_ws/build/robot_integration/prefix_override:/usr/lib/python3/dist-packages/colcon_core/task/python/colcon_distutils_commands:/home/webotpi/ros2_ws/install/robot_integration/lib/python3.12/site-packages:/opt/ros/jazzy/lib/python3.12/site-packages', 'LC_NUMERIC': 'zh_CN.UTF-8', 'LC_PAPER': 'zh_CN.UTF-8', 'COLCON': '1', 'CMAKE_PREFIX_PATH': '/opt/ros/jazzy/opt/gz_math_vendor:/opt/ros/jazzy/opt/gz_utils_vendor:/opt/ros/jazzy/opt/gz_cmake_vendor'}, 'shell': False}
[1.705592] (-) TimerEvent: {}
[1.805893] (-) TimerEvent: {}
[1.906150] (-) TimerEvent: {}
[2.006379] (-) TimerEvent: {}
[2.106654] (-) TimerEvent: {}
[2.206988] (-) TimerEvent: {}
[2.216945] (robot_integration) StdoutLine: {'line': b'running egg_info\n'}
[2.217999] (robot_integration) StdoutLine: {'line': b'creating ../../build/robot_integration/robot_integration.egg-info\n'}
[2.287186] (robot_integration) StdoutLine: {'line': b'writing ../../build/robot_integration/robot_integration.egg-info/PKG-INFO\n'}
[2.287986] (robot_integration) StdoutLine: {'line': b'writing dependency_links to ../../build/robot_integration/robot_integration.egg-info/dependency_links.txt\n'}
[2.288579] (robot_integration) StdoutLine: {'line': b'writing entry points to ../../build/robot_integration/robot_integration.egg-info/entry_points.txt\n'}
[2.289348] (robot_integration) StdoutLine: {'line': b'writing requirements to ../../build/robot_integration/robot_integration.egg-info/requires.txt\n'}
[2.289809] (robot_integration) StdoutLine: {'line': b'writing top-level names to ../../build/robot_integration/robot_integration.egg-info/top_level.txt\n'}
[2.290039] (robot_integration) StdoutLine: {'line': b"writing manifest file '../../build/robot_integration/robot_integration.egg-info/SOURCES.txt'\n"}
[2.307076] (-) TimerEvent: {}
[2.353893] (robot_integration) StdoutLine: {'line': b"reading manifest file '../../build/robot_integration/robot_integration.egg-info/SOURCES.txt'\n"}
[2.354872] (robot_integration) StdoutLine: {'line': b"writing manifest file '../../build/robot_integration/robot_integration.egg-info/SOURCES.txt'\n"}
[2.355191] (robot_integration) StdoutLine: {'line': b'running build\n'}
[2.355296] (robot_integration) StdoutLine: {'line': b'running build_py\n'}
[2.355495] (robot_integration) StdoutLine: {'line': b'creating /home/webotpi/ros2_ws/build/robot_integration/build\n'}
[2.355719] (robot_integration) StdoutLine: {'line': b'creating /home/webotpi/ros2_ws/build/robot_integration/build/lib\n'}
[2.355873] (robot_integration) StdoutLine: {'line': b'creating /home/webotpi/ros2_ws/build/robot_integration/build/lib/robot_integration\n'}
[2.355963] (robot_integration) StdoutLine: {'line': b'copying robot_integration/coordinator_node.py -> /home/webotpi/ros2_ws/build/robot_integration/build/lib/robot_integration\n'}
[2.356137] (robot_integration) StdoutLine: {'line': b'copying robot_integration/arm_controller_node.py -> /home/webotpi/ros2_ws/build/robot_integration/build/lib/robot_integration\n'}
[2.356224] (robot_integration) StdoutLine: {'line': b'copying robot_integration/__init__.py -> /home/webotpi/ros2_ws/build/robot_integration/build/lib/robot_integration\n'}
[2.356380] (robot_integration) StdoutLine: {'line': b'copying robot_integration/edge_detect_node.py -> /home/webotpi/ros2_ws/build/robot_integration/build/lib/robot_integration\n'}
[2.356581] (robot_integration) StdoutLine: {'line': b'copying robot_integration/stm32_bridge_node.py -> /home/webotpi/ros2_ws/build/robot_integration/build/lib/robot_integration\n'}
[2.356756] (robot_integration) StdoutLine: {'line': b'copying robot_integration/balance_beam_node.py -> /home/webotpi/ros2_ws/build/robot_integration/build/lib/robot_integration\n'}
[2.356922] (robot_integration) StdoutLine: {'line': b'copying robot_integration/car_controller_node.py -> /home/webotpi/ros2_ws/build/robot_integration/build/lib/robot_integration\n'}
[2.357213] (robot_integration) StdoutLine: {'line': b'running install\n'}
[2.369311] (robot_integration) StdoutLine: {'line': b'running install_lib\n'}
[2.400302] (robot_integration) StdoutLine: {'line': b'creating /home/webotpi/ros2_ws/install/robot_integration/lib/python3.12/site-packages/robot_integration\n'}
[2.401071] (robot_integration) StdoutLine: {'line': b'copying /home/webotpi/ros2_ws/build/robot_integration/build/lib/robot_integration/coordinator_node.py -> /home/webotpi/ros2_ws/install/robot_integration/lib/python3.12/site-packages/robot_integration\n'}
[2.401330] (robot_integration) StdoutLine: {'line': b'copying /home/webotpi/ros2_ws/build/robot_integration/build/lib/robot_integration/arm_controller_node.py -> /home/webotpi/ros2_ws/install/robot_integration/lib/python3.12/site-packages/robot_integration\n'}
[2.401802] (robot_integration) StdoutLine: {'line': b'copying /home/webotpi/ros2_ws/build/robot_integration/build/lib/robot_integration/__init__.py -> /home/webotpi/ros2_ws/install/robot_integration/lib/python3.12/site-packages/robot_integration\n'}
[2.402147] (robot_integration) StdoutLine: {'line': b'copying /home/webotpi/ros2_ws/build/robot_integration/build/lib/robot_integration/edge_detect_node.py -> /home/webotpi/ros2_ws/install/robot_integration/lib/python3.12/site-packages/robot_integration\n'}
[2.402593] (robot_integration) StdoutLine: {'line': b'copying /home/webotpi/ros2_ws/build/robot_integration/build/lib/robot_integration/stm32_bridge_node.py -> /home/webotpi/ros2_ws/install/robot_integration/lib/python3.12/site-packages/robot_integration\n'}
[2.403094] (robot_integration) StdoutLine: {'line': b'copying /home/webotpi/ros2_ws/build/robot_integration/build/lib/robot_integration/balance_beam_node.py -> /home/webotpi/ros2_ws/install/robot_integration/lib/python3.12/site-packages/robot_integration\n'}
[2.403333] (robot_integration) StdoutLine: {'line': b'copying /home/webotpi/ros2_ws/build/robot_integration/build/lib/robot_integration/car_controller_node.py -> /home/webotpi/ros2_ws/install/robot_integration/lib/python3.12/site-packages/robot_integration\n'}
[2.404772] (robot_integration) StdoutLine: {'line': b'byte-compiling /home/webotpi/ros2_ws/install/robot_integration/lib/python3.12/site-packages/robot_integration/coordinator_node.py to coordinator_node.cpython-312.pyc\n'}
[2.407170] (-) TimerEvent: {}
[2.412307] (robot_integration) StdoutLine: {'line': b'byte-compiling /home/webotpi/ros2_ws/install/robot_integration/lib/python3.12/site-packages/robot_integration/arm_controller_node.py to arm_controller_node.cpython-312.pyc\n'}
[2.418483] (robot_integration) StdoutLine: {'line': b'byte-compiling /home/webotpi/ros2_ws/install/robot_integration/lib/python3.12/site-packages/robot_integration/__init__.py to __init__.cpython-312.pyc\n'}
[2.419054] (robot_integration) StdoutLine: {'line': b'byte-compiling /home/webotpi/ros2_ws/install/robot_integration/lib/python3.12/site-packages/robot_integration/edge_detect_node.py to edge_detect_node.cpython-312.pyc\n'}
[2.429650] (robot_integration) StdoutLine: {'line': b'byte-compiling /home/webotpi/ros2_ws/install/robot_integration/lib/python3.12/site-packages/robot_integration/stm32_bridge_node.py to stm32_bridge_node.cpython-312.pyc\n'}
[2.437667] (robot_integration) StdoutLine: {'line': b'byte-compiling /home/webotpi/ros2_ws/install/robot_integration/lib/python3.12/site-packages/robot_integration/balance_beam_node.py to balance_beam_node.cpython-312.pyc\n'}
[2.446736] (robot_integration) StdoutLine: {'line': b'byte-compiling /home/webotpi/ros2_ws/install/robot_integration/lib/python3.12/site-packages/robot_integration/car_controller_node.py to car_controller_node.cpython-312.pyc\n'}
[2.448738] (robot_integration) StdoutLine: {'line': b'running install_data\n'}
[2.449199] (robot_integration) StdoutLine: {'line': b'creating /home/webotpi/ros2_ws/install/robot_integration/share/ament_index\n'}
[2.449366] (robot_integration) StdoutLine: {'line': b'creating /home/webotpi/ros2_ws/install/robot_integration/share/ament_index/resource_index\n'}
[2.449560] (robot_integration) StdoutLine: {'line': b'creating /home/webotpi/ros2_ws/install/robot_integration/share/ament_index/resource_index/packages\n'}
[2.449755] (robot_integration) StdoutLine: {'line': b'copying resource/robot_integration -> /home/webotpi/ros2_ws/install/robot_integration/share/ament_index/resource_index/packages\n'}
[2.449928] (robot_integration) StdoutLine: {'line': b'copying package.xml -> /home/webotpi/ros2_ws/install/robot_integration/share/robot_integration\n'}
[2.450024] (robot_integration) StdoutLine: {'line': b'creating /home/webotpi/ros2_ws/install/robot_integration/share/robot_integration/launch\n'}
[2.450106] (robot_integration) StdoutLine: {'line': b'copying launch/balance_beam.launch.py -> /home/webotpi/ros2_ws/install/robot_integration/share/robot_integration/launch\n'}
[2.450310] (robot_integration) StdoutLine: {'line': b'copying launch/edge_detect.launch.py -> /home/webotpi/ros2_ws/install/robot_integration/share/robot_integration/launch\n'}
[2.450437] (robot_integration) StdoutLine: {'line': b'copying launch/full_system.launch.py -> /home/webotpi/ros2_ws/install/robot_integration/share/robot_integration/launch\n'}
[2.450556] (robot_integration) StdoutLine: {'line': b'copying launch/car_only.launch.py -> /home/webotpi/ros2_ws/install/robot_integration/share/robot_integration/launch\n'}
[2.450781] (robot_integration) StdoutLine: {'line': b'creating /home/webotpi/ros2_ws/install/robot_integration/share/robot_integration/config\n'}
[2.451058] (robot_integration) StdoutLine: {'line': b'copying config/robot_params.yaml -> /home/webotpi/ros2_ws/install/robot_integration/share/robot_integration/config\n'}
[2.451237] (robot_integration) StdoutLine: {'line': b'copying config/edge_detect_params.yaml -> /home/webotpi/ros2_ws/install/robot_integration/share/robot_integration/config\n'}
[2.451384] (robot_integration) StdoutLine: {'line': b'copying config/balance_beam_params.yaml -> /home/webotpi/ros2_ws/install/robot_integration/share/robot_integration/config\n'}
[2.451487] (robot_integration) StdoutLine: {'line': b'running install_egg_info\n'}
[2.482713] (robot_integration) StdoutLine: {'line': b'Copying ../../build/robot_integration/robot_integration.egg-info to /home/webotpi/ros2_ws/install/robot_integration/lib/python3.12/site-packages/robot_integration-1.0.0-py3.12.egg-info\n'}
[2.483937] (robot_integration) StdoutLine: {'line': b'running install_scripts\n'}
[2.507347] (-) TimerEvent: {}
[2.607738] (-) TimerEvent: {}
[2.707976] (-) TimerEvent: {}
[2.747182] (robot_integration) StdoutLine: {'line': b'Installing arm_controller_node script to /home/webotpi/ros2_ws/install/robot_integration/lib/robot_integration\n'}
[2.748411] (robot_integration) StdoutLine: {'line': b'Installing balance_beam_node script to /home/webotpi/ros2_ws/install/robot_integration/lib/robot_integration\n'}
[2.748639] (robot_integration) StdoutLine: {'line': b'Installing car_controller_node script to /home/webotpi/ros2_ws/install/robot_integration/lib/robot_integration\n'}
[2.748947] (robot_integration) StdoutLine: {'line': b'Installing coordinator_node script to /home/webotpi/ros2_ws/install/robot_integration/lib/robot_integration\n'}
[2.749072] (robot_integration) StdoutLine: {'line': b'Installing edge_detect_node script to /home/webotpi/ros2_ws/install/robot_integration/lib/robot_integration\n'}
[2.749262] (robot_integration) StdoutLine: {'line': b'Installing stm32_bridge_node script to /home/webotpi/ros2_ws/install/robot_integration/lib/robot_integration\n'}
[2.749669] (robot_integration) StdoutLine: {'line': b"writing list of installed files to '/home/webotpi/ros2_ws/build/robot_integration/install.log'\n"}
[2.808121] (-) TimerEvent: {}
[2.872070] (robot_integration) CommandEnded: {'returncode': 0}
[2.886804] (robot_integration) JobEnded: {'identifier': 'robot_integration', 'rc': 0}
[2.887497] (-) EventReactorShutdown: {}
