[0.000000] (-) TimerEvent: {}
[0.000269] (-) JobUnselected: {'identifier': 'deptrum-ros-driver-aurora930'}
[0.000658] (-) JobUnselected: {'identifier': 'my_launch_pkg'}
[0.000943] (-) JobUnselected: {'identifier': 'my_srv'}
[0.000998] (-) JobUnselected: {'identifier': 'py_pkg'}
[0.001021] (-) JobUnselected: {'identifier': 'rplidar_ros'}
[0.001046] (-) JobUnselected: {'identifier': 'voice_interaction'}
[0.001075] (robot_integration) JobQueued: {'identifier': 'robot_integration', 'dependencies': OrderedDict()}
[0.001106] (robot_integration) JobStarted: {'identifier': 'robot_integration'}
[0.099454] (-) TimerEvent: {}
[0.199699] (-) TimerEvent: {}
[0.299925] (-) TimerEvent: {}
[0.400147] (-) TimerEvent: {}
[0.500388] (-) TimerEvent: {}
[0.600640] (-) TimerEvent: {}
[0.700868] (-) TimerEvent: {}
[0.801084] (-) TimerEvent: {}
[0.901342] (-) TimerEvent: {}
[1.001691] (-) TimerEvent: {}
[1.101904] (-) TimerEvent: {}
[1.202153] (-) TimerEvent: {}
[1.302433] (-) TimerEvent: {}
[1.316189] (robot_integration) Command: {'cmd': ['/usr/bin/python3', '-W', 'ignore:setup.py install is deprecated', '-W', 'ignore:easy_install command is deprecated', 'setup.py', 'egg_info', '--egg-base', '../../build/robot_integration', 'build', '--build-base', '/home/webotpi/ros2_ws/build/robot_integration/build', 'install', '--record', '/home/webotpi/ros2_ws/build/robot_integration/install.log', '--single-version-externally-managed', 'install_data'], 'cwd': '/home/webotpi/ros2_ws/src/robot_integration', 'env': {'LANGUAGE': 'zh_CN:en', 'USER': 'webotpi', 'SSH_CLIENT': '192.168.0.111 37312 22', 'LC_TIME': 'zh_CN.UTF-8', 'XDG_SESSION_TYPE': 'tty', 'SHLVL': '1', 'LD_LIBRARY_PATH': '/opt/ros/jazzy/opt/rviz_ogre_vendor/lib:/opt/ros/jazzy/lib/aarch64-linux-gnu:/opt/ros/jazzy/opt/gz_math_vendor/lib:/opt/ros/jazzy/opt/gz_utils_vendor/lib:/opt/ros/jazzy/opt/gz_cmake_vendor/lib:/opt/ros/jazzy/lib', 'HOME': '/home/webotpi', 'OLDPWD': '/home/webotpi', 'ROS_PYTHON_VERSION': '3', 'LC_MONETARY': 'zh_CN.UTF-8', 'DBUS_SESSION_BUS_ADDRESS': 'unix:path=/run/user/1000/bus', 'ROS_DISTRO': 'jazzy', 'LOGNAME': 'webotpi', '_': '/usr/bin/colcon', 'ROS_VERSION': '2', 'XDG_SESSION_CLASS': 'user', 'XDG_SESSION_ID': '18', 'PATH': '/opt/ros/jazzy/bin:/usr/local/sbin:/usr/local/bin:/usr/sbin:/usr/bin:/sbin:/bin:/usr/games:/usr/local/games:/snap/bin', 'PAPERSIZE': 'a4', 'LC_ADDRESS': 'zh_CN.UTF-8', 'XDG_RUNTIME_DIR': '/run/user/1000', 'LANG': 'zh_CN.UTF-8', 'LC_TELEPHONE': 'zh_CN.UTF-8', 'AMENT_PREFIX_PATH': '/opt/ros/jazzy', 'SHELL': '/bin/bash', 'LC_NAME': 'zh_CN.UTF-8', 'LC_MEASUREMENT': 'zh_CN.UTF-8', 'LC_IDENTIFICATION': 'zh_CN.UTF-8', 'ROS_AUTOMATIC_DISCOVERY_RANGE': 'SUBNET', 'PWD': '/home/webotpi/ros2_ws/build/robot_integration', 'SSH_CONNECTION': '192.168.0.111 37312 192.168.0.119 22', 'PYTHONPATH': '/home/webotpi/ros2_ws/build/robot_integration/prefix_override:/usr/lib/python3/dist-packages/colcon_core/task/python/colcon_distutils_commands:/home/webotpi/ros2_ws/install/robot_integration/lib/python3.12/site-packages:/opt/ros/jazzy/lib/python3.12/site-packages', 'LC_NUMERIC': 'zh_CN.UTF-8', 'LC_PAPER': 'zh_CN.UTF-8', 'COLCON': '1', 'CMAKE_PREFIX_PATH': '/opt/ros/jazzy/opt/gz_math_vendor:/opt/ros/jazzy/opt/gz_utils_vendor:/opt/ros/jazzy/opt/gz_cmake_vendor'}, 'shell': False}
[1.402554] (-) TimerEvent: {}
[1.502791] (-) TimerEvent: {}
[1.603025] (-) TimerEvent: {}
[1.703276] (-) TimerEvent: {}
[1.711848] (robot_integration) StdoutLine: {'line': b'running egg_info\n'}
[1.739135] (robot_integration) StdoutLine: {'line': b'writing ../../build/robot_integration/robot_integration.egg-info/PKG-INFO\n'}
[1.739589] (robot_integration) StdoutLine: {'line': b'writing dependency_links to ../../build/robot_integration/robot_integration.egg-info/dependency_links.txt\n'}
[1.743280] (robot_integration) StdoutLine: {'line': b'writing entry points to ../../build/robot_integration/robot_integration.egg-info/entry_points.txt\n'}
[1.743777] (robot_integration) StdoutLine: {'line': b'writing requirements to ../../build/robot_integration/robot_integration.egg-info/requires.txt\n'}
[1.744205] (robot_integration) StdoutLine: {'line': b'writing top-level names to ../../build/robot_integration/robot_integration.egg-info/top_level.txt\n'}
[1.802417] (robot_integration) StdoutLine: {'line': b"reading manifest file '../../build/robot_integration/robot_integration.egg-info/SOURCES.txt'\n"}
[1.803324] (-) TimerEvent: {}
[1.803655] (robot_integration) StdoutLine: {'line': b"writing manifest file '../../build/robot_integration/robot_integration.egg-info/SOURCES.txt'\n"}
[1.803947] (robot_integration) StdoutLine: {'line': b'running build\n'}
[1.804056] (robot_integration) StdoutLine: {'line': b'running build_py\n'}
[1.804726] (robot_integration) StdoutLine: {'line': b'running install\n'}
[1.814169] (robot_integration) StdoutLine: {'line': b'running install_lib\n'}
[1.846096] (robot_integration) StdoutLine: {'line': b'running install_data\n'}
[1.846516] (robot_integration) StdoutLine: {'line': b'copying config/edge_detect_params.yaml -> /home/webotpi/ros2_ws/install/robot_integration/share/robot_integration/config\n'}
[1.846726] (robot_integration) StdoutLine: {'line': b'running install_egg_info\n'}
[1.879057] (robot_integration) StdoutLine: {'line': b"removing '/home/webotpi/ros2_ws/install/robot_integration/lib/python3.12/site-packages/robot_integration-1.0.0-py3.12.egg-info' (and everything under it)\n"}
[1.879603] (robot_integration) StdoutLine: {'line': b'Copying ../../build/robot_integration/robot_integration.egg-info to /home/webotpi/ros2_ws/install/robot_integration/lib/python3.12/site-packages/robot_integration-1.0.0-py3.12.egg-info\n'}
[1.881117] (robot_integration) StdoutLine: {'line': b'running install_scripts\n'}
[1.903418] (-) TimerEvent: {}
[2.003617] (-) TimerEvent: {}
[2.075061] (robot_integration) StdoutLine: {'line': b'Installing arm_controller_node script to /home/webotpi/ros2_ws/install/robot_integration/lib/robot_integration\n'}
[2.075455] (robot_integration) StdoutLine: {'line': b'Installing car_controller_node script to /home/webotpi/ros2_ws/install/robot_integration/lib/robot_integration\n'}
[2.078236] (robot_integration) StdoutLine: {'line': b'Installing coordinator_node script to /home/webotpi/ros2_ws/install/robot_integration/lib/robot_integration\n'}
[2.078930] (robot_integration) StdoutLine: {'line': b'Installing edge_detect_node script to /home/webotpi/ros2_ws/install/robot_integration/lib/robot_integration\n'}
[2.079685] (robot_integration) StdoutLine: {'line': b'Installing stm32_bridge_node script to /home/webotpi/ros2_ws/install/robot_integration/lib/robot_integration\n'}
[2.080732] (robot_integration) StdoutLine: {'line': b"writing list of installed files to '/home/webotpi/ros2_ws/build/robot_integration/install.log'\n"}
[2.103982] (-) TimerEvent: {}
[2.177692] (robot_integration) CommandEnded: {'returncode': 0}
[2.201533] (robot_integration) JobEnded: {'identifier': 'robot_integration', 'rc': 0}
[2.202256] (-) EventReactorShutdown: {}
