[1.790s] Invoking command in '/home/webotpi/ros2_ws/src/robot_integration': DEBUGINFOD_URLS=https://debuginfod.ubuntu.com PYTHONPATH=/home/webotpi/ros2_ws/build/robot_integration/prefix_override:/usr/lib/python3/dist-packages/colcon_core/task/python/colcon_distutils_commands:/home/webotpi/ros2_ws/install/robot_integration/lib/python3.12/site-packages:${PYTHONPATH} /usr/bin/python3 -W ignore:setup.py install is deprecated -W ignore:easy_install command is deprecated setup.py egg_info --egg-base ../../build/robot_integration build --build-base /home/webotpi/ros2_ws/build/robot_integration/build install --record /home/webotpi/ros2_ws/build/robot_integration/install.log --single-version-externally-managed install_data
[2.310s] running egg_info
[2.368s] writing ../../build/robot_integration/robot_integration.egg-info/PKG-INFO
[2.369s] writing dependency_links to ../../build/robot_integration/robot_integration.egg-info/dependency_links.txt
[2.372s] writing entry points to ../../build/robot_integration/robot_integration.egg-info/entry_points.txt
[2.373s] writing requirements to ../../build/robot_integration/robot_integration.egg-info/requires.txt
[2.373s] writing top-level names to ../../build/robot_integration/robot_integration.egg-info/top_level.txt
[2.438s] reading manifest file '../../build/robot_integration/robot_integration.egg-info/SOURCES.txt'
[2.440s] writing manifest file '../../build/robot_integration/robot_integration.egg-info/SOURCES.txt'
[2.441s] running build
[2.441s] running build_py
[2.442s] running install
[2.453s] running install_lib
[2.483s] running install_data
[2.483s] running install_egg_info
[2.541s] removing '/home/webotpi/ros2_ws/install/robot_integration/lib/python3.12/site-packages/robot_integration-1.0.0-py3.12.egg-info' (and everything under it)
[2.542s] Copying ../../build/robot_integration/robot_integration.egg-info to /home/webotpi/ros2_ws/install/robot_integration/lib/python3.12/site-packages/robot_integration-1.0.0-py3.12.egg-info
[2.545s] running install_scripts
[2.832s] Installing arm_controller_node script to /home/webotpi/ros2_ws/install/robot_integration/lib/robot_integration
[2.832s] Installing balance_beam_node script to /home/webotpi/ros2_ws/install/robot_integration/lib/robot_integration
[2.835s] Installing car_controller_node script to /home/webotpi/ros2_ws/install/robot_integration/lib/robot_integration
[2.835s] Installing coordinator_node script to /home/webotpi/ros2_ws/install/robot_integration/lib/robot_integration
[2.836s] Installing edge_detect_node script to /home/webotpi/ros2_ws/install/robot_integration/lib/robot_integration
[2.837s] Installing stm32_bridge_node script to /home/webotpi/ros2_ws/install/robot_integration/lib/robot_integration
[2.838s] writing list of installed files to '/home/webotpi/ros2_ws/build/robot_integration/install.log'
[2.947s] Invoked command in '/home/webotpi/ros2_ws/src/robot_integration' returned '0': DEBUGINFOD_URLS=https://debuginfod.ubuntu.com PYTHONPATH=/home/webotpi/ros2_ws/build/robot_integration/prefix_override:/usr/lib/python3/dist-packages/colcon_core/task/python/colcon_distutils_commands:/home/webotpi/ros2_ws/install/robot_integration/lib/python3.12/site-packages:${PYTHONPATH} /usr/bin/python3 -W ignore:setup.py install is deprecated -W ignore:easy_install command is deprecated setup.py egg_info --egg-base ../../build/robot_integration build --build-base /home/webotpi/ros2_ws/build/robot_integration/build install --record /home/webotpi/ros2_ws/build/robot_integration/install.log --single-version-externally-managed install_data
