[0.020s] Invoking command in '/home/webotpi/ros2_ws/build/deptrum-ros-driver-aurora930': CMAKE_PREFIX_PATH=${CMAKE_PREFIX_PATH}:/opt/ros/jazzy /usr/bin/cmake --build /home/webotpi/ros2_ws/build/deptrum-ros-driver-aurora930 -- -j4 -l4
[0.179s] [ 22%] Built target sub_node_ci
[0.187s] [ 44%] Built target sub_node
[0.233s] [ 55%] Building CXX object CMakeFiles/aurora930_node.dir/src/camera_parameters.cc.o
[6.479s] [ 66%] Linking CXX executable aurora930_node
[9.170s] [100%] Built target aurora930_node
[9.261s] Invoked command in '/home/webotpi/ros2_ws/build/deptrum-ros-driver-aurora930' returned '0': CMAKE_PREFIX_PATH=${CMAKE_PREFIX_PATH}:/opt/ros/jazzy /usr/bin/cmake --build /home/webotpi/ros2_ws/build/deptrum-ros-driver-aurora930 -- -j4 -l4
[9.263s] Invoking command in '/home/webotpi/ros2_ws/build/deptrum-ros-driver-aurora930': CMAKE_PREFIX_PATH=${CMAKE_PREFIX_PATH}:/opt/ros/jazzy /usr/bin/cmake --install /home/webotpi/ros2_ws/build/deptrum-ros-driver-aurora930
[9.283s] -- Install configuration: ""
[9.283s] -- Execute custom install script
[9.284s] -- Up-to-date symlink: /home/webotpi/ros2_ws/install/deptrum-ros-driver-aurora930/share/deptrum-ros-driver-aurora930/environment/library_path.sh
[9.284s] -- Up-to-date symlink: /home/webotpi/ros2_ws/install/deptrum-ros-driver-aurora930/share/deptrum-ros-driver-aurora930/environment/library_path.dsv
[9.284s] -- Up-to-date symlink: /home/webotpi/ros2_ws/install/deptrum-ros-driver-aurora930/lib/deptrum-ros-driver-aurora930/aurora930_node
[9.286s] -- Up-to-date symlink: /home/webotpi/ros2_ws/install/deptrum-ros-driver-aurora930/lib/deptrum-ros-driver-aurora930/sub_node
[9.286s] -- Up-to-date symlink: /home/webotpi/ros2_ws/install/deptrum-ros-driver-aurora930/lib/deptrum-ros-driver-aurora930/aurora930_node
[9.287s] -- Up-to-date symlink: /home/webotpi/ros2_ws/install/deptrum-ros-driver-aurora930/lib/deptrum-ros-driver-aurora930/sub_node_ci
[9.287s] -- Up-to-date symlink: /home/webotpi/ros2_ws/install/deptrum-ros-driver-aurora930/share/deptrum-ros-driver-aurora930/99-deptrum-libusb.rules
[9.287s] -- Up-to-date symlink: /home/webotpi/ros2_ws/install/deptrum-ros-driver-aurora930/lib/libdeptrum_stream_aurora900.so.1.1.19
[9.288s] -- Up-to-date symlink: /home/webotpi/ros2_ws/install/deptrum-ros-driver-aurora930/share/deptrum-ros-driver-aurora930/doc/usage_aurora930.md
[9.288s] -- Up-to-date symlink: /home/webotpi/ros2_ws/install/deptrum-ros-driver-aurora930/share/deptrum-ros-driver-aurora930/doc/RELEASE_AURORA930.md
[9.289s] -- Up-to-date symlink: /home/webotpi/ros2_ws/install/deptrum-ros-driver-aurora930/share/deptrum-ros-driver-aurora930/rviz/aurora930-ros2.rviz
[9.289s] -- Up-to-date symlink: /home/webotpi/ros2_ws/install/deptrum-ros-driver-aurora930/share/ament_index/resource_index/package_run_dependencies/deptrum-ros-driver-aurora930
[9.289s] -- Up-to-date symlink: /home/webotpi/ros2_ws/install/deptrum-ros-driver-aurora930/share/ament_index/resource_index/parent_prefix_path/deptrum-ros-driver-aurora930
[9.289s] -- Up-to-date symlink: /home/webotpi/ros2_ws/install/deptrum-ros-driver-aurora930/share/deptrum-ros-driver-aurora930/environment/ament_prefix_path.sh
[9.290s] -- Up-to-date symlink: /home/webotpi/ros2_ws/install/deptrum-ros-driver-aurora930/share/deptrum-ros-driver-aurora930/environment/ament_prefix_path.dsv
[9.290s] -- Up-to-date symlink: /home/webotpi/ros2_ws/install/deptrum-ros-driver-aurora930/share/deptrum-ros-driver-aurora930/environment/path.sh
[9.291s] -- Up-to-date symlink: /home/webotpi/ros2_ws/install/deptrum-ros-driver-aurora930/share/deptrum-ros-driver-aurora930/environment/path.dsv
[9.291s] -- Up-to-date symlink: /home/webotpi/ros2_ws/install/deptrum-ros-driver-aurora930/share/deptrum-ros-driver-aurora930/local_setup.bash
[9.291s] -- Up-to-date symlink: /home/webotpi/ros2_ws/install/deptrum-ros-driver-aurora930/share/deptrum-ros-driver-aurora930/local_setup.sh
[9.291s] -- Up-to-date symlink: /home/webotpi/ros2_ws/install/deptrum-ros-driver-aurora930/share/deptrum-ros-driver-aurora930/local_setup.zsh
[9.292s] -- Up-to-date symlink: /home/webotpi/ros2_ws/install/deptrum-ros-driver-aurora930/share/deptrum-ros-driver-aurora930/local_setup.dsv
[9.292s] -- Symlinking: /home/webotpi/ros2_ws/install/deptrum-ros-driver-aurora930/share/deptrum-ros-driver-aurora930/package.dsv
[9.311s] -- Up-to-date symlink: /home/webotpi/ros2_ws/install/deptrum-ros-driver-aurora930/share/ament_index/resource_index/packages/deptrum-ros-driver-aurora930
[9.311s] -- Up-to-date symlink: /home/webotpi/ros2_ws/install/deptrum-ros-driver-aurora930/share/deptrum-ros-driver-aurora930/cmake/ament_cmake_export_libraries-extras.cmake
[9.311s] -- Up-to-date symlink: /home/webotpi/ros2_ws/install/deptrum-ros-driver-aurora930/share/deptrum-ros-driver-aurora930/cmake/deptrum-ros-driver-aurora930Config.cmake
[9.312s] -- Up-to-date symlink: /home/webotpi/ros2_ws/install/deptrum-ros-driver-aurora930/share/deptrum-ros-driver-aurora930/cmake/deptrum-ros-driver-aurora930Config-version.cmake
[9.312s] -- Up-to-date symlink: /home/webotpi/ros2_ws/install/deptrum-ros-driver-aurora930/share/deptrum-ros-driver-aurora930/package.xml
[9.312s] -- Up-to-date: /home/webotpi/ros2_ws/install/deptrum-ros-driver-aurora930/share/deptrum-ros-driver-aurora930/launch
[9.312s] -- Up-to-date: /home/webotpi/ros2_ws/install/deptrum-ros-driver-aurora930/share/deptrum-ros-driver-aurora930/launch/viewer930_launch.py
[9.312s] -- Up-to-date: /home/webotpi/ros2_ws/install/deptrum-ros-driver-aurora930/share/deptrum-ros-driver-aurora930/launch/aurora930_multi_launch.py
[9.312s] -- Up-to-date: /home/webotpi/ros2_ws/install/deptrum-ros-driver-aurora930/share/deptrum-ros-driver-aurora930/launch/__pycache__
[9.312s] -- Up-to-date: /home/webotpi/ros2_ws/install/deptrum-ros-driver-aurora930/share/deptrum-ros-driver-aurora930/launch/sub_node_ci_aurora930_launch.py
[9.312s] -- Up-to-date: /home/webotpi/ros2_ws/install/deptrum-ros-driver-aurora930/share/deptrum-ros-driver-aurora930/launch/aurora930_launch.py
[9.316s] Invoked command in '/home/webotpi/ros2_ws/build/deptrum-ros-driver-aurora930' returned '0': CMAKE_PREFIX_PATH=${CMAKE_PREFIX_PATH}:/opt/ros/jazzy /usr/bin/cmake --install /home/webotpi/ros2_ws/build/deptrum-ros-driver-aurora930
