[0.000000] (-) TimerEvent: {}
[0.000100] (-) JobUnselected: {'identifier': 'deptrum-ros-driver-aurora930'}
[0.000134] (-) JobUnselected: {'identifier': 'my_launch_pkg'}
[0.000154] (-) JobUnselected: {'identifier': 'my_srv'}
[0.000171] (-) JobUnselected: {'identifier': 'py_pkg'}
[0.000187] (-) JobUnselected: {'identifier': 'robot_integration'}
[0.000203] (-) JobUnselected: {'identifier': 'rplidar_ros'}
[0.000217] (-) JobUnselected: {'identifier': 'voice_interaction'}
[0.000236] (pi5_robot_description) JobQueued: {'identifier': 'pi5_robot_description', 'dependencies': OrderedDict()}
[0.000745] (pi5_robot_description) JobStarted: {'identifier': 'pi5_robot_description'}
[0.026749] (pi5_robot_description) JobProgress: {'identifier': 'pi5_robot_description', 'progress': 'cmake'}
[0.029220] (pi5_robot_description) JobProgress: {'identifier': 'pi5_robot_description', 'progress': 'build'}
[0.030133] (pi5_robot_description) Command: {'cmd': ['/usr/bin/cmake', '--build', '/home/webotpi/ros2_ws/build/pi5_robot_description', '--', '-j4', '-l4'], 'cwd': '/home/webotpi/ros2_ws/build/pi5_robot_description', 'env': OrderedDict({'LANGUAGE': 'zh_CN:en', 'USER': 'webotpi', 'SSH_CLIENT': '192.168.0.111 55844 22', 'LC_TIME': 'zh_CN.UTF-8', 'GZ_CONFIG_PATH': '/opt/ros/jazzy/opt/gz_sim_vendor/share/gz:/opt/ros/jazzy/opt/sdformat_vendor/share/gz:/opt/ros/jazzy/opt/gz_gui_vendor/share/gz:/opt/ros/jazzy/opt/gz_transport_vendor/share/gz:/opt/ros/jazzy/opt/gz_rendering_vendor/share/gz:/opt/ros/jazzy/opt/gz_plugin_vendor/share/gz:/opt/ros/jazzy/opt/gz_fuel_tools_vendor/share/gz:/opt/ros/jazzy/opt/gz_msgs_vendor/share/gz:/opt/ros/jazzy/opt/gz_common_vendor/share/gz', 'XDG_SESSION_TYPE': 'tty', 'SHLVL': '1', 'LD_LIBRARY_PATH': '/home/webotpi/ros2_ws/install/my_srv/lib:/home/webotpi/ros2_ws/install/deptrum-ros-driver-aurora930/lib:/opt/ros/jazzy/opt/gz_sim_vendor/lib:/opt/ros/jazzy/opt/gz_sensors_vendor/lib:/opt/ros/jazzy/opt/gz_physics_vendor/lib:/opt/ros/jazzy/opt/sdformat_vendor/lib:/opt/ros/jazzy/opt/rviz_ogre_vendor/lib:/opt/ros/jazzy/lib/aarch64-linux-gnu:/opt/ros/jazzy/opt/gz_gui_vendor/lib:/opt/ros/jazzy/opt/gz_transport_vendor/lib:/opt/ros/jazzy/opt/gz_rendering_vendor/lib:/opt/ros/jazzy/opt/gz_plugin_vendor/lib:/opt/ros/jazzy/opt/gz_fuel_tools_vendor/lib:/opt/ros/jazzy/opt/gz_msgs_vendor/lib:/opt/ros/jazzy/opt/gz_common_vendor/lib:/opt/ros/jazzy/opt/gz_math_vendor/lib:/opt/ros/jazzy/opt/gz_utils_vendor/lib:/opt/ros/jazzy/opt/gz_tools_vendor/lib:/opt/ros/jazzy/opt/gz_ogre_next_vendor/lib:/opt/ros/jazzy/opt/gz_dartsim_vendor/lib:/opt/ros/jazzy/opt/gz_cmake_vendor/lib:/opt/ros/jazzy/lib', 'HOME': '/home/webotpi', 'OLDPWD': '/home/webotpi', 'ROS_PYTHON_VERSION': '3', 'LC_MONETARY': 'zh_CN.UTF-8', 'DBUS_SESSION_BUS_ADDRESS': 'unix:path=/run/user/1000/bus', 'COLCON_PREFIX_PATH': '/home/webotpi/ros2_ws/install', 'ROS_DISTRO': 'jazzy', 'LOGNAME': 'webotpi', '_': '/usr/bin/colcon', 'ROS_VERSION': '2', 'XDG_SESSION_CLASS': 'user', 'XDG_SESSION_ID': '4', 'PATH': '/opt/ros/jazzy/opt/gz_msgs_vendor/bin:/opt/ros/jazzy/opt/gz_tools_vendor/bin:/opt/ros/jazzy/opt/gz_ogre_next_vendor/bin:/opt/ros/jazzy/bin:/usr/local/sbin:/usr/local/bin:/usr/sbin:/usr/bin:/sbin:/bin:/usr/games:/usr/local/games:/snap/bin', 'PAPERSIZE': 'a4', 'LC_ADDRESS': 'zh_CN.UTF-8', 'XDG_RUNTIME_DIR': '/run/user/1000', 'LANG': 'zh_CN.UTF-8', 'LC_TELEPHONE': 'zh_CN.UTF-8', 'AMENT_PREFIX_PATH': '/home/webotpi/ros2_ws/install/voice_interaction:/home/webotpi/ros2_ws/install/rplidar_ros:/home/webotpi/ros2_ws/install/robot_integration:/home/webotpi/ros2_ws/install/py_pkg:/home/webotpi/ros2_ws/install/pi5_robot_description:/home/webotpi/ros2_ws/install/my_srv:/home/webotpi/ros2_ws/install/my_launch_pkg:/home/webotpi/ros2_ws/install/deptrum-ros-driver-aurora930:/opt/ros/jazzy', 'SHELL': '/bin/bash', 'LC_NAME': 'zh_CN.UTF-8', 'LC_MEASUREMENT': 'zh_CN.UTF-8', 'LC_IDENTIFICATION': 'zh_CN.UTF-8', 'ROS_AUTOMATIC_DISCOVERY_RANGE': 'SUBNET', 'PWD': '/home/webotpi/ros2_ws/build/pi5_robot_description', 'SSH_CONNECTION': '192.168.0.111 55844 192.168.0.119 22', 'PYTHONPATH': '/home/webotpi/ros2_ws/install/voice_interaction/lib/python3.12/site-packages:/home/webotpi/ros2_ws/install/robot_integration/lib/python3.12/site-packages:/home/webotpi/ros2_ws/install/py_pkg/lib/python3.12/site-packages:/home/webotpi/ros2_ws/install/my_srv/lib/python3.12/site-packages:/home/webotpi/ros2_ws/install/my_launch_pkg/lib/python3.12/site-packages:/opt/ros/jazzy/lib/python3.12/site-packages', 'LC_NUMERIC': 'zh_CN.UTF-8', 'LC_PAPER': 'zh_CN.UTF-8', 'COLCON': '1', 'CMAKE_PREFIX_PATH': '/home/webotpi/ros2_ws/install/rplidar_ros:/home/webotpi/ros2_ws/install/pi5_robot_description:/home/webotpi/ros2_ws/install/my_srv:/home/webotpi/ros2_ws/install/deptrum-ros-driver-aurora930:/opt/ros/jazzy/opt/gz_sim_vendor:/opt/ros/jazzy/opt/gz_sensors_vendor:/opt/ros/jazzy/opt/gz_physics_vendor:/opt/ros/jazzy/opt/sdformat_vendor:/opt/ros/jazzy/opt/gz_gui_vendor:/opt/ros/jazzy/opt/gz_transport_vendor:/opt/ros/jazzy/opt/gz_rendering_vendor:/opt/ros/jazzy/opt/gz_plugin_vendor:/opt/ros/jazzy/opt/gz_fuel_tools_vendor:/opt/ros/jazzy/opt/gz_msgs_vendor:/opt/ros/jazzy/opt/gz_common_vendor:/opt/ros/jazzy/opt/gz_math_vendor:/opt/ros/jazzy/opt/gz_utils_vendor:/opt/ros/jazzy/opt/gz_tools_vendor:/opt/ros/jazzy/opt/gz_ogre_next_vendor:/opt/ros/jazzy/opt/gz_dartsim_vendor:/opt/ros/jazzy/opt/gz_cmake_vendor:/home/webotpi/ros2_ws/install/voice_interaction:/home/webotpi/ros2_ws/install/robot_integration:/home/webotpi/ros2_ws/install/py_pkg:/home/webotpi/ros2_ws/install/my_launch_pkg:/opt/ros/jazzy'}), 'shell': False}
[0.099642] (-) TimerEvent: {}
[0.199834] (-) TimerEvent: {}
[0.299982] (-) TimerEvent: {}
[0.400171] (-) TimerEvent: {}
[0.448687] (pi5_robot_description) CommandEnded: {'returncode': 0}
[0.456211] (pi5_robot_description) JobProgress: {'identifier': 'pi5_robot_description', 'progress': 'install'}
[0.486491] (pi5_robot_description) Command: {'cmd': ['/usr/bin/cmake', '--install', '/home/webotpi/ros2_ws/build/pi5_robot_description'], 'cwd': '/home/webotpi/ros2_ws/build/pi5_robot_description', 'env': OrderedDict({'LANGUAGE': 'zh_CN:en', 'USER': 'webotpi', 'SSH_CLIENT': '192.168.0.111 55844 22', 'LC_TIME': 'zh_CN.UTF-8', 'GZ_CONFIG_PATH': '/opt/ros/jazzy/opt/gz_sim_vendor/share/gz:/opt/ros/jazzy/opt/sdformat_vendor/share/gz:/opt/ros/jazzy/opt/gz_gui_vendor/share/gz:/opt/ros/jazzy/opt/gz_transport_vendor/share/gz:/opt/ros/jazzy/opt/gz_rendering_vendor/share/gz:/opt/ros/jazzy/opt/gz_plugin_vendor/share/gz:/opt/ros/jazzy/opt/gz_fuel_tools_vendor/share/gz:/opt/ros/jazzy/opt/gz_msgs_vendor/share/gz:/opt/ros/jazzy/opt/gz_common_vendor/share/gz', 'XDG_SESSION_TYPE': 'tty', 'SHLVL': '1', 'LD_LIBRARY_PATH': '/home/webotpi/ros2_ws/install/my_srv/lib:/home/webotpi/ros2_ws/install/deptrum-ros-driver-aurora930/lib:/opt/ros/jazzy/opt/gz_sim_vendor/lib:/opt/ros/jazzy/opt/gz_sensors_vendor/lib:/opt/ros/jazzy/opt/gz_physics_vendor/lib:/opt/ros/jazzy/opt/sdformat_vendor/lib:/opt/ros/jazzy/opt/rviz_ogre_vendor/lib:/opt/ros/jazzy/lib/aarch64-linux-gnu:/opt/ros/jazzy/opt/gz_gui_vendor/lib:/opt/ros/jazzy/opt/gz_transport_vendor/lib:/opt/ros/jazzy/opt/gz_rendering_vendor/lib:/opt/ros/jazzy/opt/gz_plugin_vendor/lib:/opt/ros/jazzy/opt/gz_fuel_tools_vendor/lib:/opt/ros/jazzy/opt/gz_msgs_vendor/lib:/opt/ros/jazzy/opt/gz_common_vendor/lib:/opt/ros/jazzy/opt/gz_math_vendor/lib:/opt/ros/jazzy/opt/gz_utils_vendor/lib:/opt/ros/jazzy/opt/gz_tools_vendor/lib:/opt/ros/jazzy/opt/gz_ogre_next_vendor/lib:/opt/ros/jazzy/opt/gz_dartsim_vendor/lib:/opt/ros/jazzy/opt/gz_cmake_vendor/lib:/opt/ros/jazzy/lib', 'HOME': '/home/webotpi', 'OLDPWD': '/home/webotpi', 'ROS_PYTHON_VERSION': '3', 'LC_MONETARY': 'zh_CN.UTF-8', 'DBUS_SESSION_BUS_ADDRESS': 'unix:path=/run/user/1000/bus', 'COLCON_PREFIX_PATH': '/home/webotpi/ros2_ws/install', 'ROS_DISTRO': 'jazzy', 'LOGNAME': 'webotpi', '_': '/usr/bin/colcon', 'ROS_VERSION': '2', 'XDG_SESSION_CLASS': 'user', 'XDG_SESSION_ID': '4', 'PATH': '/opt/ros/jazzy/opt/gz_msgs_vendor/bin:/opt/ros/jazzy/opt/gz_tools_vendor/bin:/opt/ros/jazzy/opt/gz_ogre_next_vendor/bin:/opt/ros/jazzy/bin:/usr/local/sbin:/usr/local/bin:/usr/sbin:/usr/bin:/sbin:/bin:/usr/games:/usr/local/games:/snap/bin', 'PAPERSIZE': 'a4', 'LC_ADDRESS': 'zh_CN.UTF-8', 'XDG_RUNTIME_DIR': '/run/user/1000', 'LANG': 'zh_CN.UTF-8', 'LC_TELEPHONE': 'zh_CN.UTF-8', 'AMENT_PREFIX_PATH': '/home/webotpi/ros2_ws/install/voice_interaction:/home/webotpi/ros2_ws/install/rplidar_ros:/home/webotpi/ros2_ws/install/robot_integration:/home/webotpi/ros2_ws/install/py_pkg:/home/webotpi/ros2_ws/install/pi5_robot_description:/home/webotpi/ros2_ws/install/my_srv:/home/webotpi/ros2_ws/install/my_launch_pkg:/home/webotpi/ros2_ws/install/deptrum-ros-driver-aurora930:/opt/ros/jazzy', 'SHELL': '/bin/bash', 'LC_NAME': 'zh_CN.UTF-8', 'LC_MEASUREMENT': 'zh_CN.UTF-8', 'LC_IDENTIFICATION': 'zh_CN.UTF-8', 'ROS_AUTOMATIC_DISCOVERY_RANGE': 'SUBNET', 'PWD': '/home/webotpi/ros2_ws/build/pi5_robot_description', 'SSH_CONNECTION': '192.168.0.111 55844 192.168.0.119 22', 'PYTHONPATH': '/home/webotpi/ros2_ws/install/voice_interaction/lib/python3.12/site-packages:/home/webotpi/ros2_ws/install/robot_integration/lib/python3.12/site-packages:/home/webotpi/ros2_ws/install/py_pkg/lib/python3.12/site-packages:/home/webotpi/ros2_ws/install/my_srv/lib/python3.12/site-packages:/home/webotpi/ros2_ws/install/my_launch_pkg/lib/python3.12/site-packages:/opt/ros/jazzy/lib/python3.12/site-packages', 'LC_NUMERIC': 'zh_CN.UTF-8', 'LC_PAPER': 'zh_CN.UTF-8', 'COLCON': '1', 'CMAKE_PREFIX_PATH': '/home/webotpi/ros2_ws/install/rplidar_ros:/home/webotpi/ros2_ws/install/pi5_robot_description:/home/webotpi/ros2_ws/install/my_srv:/home/webotpi/ros2_ws/install/deptrum-ros-driver-aurora930:/opt/ros/jazzy/opt/gz_sim_vendor:/opt/ros/jazzy/opt/gz_sensors_vendor:/opt/ros/jazzy/opt/gz_physics_vendor:/opt/ros/jazzy/opt/sdformat_vendor:/opt/ros/jazzy/opt/gz_gui_vendor:/opt/ros/jazzy/opt/gz_transport_vendor:/opt/ros/jazzy/opt/gz_rendering_vendor:/opt/ros/jazzy/opt/gz_plugin_vendor:/opt/ros/jazzy/opt/gz_fuel_tools_vendor:/opt/ros/jazzy/opt/gz_msgs_vendor:/opt/ros/jazzy/opt/gz_common_vendor:/opt/ros/jazzy/opt/gz_math_vendor:/opt/ros/jazzy/opt/gz_utils_vendor:/opt/ros/jazzy/opt/gz_tools_vendor:/opt/ros/jazzy/opt/gz_ogre_next_vendor:/opt/ros/jazzy/opt/gz_dartsim_vendor:/opt/ros/jazzy/opt/gz_cmake_vendor:/home/webotpi/ros2_ws/install/voice_interaction:/home/webotpi/ros2_ws/install/robot_integration:/home/webotpi/ros2_ws/install/py_pkg:/home/webotpi/ros2_ws/install/my_launch_pkg:/opt/ros/jazzy'}), 'shell': False}
[0.500256] (-) TimerEvent: {}
[0.511839] (pi5_robot_description) StdoutLine: {'line': b'-- Install configuration: ""\n'}
[0.512847] (pi5_robot_description) StdoutLine: {'line': b'-- Execute custom install script\n'}
[0.522308] (pi5_robot_description) StdoutLine: {'line': b'-- Up-to-date symlink: /home/webotpi/ros2_ws/install/pi5_robot_description/share/pi5_robot_description/urdf/arm_car.urdf\n'}
[0.522783] (pi5_robot_description) StdoutLine: {'line': b'-- Up-to-date symlink: /home/webotpi/ros2_ws/install/pi5_robot_description/share/pi5_robot_description/urdf/arm_car.urdf.bak\n'}
[0.523275] (pi5_robot_description) StdoutLine: {'line': b'-- Up-to-date symlink: /home/webotpi/ros2_ws/install/pi5_robot_description/share/pi5_robot_description/urdf/arm_car.urdf.bak2\n'}
[0.523749] (pi5_robot_description) StdoutLine: {'line': b'-- Up-to-date symlink: /home/webotpi/ros2_ws/install/pi5_robot_description/share/pi5_robot_description/urdf/arm_car.urdf.bak_20260817_110004\n'}
[0.524238] (pi5_robot_description) StdoutLine: {'line': b'-- Up-to-date symlink: /home/webotpi/ros2_ws/install/pi5_robot_description/share/pi5_robot_description/urdf/arm_car.urdf.bak_mirror\n'}
[0.524712] (pi5_robot_description) StdoutLine: {'line': b'-- Up-to-date symlink: /home/webotpi/ros2_ws/install/pi5_robot_description/share/pi5_robot_description/urdf/pi5_arm_car.urdf.xacro\n'}
[0.525194] (pi5_robot_description) StdoutLine: {'line': b'-- Up-to-date symlink: /home/webotpi/ros2_ws/install/pi5_robot_description/share/pi5_robot_description/urdf/pi5_arm_robot.urdf.xacro\n'}
[0.525774] (pi5_robot_description) StdoutLine: {'line': b'-- Up-to-date symlink: /home/webotpi/ros2_ws/install/pi5_robot_description/share/pi5_robot_description/urdf/pi5_arm_robot.urdf.xacro.bak\n'}
[0.528195] (pi5_robot_description) StdoutLine: {'line': b'-- Up-to-date symlink: /home/webotpi/ros2_ws/install/pi5_robot_description/share/pi5_robot_description/launch/__pycache__/multi_waypoint_navigation.launch.cpython-312.pyc\n'}
[0.528662] (pi5_robot_description) StdoutLine: {'line': b'-- Up-to-date symlink: /home/webotpi/ros2_ws/install/pi5_robot_description/share/pi5_robot_description/launch/__pycache__/nav2_navigation.launch.cpython-312.pyc\n'}
[0.529125] (pi5_robot_description) StdoutLine: {'line': b'-- Up-to-date symlink: /home/webotpi/ros2_ws/install/pi5_robot_description/share/pi5_robot_description/launch/__pycache__/nav2_navigation_with_depth.launch.cpython-312.pyc\n'}
[0.529610] (pi5_robot_description) StdoutLine: {'line': b'-- Up-to-date symlink: /home/webotpi/ros2_ws/install/pi5_robot_description/share/pi5_robot_description/launch/__pycache__/rtabmap_3d_mapping.launch.cpython-312.pyc\n'}
[0.530075] (pi5_robot_description) StdoutLine: {'line': b'-- Up-to-date symlink: /home/webotpi/ros2_ws/install/pi5_robot_description/share/pi5_robot_description/launch/__pycache__/slam_mapping.launch.cpython-312.pyc\n'}
[0.530534] (pi5_robot_description) StdoutLine: {'line': b'-- Up-to-date symlink: /home/webotpi/ros2_ws/install/pi5_robot_description/share/pi5_robot_description/launch/__pycache__/voice_navigation.launch.cpython-312.pyc\n'}
[0.531020] (pi5_robot_description) StdoutLine: {'line': b'-- Up-to-date symlink: /home/webotpi/ros2_ws/install/pi5_robot_description/share/pi5_robot_description/launch/multi_waypoint_navigation.launch.py\n'}
[0.531499] (pi5_robot_description) StdoutLine: {'line': b'-- Up-to-date symlink: /home/webotpi/ros2_ws/install/pi5_robot_description/share/pi5_robot_description/launch/nav2_navigation.launch.py\n'}
[0.531979] (pi5_robot_description) StdoutLine: {'line': b'-- Up-to-date symlink: /home/webotpi/ros2_ws/install/pi5_robot_description/share/pi5_robot_description/launch/nav2_navigation_with_depth.launch.py\n'}
[0.532445] (pi5_robot_description) StdoutLine: {'line': b'-- Up-to-date symlink: /home/webotpi/ros2_ws/install/pi5_robot_description/share/pi5_robot_description/launch/nav_pick_place.launch.py\n'}
[0.532931] (pi5_robot_description) StdoutLine: {'line': b'-- Up-to-date symlink: /home/webotpi/ros2_ws/install/pi5_robot_description/share/pi5_robot_description/launch/rtabmap_3d_mapping.launch.py\n'}
[0.533395] (pi5_robot_description) StdoutLine: {'line': b'-- Up-to-date symlink: /home/webotpi/ros2_ws/install/pi5_robot_description/share/pi5_robot_description/launch/rtabmap_3d_mapping.launch.py.bak\n'}
[0.533859] (pi5_robot_description) StdoutLine: {'line': b'-- Up-to-date symlink: /home/webotpi/ros2_ws/install/pi5_robot_description/share/pi5_robot_description/launch/rtabmap_3d_mapping.launch.py.bak2\n'}
[0.534325] (pi5_robot_description) StdoutLine: {'line': b'-- Up-to-date symlink: /home/webotpi/ros2_ws/install/pi5_robot_description/share/pi5_robot_description/launch/rtabmap_3d_mapping.launch.py.bak_20260817_110004\n'}
[0.534797] (pi5_robot_description) StdoutLine: {'line': b'-- Up-to-date symlink: /home/webotpi/ros2_ws/install/pi5_robot_description/share/pi5_robot_description/launch/slam_mapping.launch.py\n'}
[0.535254] (pi5_robot_description) StdoutLine: {'line': b'-- Up-to-date symlink: /home/webotpi/ros2_ws/install/pi5_robot_description/share/pi5_robot_description/launch/view_robot.launch.py\n'}
[0.535749] (pi5_robot_description) StdoutLine: {'line': b'-- Up-to-date symlink: /home/webotpi/ros2_ws/install/pi5_robot_description/share/pi5_robot_description/launch/voice_navigation.launch.py\n'}
[0.540942] (pi5_robot_description) StdoutLine: {'line': b'-- Up-to-date symlink: /home/webotpi/ros2_ws/install/pi5_robot_description/share/pi5_robot_description/config/arm_horizontal.yaml\n'}
[0.541362] (pi5_robot_description) StdoutLine: {'line': b'-- Up-to-date symlink: /home/webotpi/ros2_ws/install/pi5_robot_description/share/pi5_robot_description/config/camera_intrinsics.yaml\n'}
[0.541809] (pi5_robot_description) StdoutLine: {'line': b'-- Up-to-date symlink: /home/webotpi/ros2_ws/install/pi5_robot_description/share/pi5_robot_description/config/collision_monitor_params.yaml\n'}
[0.542266] (pi5_robot_description) StdoutLine: {'line': b'-- Up-to-date symlink: /home/webotpi/ros2_ws/install/pi5_robot_description/share/pi5_robot_description/config/collision_monitor_params_backup.yaml\n'}
[0.542707] (pi5_robot_description) StdoutLine: {'line': b'-- Up-to-date symlink: /home/webotpi/ros2_ws/install/pi5_robot_description/share/pi5_robot_description/config/hand_eye_calib.yaml\n'}
[0.543165] (pi5_robot_description) StdoutLine: {'line': b'-- Up-to-date symlink: /home/webotpi/ros2_ws/install/pi5_robot_description/share/pi5_robot_description/config/named_waypoints.yaml\n'}
[0.543606] (pi5_robot_description) StdoutLine: {'line': b'-- Up-to-date symlink: /home/webotpi/ros2_ws/install/pi5_robot_description/share/pi5_robot_description/config/nav2.rviz\n'}
[0.544049] (pi5_robot_description) StdoutLine: {'line': b'-- Up-to-date symlink: /home/webotpi/ros2_ws/install/pi5_robot_description/share/pi5_robot_description/config/nav2_params.yaml\n'}
[0.544506] (pi5_robot_description) StdoutLine: {'line': b'-- Up-to-date symlink: /home/webotpi/ros2_ws/install/pi5_robot_description/share/pi5_robot_description/config/nav2_params.yaml.bak\n'}
[0.544956] (pi5_robot_description) StdoutLine: {'line': b'-- Up-to-date symlink: /home/webotpi/ros2_ws/install/pi5_robot_description/share/pi5_robot_description/config/nav2_params.yaml.bak2\n'}
[0.545401] (pi5_robot_description) StdoutLine: {'line': b'-- Up-to-date symlink: /home/webotpi/ros2_ws/install/pi5_robot_description/share/pi5_robot_description/config/nav2_params_rpp_backup.yaml\n'}
[0.545824] (pi5_robot_description) StdoutLine: {'line': b'-- Up-to-date symlink: /home/webotpi/ros2_ws/install/pi5_robot_description/share/pi5_robot_description/config/red.txt\n'}
[0.546242] (pi5_robot_description) StdoutLine: {'line': b'-- Up-to-date symlink: /home/webotpi/ros2_ws/install/pi5_robot_description/share/pi5_robot_description/config/rtabmap.rviz\n'}
[0.546791] (pi5_robot_description) StdoutLine: {'line': b'-- Up-to-date symlink: /home/webotpi/ros2_ws/install/pi5_robot_description/share/pi5_robot_description/config/slam_toolbox_mapping.yaml\n'}
[0.547279] (pi5_robot_description) StdoutLine: {'line': b'-- Up-to-date symlink: /home/webotpi/ros2_ws/install/pi5_robot_description/share/pi5_robot_description/config/view_robot.rviz\n'}
[0.547747] (pi5_robot_description) StdoutLine: {'line': b'-- Up-to-date symlink: /home/webotpi/ros2_ws/install/pi5_robot_description/share/pi5_robot_description/config/waypoint_nav.rviz\n'}
[0.549772] (pi5_robot_description) StdoutLine: {'line': b'-- Up-to-date symlink: /home/webotpi/ros2_ws/install/pi5_robot_description/share/pi5_robot_description/meshes/Link1.STL\n'}
[0.550350] (pi5_robot_description) StdoutLine: {'line': b'-- Up-to-date symlink: /home/webotpi/ros2_ws/install/pi5_robot_description/share/pi5_robot_description/meshes/Link2.STL\n'}
[0.550821] (pi5_robot_description) StdoutLine: {'line': b'-- Up-to-date symlink: /home/webotpi/ros2_ws/install/pi5_robot_description/share/pi5_robot_description/meshes/Link3.STL\n'}
[0.551286] (pi5_robot_description) StdoutLine: {'line': b'-- Up-to-date symlink: /home/webotpi/ros2_ws/install/pi5_robot_description/share/pi5_robot_description/meshes/Link4.STL\n'}
[0.551759] (pi5_robot_description) StdoutLine: {'line': b'-- Up-to-date symlink: /home/webotpi/ros2_ws/install/pi5_robot_description/share/pi5_robot_description/meshes/Link5.STL\n'}
[0.552224] (pi5_robot_description) StdoutLine: {'line': b'-- Up-to-date symlink: /home/webotpi/ros2_ws/install/pi5_robot_description/share/pi5_robot_description/meshes/Link6.STL\n'}
[0.552683] (pi5_robot_description) StdoutLine: {'line': b'-- Up-to-date symlink: /home/webotpi/ros2_ws/install/pi5_robot_description/share/pi5_robot_description/meshes/Link7.STL\n'}
[0.553151] (pi5_robot_description) StdoutLine: {'line': b'-- Up-to-date symlink: /home/webotpi/ros2_ws/install/pi5_robot_description/share/pi5_robot_description/meshes/arm_Link1.STL\n'}
[0.553605] (pi5_robot_description) StdoutLine: {'line': b'-- Up-to-date symlink: /home/webotpi/ros2_ws/install/pi5_robot_description/share/pi5_robot_description/meshes/arm_Link10_l.STL\n'}
[0.554066] (pi5_robot_description) StdoutLine: {'line': b'-- Up-to-date symlink: /home/webotpi/ros2_ws/install/pi5_robot_description/share/pi5_robot_description/meshes/arm_Link11_l.STL\n'}
[0.554553] (pi5_robot_description) StdoutLine: {'line': b'-- Up-to-date symlink: /home/webotpi/ros2_ws/install/pi5_robot_description/share/pi5_robot_description/meshes/arm_Link2.STL\n'}
[0.555131] (pi5_robot_description) StdoutLine: {'line': b'-- Up-to-date symlink: /home/webotpi/ros2_ws/install/pi5_robot_description/share/pi5_robot_description/meshes/arm_Link3.STL\n'}
[0.555588] (pi5_robot_description) StdoutLine: {'line': b'-- Up-to-date symlink: /home/webotpi/ros2_ws/install/pi5_robot_description/share/pi5_robot_description/meshes/arm_Link4.STL\n'}
[0.556046] (pi5_robot_description) StdoutLine: {'line': b'-- Up-to-date symlink: /home/webotpi/ros2_ws/install/pi5_robot_description/share/pi5_robot_description/meshes/arm_Link5.STL\n'}
[0.556500] (pi5_robot_description) StdoutLine: {'line': b'-- Up-to-date symlink: /home/webotpi/ros2_ws/install/pi5_robot_description/share/pi5_robot_description/meshes/arm_Link6_r.STL\n'}
[0.556940] (pi5_robot_description) StdoutLine: {'line': b'-- Up-to-date symlink: /home/webotpi/ros2_ws/install/pi5_robot_description/share/pi5_robot_description/meshes/arm_Link7_r.STL\n'}
[0.557348] (pi5_robot_description) StdoutLine: {'line': b'-- Up-to-date symlink: /home/webotpi/ros2_ws/install/pi5_robot_description/share/pi5_robot_description/meshes/arm_Link8_r.STL\n'}
[0.557762] (pi5_robot_description) StdoutLine: {'line': b'-- Up-to-date symlink: /home/webotpi/ros2_ws/install/pi5_robot_description/share/pi5_robot_description/meshes/arm_Link9_l.STL\n'}
[0.558187] (pi5_robot_description) StdoutLine: {'line': b'-- Up-to-date symlink: /home/webotpi/ros2_ws/install/pi5_robot_description/share/pi5_robot_description/meshes/arm_base_link.STL\n'}
[0.558589] (pi5_robot_description) StdoutLine: {'line': b'-- Up-to-date symlink: /home/webotpi/ros2_ws/install/pi5_robot_description/share/pi5_robot_description/meshes/base_link.STL\n'}
[0.559031] (pi5_robot_description) StdoutLine: {'line': b'-- Up-to-date symlink: /home/webotpi/ros2_ws/install/pi5_robot_description/share/pi5_robot_description/meshes/lbw.STL\n'}
[0.559473] (pi5_robot_description) StdoutLine: {'line': b'-- Up-to-date symlink: /home/webotpi/ros2_ws/install/pi5_robot_description/share/pi5_robot_description/meshes/lfw.STL\n'}
[0.559914] (pi5_robot_description) StdoutLine: {'line': b'-- Up-to-date symlink: /home/webotpi/ros2_ws/install/pi5_robot_description/share/pi5_robot_description/meshes/link1.STL\n'}
[0.560356] (pi5_robot_description) StdoutLine: {'line': b'-- Up-to-date symlink: /home/webotpi/ros2_ws/install/pi5_robot_description/share/pi5_robot_description/meshes/link10_l.STL\n'}
[0.560803] (pi5_robot_description) StdoutLine: {'line': b'-- Up-to-date symlink: /home/webotpi/ros2_ws/install/pi5_robot_description/share/pi5_robot_description/meshes/link11_l.STL\n'}
[0.561253] (pi5_robot_description) StdoutLine: {'line': b'-- Up-to-date symlink: /home/webotpi/ros2_ws/install/pi5_robot_description/share/pi5_robot_description/meshes/link2.STL\n'}
[0.561688] (pi5_robot_description) StdoutLine: {'line': b'-- Up-to-date symlink: /home/webotpi/ros2_ws/install/pi5_robot_description/share/pi5_robot_description/meshes/link3.STL\n'}
[0.562139] (pi5_robot_description) StdoutLine: {'line': b'-- Up-to-date symlink: /home/webotpi/ros2_ws/install/pi5_robot_description/share/pi5_robot_description/meshes/link4.STL\n'}
[0.562558] (pi5_robot_description) StdoutLine: {'line': b'-- Up-to-date symlink: /home/webotpi/ros2_ws/install/pi5_robot_description/share/pi5_robot_description/meshes/link5.STL\n'}
[0.562967] (pi5_robot_description) StdoutLine: {'line': b'-- Up-to-date symlink: /home/webotpi/ros2_ws/install/pi5_robot_description/share/pi5_robot_description/meshes/link6_r.STL\n'}
[0.563375] (pi5_robot_description) StdoutLine: {'line': b'-- Up-to-date symlink: /home/webotpi/ros2_ws/install/pi5_robot_description/share/pi5_robot_description/meshes/link7_r.STL\n'}
[0.563794] (pi5_robot_description) StdoutLine: {'line': b'-- Up-to-date symlink: /home/webotpi/ros2_ws/install/pi5_robot_description/share/pi5_robot_description/meshes/link8_r.STL\n'}
[0.564240] (pi5_robot_description) StdoutLine: {'line': b'-- Up-to-date symlink: /home/webotpi/ros2_ws/install/pi5_robot_description/share/pi5_robot_description/meshes/link9_l.STL\n'}
[0.564703] (pi5_robot_description) StdoutLine: {'line': b'-- Up-to-date symlink: /home/webotpi/ros2_ws/install/pi5_robot_description/share/pi5_robot_description/meshes/rbw.STL\n'}
[0.565176] (pi5_robot_description) StdoutLine: {'line': b'-- Up-to-date symlink: /home/webotpi/ros2_ws/install/pi5_robot_description/share/pi5_robot_description/meshes/rfw.STL\n'}
[0.566335] (pi5_robot_description) StdoutLine: {'line': b'-- Up-to-date symlink: /home/webotpi/ros2_ws/install/pi5_robot_description/lib/pi5_robot_description/odom_only_node.py\n'}
[0.566813] (pi5_robot_description) StdoutLine: {'line': b'-- Up-to-date symlink: /home/webotpi/ros2_ws/install/pi5_robot_description/lib/pi5_robot_description/cmd_vel_bridge_node.py\n'}
[0.567294] (pi5_robot_description) StdoutLine: {'line': b'-- Up-to-date symlink: /home/webotpi/ros2_ws/install/pi5_robot_description/lib/pi5_robot_description/goal_pose_bridge.py\n'}
[0.567751] (pi5_robot_description) StdoutLine: {'line': b'-- Up-to-date symlink: /home/webotpi/ros2_ws/install/pi5_robot_description/lib/pi5_robot_description/waypoint_navigator.py\n'}
[0.568238] (pi5_robot_description) StdoutLine: {'line': b'-- Up-to-date symlink: /home/webotpi/ros2_ws/install/pi5_robot_description/lib/pi5_robot_description/nav_executor_node.py\n'}
[0.568703] (pi5_robot_description) StdoutLine: {'line': b'-- Up-to-date symlink: /home/webotpi/ros2_ws/install/pi5_robot_description/lib/pi5_robot_description/yolo_zone_detect_node.py\n'}
[0.569172] (pi5_robot_description) StdoutLine: {'line': b'-- Up-to-date symlink: /home/webotpi/ros2_ws/install/pi5_robot_description/lib/pi5_robot_description/arm_fixed_pose_node.py\n'}
[0.569603] (pi5_robot_description) StdoutLine: {'line': b'-- Up-to-date symlink: /home/webotpi/ros2_ws/install/pi5_robot_description/lib/pi5_robot_description/depth_convert_node.py\n'}
[0.570045] (pi5_robot_description) StdoutLine: {'line': b'-- Up-to-date symlink: /home/webotpi/ros2_ws/install/pi5_robot_description/lib/pi5_robot_description/arm_kinematics.py\n'}
[0.570482] (pi5_robot_description) StdoutLine: {'line': b'-- Up-to-date symlink: /home/webotpi/ros2_ws/install/pi5_robot_description/lib/pi5_robot_description/arm_serial.py\n'}
[0.570925] (pi5_robot_description) StdoutLine: {'line': b'-- Up-to-date symlink: /home/webotpi/ros2_ws/install/pi5_robot_description/lib/pi5_robot_description/depth_utils.py\n'}
[0.571387] (pi5_robot_description) StdoutLine: {'line': b'-- Up-to-date symlink: /home/webotpi/ros2_ws/install/pi5_robot_description/lib/pi5_robot_description/color_detector.py\n'}
[0.571836] (pi5_robot_description) StdoutLine: {'line': b'-- Up-to-date symlink: /home/webotpi/ros2_ws/install/pi5_robot_description/lib/pi5_robot_description/nav_pick_place_node.py\n'}
[0.572296] (pi5_robot_description) StdoutLine: {'line': b'-- Up-to-date symlink: /home/webotpi/ros2_ws/install/pi5_robot_description/lib/pi5_robot_description/waypoint_recorder_node.py\n'}
[0.573002] (pi5_robot_description) StdoutLine: {'line': b'-- Up-to-date symlink: /home/webotpi/ros2_ws/install/pi5_robot_description/lib/pi5_robot_description/save_map.sh\n'}
[0.573469] (pi5_robot_description) StdoutLine: {'line': b'-- Up-to-date symlink: /home/webotpi/ros2_ws/install/pi5_robot_description/lib/pi5_robot_description/verify_urdf.sh\n'}
[0.573901] (pi5_robot_description) StdoutLine: {'line': b'-- Up-to-date symlink: /home/webotpi/ros2_ws/install/pi5_robot_description/lib/pi5_robot_description/waypoint_control.sh\n'}
[0.574199] (pi5_robot_description) StdoutLine: {'line': b'-- Up-to-date symlink: /home/webotpi/ros2_ws/install/pi5_robot_description/share/ament_index/resource_index/package_run_dependencies/pi5_robot_description\n'}
[0.574978] (pi5_robot_description) StdoutLine: {'line': b'-- Up-to-date symlink: /home/webotpi/ros2_ws/install/pi5_robot_description/share/ament_index/resource_index/parent_prefix_path/pi5_robot_description\n'}
[0.575540] (pi5_robot_description) StdoutLine: {'line': b'-- Up-to-date symlink: /home/webotpi/ros2_ws/install/pi5_robot_description/share/pi5_robot_description/environment/ament_prefix_path.sh\n'}
[0.575801] (pi5_robot_description) StdoutLine: {'line': b'-- Up-to-date symlink: /home/webotpi/ros2_ws/install/pi5_robot_description/share/pi5_robot_description/environment/ament_prefix_path.dsv\n'}
[0.576343] (pi5_robot_description) StdoutLine: {'line': b'-- Up-to-date symlink: /home/webotpi/ros2_ws/install/pi5_robot_description/share/pi5_robot_description/environment/path.sh\n'}
[0.576592] (pi5_robot_description) StdoutLine: {'line': b'-- Up-to-date symlink: /home/webotpi/ros2_ws/install/pi5_robot_description/share/pi5_robot_description/environment/path.dsv\n'}
[0.577130] (pi5_robot_description) StdoutLine: {'line': b'-- Up-to-date symlink: /home/webotpi/ros2_ws/install/pi5_robot_description/share/pi5_robot_description/local_setup.bash\n'}
[0.577669] (pi5_robot_description) StdoutLine: {'line': b'-- Up-to-date symlink: /home/webotpi/ros2_ws/install/pi5_robot_description/share/pi5_robot_description/local_setup.sh\n'}
[0.578183] (pi5_robot_description) StdoutLine: {'line': b'-- Up-to-date symlink: /home/webotpi/ros2_ws/install/pi5_robot_description/share/pi5_robot_description/local_setup.zsh\n'}
[0.578412] (pi5_robot_description) StdoutLine: {'line': b'-- Up-to-date symlink: /home/webotpi/ros2_ws/install/pi5_robot_description/share/pi5_robot_description/local_setup.dsv\n'}
[0.578584] (pi5_robot_description) StdoutLine: {'line': b'-- Symlinking: /home/webotpi/ros2_ws/install/pi5_robot_description/share/pi5_robot_description/package.dsv\n'}
[0.600332] (-) TimerEvent: {}
[0.605945] (pi5_robot_description) StdoutLine: {'line': b'-- Up-to-date symlink: /home/webotpi/ros2_ws/install/pi5_robot_description/share/ament_index/resource_index/packages/pi5_robot_description\n'}
[0.606717] (pi5_robot_description) StdoutLine: {'line': b'-- Up-to-date symlink: /home/webotpi/ros2_ws/install/pi5_robot_description/share/pi5_robot_description/cmake/pi5_robot_descriptionConfig.cmake\n'}
[0.607139] (pi5_robot_description) StdoutLine: {'line': b'-- Up-to-date symlink: /home/webotpi/ros2_ws/install/pi5_robot_description/share/pi5_robot_description/cmake/pi5_robot_descriptionConfig-version.cmake\n'}
[0.607391] (pi5_robot_description) StdoutLine: {'line': b'-- Up-to-date symlink: /home/webotpi/ros2_ws/install/pi5_robot_description/share/pi5_robot_description/package.xml\n'}
[0.610514] (pi5_robot_description) CommandEnded: {'returncode': 0}
[0.662276] (pi5_robot_description) JobEnded: {'identifier': 'pi5_robot_description', 'rc': 0}
[0.663247] (-) EventReactorShutdown: {}
