[0.000000] (-) TimerEvent: {}
[0.000152] (-) JobUnselected: {'identifier': 'deptrum-ros-driver-aurora930'}
[0.000331] (-) JobUnselected: {'identifier': 'my_launch_pkg'}
[0.000358] (-) JobUnselected: {'identifier': 'my_srv'}
[0.000604] (-) JobUnselected: {'identifier': 'py_pkg'}
[0.000624] (-) JobUnselected: {'identifier': 'rplidar_ros'}
[0.000791] (-) JobUnselected: {'identifier': 'voice_interaction'}
[0.000951] (robot_integration) JobQueued: {'identifier': 'robot_integration', 'dependencies': OrderedDict()}
[0.001073] (robot_integration) JobStarted: {'identifier': 'robot_integration'}
[0.099735] (-) TimerEvent: {}
[0.199978] (-) TimerEvent: {}
[0.300330] (-) TimerEvent: {}
[0.400543] (-) TimerEvent: {}
[0.500809] (-) TimerEvent: {}
[0.601014] (-) TimerEvent: {}
[0.701227] (-) TimerEvent: {}
[0.801434] (-) TimerEvent: {}
[0.901639] (-) TimerEvent: {}
[1.001892] (-) TimerEvent: {}
[1.035984] (robot_integration) Command: {'cmd': ['/usr/bin/python3', '-W', 'ignore:setup.py install is deprecated', '-W', 'ignore:easy_install command is deprecated', 'setup.py', 'egg_info', '--egg-base', '../../build/robot_integration', 'build', '--build-base', '/home/webotpi/ros2_ws/build/robot_integration/build', 'install', '--record', '/home/webotpi/ros2_ws/build/robot_integration/install.log', '--single-version-externally-managed', 'install_data'], 'cwd': '/home/webotpi/ros2_ws/src/robot_integration', 'env': {'LANGUAGE': 'zh_CN:en', 'USER': 'webotpi', 'SSH_CLIENT': '192.168.0.111 35796 22', 'LC_TIME': 'zh_CN.UTF-8', 'XDG_SESSION_TYPE': 'tty', 'SHLVL': '1', 'HOME': '/home/webotpi', 'OLDPWD': '/home/webotpi', 'LC_MONETARY': 'zh_CN.UTF-8', 'DBUS_SESSION_BUS_ADDRESS': 'unix:path=/run/user/1000/bus', 'LOGNAME': 'webotpi', '_': '/usr/bin/colcon', 'XDG_SESSION_CLASS': 'user', 'XDG_SESSION_ID': '55', 'PATH': '/usr/local/sbin:/usr/local/bin:/usr/sbin:/usr/bin:/sbin:/bin:/usr/games:/usr/local/games:/snap/bin', 'PAPERSIZE': 'a4', 'LC_ADDRESS': 'zh_CN.UTF-8', 'XDG_RUNTIME_DIR': '/run/user/1000', 'LANG': 'zh_CN.UTF-8', 'LC_TELEPHONE': 'zh_CN.UTF-8', 'SHELL': '/bin/bash', 'LC_NAME': 'zh_CN.UTF-8', 'LC_MEASUREMENT': 'zh_CN.UTF-8', 'LC_IDENTIFICATION': 'zh_CN.UTF-8', 'PWD': '/home/webotpi/ros2_ws/build/robot_integration', 'SSH_CONNECTION': '192.168.0.111 35796 192.168.0.119 22', 'LC_NUMERIC': 'zh_CN.UTF-8', 'LC_PAPER': 'zh_CN.UTF-8', 'COLCON': '1', 'PYTHONPATH': '/home/webotpi/ros2_ws/build/robot_integration/prefix_override:/usr/lib/python3/dist-packages/colcon_core/task/python/colcon_distutils_commands:/home/webotpi/ros2_ws/install/robot_integration/lib/python3.12/site-packages:'}, 'shell': False}
[1.101987] (-) TimerEvent: {}
[1.202217] (-) TimerEvent: {}
[1.302409] (-) TimerEvent: {}
[1.337027] (robot_integration) StdoutLine: {'line': b'running egg_info\n'}
[1.354385] (robot_integration) StdoutLine: {'line': b'writing ../../build/robot_integration/robot_integration.egg-info/PKG-INFO\n'}
[1.354782] (robot_integration) StdoutLine: {'line': b'writing dependency_links to ../../build/robot_integration/robot_integration.egg-info/dependency_links.txt\n'}
[1.361385] (robot_integration) StdoutLine: {'line': b'writing entry points to ../../build/robot_integration/robot_integration.egg-info/entry_points.txt\n'}
[1.362370] (robot_integration) StdoutLine: {'line': b'writing requirements to ../../build/robot_integration/robot_integration.egg-info/requires.txt\n'}
[1.363550] (robot_integration) StdoutLine: {'line': b'writing top-level names to ../../build/robot_integration/robot_integration.egg-info/top_level.txt\n'}
[1.401912] (robot_integration) StdoutLine: {'line': b"reading manifest file '../../build/robot_integration/robot_integration.egg-info/SOURCES.txt'\n"}
[1.402468] (-) TimerEvent: {}
[1.403251] (robot_integration) StdoutLine: {'line': b"writing manifest file '../../build/robot_integration/robot_integration.egg-info/SOURCES.txt'\n"}
[1.406235] (robot_integration) StdoutLine: {'line': b'running build\n'}
[1.406410] (robot_integration) StdoutLine: {'line': b'running build_py\n'}
[1.406514] (robot_integration) StdoutLine: {'line': b'copying robot_integration/line_follow_node.py -> /home/webotpi/ros2_ws/build/robot_integration/build/lib/robot_integration\n'}
[1.406629] (robot_integration) StdoutLine: {'line': b'copying robot_integration/stm32_bridge_node.py -> /home/webotpi/ros2_ws/build/robot_integration/build/lib/robot_integration\n'}
[1.406712] (robot_integration) StdoutLine: {'line': b'running install\n'}
[1.414178] (robot_integration) StdoutLine: {'line': b'running install_lib\n'}
[1.433021] (robot_integration) StdoutLine: {'line': b'copying /home/webotpi/ros2_ws/build/robot_integration/build/lib/robot_integration/line_follow_node.py -> /home/webotpi/ros2_ws/install/robot_integration/lib/python3.12/site-packages/robot_integration\n'}
[1.436265] (robot_integration) StdoutLine: {'line': b'copying /home/webotpi/ros2_ws/build/robot_integration/build/lib/robot_integration/stm32_bridge_node.py -> /home/webotpi/ros2_ws/install/robot_integration/lib/python3.12/site-packages/robot_integration\n'}
[1.436515] (robot_integration) StdoutLine: {'line': b'byte-compiling /home/webotpi/ros2_ws/install/robot_integration/lib/python3.12/site-packages/robot_integration/line_follow_node.py to line_follow_node.cpython-312.pyc\n'}
[1.442273] (robot_integration) StdoutLine: {'line': b'byte-compiling /home/webotpi/ros2_ws/install/robot_integration/lib/python3.12/site-packages/robot_integration/stm32_bridge_node.py to stm32_bridge_node.cpython-312.pyc\n'}
[1.451808] (robot_integration) StderrLine: {'line': b'Sorry: IndentationError: unexpected indent (stm32_bridge_node.py, line 71)\n'}
[1.452152] (robot_integration) StdoutLine: {'line': b'running install_data\n'}
[1.452515] (robot_integration) StdoutLine: {'line': b'running install_egg_info\n'}
[1.473300] (robot_integration) StdoutLine: {'line': b"removing '/home/webotpi/ros2_ws/install/robot_integration/lib/python3.12/site-packages/robot_integration-1.0.0-py3.12.egg-info' (and everything under it)\n"}
[1.473795] (robot_integration) StdoutLine: {'line': b'Copying ../../build/robot_integration/robot_integration.egg-info to /home/webotpi/ros2_ws/install/robot_integration/lib/python3.12/site-packages/robot_integration-1.0.0-py3.12.egg-info\n'}
[1.475207] (robot_integration) StdoutLine: {'line': b'running install_scripts\n'}
[1.502574] (-) TimerEvent: {}
[1.602805] (-) TimerEvent: {}
[1.609089] (robot_integration) StdoutLine: {'line': b'Installing arm_controller_node script to /home/webotpi/ros2_ws/install/robot_integration/lib/robot_integration\n'}
[1.609431] (robot_integration) StdoutLine: {'line': b'Installing balance_beam_node script to /home/webotpi/ros2_ws/install/robot_integration/lib/robot_integration\n'}
[1.616042] (robot_integration) StdoutLine: {'line': b'Installing car_controller_node script to /home/webotpi/ros2_ws/install/robot_integration/lib/robot_integration\n'}
[1.617314] (robot_integration) StdoutLine: {'line': b'Installing coordinator_node script to /home/webotpi/ros2_ws/install/robot_integration/lib/robot_integration\n'}
[1.619733] (robot_integration) StdoutLine: {'line': b'Installing edge_detect_node script to /home/webotpi/ros2_ws/install/robot_integration/lib/robot_integration\n'}
[1.621078] (robot_integration) StdoutLine: {'line': b'Installing line_follow_node script to /home/webotpi/ros2_ws/install/robot_integration/lib/robot_integration\n'}
[1.622421] (robot_integration) StdoutLine: {'line': b'Installing stm32_bridge_node script to /home/webotpi/ros2_ws/install/robot_integration/lib/robot_integration\n'}
[1.623883] (robot_integration) StdoutLine: {'line': b"writing list of installed files to '/home/webotpi/ros2_ws/build/robot_integration/install.log'\n"}
[1.702948] (-) TimerEvent: {}
[1.713224] (robot_integration) CommandEnded: {'returncode': 0}
[1.734456] (robot_integration) JobEnded: {'identifier': 'robot_integration', 'rc': 0}
[1.735586] (-) EventReactorShutdown: {}
