[0.000000] (-) TimerEvent: {}
[0.000341] (-) JobUnselected: {'identifier': 'deptrum-ros-driver-aurora930'}
[0.000449] (-) JobUnselected: {'identifier': 'my_launch_pkg'}
[0.000518] (-) JobUnselected: {'identifier': 'my_srv'}
[0.000561] (-) JobUnselected: {'identifier': 'py_pkg'}
[0.000970] (-) JobUnselected: {'identifier': 'rplidar_ros'}
[0.001061] (-) JobUnselected: {'identifier': 'voice_interaction'}
[0.001713] (robot_integration) JobQueued: {'identifier': 'robot_integration', 'dependencies': OrderedDict()}
[0.002176] (robot_integration) JobStarted: {'identifier': 'robot_integration'}
[0.099093] (-) TimerEvent: {}
[0.199332] (-) TimerEvent: {}
[0.299612] (-) TimerEvent: {}
[0.399890] (-) TimerEvent: {}
[0.500171] (-) TimerEvent: {}
[0.600526] (-) TimerEvent: {}
[0.700949] (-) TimerEvent: {}
[0.801205] (-) TimerEvent: {}
[0.901509] (-) TimerEvent: {}
[1.001770] (-) TimerEvent: {}
[1.102066] (-) TimerEvent: {}
[1.202346] (-) TimerEvent: {}
[1.302624] (-) TimerEvent: {}
[1.402918] (-) TimerEvent: {}
[1.503180] (-) TimerEvent: {}
[1.603476] (-) TimerEvent: {}
[1.703774] (-) TimerEvent: {}
[1.804051] (-) TimerEvent: {}
[1.904313] (-) TimerEvent: {}
[2.004671] (-) TimerEvent: {}
[2.105513] (-) TimerEvent: {}
[2.205840] (-) TimerEvent: {}
[2.306155] (-) TimerEvent: {}
[2.406568] (-) TimerEvent: {}
[2.486089] (robot_integration) Command: {'cmd': ['/usr/bin/python3', '-W', 'ignore:setup.py install is deprecated', '-W', 'ignore:easy_install command is deprecated', 'setup.py', 'egg_info', '--egg-base', '../../build/robot_integration', 'build', '--build-base', '/home/webotpi/ros2_ws/build/robot_integration/build', 'install', '--record', '/home/webotpi/ros2_ws/build/robot_integration/install.log', '--single-version-externally-managed', 'install_data'], 'cwd': '/home/webotpi/ros2_ws/src/robot_integration', 'env': {'LANGUAGE': 'zh_CN:en', 'USER': 'webotpi', 'SSH_CLIENT': '192.168.0.111 40980 22', 'LC_TIME': 'zh_CN.UTF-8', 'XDG_SESSION_TYPE': 'tty', 'SHLVL': '1', 'LD_LIBRARY_PATH': '/opt/ros/jazzy/opt/rviz_ogre_vendor/lib:/opt/ros/jazzy/lib/aarch64-linux-gnu:/opt/ros/jazzy/opt/gz_math_vendor/lib:/opt/ros/jazzy/opt/gz_utils_vendor/lib:/opt/ros/jazzy/opt/gz_cmake_vendor/lib:/opt/ros/jazzy/lib', 'HOME': '/home/webotpi', 'OLDPWD': '/home/webotpi/ros2_ws/src/robot_integration/robot_integration', 'ROS_PYTHON_VERSION': '3', 'LC_MONETARY': 'zh_CN.UTF-8', 'DBUS_SESSION_BUS_ADDRESS': 'unix:path=/run/user/1000/bus', 'ROS_DISTRO': 'jazzy', 'LOGNAME': 'webotpi', '_': '/usr/bin/colcon', 'ROS_VERSION': '2', 'XDG_SESSION_CLASS': 'user', 'XDG_SESSION_ID': '42', 'PATH': '/opt/ros/jazzy/bin:/usr/local/sbin:/usr/local/bin:/usr/sbin:/usr/bin:/sbin:/bin:/usr/games:/usr/local/games:/snap/bin', 'PAPERSIZE': 'a4', 'LC_ADDRESS': 'zh_CN.UTF-8', 'XDG_RUNTIME_DIR': '/run/user/1000', 'LANG': 'zh_CN.UTF-8', 'LC_TELEPHONE': 'zh_CN.UTF-8', 'AMENT_PREFIX_PATH': '/opt/ros/jazzy', 'SHELL': '/bin/bash', 'LC_NAME': 'zh_CN.UTF-8', 'LC_MEASUREMENT': 'zh_CN.UTF-8', 'LC_IDENTIFICATION': 'zh_CN.UTF-8', 'ROS_AUTOMATIC_DISCOVERY_RANGE': 'SUBNET', 'PWD': '/home/webotpi/ros2_ws/build/robot_integration', 'SSH_CONNECTION': '192.168.0.111 40980 192.168.0.119 22', 'PYTHONPATH': '/home/webotpi/ros2_ws/build/robot_integration/prefix_override:/usr/lib/python3/dist-packages/colcon_core/task/python/colcon_distutils_commands:/home/webotpi/ros2_ws/install/robot_integration/lib/python3.12/site-packages:/opt/ros/jazzy/lib/python3.12/site-packages', 'LC_NUMERIC': 'zh_CN.UTF-8', 'LC_PAPER': 'zh_CN.UTF-8', 'COLCON': '1', 'CMAKE_PREFIX_PATH': '/opt/ros/jazzy/opt/gz_math_vendor:/opt/ros/jazzy/opt/gz_utils_vendor:/opt/ros/jazzy/opt/gz_cmake_vendor'}, 'shell': False}
[2.506695] (-) TimerEvent: {}
[2.606956] (-) TimerEvent: {}
[2.707219] (-) TimerEvent: {}
[2.807621] (-) TimerEvent: {}
[2.908104] (-) TimerEvent: {}
[3.008396] (-) TimerEvent: {}
[3.108701] (-) TimerEvent: {}
[3.208990] (-) TimerEvent: {}
[3.309304] (-) TimerEvent: {}
[3.409562] (-) TimerEvent: {}
[3.427153] (robot_integration) StdoutLine: {'line': b'running egg_info\n'}
[3.501613] (robot_integration) StdoutLine: {'line': b'writing ../../build/robot_integration/robot_integration.egg-info/PKG-INFO\n'}
[3.502427] (robot_integration) StdoutLine: {'line': b'writing dependency_links to ../../build/robot_integration/robot_integration.egg-info/dependency_links.txt\n'}
[3.509678] (-) TimerEvent: {}
[3.527354] (robot_integration) StdoutLine: {'line': b'writing entry points to ../../build/robot_integration/robot_integration.egg-info/entry_points.txt\n'}
[3.528191] (robot_integration) StdoutLine: {'line': b'writing requirements to ../../build/robot_integration/robot_integration.egg-info/requires.txt\n'}
[3.528354] (robot_integration) StdoutLine: {'line': b'writing top-level names to ../../build/robot_integration/robot_integration.egg-info/top_level.txt\n'}
[3.588305] (robot_integration) StdoutLine: {'line': b"reading manifest file '../../build/robot_integration/robot_integration.egg-info/SOURCES.txt'\n"}
[3.589777] (robot_integration) StdoutLine: {'line': b"writing manifest file '../../build/robot_integration/robot_integration.egg-info/SOURCES.txt'\n"}
[3.590683] (robot_integration) StdoutLine: {'line': b'running build\n'}
[3.591817] (robot_integration) StdoutLine: {'line': b'running build_py\n'}
[3.591942] (robot_integration) StdoutLine: {'line': b'copying robot_integration/line_follow_node.py -> /home/webotpi/ros2_ws/build/robot_integration/build/lib/robot_integration\n'}
[3.593692] (robot_integration) StdoutLine: {'line': b'running install\n'}
[3.604026] (robot_integration) StdoutLine: {'line': b'running install_lib\n'}
[3.609729] (-) TimerEvent: {}
[3.633856] (robot_integration) StdoutLine: {'line': b'copying /home/webotpi/ros2_ws/build/robot_integration/build/lib/robot_integration/line_follow_node.py -> /home/webotpi/ros2_ws/install/robot_integration/lib/python3.12/site-packages/robot_integration\n'}
[3.635070] (robot_integration) StdoutLine: {'line': b'byte-compiling /home/webotpi/ros2_ws/install/robot_integration/lib/python3.12/site-packages/robot_integration/line_follow_node.py to line_follow_node.cpython-312.pyc\n'}
[3.642753] (robot_integration) StdoutLine: {'line': b'running install_data\n'}
[3.643864] (robot_integration) StdoutLine: {'line': b'running install_egg_info\n'}
[3.679889] (robot_integration) StdoutLine: {'line': b"removing '/home/webotpi/ros2_ws/install/robot_integration/lib/python3.12/site-packages/robot_integration-1.0.0-py3.12.egg-info' (and everything under it)\n"}
[3.680685] (robot_integration) StdoutLine: {'line': b'Copying ../../build/robot_integration/robot_integration.egg-info to /home/webotpi/ros2_ws/install/robot_integration/lib/python3.12/site-packages/robot_integration-1.0.0-py3.12.egg-info\n'}
[3.683103] (robot_integration) StdoutLine: {'line': b'running install_scripts\n'}
[3.709824] (-) TimerEvent: {}
[3.810052] (-) TimerEvent: {}
[3.910346] (-) TimerEvent: {}
[4.010674] (-) TimerEvent: {}
[4.062493] (robot_integration) StdoutLine: {'line': b'Installing arm_controller_node script to /home/webotpi/ros2_ws/install/robot_integration/lib/robot_integration\n'}
[4.063171] (robot_integration) StdoutLine: {'line': b'Installing balance_beam_node script to /home/webotpi/ros2_ws/install/robot_integration/lib/robot_integration\n'}
[4.065791] (robot_integration) StdoutLine: {'line': b'Installing car_controller_node script to /home/webotpi/ros2_ws/install/robot_integration/lib/robot_integration\n'}
[4.066536] (robot_integration) StdoutLine: {'line': b'Installing coordinator_node script to /home/webotpi/ros2_ws/install/robot_integration/lib/robot_integration\n'}
[4.067101] (robot_integration) StdoutLine: {'line': b'Installing edge_detect_node script to /home/webotpi/ros2_ws/install/robot_integration/lib/robot_integration\n'}
[4.067770] (robot_integration) StdoutLine: {'line': b'Installing line_follow_node script to /home/webotpi/ros2_ws/install/robot_integration/lib/robot_integration\n'}
[4.068522] (robot_integration) StdoutLine: {'line': b'Installing stm32_bridge_node script to /home/webotpi/ros2_ws/install/robot_integration/lib/robot_integration\n'}
[4.070392] (robot_integration) StdoutLine: {'line': b"writing list of installed files to '/home/webotpi/ros2_ws/build/robot_integration/install.log'\n"}
[4.110781] (-) TimerEvent: {}
[4.176308] (robot_integration) CommandEnded: {'returncode': 0}
[4.196290] (robot_integration) JobEnded: {'identifier': 'robot_integration', 'rc': 0}
[4.197152] (-) EventReactorShutdown: {}
