[0.000000] (-) TimerEvent: {}
[0.000354] (-) JobUnselected: {'identifier': 'deptrum-ros-driver-aurora930'}
[0.001482] (-) JobUnselected: {'identifier': 'my_launch_pkg'}
[0.001934] (-) JobUnselected: {'identifier': 'my_srv'}
[0.002416] (-) JobUnselected: {'identifier': 'py_pkg'}
[0.002764] (-) JobUnselected: {'identifier': 'rplidar_ros'}
[0.002868] (-) JobUnselected: {'identifier': 'voice_interaction'}
[0.003010] (robot_integration) JobQueued: {'identifier': 'robot_integration', 'dependencies': OrderedDict()}
[0.003958] (robot_integration) JobStarted: {'identifier': 'robot_integration'}
[0.099281] (-) TimerEvent: {}
[0.199535] (-) TimerEvent: {}
[0.299803] (-) TimerEvent: {}
[0.400180] (-) TimerEvent: {}
[0.500515] (-) TimerEvent: {}
[0.600735] (-) TimerEvent: {}
[0.700982] (-) TimerEvent: {}
[0.801283] (-) TimerEvent: {}
[0.901584] (-) TimerEvent: {}
[1.001893] (-) TimerEvent: {}
[1.102205] (-) TimerEvent: {}
[1.202548] (-) TimerEvent: {}
[1.302826] (-) TimerEvent: {}
[1.403110] (-) TimerEvent: {}
[1.503399] (-) TimerEvent: {}
[1.603820] (-) TimerEvent: {}
[1.704246] (-) TimerEvent: {}
[1.804534] (-) TimerEvent: {}
[1.904827] (-) TimerEvent: {}
[2.005207] (-) TimerEvent: {}
[2.105650] (-) TimerEvent: {}
[2.206071] (-) TimerEvent: {}
[2.260307] (robot_integration) Command: {'cmd': ['/usr/bin/python3', '-W', 'ignore:setup.py install is deprecated', '-W', 'ignore:easy_install command is deprecated', 'setup.py', 'egg_info', '--egg-base', '../../build/robot_integration', 'build', '--build-base', '/home/webotpi/ros2_ws/build/robot_integration/build', 'install', '--record', '/home/webotpi/ros2_ws/build/robot_integration/install.log', '--single-version-externally-managed', 'install_data'], 'cwd': '/home/webotpi/ros2_ws/src/robot_integration', 'env': {'LANGUAGE': 'zh_CN:en', 'USER': 'webotpi', 'SSH_CLIENT': '192.168.0.111 42224 22', 'LC_TIME': 'zh_CN.UTF-8', 'XDG_SESSION_TYPE': 'tty', 'SHLVL': '1', 'LD_LIBRARY_PATH': '/opt/ros/jazzy/opt/rviz_ogre_vendor/lib:/opt/ros/jazzy/lib/aarch64-linux-gnu:/opt/ros/jazzy/opt/gz_math_vendor/lib:/opt/ros/jazzy/opt/gz_utils_vendor/lib:/opt/ros/jazzy/opt/gz_cmake_vendor/lib:/opt/ros/jazzy/lib', 'HOME': '/home/webotpi', 'OLDPWD': '/home/webotpi/ros2_ws/src/robot_integration/robot_integration', 'ROS_PYTHON_VERSION': '3', 'LC_MONETARY': 'zh_CN.UTF-8', 'DBUS_SESSION_BUS_ADDRESS': 'unix:path=/run/user/1000/bus', 'ROS_DISTRO': 'jazzy', 'LOGNAME': 'webotpi', '_': '/usr/bin/colcon', 'ROS_VERSION': '2', 'XDG_SESSION_CLASS': 'user', 'XDG_SESSION_ID': '36', 'PATH': '/opt/ros/jazzy/bin:/usr/local/sbin:/usr/local/bin:/usr/sbin:/usr/bin:/sbin:/bin:/usr/games:/usr/local/games:/snap/bin', 'PAPERSIZE': 'a4', 'LC_ADDRESS': 'zh_CN.UTF-8', 'XDG_RUNTIME_DIR': '/run/user/1000', 'LANG': 'zh_CN.UTF-8', 'LC_TELEPHONE': 'zh_CN.UTF-8', 'AMENT_PREFIX_PATH': '/opt/ros/jazzy', 'SHELL': '/bin/bash', 'LC_NAME': 'zh_CN.UTF-8', 'LC_MEASUREMENT': 'zh_CN.UTF-8', 'LC_IDENTIFICATION': 'zh_CN.UTF-8', 'ROS_AUTOMATIC_DISCOVERY_RANGE': 'SUBNET', 'PWD': '/home/webotpi/ros2_ws/build/robot_integration', 'SSH_CONNECTION': '192.168.0.111 42224 192.168.0.119 22', 'PYTHONPATH': '/home/webotpi/ros2_ws/build/robot_integration/prefix_override:/usr/lib/python3/dist-packages/colcon_core/task/python/colcon_distutils_commands:/home/webotpi/ros2_ws/install/robot_integration/lib/python3.12/site-packages:/opt/ros/jazzy/lib/python3.12/site-packages', 'LC_NUMERIC': 'zh_CN.UTF-8', 'LC_PAPER': 'zh_CN.UTF-8', 'COLCON': '1', 'CMAKE_PREFIX_PATH': '/opt/ros/jazzy/opt/gz_math_vendor:/opt/ros/jazzy/opt/gz_utils_vendor:/opt/ros/jazzy/opt/gz_cmake_vendor'}, 'shell': False}
[2.306223] (-) TimerEvent: {}
[2.406552] (-) TimerEvent: {}
[2.506972] (-) TimerEvent: {}
[2.607277] (-) TimerEvent: {}
[2.707617] (-) TimerEvent: {}
[2.807915] (-) TimerEvent: {}
[2.908260] (-) TimerEvent: {}
[3.008552] (-) TimerEvent: {}
[3.036031] (robot_integration) StdoutLine: {'line': b'running egg_info\n'}
[3.101304] (robot_integration) StdoutLine: {'line': b'writing ../../build/robot_integration/robot_integration.egg-info/PKG-INFO\n'}
[3.102086] (robot_integration) StdoutLine: {'line': b'writing dependency_links to ../../build/robot_integration/robot_integration.egg-info/dependency_links.txt\n'}
[3.105015] (robot_integration) StdoutLine: {'line': b'writing entry points to ../../build/robot_integration/robot_integration.egg-info/entry_points.txt\n'}
[3.105561] (robot_integration) StdoutLine: {'line': b'writing requirements to ../../build/robot_integration/robot_integration.egg-info/requires.txt\n'}
[3.106239] (robot_integration) StdoutLine: {'line': b'writing top-level names to ../../build/robot_integration/robot_integration.egg-info/top_level.txt\n'}
[3.108648] (-) TimerEvent: {}
[3.169778] (robot_integration) StdoutLine: {'line': b"reading manifest file '../../build/robot_integration/robot_integration.egg-info/SOURCES.txt'\n"}
[3.171086] (robot_integration) StdoutLine: {'line': b"writing manifest file '../../build/robot_integration/robot_integration.egg-info/SOURCES.txt'\n"}
[3.171364] (robot_integration) StdoutLine: {'line': b'running build\n'}
[3.171460] (robot_integration) StdoutLine: {'line': b'running build_py\n'}
[3.171691] (robot_integration) StdoutLine: {'line': b'copying robot_integration/line_follow_node.py -> /home/webotpi/ros2_ws/build/robot_integration/build/lib/robot_integration\n'}
[3.172426] (robot_integration) StdoutLine: {'line': b'running install\n'}
[3.181505] (robot_integration) StdoutLine: {'line': b'running install_lib\n'}
[3.208784] (-) TimerEvent: {}
[3.209800] (robot_integration) StdoutLine: {'line': b'copying /home/webotpi/ros2_ws/build/robot_integration/build/lib/robot_integration/line_follow_node.py -> /home/webotpi/ros2_ws/install/robot_integration/lib/python3.12/site-packages/robot_integration\n'}
[3.210852] (robot_integration) StdoutLine: {'line': b'byte-compiling /home/webotpi/ros2_ws/install/robot_integration/lib/python3.12/site-packages/robot_integration/line_follow_node.py to line_follow_node.cpython-312.pyc\n'}
[3.217353] (robot_integration) StdoutLine: {'line': b'running install_data\n'}
[3.217701] (robot_integration) StdoutLine: {'line': b'copying config/line_follow_params.yaml -> /home/webotpi/ros2_ws/install/robot_integration/share/robot_integration/config\n'}
[3.218082] (robot_integration) StdoutLine: {'line': b'running install_egg_info\n'}
[3.275986] (robot_integration) StdoutLine: {'line': b"removing '/home/webotpi/ros2_ws/install/robot_integration/lib/python3.12/site-packages/robot_integration-1.0.0-py3.12.egg-info' (and everything under it)\n"}
[3.277960] (robot_integration) StdoutLine: {'line': b'Copying ../../build/robot_integration/robot_integration.egg-info to /home/webotpi/ros2_ws/install/robot_integration/lib/python3.12/site-packages/robot_integration-1.0.0-py3.12.egg-info\n'}
[3.280004] (robot_integration) StdoutLine: {'line': b'running install_scripts\n'}
[3.308896] (-) TimerEvent: {}
[3.409151] (-) TimerEvent: {}
[3.509438] (-) TimerEvent: {}
[3.609789] (-) TimerEvent: {}
[3.710105] (-) TimerEvent: {}
[3.718519] (robot_integration) StdoutLine: {'line': b'Installing arm_controller_node script to /home/webotpi/ros2_ws/install/robot_integration/lib/robot_integration\n'}
[3.719833] (robot_integration) StdoutLine: {'line': b'Installing balance_beam_node script to /home/webotpi/ros2_ws/install/robot_integration/lib/robot_integration\n'}
[3.722168] (robot_integration) StdoutLine: {'line': b'Installing car_controller_node script to /home/webotpi/ros2_ws/install/robot_integration/lib/robot_integration\n'}
[3.723820] (robot_integration) StdoutLine: {'line': b'Installing coordinator_node script to /home/webotpi/ros2_ws/install/robot_integration/lib/robot_integration\n'}
[3.725093] (robot_integration) StdoutLine: {'line': b'Installing edge_detect_node script to /home/webotpi/ros2_ws/install/robot_integration/lib/robot_integration\n'}
[3.725990] (robot_integration) StdoutLine: {'line': b'Installing line_follow_node script to /home/webotpi/ros2_ws/install/robot_integration/lib/robot_integration\n'}
[3.726528] (robot_integration) StdoutLine: {'line': b'Installing stm32_bridge_node script to /home/webotpi/ros2_ws/install/robot_integration/lib/robot_integration\n'}
[3.727682] (robot_integration) StdoutLine: {'line': b"writing list of installed files to '/home/webotpi/ros2_ws/build/robot_integration/install.log'\n"}
[3.810209] (-) TimerEvent: {}
[3.813129] (robot_integration) CommandEnded: {'returncode': 0}
[3.831050] (robot_integration) JobEnded: {'identifier': 'robot_integration', 'rc': 0}
[3.831886] (-) EventReactorShutdown: {}
