[0.000000] (-) TimerEvent: {}
[0.000170] (-) JobUnselected: {'identifier': 'deptrum-ros-driver-aurora930'}
[0.000358] (-) JobUnselected: {'identifier': 'my_launch_pkg'}
[0.000436] (-) JobUnselected: {'identifier': 'my_srv'}
[0.000677] (-) JobUnselected: {'identifier': 'py_pkg'}
[0.001104] (-) JobUnselected: {'identifier': 'robot_integration'}
[0.001252] (-) JobUnselected: {'identifier': 'rplidar_ros'}
[0.001296] (-) JobUnselected: {'identifier': 'voice_interaction'}
[0.001324] (pi5_robot_description) JobQueued: {'identifier': 'pi5_robot_description', 'dependencies': OrderedDict()}
[0.001348] (pi5_robot_description) JobStarted: {'identifier': 'pi5_robot_description'}
[0.014699] (pi5_robot_description) JobProgress: {'identifier': 'pi5_robot_description', 'progress': 'cmake'}
[0.015481] (pi5_robot_description) JobProgress: {'identifier': 'pi5_robot_description', 'progress': 'build'}
[0.016317] (pi5_robot_description) Command: {'cmd': ['/usr/bin/cmake', '--build', '/home/webotpi/ros2_ws/build/pi5_robot_description', '--', '-j4', '-l4'], 'cwd': '/home/webotpi/ros2_ws/build/pi5_robot_description', 'env': OrderedDict({'LANGUAGE': 'zh_CN:en', 'USER': 'webotpi', 'SSH_CLIENT': '192.168.0.111 36696 22', 'LC_TIME': 'zh_CN.UTF-8', 'GZ_CONFIG_PATH': '/opt/ros/jazzy/opt/gz_sim_vendor/share/gz:/opt/ros/jazzy/opt/sdformat_vendor/share/gz:/opt/ros/jazzy/opt/gz_gui_vendor/share/gz:/opt/ros/jazzy/opt/gz_transport_vendor/share/gz:/opt/ros/jazzy/opt/gz_rendering_vendor/share/gz:/opt/ros/jazzy/opt/gz_plugin_vendor/share/gz:/opt/ros/jazzy/opt/gz_fuel_tools_vendor/share/gz:/opt/ros/jazzy/opt/gz_msgs_vendor/share/gz:/opt/ros/jazzy/opt/gz_common_vendor/share/gz', 'XDG_SESSION_TYPE': 'tty', 'SHLVL': '1', 'LD_LIBRARY_PATH': '/opt/ros/jazzy/opt/gz_sim_vendor/lib:/opt/ros/jazzy/opt/gz_sensors_vendor/lib:/opt/ros/jazzy/opt/gz_physics_vendor/lib:/opt/ros/jazzy/opt/sdformat_vendor/lib:/opt/ros/jazzy/opt/rviz_ogre_vendor/lib:/opt/ros/jazzy/lib/aarch64-linux-gnu:/opt/ros/jazzy/opt/gz_gui_vendor/lib:/opt/ros/jazzy/opt/gz_transport_vendor/lib:/opt/ros/jazzy/opt/gz_rendering_vendor/lib:/opt/ros/jazzy/opt/gz_plugin_vendor/lib:/opt/ros/jazzy/opt/gz_fuel_tools_vendor/lib:/opt/ros/jazzy/opt/gz_msgs_vendor/lib:/opt/ros/jazzy/opt/gz_common_vendor/lib:/opt/ros/jazzy/opt/gz_math_vendor/lib:/opt/ros/jazzy/opt/gz_utils_vendor/lib:/opt/ros/jazzy/opt/gz_tools_vendor/lib:/opt/ros/jazzy/opt/gz_ogre_next_vendor/lib:/opt/ros/jazzy/opt/gz_dartsim_vendor/lib:/opt/ros/jazzy/opt/gz_cmake_vendor/lib:/opt/ros/jazzy/lib', 'HOME': '/home/webotpi', 'OLDPWD': '/home/webotpi', 'ROS_PYTHON_VERSION': '3', 'LC_MONETARY': 'zh_CN.UTF-8', 'DBUS_SESSION_BUS_ADDRESS': 'unix:path=/run/user/1000/bus', 'ROS_DISTRO': 'jazzy', 'LOGNAME': 'webotpi', '_': '/usr/bin/colcon', 'ROS_VERSION': '2', 'XDG_SESSION_CLASS': 'user', 'XDG_SESSION_ID': '31', 'PATH': '/opt/ros/jazzy/opt/gz_msgs_vendor/bin:/opt/ros/jazzy/opt/gz_tools_vendor/bin:/opt/ros/jazzy/opt/gz_ogre_next_vendor/bin:/opt/ros/jazzy/bin:/usr/local/sbin:/usr/local/bin:/usr/sbin:/usr/bin:/sbin:/bin:/usr/games:/usr/local/games:/snap/bin', 'PAPERSIZE': 'a4', 'LC_ADDRESS': 'zh_CN.UTF-8', 'XDG_RUNTIME_DIR': '/run/user/1000', 'LANG': 'zh_CN.UTF-8', 'LC_TELEPHONE': 'zh_CN.UTF-8', 'AMENT_PREFIX_PATH': '/opt/ros/jazzy', 'SHELL': '/bin/bash', 'LC_NAME': 'zh_CN.UTF-8', 'LC_MEASUREMENT': 'zh_CN.UTF-8', 'LC_IDENTIFICATION': 'zh_CN.UTF-8', 'ROS_AUTOMATIC_DISCOVERY_RANGE': 'SUBNET', 'PWD': '/home/webotpi/ros2_ws/build/pi5_robot_description', 'SSH_CONNECTION': '192.168.0.111 36696 192.168.0.119 22', 'PYTHONPATH': '/opt/ros/jazzy/lib/python3.12/site-packages', 'LC_NUMERIC': 'zh_CN.UTF-8', 'LC_PAPER': 'zh_CN.UTF-8', 'COLCON': '1', 'CMAKE_PREFIX_PATH': '/opt/ros/jazzy/opt/gz_sim_vendor:/opt/ros/jazzy/opt/gz_sensors_vendor:/opt/ros/jazzy/opt/gz_physics_vendor:/opt/ros/jazzy/opt/sdformat_vendor:/opt/ros/jazzy/opt/gz_gui_vendor:/opt/ros/jazzy/opt/gz_transport_vendor:/opt/ros/jazzy/opt/gz_rendering_vendor:/opt/ros/jazzy/opt/gz_plugin_vendor:/opt/ros/jazzy/opt/gz_fuel_tools_vendor:/opt/ros/jazzy/opt/gz_msgs_vendor:/opt/ros/jazzy/opt/gz_common_vendor:/opt/ros/jazzy/opt/gz_math_vendor:/opt/ros/jazzy/opt/gz_utils_vendor:/opt/ros/jazzy/opt/gz_tools_vendor:/opt/ros/jazzy/opt/gz_ogre_next_vendor:/opt/ros/jazzy/opt/gz_dartsim_vendor:/opt/ros/jazzy/opt/gz_cmake_vendor:/opt/ros/jazzy'}), 'shell': False}
[0.099659] (-) TimerEvent: {}
[0.104000] (pi5_robot_description) CommandEnded: {'returncode': 0}
[0.104930] (pi5_robot_description) JobProgress: {'identifier': 'pi5_robot_description', 'progress': 'install'}
[0.123455] (pi5_robot_description) Command: {'cmd': ['/usr/bin/cmake', '--install', '/home/webotpi/ros2_ws/build/pi5_robot_description'], 'cwd': '/home/webotpi/ros2_ws/build/pi5_robot_description', 'env': OrderedDict({'LANGUAGE': 'zh_CN:en', 'USER': 'webotpi', 'SSH_CLIENT': '192.168.0.111 36696 22', 'LC_TIME': 'zh_CN.UTF-8', 'GZ_CONFIG_PATH': '/opt/ros/jazzy/opt/gz_sim_vendor/share/gz:/opt/ros/jazzy/opt/sdformat_vendor/share/gz:/opt/ros/jazzy/opt/gz_gui_vendor/share/gz:/opt/ros/jazzy/opt/gz_transport_vendor/share/gz:/opt/ros/jazzy/opt/gz_rendering_vendor/share/gz:/opt/ros/jazzy/opt/gz_plugin_vendor/share/gz:/opt/ros/jazzy/opt/gz_fuel_tools_vendor/share/gz:/opt/ros/jazzy/opt/gz_msgs_vendor/share/gz:/opt/ros/jazzy/opt/gz_common_vendor/share/gz', 'XDG_SESSION_TYPE': 'tty', 'SHLVL': '1', 'LD_LIBRARY_PATH': '/opt/ros/jazzy/opt/gz_sim_vendor/lib:/opt/ros/jazzy/opt/gz_sensors_vendor/lib:/opt/ros/jazzy/opt/gz_physics_vendor/lib:/opt/ros/jazzy/opt/sdformat_vendor/lib:/opt/ros/jazzy/opt/rviz_ogre_vendor/lib:/opt/ros/jazzy/lib/aarch64-linux-gnu:/opt/ros/jazzy/opt/gz_gui_vendor/lib:/opt/ros/jazzy/opt/gz_transport_vendor/lib:/opt/ros/jazzy/opt/gz_rendering_vendor/lib:/opt/ros/jazzy/opt/gz_plugin_vendor/lib:/opt/ros/jazzy/opt/gz_fuel_tools_vendor/lib:/opt/ros/jazzy/opt/gz_msgs_vendor/lib:/opt/ros/jazzy/opt/gz_common_vendor/lib:/opt/ros/jazzy/opt/gz_math_vendor/lib:/opt/ros/jazzy/opt/gz_utils_vendor/lib:/opt/ros/jazzy/opt/gz_tools_vendor/lib:/opt/ros/jazzy/opt/gz_ogre_next_vendor/lib:/opt/ros/jazzy/opt/gz_dartsim_vendor/lib:/opt/ros/jazzy/opt/gz_cmake_vendor/lib:/opt/ros/jazzy/lib', 'HOME': '/home/webotpi', 'OLDPWD': '/home/webotpi', 'ROS_PYTHON_VERSION': '3', 'LC_MONETARY': 'zh_CN.UTF-8', 'DBUS_SESSION_BUS_ADDRESS': 'unix:path=/run/user/1000/bus', 'ROS_DISTRO': 'jazzy', 'LOGNAME': 'webotpi', '_': '/usr/bin/colcon', 'ROS_VERSION': '2', 'XDG_SESSION_CLASS': 'user', 'XDG_SESSION_ID': '31', 'PATH': '/opt/ros/jazzy/opt/gz_msgs_vendor/bin:/opt/ros/jazzy/opt/gz_tools_vendor/bin:/opt/ros/jazzy/opt/gz_ogre_next_vendor/bin:/opt/ros/jazzy/bin:/usr/local/sbin:/usr/local/bin:/usr/sbin:/usr/bin:/sbin:/bin:/usr/games:/usr/local/games:/snap/bin', 'PAPERSIZE': 'a4', 'LC_ADDRESS': 'zh_CN.UTF-8', 'XDG_RUNTIME_DIR': '/run/user/1000', 'LANG': 'zh_CN.UTF-8', 'LC_TELEPHONE': 'zh_CN.UTF-8', 'AMENT_PREFIX_PATH': '/opt/ros/jazzy', 'SHELL': '/bin/bash', 'LC_NAME': 'zh_CN.UTF-8', 'LC_MEASUREMENT': 'zh_CN.UTF-8', 'LC_IDENTIFICATION': 'zh_CN.UTF-8', 'ROS_AUTOMATIC_DISCOVERY_RANGE': 'SUBNET', 'PWD': '/home/webotpi/ros2_ws/build/pi5_robot_description', 'SSH_CONNECTION': '192.168.0.111 36696 192.168.0.119 22', 'PYTHONPATH': '/opt/ros/jazzy/lib/python3.12/site-packages', 'LC_NUMERIC': 'zh_CN.UTF-8', 'LC_PAPER': 'zh_CN.UTF-8', 'COLCON': '1', 'CMAKE_PREFIX_PATH': '/opt/ros/jazzy/opt/gz_sim_vendor:/opt/ros/jazzy/opt/gz_sensors_vendor:/opt/ros/jazzy/opt/gz_physics_vendor:/opt/ros/jazzy/opt/sdformat_vendor:/opt/ros/jazzy/opt/gz_gui_vendor:/opt/ros/jazzy/opt/gz_transport_vendor:/opt/ros/jazzy/opt/gz_rendering_vendor:/opt/ros/jazzy/opt/gz_plugin_vendor:/opt/ros/jazzy/opt/gz_fuel_tools_vendor:/opt/ros/jazzy/opt/gz_msgs_vendor:/opt/ros/jazzy/opt/gz_common_vendor:/opt/ros/jazzy/opt/gz_math_vendor:/opt/ros/jazzy/opt/gz_utils_vendor:/opt/ros/jazzy/opt/gz_tools_vendor:/opt/ros/jazzy/opt/gz_ogre_next_vendor:/opt/ros/jazzy/opt/gz_dartsim_vendor:/opt/ros/jazzy/opt/gz_cmake_vendor:/opt/ros/jazzy'}), 'shell': False}
[0.141698] (pi5_robot_description) StdoutLine: {'line': b'-- Install configuration: ""\n'}
[0.142280] (pi5_robot_description) StdoutLine: {'line': b'-- Up-to-date: /home/webotpi/ros2_ws/install/pi5_robot_description/share/pi5_robot_description/urdf\n'}
[0.142947] (pi5_robot_description) StdoutLine: {'line': b'-- Up-to-date: /home/webotpi/ros2_ws/install/pi5_robot_description/share/pi5_robot_description/urdf/arm_car.urdf.bak2\n'}
[0.143061] (pi5_robot_description) StdoutLine: {'line': b'-- Up-to-date: /home/webotpi/ros2_ws/install/pi5_robot_description/share/pi5_robot_description/urdf/arm_car.urdf.bak\n'}
[0.143149] (pi5_robot_description) StdoutLine: {'line': b'-- Up-to-date: /home/webotpi/ros2_ws/install/pi5_robot_description/share/pi5_robot_description/urdf/arm_car.urdf\n'}
[0.143267] (pi5_robot_description) StdoutLine: {'line': b'-- Up-to-date: /home/webotpi/ros2_ws/install/pi5_robot_description/share/pi5_robot_description/urdf/pi5_arm_robot.urdf.xacro.bak\n'}
[0.143353] (pi5_robot_description) StdoutLine: {'line': b'-- Up-to-date: /home/webotpi/ros2_ws/install/pi5_robot_description/share/pi5_robot_description/urdf/pi5_arm_car.urdf.xacro\n'}
[0.143432] (pi5_robot_description) StdoutLine: {'line': b'-- Up-to-date: /home/webotpi/ros2_ws/install/pi5_robot_description/share/pi5_robot_description/urdf/pi5_arm_robot.urdf.xacro\n'}
[0.143510] (pi5_robot_description) StdoutLine: {'line': b'-- Up-to-date: /home/webotpi/ros2_ws/install/pi5_robot_description/share/pi5_robot_description/launch\n'}
[0.143589] (pi5_robot_description) StdoutLine: {'line': b'-- Up-to-date: /home/webotpi/ros2_ws/install/pi5_robot_description/share/pi5_robot_description/launch/nav2_navigation.launch.py\n'}
[0.143675] (pi5_robot_description) StdoutLine: {'line': b'-- Up-to-date: /home/webotpi/ros2_ws/install/pi5_robot_description/share/pi5_robot_description/launch/nav2_navigation_with_depth.launch.py\n'}
[0.143759] (pi5_robot_description) StdoutLine: {'line': b'-- Up-to-date: /home/webotpi/ros2_ws/install/pi5_robot_description/share/pi5_robot_description/launch/voice_navigation.launch.py\n'}
[0.143838] (pi5_robot_description) StdoutLine: {'line': b'-- Up-to-date: /home/webotpi/ros2_ws/install/pi5_robot_description/share/pi5_robot_description/launch/view_robot.launch.py\n'}
[0.143917] (pi5_robot_description) StdoutLine: {'line': b'-- Up-to-date: /home/webotpi/ros2_ws/install/pi5_robot_description/share/pi5_robot_description/launch/slam_mapping.launch.py\n'}
[0.144010] (pi5_robot_description) StdoutLine: {'line': b'-- Installing: /home/webotpi/ros2_ws/install/pi5_robot_description/share/pi5_robot_description/launch/rtabmap_3d_mapping.launch.py\n'}
[0.144149] (pi5_robot_description) StdoutLine: {'line': b'-- Up-to-date: /home/webotpi/ros2_ws/install/pi5_robot_description/share/pi5_robot_description/launch/multi_waypoint_navigation.launch.py\n'}
[0.144845] (pi5_robot_description) StdoutLine: {'line': b'-- Up-to-date: /home/webotpi/ros2_ws/install/pi5_robot_description/share/pi5_robot_description/launch/rtabmap_3d_mapping.launch.py.bak\n'}
[0.144985] (pi5_robot_description) StdoutLine: {'line': b'-- Up-to-date: /home/webotpi/ros2_ws/install/pi5_robot_description/share/pi5_robot_description/config\n'}
[0.145104] (pi5_robot_description) StdoutLine: {'line': b'-- Up-to-date: /home/webotpi/ros2_ws/install/pi5_robot_description/share/pi5_robot_description/config/view_robot.rviz\n'}
[0.145971] (pi5_robot_description) StdoutLine: {'line': b'-- Up-to-date: /home/webotpi/ros2_ws/install/pi5_robot_description/share/pi5_robot_description/config/nav2_params.yaml\n'}
[0.146146] (pi5_robot_description) StdoutLine: {'line': b'-- Up-to-date: /home/webotpi/ros2_ws/install/pi5_robot_description/share/pi5_robot_description/config/nav2_params.yaml.bak2\n'}
[0.146280] (pi5_robot_description) StdoutLine: {'line': b'-- Up-to-date: /home/webotpi/ros2_ws/install/pi5_robot_description/share/pi5_robot_description/config/slam_toolbox_mapping.yaml\n'}
[0.146371] (pi5_robot_description) StdoutLine: {'line': b'-- Up-to-date: /home/webotpi/ros2_ws/install/pi5_robot_description/share/pi5_robot_description/config/waypoint_nav.rviz\n'}
[0.146455] (pi5_robot_description) StdoutLine: {'line': b'-- Up-to-date: /home/webotpi/ros2_ws/install/pi5_robot_description/share/pi5_robot_description/config/collision_monitor_params.yaml\n'}
[0.146548] (pi5_robot_description) StdoutLine: {'line': b'-- Up-to-date: /home/webotpi/ros2_ws/install/pi5_robot_description/share/pi5_robot_description/config/named_waypoints.yaml\n'}
[0.146669] (pi5_robot_description) StdoutLine: {'line': b'-- Up-to-date: /home/webotpi/ros2_ws/install/pi5_robot_description/share/pi5_robot_description/config/arm_horizontal.yaml\n'}
[0.146755] (pi5_robot_description) StdoutLine: {'line': b'-- Up-to-date: /home/webotpi/ros2_ws/install/pi5_robot_description/share/pi5_robot_description/config/collision_monitor_params_backup.yaml\n'}
[0.146860] (pi5_robot_description) StdoutLine: {'line': b'-- Up-to-date: /home/webotpi/ros2_ws/install/pi5_robot_description/share/pi5_robot_description/config/nav2.rviz\n'}
[0.147006] (pi5_robot_description) StdoutLine: {'line': b'-- Up-to-date: /home/webotpi/ros2_ws/install/pi5_robot_description/share/pi5_robot_description/config/nav2_params_rpp_backup.yaml\n'}
[0.147218] (pi5_robot_description) StdoutLine: {'line': b'-- Up-to-date: /home/webotpi/ros2_ws/install/pi5_robot_description/share/pi5_robot_description/config/nav2_params.yaml.bak\n'}
[0.147398] (pi5_robot_description) StdoutLine: {'line': b'-- Up-to-date: /home/webotpi/ros2_ws/install/pi5_robot_description/share/pi5_robot_description/meshes\n'}
[0.147568] (pi5_robot_description) StdoutLine: {'line': b'-- Up-to-date: /home/webotpi/ros2_ws/install/pi5_robot_description/share/pi5_robot_description/meshes/Link5.STL\n'}
[0.147805] (pi5_robot_description) StdoutLine: {'line': b'-- Up-to-date: /home/webotpi/ros2_ws/install/pi5_robot_description/share/pi5_robot_description/meshes/lbw.STL\n'}
[0.147927] (pi5_robot_description) StdoutLine: {'line': b'-- Up-to-date: /home/webotpi/ros2_ws/install/pi5_robot_description/share/pi5_robot_description/meshes/arm_Link3.STL\n'}
[0.148041] (pi5_robot_description) StdoutLine: {'line': b'-- Up-to-date: /home/webotpi/ros2_ws/install/pi5_robot_description/share/pi5_robot_description/meshes/arm_Link1.STL\n'}
[0.148608] (pi5_robot_description) StdoutLine: {'line': b'-- Up-to-date: /home/webotpi/ros2_ws/install/pi5_robot_description/share/pi5_robot_description/meshes/Link6.STL\n'}
[0.148778] (pi5_robot_description) StdoutLine: {'line': b'-- Up-to-date: /home/webotpi/ros2_ws/install/pi5_robot_description/share/pi5_robot_description/meshes/link4.STL\n'}
[0.150676] (pi5_robot_description) StdoutLine: {'line': b'-- Up-to-date: /home/webotpi/ros2_ws/install/pi5_robot_description/share/pi5_robot_description/meshes/Link2.STL\n'}
[0.151372] (pi5_robot_description) StdoutLine: {'line': b'-- Up-to-date: /home/webotpi/ros2_ws/install/pi5_robot_description/share/pi5_robot_description/meshes/arm_Link8_r.STL\n'}
[0.151937] (pi5_robot_description) StdoutLine: {'line': b'-- Up-to-date: /home/webotpi/ros2_ws/install/pi5_robot_description/share/pi5_robot_description/meshes/base_link.STL\n'}
[0.152057] (pi5_robot_description) StdoutLine: {'line': b'-- Up-to-date: /home/webotpi/ros2_ws/install/pi5_robot_description/share/pi5_robot_description/meshes/lfw.STL\n'}
[0.152200] (pi5_robot_description) StdoutLine: {'line': b'-- Up-to-date: /home/webotpi/ros2_ws/install/pi5_robot_description/share/pi5_robot_description/meshes/rbw.STL\n'}
[0.153869] (pi5_robot_description) StdoutLine: {'line': b'-- Up-to-date: /home/webotpi/ros2_ws/install/pi5_robot_description/share/pi5_robot_description/meshes/link8_r.STL\n'}
[0.154130] (pi5_robot_description) StdoutLine: {'line': b'-- Up-to-date: /home/webotpi/ros2_ws/install/pi5_robot_description/share/pi5_robot_description/meshes/arm_Link9_l.STL\n'}
[0.154423] (pi5_robot_description) StdoutLine: {'line': b'-- Up-to-date: /home/webotpi/ros2_ws/install/pi5_robot_description/share/pi5_robot_description/meshes/arm_Link7_r.STL\n'}
[0.154610] (pi5_robot_description) StdoutLine: {'line': b'-- Up-to-date: /home/webotpi/ros2_ws/install/pi5_robot_description/share/pi5_robot_description/meshes/arm_Link5.STL\n'}
[0.155081] (pi5_robot_description) StdoutLine: {'line': b'-- Up-to-date: /home/webotpi/ros2_ws/install/pi5_robot_description/share/pi5_robot_description/meshes/Link4.STL\n'}
[0.155256] (pi5_robot_description) StdoutLine: {'line': b'-- Up-to-date: /home/webotpi/ros2_ws/install/pi5_robot_description/share/pi5_robot_description/meshes/link6_r.STL\n'}
[0.155556] (pi5_robot_description) StdoutLine: {'line': b'-- Up-to-date: /home/webotpi/ros2_ws/install/pi5_robot_description/share/pi5_robot_description/meshes/Link7.STL\n'}
[0.155685] (pi5_robot_description) StdoutLine: {'line': b'-- Up-to-date: /home/webotpi/ros2_ws/install/pi5_robot_description/share/pi5_robot_description/meshes/arm_Link11_l.STL\n'}
[0.156051] (pi5_robot_description) StdoutLine: {'line': b'-- Up-to-date: /home/webotpi/ros2_ws/install/pi5_robot_description/share/pi5_robot_description/meshes/Link3.STL\n'}
[0.156520] (pi5_robot_description) StdoutLine: {'line': b'-- Up-to-date: /home/webotpi/ros2_ws/install/pi5_robot_description/share/pi5_robot_description/meshes/arm_Link2.STL\n'}
[0.156647] (pi5_robot_description) StdoutLine: {'line': b'-- Up-to-date: /home/webotpi/ros2_ws/install/pi5_robot_description/share/pi5_robot_description/meshes/link2.STL\n'}
[0.156906] (pi5_robot_description) StdoutLine: {'line': b'-- Up-to-date: /home/webotpi/ros2_ws/install/pi5_robot_description/share/pi5_robot_description/meshes/link9_l.STL\n'}
[0.157057] (pi5_robot_description) StdoutLine: {'line': b'-- Up-to-date: /home/webotpi/ros2_ws/install/pi5_robot_description/share/pi5_robot_description/meshes/arm_Link4.STL\n'}
[0.157250] (pi5_robot_description) StdoutLine: {'line': b'-- Up-to-date: /home/webotpi/ros2_ws/install/pi5_robot_description/share/pi5_robot_description/meshes/link3.STL\n'}
[0.157358] (pi5_robot_description) StdoutLine: {'line': b'-- Up-to-date: /home/webotpi/ros2_ws/install/pi5_robot_description/share/pi5_robot_description/meshes/link1.STL\n'}
[0.157507] (pi5_robot_description) StdoutLine: {'line': b'-- Up-to-date: /home/webotpi/ros2_ws/install/pi5_robot_description/share/pi5_robot_description/meshes/link11_l.STL\n'}
[0.157616] (pi5_robot_description) StdoutLine: {'line': b'-- Up-to-date: /home/webotpi/ros2_ws/install/pi5_robot_description/share/pi5_robot_description/meshes/link5.STL\n'}
[0.158607] (pi5_robot_description) StdoutLine: {'line': b'-- Up-to-date: /home/webotpi/ros2_ws/install/pi5_robot_description/share/pi5_robot_description/meshes/rfw.STL\n'}
[0.158980] (pi5_robot_description) StdoutLine: {'line': b'-- Up-to-date: /home/webotpi/ros2_ws/install/pi5_robot_description/share/pi5_robot_description/meshes/link10_l.STL\n'}
[0.159441] (pi5_robot_description) StdoutLine: {'line': b'-- Up-to-date: /home/webotpi/ros2_ws/install/pi5_robot_description/share/pi5_robot_description/meshes/link7_r.STL\n'}
[0.159551] (pi5_robot_description) StdoutLine: {'line': b'-- Up-to-date: /home/webotpi/ros2_ws/install/pi5_robot_description/share/pi5_robot_description/meshes/arm_Link10_l.STL\n'}
[0.159909] (pi5_robot_description) StdoutLine: {'line': b'-- Up-to-date: /home/webotpi/ros2_ws/install/pi5_robot_description/share/pi5_robot_description/meshes/arm_base_link.STL\n'}
[0.160091] (pi5_robot_description) StdoutLine: {'line': b'-- Up-to-date: /home/webotpi/ros2_ws/install/pi5_robot_description/share/pi5_robot_description/meshes/Link1.STL\n'}
[0.160275] (pi5_robot_description) StdoutLine: {'line': b'-- Up-to-date: /home/webotpi/ros2_ws/install/pi5_robot_description/share/pi5_robot_description/meshes/arm_Link6_r.STL\n'}
[0.160420] (pi5_robot_description) StdoutLine: {'line': b'-- Up-to-date: /home/webotpi/ros2_ws/install/pi5_robot_description/lib/pi5_robot_description/odom_only_node.py\n'}
[0.160576] (pi5_robot_description) StdoutLine: {'line': b'-- Up-to-date: /home/webotpi/ros2_ws/install/pi5_robot_description/lib/pi5_robot_description/cmd_vel_bridge_node.py\n'}
[0.160699] (pi5_robot_description) StdoutLine: {'line': b'-- Up-to-date: /home/webotpi/ros2_ws/install/pi5_robot_description/lib/pi5_robot_description/goal_pose_bridge.py\n'}
[0.160813] (pi5_robot_description) StdoutLine: {'line': b'-- Up-to-date: /home/webotpi/ros2_ws/install/pi5_robot_description/lib/pi5_robot_description/waypoint_navigator.py\n'}
[0.160942] (pi5_robot_description) StdoutLine: {'line': b'-- Up-to-date: /home/webotpi/ros2_ws/install/pi5_robot_description/lib/pi5_robot_description/nav_executor_node.py\n'}
[0.161123] (pi5_robot_description) StdoutLine: {'line': b'-- Up-to-date: /home/webotpi/ros2_ws/install/pi5_robot_description/lib/pi5_robot_description/yolo_zone_detect_node.py\n'}
[0.161293] (pi5_robot_description) StdoutLine: {'line': b'-- Up-to-date: /home/webotpi/ros2_ws/install/pi5_robot_description/lib/pi5_robot_description/arm_fixed_pose_node.py\n'}
[0.161431] (pi5_robot_description) StdoutLine: {'line': b'-- Up-to-date: /home/webotpi/ros2_ws/install/pi5_robot_description/lib/pi5_robot_description/save_map.sh\n'}
[0.161591] (pi5_robot_description) StdoutLine: {'line': b'-- Up-to-date: /home/webotpi/ros2_ws/install/pi5_robot_description/lib/pi5_robot_description/verify_urdf.sh\n'}
[0.161719] (pi5_robot_description) StdoutLine: {'line': b'-- Up-to-date: /home/webotpi/ros2_ws/install/pi5_robot_description/lib/pi5_robot_description/waypoint_control.sh\n'}
[0.161828] (pi5_robot_description) StdoutLine: {'line': b'-- Up-to-date: /home/webotpi/ros2_ws/install/pi5_robot_description/share/ament_index/resource_index/package_run_dependencies/pi5_robot_description\n'}
[0.161957] (pi5_robot_description) StdoutLine: {'line': b'-- Up-to-date: /home/webotpi/ros2_ws/install/pi5_robot_description/share/ament_index/resource_index/parent_prefix_path/pi5_robot_description\n'}
[0.162109] (pi5_robot_description) StdoutLine: {'line': b'-- Up-to-date: /home/webotpi/ros2_ws/install/pi5_robot_description/share/pi5_robot_description/environment/ament_prefix_path.sh\n'}
[0.162242] (pi5_robot_description) StdoutLine: {'line': b'-- Up-to-date: /home/webotpi/ros2_ws/install/pi5_robot_description/share/pi5_robot_description/environment/ament_prefix_path.dsv\n'}
[0.162392] (pi5_robot_description) StdoutLine: {'line': b'-- Up-to-date: /home/webotpi/ros2_ws/install/pi5_robot_description/share/pi5_robot_description/environment/path.sh\n'}
[0.162524] (pi5_robot_description) StdoutLine: {'line': b'-- Up-to-date: /home/webotpi/ros2_ws/install/pi5_robot_description/share/pi5_robot_description/environment/path.dsv\n'}
[0.162653] (pi5_robot_description) StdoutLine: {'line': b'-- Up-to-date: /home/webotpi/ros2_ws/install/pi5_robot_description/share/pi5_robot_description/local_setup.bash\n'}
[0.162869] (pi5_robot_description) StdoutLine: {'line': b'-- Up-to-date: /home/webotpi/ros2_ws/install/pi5_robot_description/share/pi5_robot_description/local_setup.sh\n'}
[0.163460] (pi5_robot_description) StdoutLine: {'line': b'-- Up-to-date: /home/webotpi/ros2_ws/install/pi5_robot_description/share/pi5_robot_description/local_setup.zsh\n'}
[0.164065] (pi5_robot_description) StdoutLine: {'line': b'-- Up-to-date: /home/webotpi/ros2_ws/install/pi5_robot_description/share/pi5_robot_description/local_setup.dsv\n'}
[0.164236] (pi5_robot_description) StdoutLine: {'line': b'-- Installing: /home/webotpi/ros2_ws/install/pi5_robot_description/share/pi5_robot_description/package.dsv\n'}
[0.164388] (pi5_robot_description) StdoutLine: {'line': b'-- Up-to-date: /home/webotpi/ros2_ws/install/pi5_robot_description/share/ament_index/resource_index/packages/pi5_robot_description\n'}
[0.164493] (pi5_robot_description) StdoutLine: {'line': b'-- Up-to-date: /home/webotpi/ros2_ws/install/pi5_robot_description/share/pi5_robot_description/cmake/pi5_robot_descriptionConfig.cmake\n'}
[0.164717] (pi5_robot_description) StdoutLine: {'line': b'-- Up-to-date: /home/webotpi/ros2_ws/install/pi5_robot_description/share/pi5_robot_description/cmake/pi5_robot_descriptionConfig-version.cmake\n'}
[0.164934] (pi5_robot_description) StdoutLine: {'line': b'-- Up-to-date: /home/webotpi/ros2_ws/install/pi5_robot_description/share/pi5_robot_description/package.xml\n'}
[0.165059] (pi5_robot_description) CommandEnded: {'returncode': 0}
[0.194483] (pi5_robot_description) JobEnded: {'identifier': 'pi5_robot_description', 'rc': 0}
[0.195457] (-) EventReactorShutdown: {}
