[0.000000] (-) TimerEvent: {}
[0.000665] (-) JobUnselected: {'identifier': 'deptrum-ros-driver-aurora930'}
[0.000830] (-) JobUnselected: {'identifier': 'my_launch_pkg'}
[0.000913] (-) JobUnselected: {'identifier': 'my_srv'}
[0.000957] (-) JobUnselected: {'identifier': 'py_pkg'}
[0.000996] (-) JobUnselected: {'identifier': 'rplidar_ros'}
[0.003333] (-) JobUnselected: {'identifier': 'voice_interaction'}
[0.003436] (robot_integration) JobQueued: {'identifier': 'robot_integration', 'dependencies': OrderedDict()}
[0.003507] (robot_integration) JobStarted: {'identifier': 'robot_integration'}
[0.099186] (-) TimerEvent: {}
[0.199422] (-) TimerEvent: {}
[0.299679] (-) TimerEvent: {}
[0.399938] (-) TimerEvent: {}
[0.500213] (-) TimerEvent: {}
[0.600503] (-) TimerEvent: {}
[0.700833] (-) TimerEvent: {}
[0.801166] (-) TimerEvent: {}
[0.901383] (-) TimerEvent: {}
[1.001637] (-) TimerEvent: {}
[1.101903] (-) TimerEvent: {}
[1.202196] (-) TimerEvent: {}
[1.302472] (-) TimerEvent: {}
[1.402753] (-) TimerEvent: {}
[1.503042] (-) TimerEvent: {}
[1.603307] (-) TimerEvent: {}
[1.703562] (-) TimerEvent: {}
[1.803836] (-) TimerEvent: {}
[1.904110] (-) TimerEvent: {}
[2.004377] (-) TimerEvent: {}
[2.104637] (-) TimerEvent: {}
[2.204904] (-) TimerEvent: {}
[2.305238] (-) TimerEvent: {}
[2.405577] (-) TimerEvent: {}
[2.502444] (robot_integration) Command: {'cmd': ['/usr/bin/python3', '-W', 'ignore:setup.py install is deprecated', '-W', 'ignore:easy_install command is deprecated', 'setup.py', 'egg_info', '--egg-base', '../../build/robot_integration', 'build', '--build-base', '/home/webotpi/ros2_ws/build/robot_integration/build', 'install', '--record', '/home/webotpi/ros2_ws/build/robot_integration/install.log', '--single-version-externally-managed', 'install_data'], 'cwd': '/home/webotpi/ros2_ws/src/robot_integration', 'env': {'LANGUAGE': 'zh_CN:en', 'USER': 'webotpi', 'SSH_CLIENT': '192.168.0.111 57510 22', 'LC_TIME': 'zh_CN.UTF-8', 'XDG_SESSION_TYPE': 'tty', 'SHLVL': '1', 'LD_LIBRARY_PATH': '/opt/ros/jazzy/opt/rviz_ogre_vendor/lib:/opt/ros/jazzy/lib/aarch64-linux-gnu:/opt/ros/jazzy/opt/gz_math_vendor/lib:/opt/ros/jazzy/opt/gz_utils_vendor/lib:/opt/ros/jazzy/opt/gz_cmake_vendor/lib:/opt/ros/jazzy/lib', 'HOME': '/home/webotpi', 'OLDPWD': '/home/webotpi/ros2_ws/src/robot_integration/robot_integration', 'ROS_PYTHON_VERSION': '3', 'LC_MONETARY': 'zh_CN.UTF-8', 'DBUS_SESSION_BUS_ADDRESS': 'unix:path=/run/user/1000/bus', 'ROS_DISTRO': 'jazzy', 'LOGNAME': 'webotpi', '_': '/usr/bin/colcon', 'ROS_VERSION': '2', 'XDG_SESSION_CLASS': 'user', 'XDG_SESSION_ID': '10', 'PATH': '/opt/ros/jazzy/bin:/usr/local/sbin:/usr/local/bin:/usr/sbin:/usr/bin:/sbin:/bin:/usr/games:/usr/local/games:/snap/bin', 'PAPERSIZE': 'a4', 'LC_ADDRESS': 'zh_CN.UTF-8', 'XDG_RUNTIME_DIR': '/run/user/1000', 'LANG': 'zh_CN.UTF-8', 'LC_TELEPHONE': 'zh_CN.UTF-8', 'AMENT_PREFIX_PATH': '/opt/ros/jazzy', 'SHELL': '/bin/bash', 'LC_NAME': 'zh_CN.UTF-8', 'LC_MEASUREMENT': 'zh_CN.UTF-8', 'LC_IDENTIFICATION': 'zh_CN.UTF-8', 'ROS_AUTOMATIC_DISCOVERY_RANGE': 'SUBNET', 'PWD': '/home/webotpi/ros2_ws/build/robot_integration', 'SSH_CONNECTION': '192.168.0.111 57510 192.168.0.119 22', 'PYTHONPATH': '/home/webotpi/ros2_ws/build/robot_integration/prefix_override:/usr/lib/python3/dist-packages/colcon_core/task/python/colcon_distutils_commands:/home/webotpi/ros2_ws/install/robot_integration/lib/python3.12/site-packages:/opt/ros/jazzy/lib/python3.12/site-packages', 'LC_NUMERIC': 'zh_CN.UTF-8', 'LC_PAPER': 'zh_CN.UTF-8', 'COLCON': '1', 'CMAKE_PREFIX_PATH': '/opt/ros/jazzy/opt/gz_math_vendor:/opt/ros/jazzy/opt/gz_utils_vendor:/opt/ros/jazzy/opt/gz_cmake_vendor'}, 'shell': False}
[2.505655] (-) TimerEvent: {}
[2.605831] (-) TimerEvent: {}
[2.706092] (-) TimerEvent: {}
[2.806368] (-) TimerEvent: {}
[2.906624] (-) TimerEvent: {}
[3.006882] (-) TimerEvent: {}
[3.107180] (-) TimerEvent: {}
[3.207492] (-) TimerEvent: {}
[3.233439] (robot_integration) StdoutLine: {'line': b'running egg_info\n'}
[3.295402] (robot_integration) StdoutLine: {'line': b'writing ../../build/robot_integration/robot_integration.egg-info/PKG-INFO\n'}
[3.296032] (robot_integration) StdoutLine: {'line': b'writing dependency_links to ../../build/robot_integration/robot_integration.egg-info/dependency_links.txt\n'}
[3.300291] (robot_integration) StdoutLine: {'line': b'writing entry points to ../../build/robot_integration/robot_integration.egg-info/entry_points.txt\n'}
[3.300969] (robot_integration) StdoutLine: {'line': b'writing requirements to ../../build/robot_integration/robot_integration.egg-info/requires.txt\n'}
[3.301538] (robot_integration) StdoutLine: {'line': b'writing top-level names to ../../build/robot_integration/robot_integration.egg-info/top_level.txt\n'}
[3.307607] (-) TimerEvent: {}
[3.362757] (robot_integration) StdoutLine: {'line': b"reading manifest file '../../build/robot_integration/robot_integration.egg-info/SOURCES.txt'\n"}
[3.364051] (robot_integration) StdoutLine: {'line': b"writing manifest file '../../build/robot_integration/robot_integration.egg-info/SOURCES.txt'\n"}
[3.364274] (robot_integration) StdoutLine: {'line': b'running build\n'}
[3.364443] (robot_integration) StdoutLine: {'line': b'running build_py\n'}
[3.364636] (robot_integration) StdoutLine: {'line': b'copying robot_integration/line_follow_node.py -> /home/webotpi/ros2_ws/build/robot_integration/build/lib/robot_integration\n'}
[3.365400] (robot_integration) StdoutLine: {'line': b'running install\n'}
[3.374573] (robot_integration) StdoutLine: {'line': b'running install_lib\n'}
[3.401618] (robot_integration) StdoutLine: {'line': b'copying /home/webotpi/ros2_ws/build/robot_integration/build/lib/robot_integration/line_follow_node.py -> /home/webotpi/ros2_ws/install/robot_integration/lib/python3.12/site-packages/robot_integration\n'}
[3.402675] (robot_integration) StdoutLine: {'line': b'byte-compiling /home/webotpi/ros2_ws/install/robot_integration/lib/python3.12/site-packages/robot_integration/line_follow_node.py to line_follow_node.cpython-312.pyc\n'}
[3.407711] (-) TimerEvent: {}
[3.409311] (robot_integration) StdoutLine: {'line': b'running install_data\n'}
[3.409807] (robot_integration) StdoutLine: {'line': b'running install_egg_info\n'}
[3.467289] (robot_integration) StdoutLine: {'line': b"removing '/home/webotpi/ros2_ws/install/robot_integration/lib/python3.12/site-packages/robot_integration-1.0.0-py3.12.egg-info' (and everything under it)\n"}
[3.468120] (robot_integration) StdoutLine: {'line': b'Copying ../../build/robot_integration/robot_integration.egg-info to /home/webotpi/ros2_ws/install/robot_integration/lib/python3.12/site-packages/robot_integration-1.0.0-py3.12.egg-info\n'}
[3.470747] (robot_integration) StdoutLine: {'line': b'running install_scripts\n'}
[3.507839] (-) TimerEvent: {}
[3.608062] (-) TimerEvent: {}
[3.708274] (-) TimerEvent: {}
[3.767503] (robot_integration) StdoutLine: {'line': b'Installing arm_controller_node script to /home/webotpi/ros2_ws/install/robot_integration/lib/robot_integration\n'}
[3.768265] (robot_integration) StdoutLine: {'line': b'Installing balance_beam_node script to /home/webotpi/ros2_ws/install/robot_integration/lib/robot_integration\n'}
[3.771440] (robot_integration) StdoutLine: {'line': b'Installing car_controller_node script to /home/webotpi/ros2_ws/install/robot_integration/lib/robot_integration\n'}
[3.772538] (robot_integration) StdoutLine: {'line': b'Installing coordinator_node script to /home/webotpi/ros2_ws/install/robot_integration/lib/robot_integration\n'}
[3.773454] (robot_integration) StdoutLine: {'line': b'Installing edge_detect_node script to /home/webotpi/ros2_ws/install/robot_integration/lib/robot_integration\n'}
[3.774185] (robot_integration) StdoutLine: {'line': b'Installing line_follow_node script to /home/webotpi/ros2_ws/install/robot_integration/lib/robot_integration\n'}
[3.774792] (robot_integration) StdoutLine: {'line': b'Installing stm32_bridge_node script to /home/webotpi/ros2_ws/install/robot_integration/lib/robot_integration\n'}
[3.776029] (robot_integration) StdoutLine: {'line': b"writing list of installed files to '/home/webotpi/ros2_ws/build/robot_integration/install.log'\n"}
[3.808766] (-) TimerEvent: {}
[3.879025] (robot_integration) CommandEnded: {'returncode': 0}
[3.896208] (robot_integration) JobEnded: {'identifier': 'robot_integration', 'rc': 0}
[3.898473] (-) EventReactorShutdown: {}
