[0.000000] (-) TimerEvent: {}
[0.000135] (-) JobUnselected: {'identifier': 'deptrum-ros-driver-aurora930'}
[0.000279] (-) JobUnselected: {'identifier': 'my_launch_pkg'}
[0.000303] (-) JobUnselected: {'identifier': 'my_srv'}
[0.000566] (-) JobUnselected: {'identifier': 'py_pkg'}
[0.000725] (-) JobUnselected: {'identifier': 'rplidar_ros'}
[0.000747] (-) JobUnselected: {'identifier': 'voice_interaction'}
[0.000901] (robot_integration) JobQueued: {'identifier': 'robot_integration', 'dependencies': OrderedDict()}
[0.001030] (robot_integration) JobStarted: {'identifier': 'robot_integration'}
[0.099705] (-) TimerEvent: {}
[0.199917] (-) TimerEvent: {}
[0.300323] (-) TimerEvent: {}
[0.400731] (-) TimerEvent: {}
[0.501028] (-) TimerEvent: {}
[0.601246] (-) TimerEvent: {}
[0.701443] (-) TimerEvent: {}
[0.801636] (-) TimerEvent: {}
[0.901956] (-) TimerEvent: {}
[1.002247] (-) TimerEvent: {}
[1.028904] (robot_integration) Command: {'cmd': ['/usr/bin/python3', '-W', 'ignore:setup.py install is deprecated', '-W', 'ignore:easy_install command is deprecated', 'setup.py', 'egg_info', '--egg-base', '../../build/robot_integration', 'build', '--build-base', '/home/webotpi/ros2_ws/build/robot_integration/build', 'install', '--record', '/home/webotpi/ros2_ws/build/robot_integration/install.log', '--single-version-externally-managed', 'install_data'], 'cwd': '/home/webotpi/ros2_ws/src/robot_integration', 'env': {'LANGUAGE': 'zh_CN:en', 'USER': 'webotpi', 'SSH_CLIENT': '192.168.0.111 46542 22', 'LC_TIME': 'zh_CN.UTF-8', 'XDG_SESSION_TYPE': 'tty', 'SHLVL': '1', 'HOME': '/home/webotpi', 'OLDPWD': '/home/webotpi', 'LC_MONETARY': 'zh_CN.UTF-8', 'DBUS_SESSION_BUS_ADDRESS': 'unix:path=/run/user/1000/bus', 'LOGNAME': 'webotpi', '_': '/usr/bin/colcon', 'XDG_SESSION_CLASS': 'user', 'XDG_SESSION_ID': '29', 'PATH': '/usr/local/sbin:/usr/local/bin:/usr/sbin:/usr/bin:/sbin:/bin:/usr/games:/usr/local/games:/snap/bin', 'PAPERSIZE': 'a4', 'LC_ADDRESS': 'zh_CN.UTF-8', 'XDG_RUNTIME_DIR': '/run/user/1000', 'LANG': 'zh_CN.UTF-8', 'LC_TELEPHONE': 'zh_CN.UTF-8', 'SHELL': '/bin/bash', 'LC_NAME': 'zh_CN.UTF-8', 'LC_MEASUREMENT': 'zh_CN.UTF-8', 'LC_IDENTIFICATION': 'zh_CN.UTF-8', 'PWD': '/home/webotpi/ros2_ws/build/robot_integration', 'SSH_CONNECTION': '192.168.0.111 46542 192.168.0.119 22', 'LC_NUMERIC': 'zh_CN.UTF-8', 'LC_PAPER': 'zh_CN.UTF-8', 'COLCON': '1', 'PYTHONPATH': '/home/webotpi/ros2_ws/build/robot_integration/prefix_override:/usr/lib/python3/dist-packages/colcon_core/task/python/colcon_distutils_commands:/home/webotpi/ros2_ws/install/robot_integration/lib/python3.12/site-packages:'}, 'shell': False}
[1.102337] (-) TimerEvent: {}
[1.202547] (-) TimerEvent: {}
[1.302740] (-) TimerEvent: {}
[1.341646] (robot_integration) StdoutLine: {'line': b'running egg_info\n'}
[1.358247] (robot_integration) StdoutLine: {'line': b'writing ../../build/robot_integration/robot_integration.egg-info/PKG-INFO\n'}
[1.358644] (robot_integration) StdoutLine: {'line': b'writing dependency_links to ../../build/robot_integration/robot_integration.egg-info/dependency_links.txt\n'}
[1.365048] (robot_integration) StdoutLine: {'line': b'writing entry points to ../../build/robot_integration/robot_integration.egg-info/entry_points.txt\n'}
[1.365657] (robot_integration) StdoutLine: {'line': b'writing requirements to ../../build/robot_integration/robot_integration.egg-info/requires.txt\n'}
[1.366670] (robot_integration) StdoutLine: {'line': b'writing top-level names to ../../build/robot_integration/robot_integration.egg-info/top_level.txt\n'}
[1.402881] (-) TimerEvent: {}
[1.408815] (robot_integration) StdoutLine: {'line': b"reading manifest file '../../build/robot_integration/robot_integration.egg-info/SOURCES.txt'\n"}
[1.410110] (robot_integration) StdoutLine: {'line': b"writing manifest file '../../build/robot_integration/robot_integration.egg-info/SOURCES.txt'\n"}
[1.410416] (robot_integration) StdoutLine: {'line': b'running build\n'}
[1.410533] (robot_integration) StdoutLine: {'line': b'running build_py\n'}
[1.411138] (robot_integration) StdoutLine: {'line': b'running install\n'}
[1.420173] (robot_integration) StdoutLine: {'line': b'running install_lib\n'}
[1.437732] (robot_integration) StdoutLine: {'line': b'running install_data\n'}
[1.438142] (robot_integration) StdoutLine: {'line': b'running install_egg_info\n'}
[1.456203] (robot_integration) StdoutLine: {'line': b"removing '/home/webotpi/ros2_ws/install/robot_integration/lib/python3.12/site-packages/robot_integration-1.0.0-py3.12.egg-info' (and everything under it)\n"}
[1.458381] (robot_integration) StdoutLine: {'line': b'Copying ../../build/robot_integration/robot_integration.egg-info to /home/webotpi/ros2_ws/install/robot_integration/lib/python3.12/site-packages/robot_integration-1.0.0-py3.12.egg-info\n'}
[1.458547] (robot_integration) StdoutLine: {'line': b'running install_scripts\n'}
[1.502976] (-) TimerEvent: {}
[1.601774] (robot_integration) StdoutLine: {'line': b'Installing arm_controller_node script to /home/webotpi/ros2_ws/install/robot_integration/lib/robot_integration\n'}
[1.602111] (robot_integration) StdoutLine: {'line': b'Installing balance_beam_node script to /home/webotpi/ros2_ws/install/robot_integration/lib/robot_integration\n'}
[1.603040] (-) TimerEvent: {}
[1.610527] (robot_integration) StdoutLine: {'line': b'Installing car_controller_node script to /home/webotpi/ros2_ws/install/robot_integration/lib/robot_integration\n'}
[1.611793] (robot_integration) StdoutLine: {'line': b'Installing coordinator_node script to /home/webotpi/ros2_ws/install/robot_integration/lib/robot_integration\n'}
[1.612946] (robot_integration) StdoutLine: {'line': b'Installing edge_detect_node script to /home/webotpi/ros2_ws/install/robot_integration/lib/robot_integration\n'}
[1.614141] (robot_integration) StdoutLine: {'line': b'Installing line_follow_node script to /home/webotpi/ros2_ws/install/robot_integration/lib/robot_integration\n'}
[1.616634] (robot_integration) StdoutLine: {'line': b'Installing stm32_bridge_node script to /home/webotpi/ros2_ws/install/robot_integration/lib/robot_integration\n'}
[1.618078] (robot_integration) StdoutLine: {'line': b"writing list of installed files to '/home/webotpi/ros2_ws/build/robot_integration/install.log'\n"}
[1.703177] (-) TimerEvent: {}
[1.718612] (robot_integration) CommandEnded: {'returncode': 0}
[1.741534] (robot_integration) JobEnded: {'identifier': 'robot_integration', 'rc': 0}
[1.742393] (-) EventReactorShutdown: {}
