[4.841s] Invoking command in '/home/webotpi/ros2_ws/src/voice_interaction': PYTHONPATH=/home/webotpi/ros2_ws/build/voice_interaction/prefix_override:/usr/lib/python3/dist-packages/colcon_core/task/python/colcon_distutils_commands:/home/webotpi/ros2_ws/install/voice_interaction/lib/python3.12/site-packages:${PYTHONPATH} /usr/bin/python3 -W ignore:setup.py install is deprecated -W ignore:easy_install command is deprecated setup.py egg_info --egg-base ../../build/voice_interaction build --build-base /home/webotpi/ros2_ws/build/voice_interaction/build install --record /home/webotpi/ros2_ws/build/voice_interaction/install.log --single-version-externally-managed install_data
[5.297s] running egg_info
[5.297s] creating ../../build/voice_interaction/voice_interaction.egg-info
[5.329s] writing ../../build/voice_interaction/voice_interaction.egg-info/PKG-INFO
[5.330s] writing dependency_links to ../../build/voice_interaction/voice_interaction.egg-info/dependency_links.txt
[5.330s] writing entry points to ../../build/voice_interaction/voice_interaction.egg-info/entry_points.txt
[5.330s] writing requirements to ../../build/voice_interaction/voice_interaction.egg-info/requires.txt
[5.330s] writing top-level names to ../../build/voice_interaction/voice_interaction.egg-info/top_level.txt
[5.331s] writing manifest file '../../build/voice_interaction/voice_interaction.egg-info/SOURCES.txt'
[5.393s] reading manifest file '../../build/voice_interaction/voice_interaction.egg-info/SOURCES.txt'
[5.393s] writing manifest file '../../build/voice_interaction/voice_interaction.egg-info/SOURCES.txt'
[5.501s] running build
[5.501s] running build_py
[5.502s] creating /home/webotpi/ros2_ws/build/voice_interaction/build
[5.502s] creating /home/webotpi/ros2_ws/build/voice_interaction/build/lib
[5.502s] creating /home/webotpi/ros2_ws/build/voice_interaction/build/lib/voice_interaction
[5.502s] copying voice_interaction/voice_recognition_node.py -> /home/webotpi/ros2_ws/build/voice_interaction/build/lib/voice_interaction
[5.541s] copying voice_interaction/voice_synthesis_node.py -> /home/webotpi/ros2_ws/build/voice_interaction/build/lib/voice_interaction
[5.558s] copying voice_interaction/__init__.py -> /home/webotpi/ros2_ws/build/voice_interaction/build/lib/voice_interaction
[5.558s] copying voice_interaction/intent_parser_node.py -> /home/webotpi/ros2_ws/build/voice_interaction/build/lib/voice_interaction
[5.641s] copying voice_interaction/arm_executor_node.py -> /home/webotpi/ros2_ws/build/voice_interaction/build/lib/voice_interaction
[5.716s] running install
[5.728s] running install_lib
[5.770s] creating /home/webotpi/ros2_ws/install/voice_interaction/lib/python3.12/site-packages/voice_interaction
[5.771s] copying /home/webotpi/ros2_ws/build/voice_interaction/build/lib/voice_interaction/voice_recognition_node.py -> /home/webotpi/ros2_ws/install/voice_interaction/lib/python3.12/site-packages/voice_interaction
[5.771s] copying /home/webotpi/ros2_ws/build/voice_interaction/build/lib/voice_interaction/voice_synthesis_node.py -> /home/webotpi/ros2_ws/install/voice_interaction/lib/python3.12/site-packages/voice_interaction
[5.771s] copying /home/webotpi/ros2_ws/build/voice_interaction/build/lib/voice_interaction/__init__.py -> /home/webotpi/ros2_ws/install/voice_interaction/lib/python3.12/site-packages/voice_interaction
[5.771s] copying /home/webotpi/ros2_ws/build/voice_interaction/build/lib/voice_interaction/intent_parser_node.py -> /home/webotpi/ros2_ws/install/voice_interaction/lib/python3.12/site-packages/voice_interaction
[5.771s] copying /home/webotpi/ros2_ws/build/voice_interaction/build/lib/voice_interaction/arm_executor_node.py -> /home/webotpi/ros2_ws/install/voice_interaction/lib/python3.12/site-packages/voice_interaction
[5.771s] byte-compiling /home/webotpi/ros2_ws/install/voice_interaction/lib/python3.12/site-packages/voice_interaction/voice_recognition_node.py to voice_recognition_node.cpython-312.pyc
[5.775s] byte-compiling /home/webotpi/ros2_ws/install/voice_interaction/lib/python3.12/site-packages/voice_interaction/voice_synthesis_node.py to voice_synthesis_node.cpython-312.pyc
[5.778s] byte-compiling /home/webotpi/ros2_ws/install/voice_interaction/lib/python3.12/site-packages/voice_interaction/__init__.py to __init__.cpython-312.pyc
[5.780s] byte-compiling /home/webotpi/ros2_ws/install/voice_interaction/lib/python3.12/site-packages/voice_interaction/intent_parser_node.py to intent_parser_node.cpython-312.pyc
[5.786s] byte-compiling /home/webotpi/ros2_ws/install/voice_interaction/lib/python3.12/site-packages/voice_interaction/arm_executor_node.py to arm_executor_node.cpython-312.pyc
[5.789s] running install_data
[5.790s] creating /home/webotpi/ros2_ws/install/voice_interaction/share/ament_index
[5.791s] creating /home/webotpi/ros2_ws/install/voice_interaction/share/ament_index/resource_index
[5.792s] creating /home/webotpi/ros2_ws/install/voice_interaction/share/ament_index/resource_index/packages
[5.792s] copying resource/voice_interaction -> /home/webotpi/ros2_ws/install/voice_interaction/share/ament_index/resource_index/packages
[5.792s] copying package.xml -> /home/webotpi/ros2_ws/install/voice_interaction/share/voice_interaction
[5.792s] creating /home/webotpi/ros2_ws/install/voice_interaction/share/voice_interaction/launch
[5.792s] copying launch/voice_interaction_launch.py -> /home/webotpi/ros2_ws/install/voice_interaction/share/voice_interaction/launch
[5.793s] creating /home/webotpi/ros2_ws/install/voice_interaction/share/voice_interaction/config
[5.793s] copying config/voice_params.yaml -> /home/webotpi/ros2_ws/install/voice_interaction/share/voice_interaction/config
[5.797s] running install_egg_info
[5.836s] Copying ../../build/voice_interaction/voice_interaction.egg-info to /home/webotpi/ros2_ws/install/voice_interaction/lib/python3.12/site-packages/voice_interaction-0.1.0-py3.12.egg-info
[5.838s] running install_scripts
[6.329s] Installing arm_executor_node script to /home/webotpi/ros2_ws/install/voice_interaction/lib/voice_interaction
[6.339s] Installing intent_parser_node script to /home/webotpi/ros2_ws/install/voice_interaction/lib/voice_interaction
[6.341s] Installing voice_recognition_node script to /home/webotpi/ros2_ws/install/voice_interaction/lib/voice_interaction
[6.357s] Installing voice_synthesis_node script to /home/webotpi/ros2_ws/install/voice_interaction/lib/voice_interaction
[6.363s] writing list of installed files to '/home/webotpi/ros2_ws/build/voice_interaction/install.log'
[6.660s] Invoked command in '/home/webotpi/ros2_ws/src/voice_interaction' returned '0': PYTHONPATH=/home/webotpi/ros2_ws/build/voice_interaction/prefix_override:/usr/lib/python3/dist-packages/colcon_core/task/python/colcon_distutils_commands:/home/webotpi/ros2_ws/install/voice_interaction/lib/python3.12/site-packages:${PYTHONPATH} /usr/bin/python3 -W ignore:setup.py install is deprecated -W ignore:easy_install command is deprecated setup.py egg_info --egg-base ../../build/voice_interaction build --build-base /home/webotpi/ros2_ws/build/voice_interaction/build install --record /home/webotpi/ros2_ws/build/voice_interaction/install.log --single-version-externally-managed install_data
