[1.727s] Invoking command in '/home/webotpi/ros2_ws/src/voice_interaction': PYTHONPATH=/home/webotpi/ros2_ws/build/voice_interaction/prefix_override:/usr/lib/python3/dist-packages/colcon_core/task/python/colcon_distutils_commands:/home/webotpi/ros2_ws/install/voice_interaction/lib/python3.12/site-packages:${PYTHONPATH} /usr/bin/python3 -W ignore:setup.py install is deprecated -W ignore:easy_install command is deprecated setup.py egg_info --egg-base ../../build/voice_interaction build --build-base /home/webotpi/ros2_ws/build/voice_interaction/build install --record /home/webotpi/ros2_ws/build/voice_interaction/install.log --single-version-externally-managed install_data
[2.097s] running egg_info
[2.123s] writing ../../build/voice_interaction/voice_interaction.egg-info/PKG-INFO
[2.124s] writing dependency_links to ../../build/voice_interaction/voice_interaction.egg-info/dependency_links.txt
[2.126s] writing entry points to ../../build/voice_interaction/voice_interaction.egg-info/entry_points.txt
[2.127s] writing requirements to ../../build/voice_interaction/voice_interaction.egg-info/requires.txt
[2.128s] writing top-level names to ../../build/voice_interaction/voice_interaction.egg-info/top_level.txt
[2.185s] reading manifest file '../../build/voice_interaction/voice_interaction.egg-info/SOURCES.txt'
[2.186s] writing manifest file '../../build/voice_interaction/voice_interaction.egg-info/SOURCES.txt'
[2.186s] running build
[2.186s] running build_py
[2.186s] copying voice_interaction/intent_parser_node.py -> /home/webotpi/ros2_ws/build/voice_interaction/build/lib/voice_interaction
[2.189s] copying voice_interaction/arm_executor_node.py -> /home/webotpi/ros2_ws/build/voice_interaction/build/lib/voice_interaction
[2.189s] running install
[2.199s] running install_lib
[2.226s] copying /home/webotpi/ros2_ws/build/voice_interaction/build/lib/voice_interaction/intent_parser_node.py -> /home/webotpi/ros2_ws/install/voice_interaction/lib/python3.12/site-packages/voice_interaction
[2.227s] copying /home/webotpi/ros2_ws/build/voice_interaction/build/lib/voice_interaction/arm_executor_node.py -> /home/webotpi/ros2_ws/install/voice_interaction/lib/python3.12/site-packages/voice_interaction
[2.227s] byte-compiling /home/webotpi/ros2_ws/install/voice_interaction/lib/python3.12/site-packages/voice_interaction/intent_parser_node.py to intent_parser_node.cpython-312.pyc
[2.231s] byte-compiling /home/webotpi/ros2_ws/install/voice_interaction/lib/python3.12/site-packages/voice_interaction/arm_executor_node.py to arm_executor_node.cpython-312.pyc
[2.234s] running install_data
[2.234s] running install_egg_info
[2.264s] removing '/home/webotpi/ros2_ws/install/voice_interaction/lib/python3.12/site-packages/voice_interaction-0.1.0-py3.12.egg-info' (and everything under it)
[2.265s] Copying ../../build/voice_interaction/voice_interaction.egg-info to /home/webotpi/ros2_ws/install/voice_interaction/lib/python3.12/site-packages/voice_interaction-0.1.0-py3.12.egg-info
[2.266s] running install_scripts
[2.447s] Installing arm_executor_node script to /home/webotpi/ros2_ws/install/voice_interaction/lib/voice_interaction
[2.447s] Installing intent_parser_node script to /home/webotpi/ros2_ws/install/voice_interaction/lib/voice_interaction
[2.450s] Installing voice_recognition_node script to /home/webotpi/ros2_ws/install/voice_interaction/lib/voice_interaction
[2.451s] Installing voice_synthesis_node script to /home/webotpi/ros2_ws/install/voice_interaction/lib/voice_interaction
[2.452s] writing list of installed files to '/home/webotpi/ros2_ws/build/voice_interaction/install.log'
[2.531s] Invoked command in '/home/webotpi/ros2_ws/src/voice_interaction' returned '0': PYTHONPATH=/home/webotpi/ros2_ws/build/voice_interaction/prefix_override:/usr/lib/python3/dist-packages/colcon_core/task/python/colcon_distutils_commands:/home/webotpi/ros2_ws/install/voice_interaction/lib/python3.12/site-packages:${PYTHONPATH} /usr/bin/python3 -W ignore:setup.py install is deprecated -W ignore:easy_install command is deprecated setup.py egg_info --egg-base ../../build/voice_interaction build --build-base /home/webotpi/ros2_ws/build/voice_interaction/build install --record /home/webotpi/ros2_ws/build/voice_interaction/install.log --single-version-externally-managed install_data
