[1.415s] Invoking command in '/home/webotpi/ros2_ws/src/robot_integration': DEBUGINFOD_URLS=https://debuginfod.ubuntu.com PYTHONPATH=/home/webotpi/ros2_ws/build/robot_integration/prefix_override:/usr/lib/python3/dist-packages/colcon_core/task/python/colcon_distutils_commands:/home/webotpi/ros2_ws/install/robot_integration/lib/python3.12/site-packages:${PYTHONPATH} /usr/bin/python3 -W ignore:setup.py install is deprecated -W ignore:easy_install command is deprecated setup.py egg_info --egg-base ../../build/robot_integration build --build-base /home/webotpi/ros2_ws/build/robot_integration/build install --record /home/webotpi/ros2_ws/build/robot_integration/install.log --single-version-externally-managed install_data
[1.824s] running egg_info
[1.856s] writing ../../build/robot_integration/robot_integration.egg-info/PKG-INFO
[1.857s] writing dependency_links to ../../build/robot_integration/robot_integration.egg-info/dependency_links.txt
[1.863s] writing entry points to ../../build/robot_integration/robot_integration.egg-info/entry_points.txt
[1.864s] writing requirements to ../../build/robot_integration/robot_integration.egg-info/requires.txt
[1.865s] writing top-level names to ../../build/robot_integration/robot_integration.egg-info/top_level.txt
[1.929s] reading manifest file '../../build/robot_integration/robot_integration.egg-info/SOURCES.txt'
[1.930s] writing manifest file '../../build/robot_integration/robot_integration.egg-info/SOURCES.txt'
[1.930s] running build
[1.930s] running build_py
[1.931s] running install
[1.940s] running install_lib
[1.969s] running install_data
[1.970s] copying config/line_follow_black_params.yaml -> /home/webotpi/ros2_ws/install/robot_integration/share/robot_integration/config
[1.970s] running install_egg_info
[2.003s] removing '/home/webotpi/ros2_ws/install/robot_integration/lib/python3.12/site-packages/robot_integration-1.0.0-py3.12.egg-info' (and everything under it)
[2.004s] Copying ../../build/robot_integration/robot_integration.egg-info to /home/webotpi/ros2_ws/install/robot_integration/lib/python3.12/site-packages/robot_integration-1.0.0-py3.12.egg-info
[2.010s] running install_scripts
[2.206s] Installing arm_controller_node script to /home/webotpi/ros2_ws/install/robot_integration/lib/robot_integration
[2.206s] Installing balance_beam_node script to /home/webotpi/ros2_ws/install/robot_integration/lib/robot_integration
[2.212s] Installing car_controller_node script to /home/webotpi/ros2_ws/install/robot_integration/lib/robot_integration
[2.214s] Installing coordinator_node script to /home/webotpi/ros2_ws/install/robot_integration/lib/robot_integration
[2.215s] Installing edge_detect_node script to /home/webotpi/ros2_ws/install/robot_integration/lib/robot_integration
[2.216s] Installing line_follow_node script to /home/webotpi/ros2_ws/install/robot_integration/lib/robot_integration
[2.217s] Installing stm32_bridge_node script to /home/webotpi/ros2_ws/install/robot_integration/lib/robot_integration
[2.219s] writing list of installed files to '/home/webotpi/ros2_ws/build/robot_integration/install.log'
[2.327s] Invoked command in '/home/webotpi/ros2_ws/src/robot_integration' returned '0': DEBUGINFOD_URLS=https://debuginfod.ubuntu.com PYTHONPATH=/home/webotpi/ros2_ws/build/robot_integration/prefix_override:/usr/lib/python3/dist-packages/colcon_core/task/python/colcon_distutils_commands:/home/webotpi/ros2_ws/install/robot_integration/lib/python3.12/site-packages:${PYTHONPATH} /usr/bin/python3 -W ignore:setup.py install is deprecated -W ignore:easy_install command is deprecated setup.py egg_info --egg-base ../../build/robot_integration build --build-base /home/webotpi/ros2_ws/build/robot_integration/build install --record /home/webotpi/ros2_ws/build/robot_integration/install.log --single-version-externally-managed install_data
