[0.000000] (-) TimerEvent: {}
[0.000288] (-) JobUnselected: {'identifier': 'deptrum-ros-driver-aurora930'}
[0.000633] (-) JobUnselected: {'identifier': 'my_launch_pkg'}
[0.000707] (-) JobUnselected: {'identifier': 'my_srv'}
[0.000763] (-) JobUnselected: {'identifier': 'py_pkg'}
[0.000801] (-) JobUnselected: {'identifier': 'rplidar_ros'}
[0.000838] (-) JobUnselected: {'identifier': 'voice_interaction'}
[0.000882] (robot_integration) JobQueued: {'identifier': 'robot_integration', 'dependencies': OrderedDict()}
[0.001496] (robot_integration) JobStarted: {'identifier': 'robot_integration'}
[0.099254] (-) TimerEvent: {}
[0.199488] (-) TimerEvent: {}
[0.299722] (-) TimerEvent: {}
[0.400032] (-) TimerEvent: {}
[0.500348] (-) TimerEvent: {}
[0.600605] (-) TimerEvent: {}
[0.700857] (-) TimerEvent: {}
[0.801097] (-) TimerEvent: {}
[0.901405] (-) TimerEvent: {}
[1.001702] (-) TimerEvent: {}
[1.101959] (-) TimerEvent: {}
[1.202165] (-) TimerEvent: {}
[1.302355] (-) TimerEvent: {}
[1.402606] (-) TimerEvent: {}
[1.502959] (-) TimerEvent: {}
[1.529894] (robot_integration) Command: {'cmd': ['/usr/bin/python3', '-W', 'ignore:setup.py install is deprecated', '-W', 'ignore:easy_install command is deprecated', 'setup.py', 'egg_info', '--egg-base', '../../build/robot_integration', 'build', '--build-base', '/home/webotpi/ros2_ws/build/robot_integration/build', 'install', '--record', '/home/webotpi/ros2_ws/build/robot_integration/install.log', '--single-version-externally-managed', 'install_data'], 'cwd': '/home/webotpi/ros2_ws/src/robot_integration', 'env': {'LANGUAGE': 'zh_CN:en', 'USER': 'webotpi', 'SSH_CLIENT': '192.168.0.111 55750 22', 'LC_TIME': 'zh_CN.UTF-8', 'XDG_SESSION_TYPE': 'tty', 'SHLVL': '1', 'LD_LIBRARY_PATH': '/opt/ros/jazzy/opt/rviz_ogre_vendor/lib:/opt/ros/jazzy/lib/aarch64-linux-gnu:/opt/ros/jazzy/opt/gz_math_vendor/lib:/opt/ros/jazzy/opt/gz_utils_vendor/lib:/opt/ros/jazzy/opt/gz_cmake_vendor/lib:/opt/ros/jazzy/lib', 'HOME': '/home/webotpi', 'OLDPWD': '/home/webotpi', 'ROS_PYTHON_VERSION': '3', 'LC_MONETARY': 'zh_CN.UTF-8', 'DBUS_SESSION_BUS_ADDRESS': 'unix:path=/run/user/1000/bus', 'ROS_DISTRO': 'jazzy', 'LOGNAME': 'webotpi', '_': '/usr/bin/colcon', 'ROS_VERSION': '2', 'XDG_SESSION_CLASS': 'user', 'XDG_SESSION_ID': '81', 'PATH': '/opt/ros/jazzy/bin:/usr/local/sbin:/usr/local/bin:/usr/sbin:/usr/bin:/sbin:/bin:/usr/games:/usr/local/games:/snap/bin', 'PAPERSIZE': 'a4', 'LC_ADDRESS': 'zh_CN.UTF-8', 'XDG_RUNTIME_DIR': '/run/user/1000', 'LANG': 'zh_CN.UTF-8', 'LC_TELEPHONE': 'zh_CN.UTF-8', 'AMENT_PREFIX_PATH': '/opt/ros/jazzy', 'SHELL': '/bin/bash', 'LC_NAME': 'zh_CN.UTF-8', 'LC_MEASUREMENT': 'zh_CN.UTF-8', 'LC_IDENTIFICATION': 'zh_CN.UTF-8', 'ROS_AUTOMATIC_DISCOVERY_RANGE': 'SUBNET', 'PWD': '/home/webotpi/ros2_ws/build/robot_integration', 'SSH_CONNECTION': '192.168.0.111 55750 192.168.0.119 22', 'PYTHONPATH': '/home/webotpi/ros2_ws/build/robot_integration/prefix_override:/usr/lib/python3/dist-packages/colcon_core/task/python/colcon_distutils_commands:/home/webotpi/ros2_ws/install/robot_integration/lib/python3.12/site-packages:/opt/ros/jazzy/lib/python3.12/site-packages', 'LC_NUMERIC': 'zh_CN.UTF-8', 'LC_PAPER': 'zh_CN.UTF-8', 'COLCON': '1', 'CMAKE_PREFIX_PATH': '/opt/ros/jazzy/opt/gz_math_vendor:/opt/ros/jazzy/opt/gz_utils_vendor:/opt/ros/jazzy/opt/gz_cmake_vendor'}, 'shell': False}
[1.603082] (-) TimerEvent: {}
[1.703406] (-) TimerEvent: {}
[1.803649] (-) TimerEvent: {}
[1.903900] (-) TimerEvent: {}
[2.004154] (-) TimerEvent: {}
[2.028361] (robot_integration) StdoutLine: {'line': b'running egg_info\n'}
[2.028810] (robot_integration) StdoutLine: {'line': b'creating ../../build/robot_integration/robot_integration.egg-info\n'}
[2.056909] (robot_integration) StdoutLine: {'line': b'writing ../../build/robot_integration/robot_integration.egg-info/PKG-INFO\n'}
[2.060461] (robot_integration) StdoutLine: {'line': b'writing dependency_links to ../../build/robot_integration/robot_integration.egg-info/dependency_links.txt\n'}
[2.060905] (robot_integration) StdoutLine: {'line': b'writing entry points to ../../build/robot_integration/robot_integration.egg-info/entry_points.txt\n'}
[2.061228] (robot_integration) StdoutLine: {'line': b'writing requirements to ../../build/robot_integration/robot_integration.egg-info/requires.txt\n'}
[2.061477] (robot_integration) StdoutLine: {'line': b'writing top-level names to ../../build/robot_integration/robot_integration.egg-info/top_level.txt\n'}
[2.061710] (robot_integration) StdoutLine: {'line': b"writing manifest file '../../build/robot_integration/robot_integration.egg-info/SOURCES.txt'\n"}
[2.104289] (-) TimerEvent: {}
[2.152460] (robot_integration) StdoutLine: {'line': b"reading manifest file '../../build/robot_integration/robot_integration.egg-info/SOURCES.txt'\n"}
[2.153457] (robot_integration) StdoutLine: {'line': b"writing manifest file '../../build/robot_integration/robot_integration.egg-info/SOURCES.txt'\n"}
[2.154227] (robot_integration) StdoutLine: {'line': b'running build\n'}
[2.154403] (robot_integration) StdoutLine: {'line': b'running build_py\n'}
[2.154494] (robot_integration) StdoutLine: {'line': b'creating /home/webotpi/ros2_ws/build/robot_integration/build\n'}
[2.154584] (robot_integration) StdoutLine: {'line': b'creating /home/webotpi/ros2_ws/build/robot_integration/build/lib\n'}
[2.154665] (robot_integration) StdoutLine: {'line': b'creating /home/webotpi/ros2_ws/build/robot_integration/build/lib/robot_integration\n'}
[2.154745] (robot_integration) StdoutLine: {'line': b'copying robot_integration/coordinator_node.py -> /home/webotpi/ros2_ws/build/robot_integration/build/lib/robot_integration\n'}
[2.156240] (robot_integration) StdoutLine: {'line': b'copying robot_integration/line_follow_node.py -> /home/webotpi/ros2_ws/build/robot_integration/build/lib/robot_integration\n'}
[2.156376] (robot_integration) StdoutLine: {'line': b'copying robot_integration/arm_controller_node.py -> /home/webotpi/ros2_ws/build/robot_integration/build/lib/robot_integration\n'}
[2.156463] (robot_integration) StdoutLine: {'line': b'copying robot_integration/__init__.py -> /home/webotpi/ros2_ws/build/robot_integration/build/lib/robot_integration\n'}
[2.156544] (robot_integration) StdoutLine: {'line': b'copying robot_integration/edge_detect_node.py -> /home/webotpi/ros2_ws/build/robot_integration/build/lib/robot_integration\n'}
[2.156624] (robot_integration) StdoutLine: {'line': b'copying robot_integration/stm32_bridge_node.py -> /home/webotpi/ros2_ws/build/robot_integration/build/lib/robot_integration\n'}
[2.156707] (robot_integration) StdoutLine: {'line': b'copying robot_integration/balance_beam_node.py -> /home/webotpi/ros2_ws/build/robot_integration/build/lib/robot_integration\n'}
[2.156785] (robot_integration) StdoutLine: {'line': b'copying robot_integration/car_controller_node.py -> /home/webotpi/ros2_ws/build/robot_integration/build/lib/robot_integration\n'}
[2.156863] (robot_integration) StdoutLine: {'line': b'running install\n'}
[2.165808] (robot_integration) StdoutLine: {'line': b'running install_lib\n'}
[2.192707] (robot_integration) StdoutLine: {'line': b'creating /home/webotpi/ros2_ws/install/robot_integration/lib/python3.12/site-packages/robot_integration\n'}
[2.193080] (robot_integration) StdoutLine: {'line': b'copying /home/webotpi/ros2_ws/build/robot_integration/build/lib/robot_integration/coordinator_node.py -> /home/webotpi/ros2_ws/install/robot_integration/lib/python3.12/site-packages/robot_integration\n'}
[2.193252] (robot_integration) StdoutLine: {'line': b'copying /home/webotpi/ros2_ws/build/robot_integration/build/lib/robot_integration/line_follow_node.py -> /home/webotpi/ros2_ws/install/robot_integration/lib/python3.12/site-packages/robot_integration\n'}
[2.193546] (robot_integration) StdoutLine: {'line': b'copying /home/webotpi/ros2_ws/build/robot_integration/build/lib/robot_integration/arm_controller_node.py -> /home/webotpi/ros2_ws/install/robot_integration/lib/python3.12/site-packages/robot_integration\n'}
[2.193770] (robot_integration) StdoutLine: {'line': b'copying /home/webotpi/ros2_ws/build/robot_integration/build/lib/robot_integration/__init__.py -> /home/webotpi/ros2_ws/install/robot_integration/lib/python3.12/site-packages/robot_integration\n'}
[2.195368] (robot_integration) StdoutLine: {'line': b'copying /home/webotpi/ros2_ws/build/robot_integration/build/lib/robot_integration/edge_detect_node.py -> /home/webotpi/ros2_ws/install/robot_integration/lib/python3.12/site-packages/robot_integration\n'}
[2.195684] (robot_integration) StdoutLine: {'line': b'copying /home/webotpi/ros2_ws/build/robot_integration/build/lib/robot_integration/stm32_bridge_node.py -> /home/webotpi/ros2_ws/install/robot_integration/lib/python3.12/site-packages/robot_integration\n'}
[2.195820] (robot_integration) StdoutLine: {'line': b'copying /home/webotpi/ros2_ws/build/robot_integration/build/lib/robot_integration/balance_beam_node.py -> /home/webotpi/ros2_ws/install/robot_integration/lib/python3.12/site-packages/robot_integration\n'}
[2.195935] (robot_integration) StdoutLine: {'line': b'copying /home/webotpi/ros2_ws/build/robot_integration/build/lib/robot_integration/car_controller_node.py -> /home/webotpi/ros2_ws/install/robot_integration/lib/python3.12/site-packages/robot_integration\n'}
[2.196164] (robot_integration) StdoutLine: {'line': b'byte-compiling /home/webotpi/ros2_ws/install/robot_integration/lib/python3.12/site-packages/robot_integration/coordinator_node.py to coordinator_node.cpython-312.pyc\n'}
[2.199583] (robot_integration) StdoutLine: {'line': b'byte-compiling /home/webotpi/ros2_ws/install/robot_integration/lib/python3.12/site-packages/robot_integration/line_follow_node.py to line_follow_node.cpython-312.pyc\n'}
[2.204371] (-) TimerEvent: {}
[2.205659] (robot_integration) StdoutLine: {'line': b'byte-compiling /home/webotpi/ros2_ws/install/robot_integration/lib/python3.12/site-packages/robot_integration/arm_controller_node.py to arm_controller_node.cpython-312.pyc\n'}
[2.208279] (robot_integration) StdoutLine: {'line': b'byte-compiling /home/webotpi/ros2_ws/install/robot_integration/lib/python3.12/site-packages/robot_integration/__init__.py to __init__.cpython-312.pyc\n'}
[2.208605] (robot_integration) StdoutLine: {'line': b'byte-compiling /home/webotpi/ros2_ws/install/robot_integration/lib/python3.12/site-packages/robot_integration/edge_detect_node.py to edge_detect_node.cpython-312.pyc\n'}
[2.212875] (robot_integration) StdoutLine: {'line': b'byte-compiling /home/webotpi/ros2_ws/install/robot_integration/lib/python3.12/site-packages/robot_integration/stm32_bridge_node.py to stm32_bridge_node.cpython-312.pyc\n'}
[2.216027] (robot_integration) StdoutLine: {'line': b'byte-compiling /home/webotpi/ros2_ws/install/robot_integration/lib/python3.12/site-packages/robot_integration/balance_beam_node.py to balance_beam_node.cpython-312.pyc\n'}
[2.220525] (robot_integration) StdoutLine: {'line': b'byte-compiling /home/webotpi/ros2_ws/install/robot_integration/lib/python3.12/site-packages/robot_integration/car_controller_node.py to car_controller_node.cpython-312.pyc\n'}
[2.222549] (robot_integration) StdoutLine: {'line': b'running install_data\n'}
[2.222883] (robot_integration) StdoutLine: {'line': b'creating /home/webotpi/ros2_ws/install/robot_integration/share/ament_index\n'}
[2.222985] (robot_integration) StdoutLine: {'line': b'creating /home/webotpi/ros2_ws/install/robot_integration/share/ament_index/resource_index\n'}
[2.223266] (robot_integration) StdoutLine: {'line': b'creating /home/webotpi/ros2_ws/install/robot_integration/share/ament_index/resource_index/packages\n'}
[2.223415] (robot_integration) StdoutLine: {'line': b'copying resource/robot_integration -> /home/webotpi/ros2_ws/install/robot_integration/share/ament_index/resource_index/packages\n'}
[2.223505] (robot_integration) StdoutLine: {'line': b'copying package.xml -> /home/webotpi/ros2_ws/install/robot_integration/share/robot_integration\n'}
[2.223723] (robot_integration) StdoutLine: {'line': b'creating /home/webotpi/ros2_ws/install/robot_integration/share/robot_integration/launch\n'}
[2.223928] (robot_integration) StdoutLine: {'line': b'copying launch/balance_beam.launch.py -> /home/webotpi/ros2_ws/install/robot_integration/share/robot_integration/launch\n'}
[2.224090] (robot_integration) StdoutLine: {'line': b'copying launch/edge_detect.launch.py -> /home/webotpi/ros2_ws/install/robot_integration/share/robot_integration/launch\n'}
[2.224431] (robot_integration) StdoutLine: {'line': b'copying launch/full_system.launch.py -> /home/webotpi/ros2_ws/install/robot_integration/share/robot_integration/launch\n'}
[2.224712] (robot_integration) StdoutLine: {'line': b'copying launch/line_follow.launch.py -> /home/webotpi/ros2_ws/install/robot_integration/share/robot_integration/launch\n'}
[2.224888] (robot_integration) StdoutLine: {'line': b'copying launch/car_only.launch.py -> /home/webotpi/ros2_ws/install/robot_integration/share/robot_integration/launch\n'}
[2.224975] (robot_integration) StdoutLine: {'line': b'creating /home/webotpi/ros2_ws/install/robot_integration/share/robot_integration/config\n'}
[2.225060] (robot_integration) StdoutLine: {'line': b'copying config/robot_params.yaml -> /home/webotpi/ros2_ws/install/robot_integration/share/robot_integration/config\n'}
[2.225248] (robot_integration) StdoutLine: {'line': b'copying config/edge_detect_params.yaml -> /home/webotpi/ros2_ws/install/robot_integration/share/robot_integration/config\n'}
[2.225344] (robot_integration) StdoutLine: {'line': b'copying config/line_follow_params.yaml -> /home/webotpi/ros2_ws/install/robot_integration/share/robot_integration/config\n'}
[2.225433] (robot_integration) StdoutLine: {'line': b'copying config/balance_beam_params.yaml -> /home/webotpi/ros2_ws/install/robot_integration/share/robot_integration/config\n'}
[2.225713] (robot_integration) StdoutLine: {'line': b'creating /home/webotpi/ros2_ws/install/robot_integration/share/robot_integration/scripts\n'}
[2.225811] (robot_integration) StdoutLine: {'line': b'copying scripts/hsv_calibrate.py -> /home/webotpi/ros2_ws/install/robot_integration/share/robot_integration/scripts\n'}
[2.225916] (robot_integration) StdoutLine: {'line': b'copying scripts/test_bridge_detection.py -> /home/webotpi/ros2_ws/install/robot_integration/share/robot_integration/scripts\n'}
[2.227193] (robot_integration) StdoutLine: {'line': b'running install_egg_info\n'}
[2.257618] (robot_integration) StdoutLine: {'line': b'Copying ../../build/robot_integration/robot_integration.egg-info to /home/webotpi/ros2_ws/install/robot_integration/lib/python3.12/site-packages/robot_integration-1.0.0-py3.12.egg-info\n'}
[2.259208] (robot_integration) StdoutLine: {'line': b'running install_scripts\n'}
[2.304476] (-) TimerEvent: {}
[2.404715] (-) TimerEvent: {}
[2.504960] (-) TimerEvent: {}
[2.506820] (robot_integration) StdoutLine: {'line': b'Installing arm_controller_node script to /home/webotpi/ros2_ws/install/robot_integration/lib/robot_integration\n'}
[2.507643] (robot_integration) StdoutLine: {'line': b'Installing balance_beam_node script to /home/webotpi/ros2_ws/install/robot_integration/lib/robot_integration\n'}
[2.508293] (robot_integration) StdoutLine: {'line': b'Installing car_controller_node script to /home/webotpi/ros2_ws/install/robot_integration/lib/robot_integration\n'}
[2.508459] (robot_integration) StdoutLine: {'line': b'Installing coordinator_node script to /home/webotpi/ros2_ws/install/robot_integration/lib/robot_integration\n'}
[2.508561] (robot_integration) StdoutLine: {'line': b'Installing edge_detect_node script to /home/webotpi/ros2_ws/install/robot_integration/lib/robot_integration\n'}
[2.508652] (robot_integration) StdoutLine: {'line': b'Installing line_follow_node script to /home/webotpi/ros2_ws/install/robot_integration/lib/robot_integration\n'}
[2.511384] (robot_integration) StdoutLine: {'line': b'Installing stm32_bridge_node script to /home/webotpi/ros2_ws/install/robot_integration/lib/robot_integration\n'}
[2.511716] (robot_integration) StdoutLine: {'line': b"writing list of installed files to '/home/webotpi/ros2_ws/build/robot_integration/install.log'\n"}
[2.605336] (-) TimerEvent: {}
[2.627138] (robot_integration) CommandEnded: {'returncode': 0}
[2.648186] (robot_integration) JobEnded: {'identifier': 'robot_integration', 'rc': 0}
[2.648910] (-) EventReactorShutdown: {}
