[1.984s] Invoking command in '/home/webotpi/ros2_ws/build/robot_integration': PYTHONPATH=/home/webotpi/ros2_ws/build/robot_integration/prefix_override:/usr/lib/python3/dist-packages/colcon_core/task/python/colcon_distutils_commands:/home/webotpi/ros2_ws/install/robot_integration/lib/python3.12/site-packages:${PYTHONPATH} /usr/bin/python3 -W ignore:setup.py install is deprecated -W ignore:easy_install command is deprecated setup.py develop --editable --build-directory /home/webotpi/ros2_ws/build/robot_integration/build --no-deps symlink_data --force
[2.503s] running develop
[2.817s] running egg_info
[2.845s] writing robot_integration.egg-info/PKG-INFO
[2.848s] writing dependency_links to robot_integration.egg-info/dependency_links.txt
[2.849s] writing entry points to robot_integration.egg-info/entry_points.txt
[2.850s] writing requirements to robot_integration.egg-info/requires.txt
[2.851s] writing top-level names to robot_integration.egg-info/top_level.txt
[2.915s] reading manifest file 'robot_integration.egg-info/SOURCES.txt'
[2.920s] writing manifest file 'robot_integration.egg-info/SOURCES.txt'
[2.954s] running build_ext
[2.957s] Creating /home/webotpi/ros2_ws/install/robot_integration/lib/python3.12/site-packages/robot-integration.egg-link (link to .)
[2.958s] Installing arm_controller_node script to /home/webotpi/ros2_ws/install/robot_integration/lib/robot_integration
[2.958s] Installing car_controller_node script to /home/webotpi/ros2_ws/install/robot_integration/lib/robot_integration
[2.959s] Installing coordinator_node script to /home/webotpi/ros2_ws/install/robot_integration/lib/robot_integration
[2.959s] Installing edge_detect_node script to /home/webotpi/ros2_ws/install/robot_integration/lib/robot_integration
[2.959s] Installing stm32_bridge_node script to /home/webotpi/ros2_ws/install/robot_integration/lib/robot_integration
[2.959s] 
[2.959s] Installed /home/webotpi/ros2_ws/build/robot_integration
[2.959s] running symlink_data
[2.960s] symbolically linking /home/webotpi/ros2_ws/build/robot_integration/resource/robot_integration -> /home/webotpi/ros2_ws/install/robot_integration/share/ament_index/resource_index/packages
[2.960s] symbolically linking /home/webotpi/ros2_ws/build/robot_integration/package.xml -> /home/webotpi/ros2_ws/install/robot_integration/share/robot_integration
[2.960s] symbolically linking /home/webotpi/ros2_ws/build/robot_integration/launch/edge_detect.launch.py -> /home/webotpi/ros2_ws/install/robot_integration/share/robot_integration/launch
[2.960s] symbolically linking /home/webotpi/ros2_ws/build/robot_integration/launch/full_system.launch.py -> /home/webotpi/ros2_ws/install/robot_integration/share/robot_integration/launch
[2.960s] symbolically linking /home/webotpi/ros2_ws/build/robot_integration/launch/car_only.launch.py -> /home/webotpi/ros2_ws/install/robot_integration/share/robot_integration/launch
[2.960s] symbolically linking /home/webotpi/ros2_ws/build/robot_integration/config/robot_params.yaml -> /home/webotpi/ros2_ws/install/robot_integration/share/robot_integration/config
[2.960s] symbolically linking /home/webotpi/ros2_ws/build/robot_integration/config/edge_detect_params.yaml -> /home/webotpi/ros2_ws/install/robot_integration/share/robot_integration/config
[3.091s] Invoked command in '/home/webotpi/ros2_ws/build/robot_integration' returned '0': PYTHONPATH=/home/webotpi/ros2_ws/build/robot_integration/prefix_override:/usr/lib/python3/dist-packages/colcon_core/task/python/colcon_distutils_commands:/home/webotpi/ros2_ws/install/robot_integration/lib/python3.12/site-packages:${PYTHONPATH} /usr/bin/python3 -W ignore:setup.py install is deprecated -W ignore:easy_install command is deprecated setup.py develop --editable --build-directory /home/webotpi/ros2_ws/build/robot_integration/build --no-deps symlink_data --force
