[0.000000] (-) TimerEvent: {}
[0.000090] (-) JobUnselected: {'identifier': 'deptrum-ros-driver-aurora930'}
[0.000124] (-) JobUnselected: {'identifier': 'my_launch_pkg'}
[0.000145] (-) JobUnselected: {'identifier': 'my_srv'}
[0.000162] (-) JobUnselected: {'identifier': 'py_pkg'}
[0.000178] (-) JobUnselected: {'identifier': 'robot_integration'}
[0.000194] (-) JobUnselected: {'identifier': 'rplidar_ros'}
[0.000209] (-) JobUnselected: {'identifier': 'voice_interaction'}
[0.000227] (pi5_robot_description) JobQueued: {'identifier': 'pi5_robot_description', 'dependencies': OrderedDict()}
[0.000680] (pi5_robot_description) JobStarted: {'identifier': 'pi5_robot_description'}
[0.010776] (pi5_robot_description) JobProgress: {'identifier': 'pi5_robot_description', 'progress': 'cmake'}
[0.011695] (pi5_robot_description) JobProgress: {'identifier': 'pi5_robot_description', 'progress': 'build'}
[0.012523] (pi5_robot_description) Command: {'cmd': ['/usr/bin/cmake', '--build', '/home/webotpi/ros2_ws/build/pi5_robot_description', '--', '-j4', '-l4'], 'cwd': '/home/webotpi/ros2_ws/build/pi5_robot_description', 'env': OrderedDict({'LANGUAGE': 'zh_CN:en', 'USER': 'webotpi', 'SSH_CLIENT': '192.168.0.111 41816 22', 'LC_TIME': 'zh_CN.UTF-8', 'XDG_SESSION_TYPE': 'tty', 'SHLVL': '1', 'HOME': '/home/webotpi', 'OLDPWD': '/home/webotpi', 'LC_MONETARY': 'zh_CN.UTF-8', 'DBUS_SESSION_BUS_ADDRESS': 'unix:path=/run/user/1000/bus', 'LOGNAME': 'webotpi', '_': '/usr/bin/colcon', 'XDG_SESSION_CLASS': 'user', 'XDG_SESSION_ID': '14', 'PATH': '/usr/local/sbin:/usr/local/bin:/usr/sbin:/usr/bin:/sbin:/bin:/usr/games:/usr/local/games:/snap/bin', 'PAPERSIZE': 'a4', 'LC_ADDRESS': 'zh_CN.UTF-8', 'XDG_RUNTIME_DIR': '/run/user/1000', 'LANG': 'zh_CN.UTF-8', 'LC_TELEPHONE': 'zh_CN.UTF-8', 'SHELL': '/bin/bash', 'LC_NAME': 'zh_CN.UTF-8', 'LC_MEASUREMENT': 'zh_CN.UTF-8', 'LC_IDENTIFICATION': 'zh_CN.UTF-8', 'PWD': '/home/webotpi/ros2_ws/build/pi5_robot_description', 'SSH_CONNECTION': '192.168.0.111 41816 192.168.0.119 22', 'LC_NUMERIC': 'zh_CN.UTF-8', 'LC_PAPER': 'zh_CN.UTF-8', 'COLCON': '1'}), 'shell': False}
[0.084004] (pi5_robot_description) CommandEnded: {'returncode': 0}
[0.084753] (pi5_robot_description) JobProgress: {'identifier': 'pi5_robot_description', 'progress': 'install'}
[0.099690] (-) TimerEvent: {}
[0.101426] (pi5_robot_description) Command: {'cmd': ['/usr/bin/cmake', '--install', '/home/webotpi/ros2_ws/build/pi5_robot_description'], 'cwd': '/home/webotpi/ros2_ws/build/pi5_robot_description', 'env': OrderedDict({'LANGUAGE': 'zh_CN:en', 'USER': 'webotpi', 'SSH_CLIENT': '192.168.0.111 41816 22', 'LC_TIME': 'zh_CN.UTF-8', 'XDG_SESSION_TYPE': 'tty', 'SHLVL': '1', 'HOME': '/home/webotpi', 'OLDPWD': '/home/webotpi', 'LC_MONETARY': 'zh_CN.UTF-8', 'DBUS_SESSION_BUS_ADDRESS': 'unix:path=/run/user/1000/bus', 'LOGNAME': 'webotpi', '_': '/usr/bin/colcon', 'XDG_SESSION_CLASS': 'user', 'XDG_SESSION_ID': '14', 'PATH': '/usr/local/sbin:/usr/local/bin:/usr/sbin:/usr/bin:/sbin:/bin:/usr/games:/usr/local/games:/snap/bin', 'PAPERSIZE': 'a4', 'LC_ADDRESS': 'zh_CN.UTF-8', 'XDG_RUNTIME_DIR': '/run/user/1000', 'LANG': 'zh_CN.UTF-8', 'LC_TELEPHONE': 'zh_CN.UTF-8', 'SHELL': '/bin/bash', 'LC_NAME': 'zh_CN.UTF-8', 'LC_MEASUREMENT': 'zh_CN.UTF-8', 'LC_IDENTIFICATION': 'zh_CN.UTF-8', 'PWD': '/home/webotpi/ros2_ws/build/pi5_robot_description', 'SSH_CONNECTION': '192.168.0.111 41816 192.168.0.119 22', 'LC_NUMERIC': 'zh_CN.UTF-8', 'LC_PAPER': 'zh_CN.UTF-8', 'COLCON': '1'}), 'shell': False}
[0.114119] (pi5_robot_description) StdoutLine: {'line': b'-- Install configuration: ""\n'}
[0.114757] (pi5_robot_description) StdoutLine: {'line': b'-- Execute custom install script\n'}
[0.115267] (pi5_robot_description) StdoutLine: {'line': b'-- Up-to-date symlink: /home/webotpi/ros2_ws/install/pi5_robot_description/share/pi5_robot_description/urdf/pi5_arm_robot.urdf.xacro\n'}
[0.115624] (pi5_robot_description) StdoutLine: {'line': b'-- Up-to-date symlink: /home/webotpi/ros2_ws/install/pi5_robot_description/share/pi5_robot_description/launch/nav2_navigation.launch.py\n'}
[0.115774] (pi5_robot_description) StdoutLine: {'line': b'-- Up-to-date symlink: /home/webotpi/ros2_ws/install/pi5_robot_description/share/pi5_robot_description/launch/nav2_navigation_with_depth.launch.py\n'}
[0.115928] (pi5_robot_description) StdoutLine: {'line': b'-- Up-to-date symlink: /home/webotpi/ros2_ws/install/pi5_robot_description/share/pi5_robot_description/launch/slam_mapping.launch.py\n'}
[0.116060] (pi5_robot_description) StdoutLine: {'line': b'-- Up-to-date symlink: /home/webotpi/ros2_ws/install/pi5_robot_description/share/pi5_robot_description/launch/view_robot.launch.py\n'}
[0.116379] (pi5_robot_description) StdoutLine: {'line': b'-- Up-to-date symlink: /home/webotpi/ros2_ws/install/pi5_robot_description/share/pi5_robot_description/config/collision_monitor_params.yaml\n'}
[0.116520] (pi5_robot_description) StdoutLine: {'line': b'-- Up-to-date symlink: /home/webotpi/ros2_ws/install/pi5_robot_description/share/pi5_robot_description/config/nav2.rviz\n'}
[0.116661] (pi5_robot_description) StdoutLine: {'line': b'-- Up-to-date symlink: /home/webotpi/ros2_ws/install/pi5_robot_description/share/pi5_robot_description/config/nav2_params.yaml\n'}
[0.116792] (pi5_robot_description) StdoutLine: {'line': b'-- Up-to-date symlink: /home/webotpi/ros2_ws/install/pi5_robot_description/share/pi5_robot_description/config/nav2_params.yaml.bak\n'}
[0.116924] (pi5_robot_description) StdoutLine: {'line': b'-- Up-to-date symlink: /home/webotpi/ros2_ws/install/pi5_robot_description/share/pi5_robot_description/config/nav2_params.yaml.bak2\n'}
[0.117053] (pi5_robot_description) StdoutLine: {'line': b'-- Up-to-date symlink: /home/webotpi/ros2_ws/install/pi5_robot_description/share/pi5_robot_description/config/slam_toolbox_mapping.yaml\n'}
[0.117184] (pi5_robot_description) StdoutLine: {'line': b'-- Up-to-date symlink: /home/webotpi/ros2_ws/install/pi5_robot_description/share/pi5_robot_description/config/view_robot.rviz\n'}
[0.117402] (pi5_robot_description) StdoutLine: {'line': b'-- Up-to-date symlink: /home/webotpi/ros2_ws/install/pi5_robot_description/lib/pi5_robot_description/odom_only_node.py\n'}
[0.117586] (pi5_robot_description) StdoutLine: {'line': b'-- Up-to-date symlink: /home/webotpi/ros2_ws/install/pi5_robot_description/lib/pi5_robot_description/cmd_vel_bridge_node.py\n'}
[0.117732] (pi5_robot_description) StdoutLine: {'line': b'-- Up-to-date symlink: /home/webotpi/ros2_ws/install/pi5_robot_description/lib/pi5_robot_description/goal_pose_bridge.py\n'}
[0.117873] (pi5_robot_description) StdoutLine: {'line': b'-- Up-to-date symlink: /home/webotpi/ros2_ws/install/pi5_robot_description/lib/pi5_robot_description/save_map.sh\n'}
[0.118011] (pi5_robot_description) StdoutLine: {'line': b'-- Up-to-date symlink: /home/webotpi/ros2_ws/install/pi5_robot_description/lib/pi5_robot_description/verify_urdf.sh\n'}
[0.118241] (pi5_robot_description) StdoutLine: {'line': b'-- Up-to-date symlink: /home/webotpi/ros2_ws/install/pi5_robot_description/share/ament_index/resource_index/package_run_dependencies/pi5_robot_description\n'}
[0.118467] (pi5_robot_description) StdoutLine: {'line': b'-- Up-to-date symlink: /home/webotpi/ros2_ws/install/pi5_robot_description/share/ament_index/resource_index/parent_prefix_path/pi5_robot_description\n'}
[0.118691] (pi5_robot_description) StdoutLine: {'line': b'-- Up-to-date symlink: /home/webotpi/ros2_ws/install/pi5_robot_description/share/pi5_robot_description/environment/ament_prefix_path.sh\n'}
[0.118895] (pi5_robot_description) StdoutLine: {'line': b'-- Up-to-date symlink: /home/webotpi/ros2_ws/install/pi5_robot_description/share/pi5_robot_description/environment/ament_prefix_path.dsv\n'}
[0.119099] (pi5_robot_description) StdoutLine: {'line': b'-- Up-to-date symlink: /home/webotpi/ros2_ws/install/pi5_robot_description/share/pi5_robot_description/environment/path.sh\n'}
[0.119294] (pi5_robot_description) StdoutLine: {'line': b'-- Up-to-date symlink: /home/webotpi/ros2_ws/install/pi5_robot_description/share/pi5_robot_description/environment/path.dsv\n'}
[0.119525] (pi5_robot_description) StdoutLine: {'line': b'-- Up-to-date symlink: /home/webotpi/ros2_ws/install/pi5_robot_description/share/pi5_robot_description/local_setup.bash\n'}
[0.119728] (pi5_robot_description) StdoutLine: {'line': b'-- Up-to-date symlink: /home/webotpi/ros2_ws/install/pi5_robot_description/share/pi5_robot_description/local_setup.sh\n'}
[0.119919] (pi5_robot_description) StdoutLine: {'line': b'-- Up-to-date symlink: /home/webotpi/ros2_ws/install/pi5_robot_description/share/pi5_robot_description/local_setup.zsh\n'}
[0.120108] (pi5_robot_description) StdoutLine: {'line': b'-- Up-to-date symlink: /home/webotpi/ros2_ws/install/pi5_robot_description/share/pi5_robot_description/local_setup.dsv\n'}
[0.120253] (pi5_robot_description) StdoutLine: {'line': b'-- Symlinking: /home/webotpi/ros2_ws/install/pi5_robot_description/share/pi5_robot_description/package.dsv\n'}
[0.135680] (pi5_robot_description) StdoutLine: {'line': b'-- Up-to-date symlink: /home/webotpi/ros2_ws/install/pi5_robot_description/share/ament_index/resource_index/packages/pi5_robot_description\n'}
[0.136013] (pi5_robot_description) StdoutLine: {'line': b'-- Up-to-date symlink: /home/webotpi/ros2_ws/install/pi5_robot_description/share/pi5_robot_description/cmake/pi5_robot_descriptionConfig.cmake\n'}
[0.136108] (pi5_robot_description) StdoutLine: {'line': b'-- Up-to-date symlink: /home/webotpi/ros2_ws/install/pi5_robot_description/share/pi5_robot_description/cmake/pi5_robot_descriptionConfig-version.cmake\n'}
[0.136255] (pi5_robot_description) StdoutLine: {'line': b'-- Up-to-date symlink: /home/webotpi/ros2_ws/install/pi5_robot_description/share/pi5_robot_description/package.xml\n'}
[0.139069] (pi5_robot_description) CommandEnded: {'returncode': 0}
[0.175143] (pi5_robot_description) JobEnded: {'identifier': 'pi5_robot_description', 'rc': 0}
[0.176239] (-) EventReactorShutdown: {}
