[0.000000] (-) TimerEvent: {}
[0.000148] (-) JobUnselected: {'identifier': 'deptrum-ros-driver-aurora930'}
[0.000183] (-) JobUnselected: {'identifier': 'my_launch_pkg'}
[0.000204] (-) JobUnselected: {'identifier': 'my_srv'}
[0.000220] (-) JobUnselected: {'identifier': 'py_pkg'}
[0.000236] (-) JobUnselected: {'identifier': 'robot_integration'}
[0.000251] (-) JobUnselected: {'identifier': 'rplidar_ros'}
[0.000266] (-) JobUnselected: {'identifier': 'voice_interaction'}
[0.000284] (pi5_robot_description) JobQueued: {'identifier': 'pi5_robot_description', 'dependencies': OrderedDict()}
[0.000681] (pi5_robot_description) JobStarted: {'identifier': 'pi5_robot_description'}
[0.015174] (pi5_robot_description) JobProgress: {'identifier': 'pi5_robot_description', 'progress': 'cmake'}
[0.016085] (pi5_robot_description) JobProgress: {'identifier': 'pi5_robot_description', 'progress': 'build'}
[0.017072] (pi5_robot_description) Command: {'cmd': ['/usr/bin/cmake', '--build', '/home/webotpi/ros2_ws/build/pi5_robot_description', '--', '-j4', '-l4'], 'cwd': '/home/webotpi/ros2_ws/build/pi5_robot_description', 'env': OrderedDict({'LANGUAGE': 'zh_CN:en', 'USER': 'webotpi', 'SSH_CLIENT': '192.168.0.111 58664 22', 'LC_TIME': 'zh_CN.UTF-8', 'GZ_CONFIG_PATH': '/opt/ros/jazzy/opt/gz_sim_vendor/share/gz:/opt/ros/jazzy/opt/sdformat_vendor/share/gz:/opt/ros/jazzy/opt/gz_gui_vendor/share/gz:/opt/ros/jazzy/opt/gz_transport_vendor/share/gz:/opt/ros/jazzy/opt/gz_rendering_vendor/share/gz:/opt/ros/jazzy/opt/gz_plugin_vendor/share/gz:/opt/ros/jazzy/opt/gz_fuel_tools_vendor/share/gz:/opt/ros/jazzy/opt/gz_msgs_vendor/share/gz:/opt/ros/jazzy/opt/gz_common_vendor/share/gz', 'XDG_SESSION_TYPE': 'tty', 'SHLVL': '1', 'LD_LIBRARY_PATH': '/home/webotpi/ros2_ws/install/my_srv/lib:/home/webotpi/ros2_ws/install/deptrum-ros-driver-aurora930/lib:/opt/ros/jazzy/opt/gz_sim_vendor/lib:/opt/ros/jazzy/opt/gz_sensors_vendor/lib:/opt/ros/jazzy/opt/gz_physics_vendor/lib:/opt/ros/jazzy/opt/sdformat_vendor/lib:/opt/ros/jazzy/opt/rviz_ogre_vendor/lib:/opt/ros/jazzy/lib/aarch64-linux-gnu:/opt/ros/jazzy/opt/gz_gui_vendor/lib:/opt/ros/jazzy/opt/gz_transport_vendor/lib:/opt/ros/jazzy/opt/gz_rendering_vendor/lib:/opt/ros/jazzy/opt/gz_plugin_vendor/lib:/opt/ros/jazzy/opt/gz_fuel_tools_vendor/lib:/opt/ros/jazzy/opt/gz_msgs_vendor/lib:/opt/ros/jazzy/opt/gz_common_vendor/lib:/opt/ros/jazzy/opt/gz_math_vendor/lib:/opt/ros/jazzy/opt/gz_utils_vendor/lib:/opt/ros/jazzy/opt/gz_tools_vendor/lib:/opt/ros/jazzy/opt/gz_ogre_next_vendor/lib:/opt/ros/jazzy/opt/gz_dartsim_vendor/lib:/opt/ros/jazzy/opt/gz_cmake_vendor/lib:/opt/ros/jazzy/lib', 'HOME': '/home/webotpi', 'OLDPWD': '/home/webotpi', 'ROS_PYTHON_VERSION': '3', 'LC_MONETARY': 'zh_CN.UTF-8', 'DBUS_SESSION_BUS_ADDRESS': 'unix:path=/run/user/1000/bus', 'COLCON_PREFIX_PATH': '/home/webotpi/ros2_ws/install', 'ROS_DISTRO': 'jazzy', 'LOGNAME': 'webotpi', '_': '/usr/bin/colcon', 'ROS_VERSION': '2', 'XDG_SESSION_CLASS': 'user', 'XDG_SESSION_ID': '20', 'PATH': '/opt/ros/jazzy/opt/gz_msgs_vendor/bin:/opt/ros/jazzy/opt/gz_tools_vendor/bin:/opt/ros/jazzy/opt/gz_ogre_next_vendor/bin:/opt/ros/jazzy/bin:/usr/local/sbin:/usr/local/bin:/usr/sbin:/usr/bin:/sbin:/bin:/usr/games:/usr/local/games:/snap/bin', 'PAPERSIZE': 'a4', 'LC_ADDRESS': 'zh_CN.UTF-8', 'XDG_RUNTIME_DIR': '/run/user/1000', 'LANG': 'zh_CN.UTF-8', 'LC_TELEPHONE': 'zh_CN.UTF-8', 'AMENT_PREFIX_PATH': '/home/webotpi/ros2_ws/install/voice_interaction:/home/webotpi/ros2_ws/install/rplidar_ros:/home/webotpi/ros2_ws/install/robot_integration:/home/webotpi/ros2_ws/install/py_pkg:/home/webotpi/ros2_ws/install/pi5_robot_description:/home/webotpi/ros2_ws/install/my_srv:/home/webotpi/ros2_ws/install/my_launch_pkg:/home/webotpi/ros2_ws/install/deptrum-ros-driver-aurora930:/opt/ros/jazzy', 'SHELL': '/bin/bash', 'LC_NAME': 'zh_CN.UTF-8', 'LC_MEASUREMENT': 'zh_CN.UTF-8', 'LC_IDENTIFICATION': 'zh_CN.UTF-8', 'ROS_AUTOMATIC_DISCOVERY_RANGE': 'SUBNET', 'PWD': '/home/webotpi/ros2_ws/build/pi5_robot_description', 'SSH_CONNECTION': '192.168.0.111 58664 192.168.0.119 22', 'PYTHONPATH': '/home/webotpi/ros2_ws/install/voice_interaction/lib/python3.12/site-packages:/home/webotpi/ros2_ws/install/robot_integration/lib/python3.12/site-packages:/home/webotpi/ros2_ws/install/py_pkg/lib/python3.12/site-packages:/home/webotpi/ros2_ws/install/my_srv/lib/python3.12/site-packages:/home/webotpi/ros2_ws/install/my_launch_pkg/lib/python3.12/site-packages:/opt/ros/jazzy/lib/python3.12/site-packages', 'LC_NUMERIC': 'zh_CN.UTF-8', 'LC_PAPER': 'zh_CN.UTF-8', 'COLCON': '1', 'CMAKE_PREFIX_PATH': '/home/webotpi/ros2_ws/install/rplidar_ros:/home/webotpi/ros2_ws/install/pi5_robot_description:/home/webotpi/ros2_ws/install/my_srv:/home/webotpi/ros2_ws/install/deptrum-ros-driver-aurora930:/opt/ros/jazzy/opt/gz_sim_vendor:/opt/ros/jazzy/opt/gz_sensors_vendor:/opt/ros/jazzy/opt/gz_physics_vendor:/opt/ros/jazzy/opt/sdformat_vendor:/opt/ros/jazzy/opt/gz_gui_vendor:/opt/ros/jazzy/opt/gz_transport_vendor:/opt/ros/jazzy/opt/gz_rendering_vendor:/opt/ros/jazzy/opt/gz_plugin_vendor:/opt/ros/jazzy/opt/gz_fuel_tools_vendor:/opt/ros/jazzy/opt/gz_msgs_vendor:/opt/ros/jazzy/opt/gz_common_vendor:/opt/ros/jazzy/opt/gz_math_vendor:/opt/ros/jazzy/opt/gz_utils_vendor:/opt/ros/jazzy/opt/gz_tools_vendor:/opt/ros/jazzy/opt/gz_ogre_next_vendor:/opt/ros/jazzy/opt/gz_dartsim_vendor:/opt/ros/jazzy/opt/gz_cmake_vendor:/home/webotpi/ros2_ws/install/voice_interaction:/home/webotpi/ros2_ws/install/robot_integration:/home/webotpi/ros2_ws/install/py_pkg:/home/webotpi/ros2_ws/install/my_launch_pkg:/opt/ros/jazzy'}), 'shell': False}
[0.099630] (-) TimerEvent: {}
[0.102835] (pi5_robot_description) CommandEnded: {'returncode': 0}
[0.104495] (pi5_robot_description) JobProgress: {'identifier': 'pi5_robot_description', 'progress': 'install'}
[0.124793] (pi5_robot_description) Command: {'cmd': ['/usr/bin/cmake', '--install', '/home/webotpi/ros2_ws/build/pi5_robot_description'], 'cwd': '/home/webotpi/ros2_ws/build/pi5_robot_description', 'env': OrderedDict({'LANGUAGE': 'zh_CN:en', 'USER': 'webotpi', 'SSH_CLIENT': '192.168.0.111 58664 22', 'LC_TIME': 'zh_CN.UTF-8', 'GZ_CONFIG_PATH': '/opt/ros/jazzy/opt/gz_sim_vendor/share/gz:/opt/ros/jazzy/opt/sdformat_vendor/share/gz:/opt/ros/jazzy/opt/gz_gui_vendor/share/gz:/opt/ros/jazzy/opt/gz_transport_vendor/share/gz:/opt/ros/jazzy/opt/gz_rendering_vendor/share/gz:/opt/ros/jazzy/opt/gz_plugin_vendor/share/gz:/opt/ros/jazzy/opt/gz_fuel_tools_vendor/share/gz:/opt/ros/jazzy/opt/gz_msgs_vendor/share/gz:/opt/ros/jazzy/opt/gz_common_vendor/share/gz', 'XDG_SESSION_TYPE': 'tty', 'SHLVL': '1', 'LD_LIBRARY_PATH': '/home/webotpi/ros2_ws/install/my_srv/lib:/home/webotpi/ros2_ws/install/deptrum-ros-driver-aurora930/lib:/opt/ros/jazzy/opt/gz_sim_vendor/lib:/opt/ros/jazzy/opt/gz_sensors_vendor/lib:/opt/ros/jazzy/opt/gz_physics_vendor/lib:/opt/ros/jazzy/opt/sdformat_vendor/lib:/opt/ros/jazzy/opt/rviz_ogre_vendor/lib:/opt/ros/jazzy/lib/aarch64-linux-gnu:/opt/ros/jazzy/opt/gz_gui_vendor/lib:/opt/ros/jazzy/opt/gz_transport_vendor/lib:/opt/ros/jazzy/opt/gz_rendering_vendor/lib:/opt/ros/jazzy/opt/gz_plugin_vendor/lib:/opt/ros/jazzy/opt/gz_fuel_tools_vendor/lib:/opt/ros/jazzy/opt/gz_msgs_vendor/lib:/opt/ros/jazzy/opt/gz_common_vendor/lib:/opt/ros/jazzy/opt/gz_math_vendor/lib:/opt/ros/jazzy/opt/gz_utils_vendor/lib:/opt/ros/jazzy/opt/gz_tools_vendor/lib:/opt/ros/jazzy/opt/gz_ogre_next_vendor/lib:/opt/ros/jazzy/opt/gz_dartsim_vendor/lib:/opt/ros/jazzy/opt/gz_cmake_vendor/lib:/opt/ros/jazzy/lib', 'HOME': '/home/webotpi', 'OLDPWD': '/home/webotpi', 'ROS_PYTHON_VERSION': '3', 'LC_MONETARY': 'zh_CN.UTF-8', 'DBUS_SESSION_BUS_ADDRESS': 'unix:path=/run/user/1000/bus', 'COLCON_PREFIX_PATH': '/home/webotpi/ros2_ws/install', 'ROS_DISTRO': 'jazzy', 'LOGNAME': 'webotpi', '_': '/usr/bin/colcon', 'ROS_VERSION': '2', 'XDG_SESSION_CLASS': 'user', 'XDG_SESSION_ID': '20', 'PATH': '/opt/ros/jazzy/opt/gz_msgs_vendor/bin:/opt/ros/jazzy/opt/gz_tools_vendor/bin:/opt/ros/jazzy/opt/gz_ogre_next_vendor/bin:/opt/ros/jazzy/bin:/usr/local/sbin:/usr/local/bin:/usr/sbin:/usr/bin:/sbin:/bin:/usr/games:/usr/local/games:/snap/bin', 'PAPERSIZE': 'a4', 'LC_ADDRESS': 'zh_CN.UTF-8', 'XDG_RUNTIME_DIR': '/run/user/1000', 'LANG': 'zh_CN.UTF-8', 'LC_TELEPHONE': 'zh_CN.UTF-8', 'AMENT_PREFIX_PATH': '/home/webotpi/ros2_ws/install/voice_interaction:/home/webotpi/ros2_ws/install/rplidar_ros:/home/webotpi/ros2_ws/install/robot_integration:/home/webotpi/ros2_ws/install/py_pkg:/home/webotpi/ros2_ws/install/pi5_robot_description:/home/webotpi/ros2_ws/install/my_srv:/home/webotpi/ros2_ws/install/my_launch_pkg:/home/webotpi/ros2_ws/install/deptrum-ros-driver-aurora930:/opt/ros/jazzy', 'SHELL': '/bin/bash', 'LC_NAME': 'zh_CN.UTF-8', 'LC_MEASUREMENT': 'zh_CN.UTF-8', 'LC_IDENTIFICATION': 'zh_CN.UTF-8', 'ROS_AUTOMATIC_DISCOVERY_RANGE': 'SUBNET', 'PWD': '/home/webotpi/ros2_ws/build/pi5_robot_description', 'SSH_CONNECTION': '192.168.0.111 58664 192.168.0.119 22', 'PYTHONPATH': '/home/webotpi/ros2_ws/install/voice_interaction/lib/python3.12/site-packages:/home/webotpi/ros2_ws/install/robot_integration/lib/python3.12/site-packages:/home/webotpi/ros2_ws/install/py_pkg/lib/python3.12/site-packages:/home/webotpi/ros2_ws/install/my_srv/lib/python3.12/site-packages:/home/webotpi/ros2_ws/install/my_launch_pkg/lib/python3.12/site-packages:/opt/ros/jazzy/lib/python3.12/site-packages', 'LC_NUMERIC': 'zh_CN.UTF-8', 'LC_PAPER': 'zh_CN.UTF-8', 'COLCON': '1', 'CMAKE_PREFIX_PATH': '/home/webotpi/ros2_ws/install/rplidar_ros:/home/webotpi/ros2_ws/install/pi5_robot_description:/home/webotpi/ros2_ws/install/my_srv:/home/webotpi/ros2_ws/install/deptrum-ros-driver-aurora930:/opt/ros/jazzy/opt/gz_sim_vendor:/opt/ros/jazzy/opt/gz_sensors_vendor:/opt/ros/jazzy/opt/gz_physics_vendor:/opt/ros/jazzy/opt/sdformat_vendor:/opt/ros/jazzy/opt/gz_gui_vendor:/opt/ros/jazzy/opt/gz_transport_vendor:/opt/ros/jazzy/opt/gz_rendering_vendor:/opt/ros/jazzy/opt/gz_plugin_vendor:/opt/ros/jazzy/opt/gz_fuel_tools_vendor:/opt/ros/jazzy/opt/gz_msgs_vendor:/opt/ros/jazzy/opt/gz_common_vendor:/opt/ros/jazzy/opt/gz_math_vendor:/opt/ros/jazzy/opt/gz_utils_vendor:/opt/ros/jazzy/opt/gz_tools_vendor:/opt/ros/jazzy/opt/gz_ogre_next_vendor:/opt/ros/jazzy/opt/gz_dartsim_vendor:/opt/ros/jazzy/opt/gz_cmake_vendor:/home/webotpi/ros2_ws/install/voice_interaction:/home/webotpi/ros2_ws/install/robot_integration:/home/webotpi/ros2_ws/install/py_pkg:/home/webotpi/ros2_ws/install/my_launch_pkg:/opt/ros/jazzy'}), 'shell': False}
[0.143122] (pi5_robot_description) StdoutLine: {'line': b'-- Install configuration: ""\n'}
[0.143643] (pi5_robot_description) StdoutLine: {'line': b'-- Execute custom install script\n'}
[0.144246] (pi5_robot_description) StdoutLine: {'line': b'-- Up-to-date symlink: /home/webotpi/ros2_ws/install/pi5_robot_description/share/pi5_robot_description/urdf/arm_car.urdf\n'}
[0.144379] (pi5_robot_description) StdoutLine: {'line': b'-- Up-to-date symlink: /home/webotpi/ros2_ws/install/pi5_robot_description/share/pi5_robot_description/urdf/arm_car.urdf.bak\n'}
[0.144502] (pi5_robot_description) StdoutLine: {'line': b'-- Up-to-date symlink: /home/webotpi/ros2_ws/install/pi5_robot_description/share/pi5_robot_description/urdf/arm_car.urdf.bak2\n'}
[0.144630] (pi5_robot_description) StdoutLine: {'line': b'-- Up-to-date symlink: /home/webotpi/ros2_ws/install/pi5_robot_description/share/pi5_robot_description/urdf/arm_car.urdf.bak_20260817_110004\n'}
[0.144828] (pi5_robot_description) StdoutLine: {'line': b'-- Up-to-date symlink: /home/webotpi/ros2_ws/install/pi5_robot_description/share/pi5_robot_description/urdf/arm_car.urdf.bak_mirror\n'}
[0.145048] (pi5_robot_description) StdoutLine: {'line': b'-- Up-to-date symlink: /home/webotpi/ros2_ws/install/pi5_robot_description/share/pi5_robot_description/urdf/pi5_arm_car.urdf.xacro\n'}
[0.145213] (pi5_robot_description) StdoutLine: {'line': b'-- Up-to-date symlink: /home/webotpi/ros2_ws/install/pi5_robot_description/share/pi5_robot_description/urdf/pi5_arm_robot.urdf.xacro\n'}
[0.145368] (pi5_robot_description) StdoutLine: {'line': b'-- Up-to-date symlink: /home/webotpi/ros2_ws/install/pi5_robot_description/share/pi5_robot_description/urdf/pi5_arm_robot.urdf.xacro.bak\n'}
[0.145862] (pi5_robot_description) StdoutLine: {'line': b'-- Up-to-date symlink: /home/webotpi/ros2_ws/install/pi5_robot_description/share/pi5_robot_description/launch/__pycache__/multi_waypoint_navigation.launch.cpython-312.pyc\n'}
[0.146077] (pi5_robot_description) StdoutLine: {'line': b'-- Up-to-date symlink: /home/webotpi/ros2_ws/install/pi5_robot_description/share/pi5_robot_description/launch/__pycache__/nav2_navigation.launch.cpython-312.pyc\n'}
[0.146225] (pi5_robot_description) StdoutLine: {'line': b'-- Up-to-date symlink: /home/webotpi/ros2_ws/install/pi5_robot_description/share/pi5_robot_description/launch/__pycache__/nav2_navigation_with_depth.launch.cpython-312.pyc\n'}
[0.146370] (pi5_robot_description) StdoutLine: {'line': b'-- Up-to-date symlink: /home/webotpi/ros2_ws/install/pi5_robot_description/share/pi5_robot_description/launch/__pycache__/rtabmap_3d_mapping.launch.cpython-312.pyc\n'}
[0.146620] (pi5_robot_description) StdoutLine: {'line': b'-- Up-to-date symlink: /home/webotpi/ros2_ws/install/pi5_robot_description/share/pi5_robot_description/launch/__pycache__/slam_mapping.launch.cpython-312.pyc\n'}
[0.146874] (pi5_robot_description) StdoutLine: {'line': b'-- Up-to-date symlink: /home/webotpi/ros2_ws/install/pi5_robot_description/share/pi5_robot_description/launch/__pycache__/voice_navigation.launch.cpython-312.pyc\n'}
[0.146984] (pi5_robot_description) StdoutLine: {'line': b'-- Up-to-date symlink: /home/webotpi/ros2_ws/install/pi5_robot_description/share/pi5_robot_description/launch/multi_waypoint_navigation.launch.py\n'}
[0.147146] (pi5_robot_description) StdoutLine: {'line': b'-- Up-to-date symlink: /home/webotpi/ros2_ws/install/pi5_robot_description/share/pi5_robot_description/launch/nav2_navigation.launch.py\n'}
[0.147247] (pi5_robot_description) StdoutLine: {'line': b'-- Up-to-date symlink: /home/webotpi/ros2_ws/install/pi5_robot_description/share/pi5_robot_description/launch/nav2_navigation_with_depth.launch.py\n'}
[0.147418] (pi5_robot_description) StdoutLine: {'line': b'-- Up-to-date symlink: /home/webotpi/ros2_ws/install/pi5_robot_description/share/pi5_robot_description/launch/nav_pick_place.launch.py\n'}
[0.147505] (pi5_robot_description) StdoutLine: {'line': b'-- Up-to-date symlink: /home/webotpi/ros2_ws/install/pi5_robot_description/share/pi5_robot_description/launch/rtabmap_3d_mapping.launch.py\n'}
[0.147745] (pi5_robot_description) StdoutLine: {'line': b'-- Up-to-date symlink: /home/webotpi/ros2_ws/install/pi5_robot_description/share/pi5_robot_description/launch/rtabmap_3d_mapping.launch.py.bak\n'}
[0.147866] (pi5_robot_description) StdoutLine: {'line': b'-- Up-to-date symlink: /home/webotpi/ros2_ws/install/pi5_robot_description/share/pi5_robot_description/launch/rtabmap_3d_mapping.launch.py.bak2\n'}
[0.148032] (pi5_robot_description) StdoutLine: {'line': b'-- Up-to-date symlink: /home/webotpi/ros2_ws/install/pi5_robot_description/share/pi5_robot_description/launch/rtabmap_3d_mapping.launch.py.bak_20260817_110004\n'}
[0.148123] (pi5_robot_description) StdoutLine: {'line': b'-- Up-to-date symlink: /home/webotpi/ros2_ws/install/pi5_robot_description/share/pi5_robot_description/launch/slam_mapping.launch.py\n'}
[0.148306] (pi5_robot_description) StdoutLine: {'line': b'-- Up-to-date symlink: /home/webotpi/ros2_ws/install/pi5_robot_description/share/pi5_robot_description/launch/view_robot.launch.py\n'}
[0.148400] (pi5_robot_description) StdoutLine: {'line': b'-- Up-to-date symlink: /home/webotpi/ros2_ws/install/pi5_robot_description/share/pi5_robot_description/launch/voice_navigation.launch.py\n'}
[0.149320] (pi5_robot_description) StdoutLine: {'line': b'-- Up-to-date symlink: /home/webotpi/ros2_ws/install/pi5_robot_description/share/pi5_robot_description/config/arm_horizontal.yaml\n'}
[0.149530] (pi5_robot_description) StdoutLine: {'line': b'-- Up-to-date symlink: /home/webotpi/ros2_ws/install/pi5_robot_description/share/pi5_robot_description/config/camera_intrinsics.yaml\n'}
[0.149714] (pi5_robot_description) StdoutLine: {'line': b'-- Up-to-date symlink: /home/webotpi/ros2_ws/install/pi5_robot_description/share/pi5_robot_description/config/collision_monitor_params.yaml\n'}
[0.149974] (pi5_robot_description) StdoutLine: {'line': b'-- Up-to-date symlink: /home/webotpi/ros2_ws/install/pi5_robot_description/share/pi5_robot_description/config/collision_monitor_params_backup.yaml\n'}
[0.150172] (pi5_robot_description) StdoutLine: {'line': b'-- Up-to-date symlink: /home/webotpi/ros2_ws/install/pi5_robot_description/share/pi5_robot_description/config/hand_eye_calib.yaml\n'}
[0.150266] (pi5_robot_description) StdoutLine: {'line': b'-- Up-to-date symlink: /home/webotpi/ros2_ws/install/pi5_robot_description/share/pi5_robot_description/config/named_waypoints.yaml\n'}
[0.150421] (pi5_robot_description) StdoutLine: {'line': b'-- Up-to-date symlink: /home/webotpi/ros2_ws/install/pi5_robot_description/share/pi5_robot_description/config/nav2.rviz\n'}
[0.150515] (pi5_robot_description) StdoutLine: {'line': b'-- Up-to-date symlink: /home/webotpi/ros2_ws/install/pi5_robot_description/share/pi5_robot_description/config/nav2_params.yaml\n'}
[0.150706] (pi5_robot_description) StdoutLine: {'line': b'-- Up-to-date symlink: /home/webotpi/ros2_ws/install/pi5_robot_description/share/pi5_robot_description/config/nav2_params.yaml.bak\n'}
[0.150846] (pi5_robot_description) StdoutLine: {'line': b'-- Up-to-date symlink: /home/webotpi/ros2_ws/install/pi5_robot_description/share/pi5_robot_description/config/nav2_params.yaml.bak2\n'}
[0.151123] (pi5_robot_description) StdoutLine: {'line': b'-- Up-to-date symlink: /home/webotpi/ros2_ws/install/pi5_robot_description/share/pi5_robot_description/config/nav2_params_rpp_backup.yaml\n'}
[0.151299] (pi5_robot_description) StdoutLine: {'line': b'-- Up-to-date symlink: /home/webotpi/ros2_ws/install/pi5_robot_description/share/pi5_robot_description/config/red.txt\n'}
[0.151560] (pi5_robot_description) StdoutLine: {'line': b'-- Up-to-date symlink: /home/webotpi/ros2_ws/install/pi5_robot_description/share/pi5_robot_description/config/rtabmap.rviz\n'}
[0.151685] (pi5_robot_description) StdoutLine: {'line': b'-- Up-to-date symlink: /home/webotpi/ros2_ws/install/pi5_robot_description/share/pi5_robot_description/config/slam_toolbox_mapping.yaml\n'}
[0.151799] (pi5_robot_description) StdoutLine: {'line': b'-- Up-to-date symlink: /home/webotpi/ros2_ws/install/pi5_robot_description/share/pi5_robot_description/config/view_robot.rviz\n'}
[0.152036] (pi5_robot_description) StdoutLine: {'line': b'-- Up-to-date symlink: /home/webotpi/ros2_ws/install/pi5_robot_description/share/pi5_robot_description/config/waypoint_nav.rviz\n'}
[0.152551] (pi5_robot_description) StdoutLine: {'line': b'-- Up-to-date symlink: /home/webotpi/ros2_ws/install/pi5_robot_description/share/pi5_robot_description/meshes/Link1.STL\n'}
[0.152750] (pi5_robot_description) StdoutLine: {'line': b'-- Up-to-date symlink: /home/webotpi/ros2_ws/install/pi5_robot_description/share/pi5_robot_description/meshes/Link2.STL\n'}
[0.152917] (pi5_robot_description) StdoutLine: {'line': b'-- Up-to-date symlink: /home/webotpi/ros2_ws/install/pi5_robot_description/share/pi5_robot_description/meshes/Link3.STL\n'}
[0.153100] (pi5_robot_description) StdoutLine: {'line': b'-- Up-to-date symlink: /home/webotpi/ros2_ws/install/pi5_robot_description/share/pi5_robot_description/meshes/Link4.STL\n'}
[0.153259] (pi5_robot_description) StdoutLine: {'line': b'-- Up-to-date symlink: /home/webotpi/ros2_ws/install/pi5_robot_description/share/pi5_robot_description/meshes/Link5.STL\n'}
[0.153403] (pi5_robot_description) StdoutLine: {'line': b'-- Up-to-date symlink: /home/webotpi/ros2_ws/install/pi5_robot_description/share/pi5_robot_description/meshes/Link6.STL\n'}
[0.153555] (pi5_robot_description) StdoutLine: {'line': b'-- Up-to-date symlink: /home/webotpi/ros2_ws/install/pi5_robot_description/share/pi5_robot_description/meshes/Link7.STL\n'}
[0.153726] (pi5_robot_description) StdoutLine: {'line': b'-- Up-to-date symlink: /home/webotpi/ros2_ws/install/pi5_robot_description/share/pi5_robot_description/meshes/arm_Link1.STL\n'}
[0.153900] (pi5_robot_description) StdoutLine: {'line': b'-- Up-to-date symlink: /home/webotpi/ros2_ws/install/pi5_robot_description/share/pi5_robot_description/meshes/arm_Link10_l.STL\n'}
[0.154083] (pi5_robot_description) StdoutLine: {'line': b'-- Up-to-date symlink: /home/webotpi/ros2_ws/install/pi5_robot_description/share/pi5_robot_description/meshes/arm_Link11_l.STL\n'}
[0.154284] (pi5_robot_description) StdoutLine: {'line': b'-- Up-to-date symlink: /home/webotpi/ros2_ws/install/pi5_robot_description/share/pi5_robot_description/meshes/arm_Link2.STL\n'}
[0.154462] (pi5_robot_description) StdoutLine: {'line': b'-- Up-to-date symlink: /home/webotpi/ros2_ws/install/pi5_robot_description/share/pi5_robot_description/meshes/arm_Link3.STL\n'}
[0.154557] (pi5_robot_description) StdoutLine: {'line': b'-- Up-to-date symlink: /home/webotpi/ros2_ws/install/pi5_robot_description/share/pi5_robot_description/meshes/arm_Link4.STL\n'}
[0.154743] (pi5_robot_description) StdoutLine: {'line': b'-- Up-to-date symlink: /home/webotpi/ros2_ws/install/pi5_robot_description/share/pi5_robot_description/meshes/arm_Link5.STL\n'}
[0.154864] (pi5_robot_description) StdoutLine: {'line': b'-- Up-to-date symlink: /home/webotpi/ros2_ws/install/pi5_robot_description/share/pi5_robot_description/meshes/arm_Link6_r.STL\n'}
[0.155053] (pi5_robot_description) StdoutLine: {'line': b'-- Up-to-date symlink: /home/webotpi/ros2_ws/install/pi5_robot_description/share/pi5_robot_description/meshes/arm_Link7_r.STL\n'}
[0.155226] (pi5_robot_description) StdoutLine: {'line': b'-- Up-to-date symlink: /home/webotpi/ros2_ws/install/pi5_robot_description/share/pi5_robot_description/meshes/arm_Link8_r.STL\n'}
[0.155320] (pi5_robot_description) StdoutLine: {'line': b'-- Up-to-date symlink: /home/webotpi/ros2_ws/install/pi5_robot_description/share/pi5_robot_description/meshes/arm_Link9_l.STL\n'}
[0.155470] (pi5_robot_description) StdoutLine: {'line': b'-- Up-to-date symlink: /home/webotpi/ros2_ws/install/pi5_robot_description/share/pi5_robot_description/meshes/arm_base_link.STL\n'}
[0.155610] (pi5_robot_description) StdoutLine: {'line': b'-- Up-to-date symlink: /home/webotpi/ros2_ws/install/pi5_robot_description/share/pi5_robot_description/meshes/base_link.STL\n'}
[0.155853] (pi5_robot_description) StdoutLine: {'line': b'-- Up-to-date symlink: /home/webotpi/ros2_ws/install/pi5_robot_description/share/pi5_robot_description/meshes/lbw.STL\n'}
[0.155950] (pi5_robot_description) StdoutLine: {'line': b'-- Up-to-date symlink: /home/webotpi/ros2_ws/install/pi5_robot_description/share/pi5_robot_description/meshes/lfw.STL\n'}
[0.156117] (pi5_robot_description) StdoutLine: {'line': b'-- Up-to-date symlink: /home/webotpi/ros2_ws/install/pi5_robot_description/share/pi5_robot_description/meshes/link1.STL\n'}
[0.156209] (pi5_robot_description) StdoutLine: {'line': b'-- Up-to-date symlink: /home/webotpi/ros2_ws/install/pi5_robot_description/share/pi5_robot_description/meshes/link10_l.STL\n'}
[0.157143] (pi5_robot_description) StdoutLine: {'line': b'-- Up-to-date symlink: /home/webotpi/ros2_ws/install/pi5_robot_description/share/pi5_robot_description/meshes/link11_l.STL\n'}
[0.157941] (pi5_robot_description) StdoutLine: {'line': b'-- Up-to-date symlink: /home/webotpi/ros2_ws/install/pi5_robot_description/share/pi5_robot_description/meshes/link2.STL\n'}
[0.158820] (pi5_robot_description) StdoutLine: {'line': b'-- Up-to-date symlink: /home/webotpi/ros2_ws/install/pi5_robot_description/share/pi5_robot_description/meshes/link3.STL\n'}
[0.160122] (pi5_robot_description) StdoutLine: {'line': b'-- Up-to-date symlink: /home/webotpi/ros2_ws/install/pi5_robot_description/share/pi5_robot_description/meshes/link4.STL\n'}
[0.161447] (pi5_robot_description) StdoutLine: {'line': b'-- Up-to-date symlink: /home/webotpi/ros2_ws/install/pi5_robot_description/share/pi5_robot_description/meshes/link5.STL\n'}
[0.161634] (pi5_robot_description) StdoutLine: {'line': b'-- Up-to-date symlink: /home/webotpi/ros2_ws/install/pi5_robot_description/share/pi5_robot_description/meshes/link6_r.STL\n'}
[0.162985] (pi5_robot_description) StdoutLine: {'line': b'-- Up-to-date symlink: /home/webotpi/ros2_ws/install/pi5_robot_description/share/pi5_robot_description/meshes/link7_r.STL\n'}
[0.163158] (pi5_robot_description) StdoutLine: {'line': b'-- Up-to-date symlink: /home/webotpi/ros2_ws/install/pi5_robot_description/share/pi5_robot_description/meshes/link8_r.STL\n'}
[0.163289] (pi5_robot_description) StdoutLine: {'line': b'-- Up-to-date symlink: /home/webotpi/ros2_ws/install/pi5_robot_description/share/pi5_robot_description/meshes/link9_l.STL\n'}
[0.163371] (pi5_robot_description) StdoutLine: {'line': b'-- Up-to-date symlink: /home/webotpi/ros2_ws/install/pi5_robot_description/share/pi5_robot_description/meshes/rbw.STL\n'}
[0.163450] (pi5_robot_description) StdoutLine: {'line': b'-- Up-to-date symlink: /home/webotpi/ros2_ws/install/pi5_robot_description/share/pi5_robot_description/meshes/rfw.STL\n'}
[0.163528] (pi5_robot_description) StdoutLine: {'line': b'-- Up-to-date symlink: /home/webotpi/ros2_ws/install/pi5_robot_description/lib/pi5_robot_description/odom_only_node.py\n'}
[0.163606] (pi5_robot_description) StdoutLine: {'line': b'-- Up-to-date symlink: /home/webotpi/ros2_ws/install/pi5_robot_description/lib/pi5_robot_description/cmd_vel_bridge_node.py\n'}
[0.163768] (pi5_robot_description) StdoutLine: {'line': b'-- Up-to-date symlink: /home/webotpi/ros2_ws/install/pi5_robot_description/lib/pi5_robot_description/goal_pose_bridge.py\n'}
[0.163902] (pi5_robot_description) StdoutLine: {'line': b'-- Up-to-date symlink: /home/webotpi/ros2_ws/install/pi5_robot_description/lib/pi5_robot_description/waypoint_navigator.py\n'}
[0.164022] (pi5_robot_description) StdoutLine: {'line': b'-- Up-to-date symlink: /home/webotpi/ros2_ws/install/pi5_robot_description/lib/pi5_robot_description/nav_executor_node.py\n'}
[0.164099] (pi5_robot_description) StdoutLine: {'line': b'-- Up-to-date symlink: /home/webotpi/ros2_ws/install/pi5_robot_description/lib/pi5_robot_description/yolo_zone_detect_node.py\n'}
[0.164179] (pi5_robot_description) StdoutLine: {'line': b'-- Up-to-date symlink: /home/webotpi/ros2_ws/install/pi5_robot_description/lib/pi5_robot_description/arm_fixed_pose_node.py\n'}
[0.164256] (pi5_robot_description) StdoutLine: {'line': b'-- Up-to-date symlink: /home/webotpi/ros2_ws/install/pi5_robot_description/lib/pi5_robot_description/depth_convert_node.py\n'}
[0.164333] (pi5_robot_description) StdoutLine: {'line': b'-- Up-to-date symlink: /home/webotpi/ros2_ws/install/pi5_robot_description/lib/pi5_robot_description/arm_kinematics.py\n'}
[0.164411] (pi5_robot_description) StdoutLine: {'line': b'-- Up-to-date symlink: /home/webotpi/ros2_ws/install/pi5_robot_description/lib/pi5_robot_description/arm_serial.py\n'}
[0.164488] (pi5_robot_description) StdoutLine: {'line': b'-- Up-to-date symlink: /home/webotpi/ros2_ws/install/pi5_robot_description/lib/pi5_robot_description/depth_utils.py\n'}
[0.164632] (pi5_robot_description) StdoutLine: {'line': b'-- Up-to-date symlink: /home/webotpi/ros2_ws/install/pi5_robot_description/lib/pi5_robot_description/color_detector.py\n'}
[0.164730] (pi5_robot_description) StdoutLine: {'line': b'-- Up-to-date symlink: /home/webotpi/ros2_ws/install/pi5_robot_description/lib/pi5_robot_description/nav_pick_place_node.py\n'}
[0.164812] (pi5_robot_description) StdoutLine: {'line': b'-- Up-to-date symlink: /home/webotpi/ros2_ws/install/pi5_robot_description/lib/pi5_robot_description/waypoint_recorder_node.py\n'}
[0.164897] (pi5_robot_description) StdoutLine: {'line': b'-- Up-to-date symlink: /home/webotpi/ros2_ws/install/pi5_robot_description/lib/pi5_robot_description/save_map.sh\n'}
[0.164980] (pi5_robot_description) StdoutLine: {'line': b'-- Up-to-date symlink: /home/webotpi/ros2_ws/install/pi5_robot_description/lib/pi5_robot_description/verify_urdf.sh\n'}
[0.165123] (pi5_robot_description) StdoutLine: {'line': b'-- Up-to-date symlink: /home/webotpi/ros2_ws/install/pi5_robot_description/lib/pi5_robot_description/waypoint_control.sh\n'}
[0.165224] (pi5_robot_description) StdoutLine: {'line': b'-- Up-to-date symlink: /home/webotpi/ros2_ws/install/pi5_robot_description/share/ament_index/resource_index/package_run_dependencies/pi5_robot_description\n'}
[0.165340] (pi5_robot_description) StdoutLine: {'line': b'-- Up-to-date symlink: /home/webotpi/ros2_ws/install/pi5_robot_description/share/ament_index/resource_index/parent_prefix_path/pi5_robot_description\n'}
[0.165497] (pi5_robot_description) StdoutLine: {'line': b'-- Up-to-date symlink: /home/webotpi/ros2_ws/install/pi5_robot_description/share/pi5_robot_description/environment/ament_prefix_path.sh\n'}
[0.165614] (pi5_robot_description) StdoutLine: {'line': b'-- Up-to-date symlink: /home/webotpi/ros2_ws/install/pi5_robot_description/share/pi5_robot_description/environment/ament_prefix_path.dsv\n'}
[0.165828] (pi5_robot_description) StdoutLine: {'line': b'-- Up-to-date symlink: /home/webotpi/ros2_ws/install/pi5_robot_description/share/pi5_robot_description/environment/path.sh\n'}
[0.166022] (pi5_robot_description) StdoutLine: {'line': b'-- Up-to-date symlink: /home/webotpi/ros2_ws/install/pi5_robot_description/share/pi5_robot_description/environment/path.dsv\n'}
[0.166212] (pi5_robot_description) StdoutLine: {'line': b'-- Up-to-date symlink: /home/webotpi/ros2_ws/install/pi5_robot_description/share/pi5_robot_description/local_setup.bash\n'}
[0.166410] (pi5_robot_description) StdoutLine: {'line': b'-- Up-to-date symlink: /home/webotpi/ros2_ws/install/pi5_robot_description/share/pi5_robot_description/local_setup.sh\n'}
[0.166573] (pi5_robot_description) StdoutLine: {'line': b'-- Up-to-date symlink: /home/webotpi/ros2_ws/install/pi5_robot_description/share/pi5_robot_description/local_setup.zsh\n'}
[0.166765] (pi5_robot_description) StdoutLine: {'line': b'-- Up-to-date symlink: /home/webotpi/ros2_ws/install/pi5_robot_description/share/pi5_robot_description/local_setup.dsv\n'}
[0.166917] (pi5_robot_description) StdoutLine: {'line': b'-- Symlinking: /home/webotpi/ros2_ws/install/pi5_robot_description/share/pi5_robot_description/package.dsv\n'}
[0.187417] (pi5_robot_description) StdoutLine: {'line': b'-- Up-to-date symlink: /home/webotpi/ros2_ws/install/pi5_robot_description/share/ament_index/resource_index/packages/pi5_robot_description\n'}
[0.187988] (pi5_robot_description) StdoutLine: {'line': b'-- Up-to-date symlink: /home/webotpi/ros2_ws/install/pi5_robot_description/share/pi5_robot_description/cmake/pi5_robot_descriptionConfig.cmake\n'}
[0.188143] (pi5_robot_description) StdoutLine: {'line': b'-- Up-to-date symlink: /home/webotpi/ros2_ws/install/pi5_robot_description/share/pi5_robot_description/cmake/pi5_robot_descriptionConfig-version.cmake\n'}
[0.188301] (pi5_robot_description) StdoutLine: {'line': b'-- Up-to-date symlink: /home/webotpi/ros2_ws/install/pi5_robot_description/share/pi5_robot_description/package.xml\n'}
[0.191179] (pi5_robot_description) CommandEnded: {'returncode': 0}
[0.199693] (-) TimerEvent: {}
[0.253636] (pi5_robot_description) JobEnded: {'identifier': 'pi5_robot_description', 'rc': 0}
[0.254584] (-) EventReactorShutdown: {}
