[0.000000] (-) TimerEvent: {}
[0.000228] (-) JobUnselected: {'identifier': 'deptrum-ros-driver-aurora930'}
[0.000894] (-) JobUnselected: {'identifier': 'my_launch_pkg'}
[0.000924] (-) JobUnselected: {'identifier': 'my_srv'}
[0.000942] (-) JobUnselected: {'identifier': 'py_pkg'}
[0.000958] (-) JobUnselected: {'identifier': 'rplidar_ros'}
[0.000975] (-) JobUnselected: {'identifier': 'voice_interaction'}
[0.001048] (robot_integration) JobQueued: {'identifier': 'robot_integration', 'dependencies': OrderedDict()}
[0.001072] (robot_integration) JobStarted: {'identifier': 'robot_integration'}
[0.099541] (-) TimerEvent: {}
[0.199745] (-) TimerEvent: {}
[0.299944] (-) TimerEvent: {}
[0.400354] (-) TimerEvent: {}
[0.500801] (-) TimerEvent: {}
[0.601041] (-) TimerEvent: {}
[0.701281] (-) TimerEvent: {}
[0.801541] (-) TimerEvent: {}
[0.901782] (-) TimerEvent: {}
[1.002024] (-) TimerEvent: {}
[1.102247] (-) TimerEvent: {}
[1.202494] (-) TimerEvent: {}
[1.302752] (-) TimerEvent: {}
[1.403590] (-) TimerEvent: {}
[1.408799] (robot_integration) Command: {'cmd': ['/usr/bin/python3', '-W', 'ignore:setup.py install is deprecated', '-W', 'ignore:easy_install command is deprecated', 'setup.py', 'egg_info', '--egg-base', '../../build/robot_integration', 'build', '--build-base', '/home/webotpi/ros2_ws/build/robot_integration/build', 'install', '--record', '/home/webotpi/ros2_ws/build/robot_integration/install.log', '--single-version-externally-managed', 'install_data'], 'cwd': '/home/webotpi/ros2_ws/src/robot_integration', 'env': {'LANGUAGE': 'zh_CN:en', 'USER': 'webotpi', 'SSH_CLIENT': '192.168.0.111 48492 22', 'LC_TIME': 'zh_CN.UTF-8', 'XDG_SESSION_TYPE': 'tty', 'SHLVL': '1', 'LD_LIBRARY_PATH': '/opt/ros/jazzy/opt/rviz_ogre_vendor/lib:/opt/ros/jazzy/lib/aarch64-linux-gnu:/opt/ros/jazzy/opt/gz_math_vendor/lib:/opt/ros/jazzy/opt/gz_utils_vendor/lib:/opt/ros/jazzy/opt/gz_cmake_vendor/lib:/opt/ros/jazzy/lib', 'HOME': '/home/webotpi', 'OLDPWD': '/home/webotpi', 'ROS_PYTHON_VERSION': '3', 'LC_MONETARY': 'zh_CN.UTF-8', 'DBUS_SESSION_BUS_ADDRESS': 'unix:path=/run/user/1000/bus', 'ROS_DISTRO': 'jazzy', 'LOGNAME': 'webotpi', '_': '/usr/bin/colcon', 'ROS_VERSION': '2', 'XDG_SESSION_CLASS': 'user', 'XDG_SESSION_ID': '23', 'PATH': '/opt/ros/jazzy/bin:/usr/local/sbin:/usr/local/bin:/usr/sbin:/usr/bin:/sbin:/bin:/usr/games:/usr/local/games:/snap/bin', 'PAPERSIZE': 'a4', 'LC_ADDRESS': 'zh_CN.UTF-8', 'XDG_RUNTIME_DIR': '/run/user/1000', 'LANG': 'zh_CN.UTF-8', 'LC_TELEPHONE': 'zh_CN.UTF-8', 'AMENT_PREFIX_PATH': '/opt/ros/jazzy', 'SHELL': '/bin/bash', 'LC_NAME': 'zh_CN.UTF-8', 'LC_MEASUREMENT': 'zh_CN.UTF-8', 'LC_IDENTIFICATION': 'zh_CN.UTF-8', 'ROS_AUTOMATIC_DISCOVERY_RANGE': 'SUBNET', 'PWD': '/home/webotpi/ros2_ws/build/robot_integration', 'SSH_CONNECTION': '192.168.0.111 48492 192.168.0.119 22', 'PYTHONPATH': '/home/webotpi/ros2_ws/build/robot_integration/prefix_override:/usr/lib/python3/dist-packages/colcon_core/task/python/colcon_distutils_commands:/home/webotpi/ros2_ws/install/robot_integration/lib/python3.12/site-packages:/opt/ros/jazzy/lib/python3.12/site-packages', 'LC_NUMERIC': 'zh_CN.UTF-8', 'LC_PAPER': 'zh_CN.UTF-8', 'COLCON': '1', 'CMAKE_PREFIX_PATH': '/opt/ros/jazzy/opt/gz_math_vendor:/opt/ros/jazzy/opt/gz_utils_vendor:/opt/ros/jazzy/opt/gz_cmake_vendor'}, 'shell': False}
[1.503678] (-) TimerEvent: {}
[1.603901] (-) TimerEvent: {}
[1.704105] (-) TimerEvent: {}
[1.804311] (-) TimerEvent: {}
[1.827843] (robot_integration) StdoutLine: {'line': b'running egg_info\n'}
[1.854609] (robot_integration) StdoutLine: {'line': b'writing ../../build/robot_integration/robot_integration.egg-info/PKG-INFO\n'}
[1.855032] (robot_integration) StdoutLine: {'line': b'writing dependency_links to ../../build/robot_integration/robot_integration.egg-info/dependency_links.txt\n'}
[1.857809] (robot_integration) StdoutLine: {'line': b'writing entry points to ../../build/robot_integration/robot_integration.egg-info/entry_points.txt\n'}
[1.858456] (robot_integration) StdoutLine: {'line': b'writing requirements to ../../build/robot_integration/robot_integration.egg-info/requires.txt\n'}
[1.859097] (robot_integration) StdoutLine: {'line': b'writing top-level names to ../../build/robot_integration/robot_integration.egg-info/top_level.txt\n'}
[1.904528] (-) TimerEvent: {}
[1.926512] (robot_integration) StdoutLine: {'line': b"reading manifest file '../../build/robot_integration/robot_integration.egg-info/SOURCES.txt'\n"}
[1.927645] (robot_integration) StdoutLine: {'line': b"writing manifest file '../../build/robot_integration/robot_integration.egg-info/SOURCES.txt'\n"}
[1.927879] (robot_integration) StdoutLine: {'line': b'running build\n'}
[1.928042] (robot_integration) StdoutLine: {'line': b'running build_py\n'}
[1.928347] (robot_integration) StdoutLine: {'line': b'copying robot_integration/edge_detect_node.py -> /home/webotpi/ros2_ws/build/robot_integration/build/lib/robot_integration\n'}
[1.928906] (robot_integration) StdoutLine: {'line': b'running install\n'}
[1.938104] (robot_integration) StdoutLine: {'line': b'running install_lib\n'}
[1.966238] (robot_integration) StdoutLine: {'line': b'copying /home/webotpi/ros2_ws/build/robot_integration/build/lib/robot_integration/edge_detect_node.py -> /home/webotpi/ros2_ws/install/robot_integration/lib/python3.12/site-packages/robot_integration\n'}
[1.967260] (robot_integration) StdoutLine: {'line': b'byte-compiling /home/webotpi/ros2_ws/install/robot_integration/lib/python3.12/site-packages/robot_integration/edge_detect_node.py to edge_detect_node.cpython-312.pyc\n'}
[1.972172] (robot_integration) StdoutLine: {'line': b'running install_data\n'}
[1.972451] (robot_integration) StdoutLine: {'line': b'copying config/edge_detect_params.yaml -> /home/webotpi/ros2_ws/install/robot_integration/share/robot_integration/config\n'}
[1.972761] (robot_integration) StdoutLine: {'line': b'running install_egg_info\n'}
[2.004615] (-) TimerEvent: {}
[2.012648] (robot_integration) StdoutLine: {'line': b"removing '/home/webotpi/ros2_ws/install/robot_integration/lib/python3.12/site-packages/robot_integration-1.0.0-py3.12.egg-info' (and everything under it)\n"}
[2.013047] (robot_integration) StdoutLine: {'line': b'Copying ../../build/robot_integration/robot_integration.egg-info to /home/webotpi/ros2_ws/install/robot_integration/lib/python3.12/site-packages/robot_integration-1.0.0-py3.12.egg-info\n'}
[2.014283] (robot_integration) StdoutLine: {'line': b'running install_scripts\n'}
[2.104723] (-) TimerEvent: {}
[2.204940] (-) TimerEvent: {}
[2.229796] (robot_integration) StdoutLine: {'line': b'Installing arm_controller_node script to /home/webotpi/ros2_ws/install/robot_integration/lib/robot_integration\n'}
[2.230511] (robot_integration) StdoutLine: {'line': b'Installing car_controller_node script to /home/webotpi/ros2_ws/install/robot_integration/lib/robot_integration\n'}
[2.233170] (robot_integration) StdoutLine: {'line': b'Installing coordinator_node script to /home/webotpi/ros2_ws/install/robot_integration/lib/robot_integration\n'}
[2.234392] (robot_integration) StdoutLine: {'line': b'Installing edge_detect_node script to /home/webotpi/ros2_ws/install/robot_integration/lib/robot_integration\n'}
[2.234696] (robot_integration) StdoutLine: {'line': b'Installing stm32_bridge_node script to /home/webotpi/ros2_ws/install/robot_integration/lib/robot_integration\n'}
[2.238477] (robot_integration) StdoutLine: {'line': b"writing list of installed files to '/home/webotpi/ros2_ws/build/robot_integration/install.log'\n"}
[2.305057] (-) TimerEvent: {}
[2.365613] (robot_integration) CommandEnded: {'returncode': 0}
[2.389241] (robot_integration) JobEnded: {'identifier': 'robot_integration', 'rc': 0}
[2.391580] (-) EventReactorShutdown: {}
