[0.000000] (-) TimerEvent: {}
[0.000095] (-) JobUnselected: {'identifier': 'deptrum-ros-driver-aurora930'}
[0.000131] (-) JobUnselected: {'identifier': 'my_launch_pkg'}
[0.000151] (-) JobUnselected: {'identifier': 'my_srv'}
[0.000169] (-) JobUnselected: {'identifier': 'py_pkg'}
[0.000185] (-) JobUnselected: {'identifier': 'rplidar_ros'}
[0.000201] (-) JobUnselected: {'identifier': 'voice_interaction'}
[0.000220] (robot_integration) JobQueued: {'identifier': 'robot_integration', 'dependencies': OrderedDict()}
[0.000991] (robot_integration) JobStarted: {'identifier': 'robot_integration'}
[0.099658] (-) TimerEvent: {}
[0.199859] (-) TimerEvent: {}
[0.300070] (-) TimerEvent: {}
[0.400505] (-) TimerEvent: {}
[0.500822] (-) TimerEvent: {}
[0.601132] (-) TimerEvent: {}
[0.701468] (-) TimerEvent: {}
[0.801706] (-) TimerEvent: {}
[0.901910] (-) TimerEvent: {}
[1.002117] (-) TimerEvent: {}
[1.102321] (-) TimerEvent: {}
[1.202540] (-) TimerEvent: {}
[1.302740] (-) TimerEvent: {}
[1.402960] (-) TimerEvent: {}
[1.503176] (-) TimerEvent: {}
[1.603507] (-) TimerEvent: {}
[1.703721] (-) TimerEvent: {}
[1.803915] (-) TimerEvent: {}
[1.904203] (-) TimerEvent: {}
[1.983575] (robot_integration) Command: {'cmd': ['/usr/bin/python3', '-W', 'ignore:setup.py install is deprecated', '-W', 'ignore:easy_install command is deprecated', 'setup.py', 'develop', '--editable', '--build-directory', '/home/webotpi/ros2_ws/build/robot_integration/build', '--no-deps', 'symlink_data', '--force'], 'cwd': '/home/webotpi/ros2_ws/build/robot_integration', 'env': {'LANGUAGE': 'zh_CN:en', 'USER': 'webotpi', 'SSH_CLIENT': '192.168.0.111 42078 22', 'LC_TIME': 'zh_CN.UTF-8', 'XDG_SESSION_TYPE': 'tty', 'SHLVL': '1', 'LD_LIBRARY_PATH': '/opt/ros/jazzy/opt/rviz_ogre_vendor/lib:/opt/ros/jazzy/lib/aarch64-linux-gnu:/opt/ros/jazzy/opt/gz_math_vendor/lib:/opt/ros/jazzy/opt/gz_utils_vendor/lib:/opt/ros/jazzy/opt/gz_cmake_vendor/lib:/opt/ros/jazzy/lib', 'HOME': '/home/webotpi', 'OLDPWD': '/home/webotpi', 'ROS_PYTHON_VERSION': '3', 'LC_MONETARY': 'zh_CN.UTF-8', 'DBUS_SESSION_BUS_ADDRESS': 'unix:path=/run/user/1000/bus', 'ROS_DISTRO': 'jazzy', 'LOGNAME': 'webotpi', '_': '/usr/bin/colcon', 'ROS_VERSION': '2', 'XDG_SESSION_CLASS': 'user', 'XDG_SESSION_ID': '55', 'PATH': '/opt/ros/jazzy/bin:/usr/local/sbin:/usr/local/bin:/usr/sbin:/usr/bin:/sbin:/bin:/usr/games:/usr/local/games:/snap/bin', 'PAPERSIZE': 'a4', 'LC_ADDRESS': 'zh_CN.UTF-8', 'XDG_RUNTIME_DIR': '/run/user/1000', 'LANG': 'zh_CN.UTF-8', 'LC_TELEPHONE': 'zh_CN.UTF-8', 'AMENT_PREFIX_PATH': '/opt/ros/jazzy', 'SHELL': '/bin/bash', 'LC_NAME': 'zh_CN.UTF-8', 'LC_MEASUREMENT': 'zh_CN.UTF-8', 'LC_IDENTIFICATION': 'zh_CN.UTF-8', 'ROS_AUTOMATIC_DISCOVERY_RANGE': 'SUBNET', 'PWD': '/home/webotpi/ros2_ws/build/robot_integration', 'SSH_CONNECTION': '192.168.0.111 42078 192.168.0.119 22', 'PYTHONPATH': '/home/webotpi/ros2_ws/build/robot_integration/prefix_override:/usr/lib/python3/dist-packages/colcon_core/task/python/colcon_distutils_commands:/home/webotpi/ros2_ws/install/robot_integration/lib/python3.12/site-packages:/opt/ros/jazzy/lib/python3.12/site-packages', 'LC_NUMERIC': 'zh_CN.UTF-8', 'LC_PAPER': 'zh_CN.UTF-8', 'COLCON': '1', 'CMAKE_PREFIX_PATH': '/opt/ros/jazzy/opt/gz_math_vendor:/opt/ros/jazzy/opt/gz_utils_vendor:/opt/ros/jazzy/opt/gz_cmake_vendor'}, 'shell': False}
[2.004262] (-) TimerEvent: {}
[2.104544] (-) TimerEvent: {}
[2.204830] (-) TimerEvent: {}
[2.305182] (-) TimerEvent: {}
[2.405424] (-) TimerEvent: {}
[2.503908] (robot_integration) StdoutLine: {'line': b'running develop\n'}
[2.505490] (-) TimerEvent: {}
[2.605622] (-) TimerEvent: {}
[2.705976] (-) TimerEvent: {}
[2.806244] (-) TimerEvent: {}
[2.817533] (robot_integration) StdoutLine: {'line': b'running egg_info\n'}
[2.845464] (robot_integration) StdoutLine: {'line': b'writing robot_integration.egg-info/PKG-INFO\n'}
[2.848424] (robot_integration) StdoutLine: {'line': b'writing dependency_links to robot_integration.egg-info/dependency_links.txt\n'}
[2.850406] (robot_integration) StdoutLine: {'line': b'writing entry points to robot_integration.egg-info/entry_points.txt\n'}
[2.850893] (robot_integration) StdoutLine: {'line': b'writing requirements to robot_integration.egg-info/requires.txt\n'}
[2.851597] (robot_integration) StdoutLine: {'line': b'writing top-level names to robot_integration.egg-info/top_level.txt\n'}
[2.906343] (-) TimerEvent: {}
[2.916326] (robot_integration) StdoutLine: {'line': b"reading manifest file 'robot_integration.egg-info/SOURCES.txt'\n"}
[2.920957] (robot_integration) StdoutLine: {'line': b"writing manifest file 'robot_integration.egg-info/SOURCES.txt'\n"}
[2.954860] (robot_integration) StdoutLine: {'line': b'running build_ext\n'}
[2.957939] (robot_integration) StdoutLine: {'line': b'Creating /home/webotpi/ros2_ws/install/robot_integration/lib/python3.12/site-packages/robot-integration.egg-link (link to .)\n'}
[2.958950] (robot_integration) StdoutLine: {'line': b'Installing arm_controller_node script to /home/webotpi/ros2_ws/install/robot_integration/lib/robot_integration\n'}
[2.959263] (robot_integration) StdoutLine: {'line': b'Installing car_controller_node script to /home/webotpi/ros2_ws/install/robot_integration/lib/robot_integration\n'}
[2.959506] (robot_integration) StdoutLine: {'line': b'Installing coordinator_node script to /home/webotpi/ros2_ws/install/robot_integration/lib/robot_integration\n'}
[2.959690] (robot_integration) StdoutLine: {'line': b'Installing edge_detect_node script to /home/webotpi/ros2_ws/install/robot_integration/lib/robot_integration\n'}
[2.959860] (robot_integration) StdoutLine: {'line': b'Installing stm32_bridge_node script to /home/webotpi/ros2_ws/install/robot_integration/lib/robot_integration\n'}
[2.960154] (robot_integration) StdoutLine: {'line': b'\n'}
[2.960233] (robot_integration) StdoutLine: {'line': b'Installed /home/webotpi/ros2_ws/build/robot_integration\n'}
[2.960353] (robot_integration) StdoutLine: {'line': b'running symlink_data\n'}
[2.960530] (robot_integration) StdoutLine: {'line': b'symbolically linking /home/webotpi/ros2_ws/build/robot_integration/resource/robot_integration -> /home/webotpi/ros2_ws/install/robot_integration/share/ament_index/resource_index/packages\n'}
[2.960706] (robot_integration) StdoutLine: {'line': b'symbolically linking /home/webotpi/ros2_ws/build/robot_integration/package.xml -> /home/webotpi/ros2_ws/install/robot_integration/share/robot_integration\n'}
[2.960837] (robot_integration) StdoutLine: {'line': b'symbolically linking /home/webotpi/ros2_ws/build/robot_integration/launch/edge_detect.launch.py -> /home/webotpi/ros2_ws/install/robot_integration/share/robot_integration/launch\n'}
[2.960976] (robot_integration) StdoutLine: {'line': b'symbolically linking /home/webotpi/ros2_ws/build/robot_integration/launch/full_system.launch.py -> /home/webotpi/ros2_ws/install/robot_integration/share/robot_integration/launch\n'}
[2.961101] (robot_integration) StdoutLine: {'line': b'symbolically linking /home/webotpi/ros2_ws/build/robot_integration/launch/car_only.launch.py -> /home/webotpi/ros2_ws/install/robot_integration/share/robot_integration/launch\n'}
[2.961244] (robot_integration) StdoutLine: {'line': b'symbolically linking /home/webotpi/ros2_ws/build/robot_integration/config/robot_params.yaml -> /home/webotpi/ros2_ws/install/robot_integration/share/robot_integration/config\n'}
[2.961380] (robot_integration) StdoutLine: {'line': b'symbolically linking /home/webotpi/ros2_ws/build/robot_integration/config/edge_detect_params.yaml -> /home/webotpi/ros2_ws/install/robot_integration/share/robot_integration/config\n'}
[3.006627] (-) TimerEvent: {}
[3.091086] (robot_integration) CommandEnded: {'returncode': 0}
[3.106697] (-) TimerEvent: {}
[3.173974] (robot_integration) JobEnded: {'identifier': 'robot_integration', 'rc': 0}
[3.174938] (-) EventReactorShutdown: {}
