[1.211s] Invoking command in '/home/webotpi/ros2_ws/src/voice_interaction': PYTHONPATH=/home/webotpi/ros2_ws/build/voice_interaction/prefix_override:/usr/lib/python3/dist-packages/colcon_core/task/python/colcon_distutils_commands:/home/webotpi/ros2_ws/install/voice_interaction/lib/python3.12/site-packages:${PYTHONPATH} /usr/bin/python3 -W ignore:setup.py install is deprecated -W ignore:easy_install command is deprecated setup.py egg_info --egg-base ../../build/voice_interaction build --build-base /home/webotpi/ros2_ws/build/voice_interaction/build install --record /home/webotpi/ros2_ws/build/voice_interaction/install.log --single-version-externally-managed install_data
[1.570s] running egg_info
[1.596s] writing ../../build/voice_interaction/voice_interaction.egg-info/PKG-INFO
[1.596s] writing dependency_links to ../../build/voice_interaction/voice_interaction.egg-info/dependency_links.txt
[1.599s] writing entry points to ../../build/voice_interaction/voice_interaction.egg-info/entry_points.txt
[1.599s] writing requirements to ../../build/voice_interaction/voice_interaction.egg-info/requires.txt
[1.600s] writing top-level names to ../../build/voice_interaction/voice_interaction.egg-info/top_level.txt
[1.657s] reading manifest file '../../build/voice_interaction/voice_interaction.egg-info/SOURCES.txt'
[1.658s] writing manifest file '../../build/voice_interaction/voice_interaction.egg-info/SOURCES.txt'
[1.658s] running build
[1.658s] running build_py
[1.658s] copying voice_interaction/voice_recognition_node.py -> /home/webotpi/ros2_ws/build/voice_interaction/build/lib/voice_interaction
[1.659s] running install
[1.668s] running install_lib
[1.694s] copying /home/webotpi/ros2_ws/build/voice_interaction/build/lib/voice_interaction/voice_recognition_node.py -> /home/webotpi/ros2_ws/install/voice_interaction/lib/python3.12/site-packages/voice_interaction
[1.695s] byte-compiling /home/webotpi/ros2_ws/install/voice_interaction/lib/python3.12/site-packages/voice_interaction/voice_recognition_node.py to voice_recognition_node.cpython-312.pyc
[1.698s] running install_data
[1.698s] running install_egg_info
[1.727s] removing '/home/webotpi/ros2_ws/install/voice_interaction/lib/python3.12/site-packages/voice_interaction-0.1.0-py3.12.egg-info' (and everything under it)
[1.727s] Copying ../../build/voice_interaction/voice_interaction.egg-info to /home/webotpi/ros2_ws/install/voice_interaction/lib/python3.12/site-packages/voice_interaction-0.1.0-py3.12.egg-info
[1.728s] running install_scripts
[1.909s] Installing arm_executor_node script to /home/webotpi/ros2_ws/install/voice_interaction/lib/voice_interaction
[1.909s] Installing intent_parser_node script to /home/webotpi/ros2_ws/install/voice_interaction/lib/voice_interaction
[1.912s] Installing voice_recognition_node script to /home/webotpi/ros2_ws/install/voice_interaction/lib/voice_interaction
[1.912s] Installing voice_synthesis_node script to /home/webotpi/ros2_ws/install/voice_interaction/lib/voice_interaction
[1.914s] writing list of installed files to '/home/webotpi/ros2_ws/build/voice_interaction/install.log'
[2.005s] Invoked command in '/home/webotpi/ros2_ws/src/voice_interaction' returned '0': PYTHONPATH=/home/webotpi/ros2_ws/build/voice_interaction/prefix_override:/usr/lib/python3/dist-packages/colcon_core/task/python/colcon_distutils_commands:/home/webotpi/ros2_ws/install/voice_interaction/lib/python3.12/site-packages:${PYTHONPATH} /usr/bin/python3 -W ignore:setup.py install is deprecated -W ignore:easy_install command is deprecated setup.py egg_info --egg-base ../../build/voice_interaction build --build-base /home/webotpi/ros2_ws/build/voice_interaction/build install --record /home/webotpi/ros2_ws/build/voice_interaction/install.log --single-version-externally-managed install_data
