[0.000000] (-) TimerEvent: {}
[0.000089] (-) JobUnselected: {'identifier': 'deptrum-ros-driver-aurora930'}
[0.000123] (-) JobUnselected: {'identifier': 'my_launch_pkg'}
[0.000143] (-) JobUnselected: {'identifier': 'my_srv'}
[0.000160] (-) JobUnselected: {'identifier': 'py_pkg'}
[0.000177] (-) JobUnselected: {'identifier': 'rplidar_ros'}
[0.000193] (-) JobUnselected: {'identifier': 'voice_interaction'}
[0.000212] (robot_integration) JobQueued: {'identifier': 'robot_integration', 'dependencies': OrderedDict()}
[0.002770] (robot_integration) JobStarted: {'identifier': 'robot_integration'}
[0.099651] (-) TimerEvent: {}
[0.199876] (-) TimerEvent: {}
[0.300098] (-) TimerEvent: {}
[0.400315] (-) TimerEvent: {}
[0.500587] (-) TimerEvent: {}
[0.600810] (-) TimerEvent: {}
[0.701019] (-) TimerEvent: {}
[0.801246] (-) TimerEvent: {}
[0.901493] (-) TimerEvent: {}
[1.001721] (-) TimerEvent: {}
[1.101946] (-) TimerEvent: {}
[1.202190] (-) TimerEvent: {}
[1.302444] (-) TimerEvent: {}
[1.402699] (-) TimerEvent: {}
[1.503147] (-) TimerEvent: {}
[1.603506] (-) TimerEvent: {}
[1.703872] (-) TimerEvent: {}
[1.776479] (robot_integration) Command: {'cmd': ['/usr/bin/python3', '-W', 'ignore:setup.py install is deprecated', '-W', 'ignore:easy_install command is deprecated', 'setup.py', 'egg_info', '--egg-base', '../../build/robot_integration', 'build', '--build-base', '/home/webotpi/ros2_ws/build/robot_integration/build', 'install', '--record', '/home/webotpi/ros2_ws/build/robot_integration/install.log', '--single-version-externally-managed', 'install_data'], 'cwd': '/home/webotpi/ros2_ws/src/robot_integration', 'env': {'LANGUAGE': 'zh_CN:en', 'USER': 'webotpi', 'SSH_CLIENT': '192.168.0.111 59708 22', 'LC_TIME': 'zh_CN.UTF-8', 'XDG_SESSION_TYPE': 'tty', 'SHLVL': '1', 'LD_LIBRARY_PATH': '/opt/ros/jazzy/opt/rviz_ogre_vendor/lib:/opt/ros/jazzy/lib/aarch64-linux-gnu:/opt/ros/jazzy/opt/gz_math_vendor/lib:/opt/ros/jazzy/opt/gz_utils_vendor/lib:/opt/ros/jazzy/opt/gz_cmake_vendor/lib:/opt/ros/jazzy/lib', 'HOME': '/home/webotpi', 'OLDPWD': '/home/webotpi', 'ROS_PYTHON_VERSION': '3', 'LC_MONETARY': 'zh_CN.UTF-8', 'DBUS_SESSION_BUS_ADDRESS': 'unix:path=/run/user/1000/bus', 'ROS_DISTRO': 'jazzy', 'LOGNAME': 'webotpi', '_': '/usr/bin/colcon', 'ROS_VERSION': '2', 'XDG_SESSION_CLASS': 'user', 'XDG_SESSION_ID': '65', 'PATH': '/opt/ros/jazzy/bin:/usr/local/sbin:/usr/local/bin:/usr/sbin:/usr/bin:/sbin:/bin:/usr/games:/usr/local/games:/snap/bin', 'PAPERSIZE': 'a4', 'LC_ADDRESS': 'zh_CN.UTF-8', 'XDG_RUNTIME_DIR': '/run/user/1000', 'LANG': 'zh_CN.UTF-8', 'LC_TELEPHONE': 'zh_CN.UTF-8', 'AMENT_PREFIX_PATH': '/opt/ros/jazzy', 'SHELL': '/bin/bash', 'LC_NAME': 'zh_CN.UTF-8', 'LC_MEASUREMENT': 'zh_CN.UTF-8', 'LC_IDENTIFICATION': 'zh_CN.UTF-8', 'ROS_AUTOMATIC_DISCOVERY_RANGE': 'SUBNET', 'PWD': '/home/webotpi/ros2_ws/build/robot_integration', 'SSH_CONNECTION': '192.168.0.111 59708 192.168.0.119 22', 'PYTHONPATH': '/home/webotpi/ros2_ws/build/robot_integration/prefix_override:/usr/lib/python3/dist-packages/colcon_core/task/python/colcon_distutils_commands:/home/webotpi/ros2_ws/install/robot_integration/lib/python3.12/site-packages:/opt/ros/jazzy/lib/python3.12/site-packages', 'LC_NUMERIC': 'zh_CN.UTF-8', 'LC_PAPER': 'zh_CN.UTF-8', 'COLCON': '1', 'CMAKE_PREFIX_PATH': '/opt/ros/jazzy/opt/gz_math_vendor:/opt/ros/jazzy/opt/gz_utils_vendor:/opt/ros/jazzy/opt/gz_cmake_vendor'}, 'shell': False}
[1.803967] (-) TimerEvent: {}
[1.904148] (-) TimerEvent: {}
[2.004372] (-) TimerEvent: {}
[2.104644] (-) TimerEvent: {}
[2.204878] (-) TimerEvent: {}
[2.292023] (robot_integration) StdoutLine: {'line': b'running egg_info\n'}
[2.292481] (robot_integration) StdoutLine: {'line': b'creating ../../build/robot_integration/robot_integration.egg-info\n'}
[2.304978] (-) TimerEvent: {}
[2.351841] (robot_integration) StdoutLine: {'line': b'writing ../../build/robot_integration/robot_integration.egg-info/PKG-INFO\n'}
[2.352433] (robot_integration) StdoutLine: {'line': b'writing dependency_links to ../../build/robot_integration/robot_integration.egg-info/dependency_links.txt\n'}
[2.353048] (robot_integration) StdoutLine: {'line': b'writing entry points to ../../build/robot_integration/robot_integration.egg-info/entry_points.txt\n'}
[2.353481] (robot_integration) StdoutLine: {'line': b'writing requirements to ../../build/robot_integration/robot_integration.egg-info/requires.txt\n'}
[2.353825] (robot_integration) StdoutLine: {'line': b'writing top-level names to ../../build/robot_integration/robot_integration.egg-info/top_level.txt\n'}
[2.354133] (robot_integration) StdoutLine: {'line': b"writing manifest file '../../build/robot_integration/robot_integration.egg-info/SOURCES.txt'\n"}
[2.405165] (-) TimerEvent: {}
[2.440015] (robot_integration) StdoutLine: {'line': b"reading manifest file '../../build/robot_integration/robot_integration.egg-info/SOURCES.txt'\n"}
[2.440954] (robot_integration) StdoutLine: {'line': b"writing manifest file '../../build/robot_integration/robot_integration.egg-info/SOURCES.txt'\n"}
[2.441152] (robot_integration) StdoutLine: {'line': b'running build\n'}
[2.441297] (robot_integration) StdoutLine: {'line': b'running build_py\n'}
[2.441466] (robot_integration) StdoutLine: {'line': b'creating /home/webotpi/ros2_ws/build/robot_integration/build\n'}
[2.441601] (robot_integration) StdoutLine: {'line': b'creating /home/webotpi/ros2_ws/build/robot_integration/build/lib\n'}
[2.441738] (robot_integration) StdoutLine: {'line': b'creating /home/webotpi/ros2_ws/build/robot_integration/build/lib/robot_integration\n'}
[2.441818] (robot_integration) StdoutLine: {'line': b'copying robot_integration/coordinator_node.py -> /home/webotpi/ros2_ws/build/robot_integration/build/lib/robot_integration\n'}
[2.441943] (robot_integration) StdoutLine: {'line': b'copying robot_integration/line_follow_node.py -> /home/webotpi/ros2_ws/build/robot_integration/build/lib/robot_integration\n'}
[2.442144] (robot_integration) StdoutLine: {'line': b'copying robot_integration/arm_controller_node.py -> /home/webotpi/ros2_ws/build/robot_integration/build/lib/robot_integration\n'}
[2.442302] (robot_integration) StdoutLine: {'line': b'copying robot_integration/__init__.py -> /home/webotpi/ros2_ws/build/robot_integration/build/lib/robot_integration\n'}
[2.442438] (robot_integration) StdoutLine: {'line': b'copying robot_integration/edge_detect_node.py -> /home/webotpi/ros2_ws/build/robot_integration/build/lib/robot_integration\n'}
[2.442625] (robot_integration) StdoutLine: {'line': b'copying robot_integration/stm32_bridge_node.py -> /home/webotpi/ros2_ws/build/robot_integration/build/lib/robot_integration\n'}
[2.442789] (robot_integration) StdoutLine: {'line': b'copying robot_integration/balance_beam_node.py -> /home/webotpi/ros2_ws/build/robot_integration/build/lib/robot_integration\n'}
[2.442966] (robot_integration) StdoutLine: {'line': b'copying robot_integration/car_controller_node.py -> /home/webotpi/ros2_ws/build/robot_integration/build/lib/robot_integration\n'}
[2.443312] (robot_integration) StdoutLine: {'line': b'running install\n'}
[2.452566] (robot_integration) StdoutLine: {'line': b'running install_lib\n'}
[2.480454] (robot_integration) StdoutLine: {'line': b'creating /home/webotpi/ros2_ws/install/robot_integration/lib/python3.12/site-packages/robot_integration\n'}
[2.480762] (robot_integration) StdoutLine: {'line': b'copying /home/webotpi/ros2_ws/build/robot_integration/build/lib/robot_integration/coordinator_node.py -> /home/webotpi/ros2_ws/install/robot_integration/lib/python3.12/site-packages/robot_integration\n'}
[2.480858] (robot_integration) StdoutLine: {'line': b'copying /home/webotpi/ros2_ws/build/robot_integration/build/lib/robot_integration/line_follow_node.py -> /home/webotpi/ros2_ws/install/robot_integration/lib/python3.12/site-packages/robot_integration\n'}
[2.480994] (robot_integration) StdoutLine: {'line': b'copying /home/webotpi/ros2_ws/build/robot_integration/build/lib/robot_integration/arm_controller_node.py -> /home/webotpi/ros2_ws/install/robot_integration/lib/python3.12/site-packages/robot_integration\n'}
[2.481124] (robot_integration) StdoutLine: {'line': b'copying /home/webotpi/ros2_ws/build/robot_integration/build/lib/robot_integration/__init__.py -> /home/webotpi/ros2_ws/install/robot_integration/lib/python3.12/site-packages/robot_integration\n'}
[2.481281] (robot_integration) StdoutLine: {'line': b'copying /home/webotpi/ros2_ws/build/robot_integration/build/lib/robot_integration/edge_detect_node.py -> /home/webotpi/ros2_ws/install/robot_integration/lib/python3.12/site-packages/robot_integration\n'}
[2.481430] (robot_integration) StdoutLine: {'line': b'copying /home/webotpi/ros2_ws/build/robot_integration/build/lib/robot_integration/stm32_bridge_node.py -> /home/webotpi/ros2_ws/install/robot_integration/lib/python3.12/site-packages/robot_integration\n'}
[2.481566] (robot_integration) StdoutLine: {'line': b'copying /home/webotpi/ros2_ws/build/robot_integration/build/lib/robot_integration/balance_beam_node.py -> /home/webotpi/ros2_ws/install/robot_integration/lib/python3.12/site-packages/robot_integration\n'}
[2.481704] (robot_integration) StdoutLine: {'line': b'copying /home/webotpi/ros2_ws/build/robot_integration/build/lib/robot_integration/car_controller_node.py -> /home/webotpi/ros2_ws/install/robot_integration/lib/python3.12/site-packages/robot_integration\n'}
[2.482538] (robot_integration) StdoutLine: {'line': b'byte-compiling /home/webotpi/ros2_ws/install/robot_integration/lib/python3.12/site-packages/robot_integration/coordinator_node.py to coordinator_node.cpython-312.pyc\n'}
[2.486623] (robot_integration) StdoutLine: {'line': b'byte-compiling /home/webotpi/ros2_ws/install/robot_integration/lib/python3.12/site-packages/robot_integration/line_follow_node.py to line_follow_node.cpython-312.pyc\n'}
[2.493787] (robot_integration) StdoutLine: {'line': b'byte-compiling /home/webotpi/ros2_ws/install/robot_integration/lib/python3.12/site-packages/robot_integration/arm_controller_node.py to arm_controller_node.cpython-312.pyc\n'}
[2.496862] (robot_integration) StdoutLine: {'line': b'byte-compiling /home/webotpi/ros2_ws/install/robot_integration/lib/python3.12/site-packages/robot_integration/__init__.py to __init__.cpython-312.pyc\n'}
[2.497120] (robot_integration) StdoutLine: {'line': b'byte-compiling /home/webotpi/ros2_ws/install/robot_integration/lib/python3.12/site-packages/robot_integration/edge_detect_node.py to edge_detect_node.cpython-312.pyc\n'}
[2.503029] (robot_integration) StdoutLine: {'line': b'byte-compiling /home/webotpi/ros2_ws/install/robot_integration/lib/python3.12/site-packages/robot_integration/stm32_bridge_node.py to stm32_bridge_node.cpython-312.pyc\n'}
[2.505246] (-) TimerEvent: {}
[2.509884] (robot_integration) StdoutLine: {'line': b'byte-compiling /home/webotpi/ros2_ws/install/robot_integration/lib/python3.12/site-packages/robot_integration/balance_beam_node.py to balance_beam_node.cpython-312.pyc\n'}
[2.519536] (robot_integration) StdoutLine: {'line': b'byte-compiling /home/webotpi/ros2_ws/install/robot_integration/lib/python3.12/site-packages/robot_integration/car_controller_node.py to car_controller_node.cpython-312.pyc\n'}
[2.525665] (robot_integration) StdoutLine: {'line': b'running install_data\n'}
[2.527202] (robot_integration) StdoutLine: {'line': b'creating /home/webotpi/ros2_ws/install/robot_integration/share/ament_index\n'}
[2.527609] (robot_integration) StdoutLine: {'line': b'creating /home/webotpi/ros2_ws/install/robot_integration/share/ament_index/resource_index\n'}
[2.527849] (robot_integration) StdoutLine: {'line': b'creating /home/webotpi/ros2_ws/install/robot_integration/share/ament_index/resource_index/packages\n'}
[2.528054] (robot_integration) StdoutLine: {'line': b'copying resource/robot_integration -> /home/webotpi/ros2_ws/install/robot_integration/share/ament_index/resource_index/packages\n'}
[2.528254] (robot_integration) StdoutLine: {'line': b'copying package.xml -> /home/webotpi/ros2_ws/install/robot_integration/share/robot_integration\n'}
[2.529052] (robot_integration) StdoutLine: {'line': b'creating /home/webotpi/ros2_ws/install/robot_integration/share/robot_integration/launch\n'}
[2.529625] (robot_integration) StdoutLine: {'line': b'copying launch/balance_beam.launch.py -> /home/webotpi/ros2_ws/install/robot_integration/share/robot_integration/launch\n'}
[2.530641] (robot_integration) StdoutLine: {'line': b'copying launch/edge_detect.launch.py -> /home/webotpi/ros2_ws/install/robot_integration/share/robot_integration/launch\n'}
[2.530947] (robot_integration) StdoutLine: {'line': b'copying launch/full_system.launch.py -> /home/webotpi/ros2_ws/install/robot_integration/share/robot_integration/launch\n'}
[2.531152] (robot_integration) StdoutLine: {'line': b'copying launch/line_follow.launch.py -> /home/webotpi/ros2_ws/install/robot_integration/share/robot_integration/launch\n'}
[2.531380] (robot_integration) StdoutLine: {'line': b'copying launch/car_only.launch.py -> /home/webotpi/ros2_ws/install/robot_integration/share/robot_integration/launch\n'}
[2.531938] (robot_integration) StdoutLine: {'line': b'creating /home/webotpi/ros2_ws/install/robot_integration/share/robot_integration/config\n'}
[2.532372] (robot_integration) StdoutLine: {'line': b'copying config/robot_params.yaml -> /home/webotpi/ros2_ws/install/robot_integration/share/robot_integration/config\n'}
[2.532991] (robot_integration) StdoutLine: {'line': b'copying config/edge_detect_params.yaml -> /home/webotpi/ros2_ws/install/robot_integration/share/robot_integration/config\n'}
[2.533225] (robot_integration) StdoutLine: {'line': b'copying config/line_follow_params.yaml -> /home/webotpi/ros2_ws/install/robot_integration/share/robot_integration/config\n'}
[2.533437] (robot_integration) StdoutLine: {'line': b'copying config/balance_beam_params.yaml -> /home/webotpi/ros2_ws/install/robot_integration/share/robot_integration/config\n'}
[2.533952] (robot_integration) StdoutLine: {'line': b'creating /home/webotpi/ros2_ws/install/robot_integration/share/robot_integration/scripts\n'}
[2.534140] (robot_integration) StdoutLine: {'line': b'copying scripts/hsv_calibrate.py -> /home/webotpi/ros2_ws/install/robot_integration/share/robot_integration/scripts\n'}
[2.534343] (robot_integration) StdoutLine: {'line': b'copying scripts/test_bridge_detection.py -> /home/webotpi/ros2_ws/install/robot_integration/share/robot_integration/scripts\n'}
[2.535630] (robot_integration) StdoutLine: {'line': b'running install_egg_info\n'}
[2.603640] (robot_integration) StdoutLine: {'line': b'Copying ../../build/robot_integration/robot_integration.egg-info to /home/webotpi/ros2_ws/install/robot_integration/lib/python3.12/site-packages/robot_integration-1.0.0-py3.12.egg-info\n'}
[2.604808] (robot_integration) StdoutLine: {'line': b'running install_scripts\n'}
[2.605306] (-) TimerEvent: {}
[2.705489] (-) TimerEvent: {}
[2.805747] (-) TimerEvent: {}
[2.906053] (-) TimerEvent: {}
[2.919902] (robot_integration) StdoutLine: {'line': b'Installing arm_controller_node script to /home/webotpi/ros2_ws/install/robot_integration/lib/robot_integration\n'}
[2.920273] (robot_integration) StdoutLine: {'line': b'Installing balance_beam_node script to /home/webotpi/ros2_ws/install/robot_integration/lib/robot_integration\n'}
[2.920379] (robot_integration) StdoutLine: {'line': b'Installing car_controller_node script to /home/webotpi/ros2_ws/install/robot_integration/lib/robot_integration\n'}
[2.920649] (robot_integration) StdoutLine: {'line': b'Installing coordinator_node script to /home/webotpi/ros2_ws/install/robot_integration/lib/robot_integration\n'}
[2.920787] (robot_integration) StdoutLine: {'line': b'Installing edge_detect_node script to /home/webotpi/ros2_ws/install/robot_integration/lib/robot_integration\n'}
[2.920873] (robot_integration) StdoutLine: {'line': b'Installing line_follow_node script to /home/webotpi/ros2_ws/install/robot_integration/lib/robot_integration\n'}
[2.921003] (robot_integration) StdoutLine: {'line': b'Installing stm32_bridge_node script to /home/webotpi/ros2_ws/install/robot_integration/lib/robot_integration\n'}
[2.921237] (robot_integration) StdoutLine: {'line': b"writing list of installed files to '/home/webotpi/ros2_ws/build/robot_integration/install.log'\n"}
[3.006188] (-) TimerEvent: {}
[3.036171] (robot_integration) CommandEnded: {'returncode': 0}
[3.059553] (robot_integration) JobEnded: {'identifier': 'robot_integration', 'rc': 0}
[3.060257] (-) EventReactorShutdown: {}
