[0.014s] Invoking command in '/home/webotpi/ros2_ws/build/pi5_robot_description': CMAKE_PREFIX_PATH=${CMAKE_PREFIX_PATH}:/opt/ros/jazzy /usr/bin/cmake /home/webotpi/ros2_ws/src/pi5_robot_description -DCMAKE_INSTALL_PREFIX=/home/webotpi/ros2_ws/install/pi5_robot_description
[0.691s] -- The C compiler identification is GNU 13.3.0
[1.225s] -- The CXX compiler identification is GNU 13.3.0
[1.277s] -- Detecting C compiler ABI info
[1.505s] -- Detecting C compiler ABI info - done
[1.521s] -- Check for working C compiler: /usr/bin/cc - skipped
[1.528s] -- Detecting C compile features
[1.533s] -- Detecting C compile features - done
[1.561s] -- Detecting CXX compiler ABI info
[1.789s] -- Detecting CXX compiler ABI info - done
[1.804s] -- Check for working CXX compiler: /usr/bin/c++ - skipped
[1.805s] -- Detecting CXX compile features
[1.806s] -- Detecting CXX compile features - done
[1.827s] -- Found ament_cmake: 2.5.6 (/opt/ros/jazzy/share/ament_cmake/cmake)
[2.121s] -- Found Python3: /usr/bin/python3 (found version "3.12.3") found components: Interpreter 
[2.618s] -- Configuring done (2.6s)
[2.626s] -- Generating done (0.0s)
[2.630s] -- Build files have been written to: /home/webotpi/ros2_ws/build/pi5_robot_description
[2.647s] Invoked command in '/home/webotpi/ros2_ws/build/pi5_robot_description' returned '0': CMAKE_PREFIX_PATH=${CMAKE_PREFIX_PATH}:/opt/ros/jazzy /usr/bin/cmake /home/webotpi/ros2_ws/src/pi5_robot_description -DCMAKE_INSTALL_PREFIX=/home/webotpi/ros2_ws/install/pi5_robot_description
[2.648s] Invoking command in '/home/webotpi/ros2_ws/build/pi5_robot_description': CMAKE_PREFIX_PATH=${CMAKE_PREFIX_PATH}:/opt/ros/jazzy /usr/bin/cmake --build /home/webotpi/ros2_ws/build/pi5_robot_description -- -j4 -l4
[2.736s] Invoked command in '/home/webotpi/ros2_ws/build/pi5_robot_description' returned '0': CMAKE_PREFIX_PATH=${CMAKE_PREFIX_PATH}:/opt/ros/jazzy /usr/bin/cmake --build /home/webotpi/ros2_ws/build/pi5_robot_description -- -j4 -l4
[2.756s] Invoking command in '/home/webotpi/ros2_ws/build/pi5_robot_description': CMAKE_PREFIX_PATH=${CMAKE_PREFIX_PATH}:/opt/ros/jazzy /usr/bin/cmake --install /home/webotpi/ros2_ws/build/pi5_robot_description
[2.772s] -- Install configuration: ""
[2.772s] -- Installing: /home/webotpi/ros2_ws/install/pi5_robot_description/share/pi5_robot_description/urdf
[2.773s] -- Installing: /home/webotpi/ros2_ws/install/pi5_robot_description/share/pi5_robot_description/urdf/pi5_arm_robot.urdf.xacro
[2.773s] -- Installing: /home/webotpi/ros2_ws/install/pi5_robot_description/share/pi5_robot_description/launch
[2.773s] -- Installing: /home/webotpi/ros2_ws/install/pi5_robot_description/share/pi5_robot_description/launch/nav2_navigation.launch.py
[2.780s] -- Installing: /home/webotpi/ros2_ws/install/pi5_robot_description/share/pi5_robot_description/launch/nav2_navigation_with_depth.launch.py
[2.780s] -- Installing: /home/webotpi/ros2_ws/install/pi5_robot_description/share/pi5_robot_description/launch/voice_navigation.launch.py
[2.781s] -- Installing: /home/webotpi/ros2_ws/install/pi5_robot_description/share/pi5_robot_description/launch/rtabmap_mapping.launch.py
[2.781s] -- Installing: /home/webotpi/ros2_ws/install/pi5_robot_description/share/pi5_robot_description/launch/view_robot.launch.py
[2.781s] -- Installing: /home/webotpi/ros2_ws/install/pi5_robot_description/share/pi5_robot_description/launch/slam_mapping.launch.py
[2.782s] -- Installing: /home/webotpi/ros2_ws/install/pi5_robot_description/share/pi5_robot_description/launch/multi_waypoint_navigation.launch.py
[2.783s] -- Installing: /home/webotpi/ros2_ws/install/pi5_robot_description/share/pi5_robot_description/config
[2.783s] -- Installing: /home/webotpi/ros2_ws/install/pi5_robot_description/share/pi5_robot_description/config/rtabmap.rviz
[2.783s] -- Installing: /home/webotpi/ros2_ws/install/pi5_robot_description/share/pi5_robot_description/config/view_robot.rviz
[2.783s] -- Installing: /home/webotpi/ros2_ws/install/pi5_robot_description/share/pi5_robot_description/config/nav2_params.yaml
[2.784s] -- Installing: /home/webotpi/ros2_ws/install/pi5_robot_description/share/pi5_robot_description/config/nav2_params.yaml.bak2
[2.785s] -- Installing: /home/webotpi/ros2_ws/install/pi5_robot_description/share/pi5_robot_description/config/slam_toolbox_mapping.yaml
[2.786s] -- Installing: /home/webotpi/ros2_ws/install/pi5_robot_description/share/pi5_robot_description/config/waypoint_nav.rviz
[2.786s] -- Installing: /home/webotpi/ros2_ws/install/pi5_robot_description/share/pi5_robot_description/config/collision_monitor_params.yaml
[2.787s] -- Installing: /home/webotpi/ros2_ws/install/pi5_robot_description/share/pi5_robot_description/config/named_waypoints.yaml
[2.788s] -- Installing: /home/webotpi/ros2_ws/install/pi5_robot_description/share/pi5_robot_description/config/collision_monitor_params_backup.yaml
[2.789s] -- Installing: /home/webotpi/ros2_ws/install/pi5_robot_description/share/pi5_robot_description/config/nav2.rviz
[2.789s] -- Installing: /home/webotpi/ros2_ws/install/pi5_robot_description/share/pi5_robot_description/config/nav2_params_rpp_backup.yaml
[2.790s] -- Installing: /home/webotpi/ros2_ws/install/pi5_robot_description/share/pi5_robot_description/config/nav2_params.yaml.bak
[2.791s] -- Installing: /home/webotpi/ros2_ws/install/pi5_robot_description/lib/pi5_robot_description/odom_only_node.py
[2.791s] -- Installing: /home/webotpi/ros2_ws/install/pi5_robot_description/lib/pi5_robot_description/cmd_vel_bridge_node.py
[2.792s] -- Installing: /home/webotpi/ros2_ws/install/pi5_robot_description/lib/pi5_robot_description/goal_pose_bridge.py
[2.792s] -- Installing: /home/webotpi/ros2_ws/install/pi5_robot_description/lib/pi5_robot_description/waypoint_navigator.py
[2.793s] -- Installing: /home/webotpi/ros2_ws/install/pi5_robot_description/lib/pi5_robot_description/nav_executor_node.py
[2.794s] -- Installing: /home/webotpi/ros2_ws/install/pi5_robot_description/lib/pi5_robot_description/yolo_zone_detect_node.py
[2.795s] -- Installing: /home/webotpi/ros2_ws/install/pi5_robot_description/lib/pi5_robot_description/save_map.sh
[2.796s] -- Installing: /home/webotpi/ros2_ws/install/pi5_robot_description/lib/pi5_robot_description/verify_urdf.sh
[2.796s] -- Installing: /home/webotpi/ros2_ws/install/pi5_robot_description/lib/pi5_robot_description/waypoint_control.sh
[2.797s] -- Installing: /home/webotpi/ros2_ws/install/pi5_robot_description/share/ament_index/resource_index/package_run_dependencies/pi5_robot_description
[2.797s] -- Installing: /home/webotpi/ros2_ws/install/pi5_robot_description/share/ament_index/resource_index/parent_prefix_path/pi5_robot_description
[2.798s] -- Installing: /home/webotpi/ros2_ws/install/pi5_robot_description/share/pi5_robot_description/environment/ament_prefix_path.sh
[2.798s] -- Installing: /home/webotpi/ros2_ws/install/pi5_robot_description/share/pi5_robot_description/environment/ament_prefix_path.dsv
[2.798s] -- Installing: /home/webotpi/ros2_ws/install/pi5_robot_description/share/pi5_robot_description/environment/path.sh
[2.799s] -- Installing: /home/webotpi/ros2_ws/install/pi5_robot_description/share/pi5_robot_description/environment/path.dsv
[2.799s] -- Installing: /home/webotpi/ros2_ws/install/pi5_robot_description/share/pi5_robot_description/local_setup.bash
[2.799s] -- Installing: /home/webotpi/ros2_ws/install/pi5_robot_description/share/pi5_robot_description/local_setup.sh
[2.799s] -- Installing: /home/webotpi/ros2_ws/install/pi5_robot_description/share/pi5_robot_description/local_setup.zsh
[2.800s] -- Installing: /home/webotpi/ros2_ws/install/pi5_robot_description/share/pi5_robot_description/local_setup.dsv
[2.801s] -- Installing: /home/webotpi/ros2_ws/install/pi5_robot_description/share/pi5_robot_description/package.dsv
[2.801s] -- Installing: /home/webotpi/ros2_ws/install/pi5_robot_description/share/ament_index/resource_index/packages/pi5_robot_description
[2.801s] -- Installing: /home/webotpi/ros2_ws/install/pi5_robot_description/share/pi5_robot_description/cmake/pi5_robot_descriptionConfig.cmake
[2.801s] -- Installing: /home/webotpi/ros2_ws/install/pi5_robot_description/share/pi5_robot_description/cmake/pi5_robot_descriptionConfig-version.cmake
[2.801s] -- Installing: /home/webotpi/ros2_ws/install/pi5_robot_description/share/pi5_robot_description/package.xml
[2.806s] Invoked command in '/home/webotpi/ros2_ws/build/pi5_robot_description' returned '0': CMAKE_PREFIX_PATH=${CMAKE_PREFIX_PATH}:/opt/ros/jazzy /usr/bin/cmake --install /home/webotpi/ros2_ws/build/pi5_robot_description
