[2.038s] Invoking command in '/home/webotpi/ros2_ws/src/voice_interaction': PYTHONPATH=/home/webotpi/ros2_ws/build/voice_interaction/prefix_override:/usr/lib/python3/dist-packages/colcon_core/task/python/colcon_distutils_commands:/home/webotpi/ros2_ws/install/voice_interaction/lib/python3.12/site-packages:${PYTHONPATH} /usr/bin/python3 -W ignore:setup.py install is deprecated -W ignore:easy_install command is deprecated setup.py egg_info --egg-base ../../build/voice_interaction build --build-base /home/webotpi/ros2_ws/build/voice_interaction/build install --record /home/webotpi/ros2_ws/build/voice_interaction/install.log --single-version-externally-managed install_data
[2.746s] running egg_info
[2.785s] writing ../../build/voice_interaction/voice_interaction.egg-info/PKG-INFO
[2.785s] writing dependency_links to ../../build/voice_interaction/voice_interaction.egg-info/dependency_links.txt
[2.788s] writing entry points to ../../build/voice_interaction/voice_interaction.egg-info/entry_points.txt
[2.788s] writing requirements to ../../build/voice_interaction/voice_interaction.egg-info/requires.txt
[2.789s] writing top-level names to ../../build/voice_interaction/voice_interaction.egg-info/top_level.txt
[2.903s] reading manifest file '../../build/voice_interaction/voice_interaction.egg-info/SOURCES.txt'
[2.905s] writing manifest file '../../build/voice_interaction/voice_interaction.egg-info/SOURCES.txt'
[2.907s] running build
[2.907s] running build_py
[2.908s] copying voice_interaction/intent_parser_node.py -> /home/webotpi/ros2_ws/build/voice_interaction/build/lib/voice_interaction
[2.909s] running install
[2.927s] running install_lib
[2.968s] copying /home/webotpi/ros2_ws/build/voice_interaction/build/lib/voice_interaction/intent_parser_node.py -> /home/webotpi/ros2_ws/install/voice_interaction/lib/python3.12/site-packages/voice_interaction
[2.969s] byte-compiling /home/webotpi/ros2_ws/install/voice_interaction/lib/python3.12/site-packages/voice_interaction/intent_parser_node.py to intent_parser_node.cpython-312.pyc
[2.974s] running install_data
[2.974s] running install_egg_info
[3.022s] removing '/home/webotpi/ros2_ws/install/voice_interaction/lib/python3.12/site-packages/voice_interaction-0.1.0-py3.12.egg-info' (and everything under it)
[3.023s] Copying ../../build/voice_interaction/voice_interaction.egg-info to /home/webotpi/ros2_ws/install/voice_interaction/lib/python3.12/site-packages/voice_interaction-0.1.0-py3.12.egg-info
[3.026s] running install_scripts
[3.341s] Installing arm_executor_node script to /home/webotpi/ros2_ws/install/voice_interaction/lib/voice_interaction
[3.341s] Installing intent_parser_node script to /home/webotpi/ros2_ws/install/voice_interaction/lib/voice_interaction
[3.344s] Installing voice_recognition_node script to /home/webotpi/ros2_ws/install/voice_interaction/lib/voice_interaction
[3.345s] Installing voice_synthesis_node script to /home/webotpi/ros2_ws/install/voice_interaction/lib/voice_interaction
[3.346s] writing list of installed files to '/home/webotpi/ros2_ws/build/voice_interaction/install.log'
[3.527s] Invoked command in '/home/webotpi/ros2_ws/src/voice_interaction' returned '0': PYTHONPATH=/home/webotpi/ros2_ws/build/voice_interaction/prefix_override:/usr/lib/python3/dist-packages/colcon_core/task/python/colcon_distutils_commands:/home/webotpi/ros2_ws/install/voice_interaction/lib/python3.12/site-packages:${PYTHONPATH} /usr/bin/python3 -W ignore:setup.py install is deprecated -W ignore:easy_install command is deprecated setup.py egg_info --egg-base ../../build/voice_interaction build --build-base /home/webotpi/ros2_ws/build/voice_interaction/build install --record /home/webotpi/ros2_ws/build/voice_interaction/install.log --single-version-externally-managed install_data
