[0.000000] (-) TimerEvent: {}
[0.000134] (-) JobUnselected: {'identifier': 'deptrum-ros-driver-aurora930'}
[0.000169] (-) JobUnselected: {'identifier': 'my_launch_pkg'}
[0.000189] (-) JobUnselected: {'identifier': 'my_srv'}
[0.000206] (-) JobUnselected: {'identifier': 'py_pkg'}
[0.000221] (-) JobUnselected: {'identifier': 'robot_integration'}
[0.000237] (-) JobUnselected: {'identifier': 'rplidar_ros'}
[0.000252] (-) JobUnselected: {'identifier': 'voice_interaction'}
[0.000271] (pi5_robot_description) JobQueued: {'identifier': 'pi5_robot_description', 'dependencies': OrderedDict()}
[0.000635] (pi5_robot_description) JobStarted: {'identifier': 'pi5_robot_description'}
[0.010554] (pi5_robot_description) JobProgress: {'identifier': 'pi5_robot_description', 'progress': 'cmake'}
[0.011434] (pi5_robot_description) JobProgress: {'identifier': 'pi5_robot_description', 'progress': 'build'}
[0.012220] (pi5_robot_description) Command: {'cmd': ['/usr/bin/cmake', '--build', '/home/webotpi/ros2_ws/build/pi5_robot_description', '--', '-j4', '-l4'], 'cwd': '/home/webotpi/ros2_ws/build/pi5_robot_description', 'env': OrderedDict({'LANGUAGE': 'zh_CN:en', 'USER': 'webotpi', 'SSH_CLIENT': '192.168.0.111 41926 22', 'LC_TIME': 'zh_CN.UTF-8', 'XDG_SESSION_TYPE': 'tty', 'SHLVL': '1', 'HOME': '/home/webotpi', 'OLDPWD': '/home/webotpi/ros2_ws/src/pi5_robot_description/launch', 'LC_MONETARY': 'zh_CN.UTF-8', 'DBUS_SESSION_BUS_ADDRESS': 'unix:path=/run/user/1000/bus', 'LOGNAME': 'webotpi', '_': '/usr/bin/colcon', 'XDG_SESSION_CLASS': 'user', 'XDG_SESSION_ID': '17', 'PATH': '/usr/local/sbin:/usr/local/bin:/usr/sbin:/usr/bin:/sbin:/bin:/usr/games:/usr/local/games:/snap/bin', 'PAPERSIZE': 'a4', 'LC_ADDRESS': 'zh_CN.UTF-8', 'XDG_RUNTIME_DIR': '/run/user/1000', 'LANG': 'zh_CN.UTF-8', 'LC_TELEPHONE': 'zh_CN.UTF-8', 'SHELL': '/bin/bash', 'LC_NAME': 'zh_CN.UTF-8', 'LC_MEASUREMENT': 'zh_CN.UTF-8', 'LC_IDENTIFICATION': 'zh_CN.UTF-8', 'PWD': '/home/webotpi/ros2_ws/build/pi5_robot_description', 'SSH_CONNECTION': '192.168.0.111 41926 192.168.0.119 22', 'LC_NUMERIC': 'zh_CN.UTF-8', 'LC_PAPER': 'zh_CN.UTF-8', 'COLCON': '1'}), 'shell': False}
[0.075884] (pi5_robot_description) CommandEnded: {'returncode': 0}
[0.076668] (pi5_robot_description) JobProgress: {'identifier': 'pi5_robot_description', 'progress': 'install'}
[0.092910] (pi5_robot_description) Command: {'cmd': ['/usr/bin/cmake', '--install', '/home/webotpi/ros2_ws/build/pi5_robot_description'], 'cwd': '/home/webotpi/ros2_ws/build/pi5_robot_description', 'env': OrderedDict({'LANGUAGE': 'zh_CN:en', 'USER': 'webotpi', 'SSH_CLIENT': '192.168.0.111 41926 22', 'LC_TIME': 'zh_CN.UTF-8', 'XDG_SESSION_TYPE': 'tty', 'SHLVL': '1', 'HOME': '/home/webotpi', 'OLDPWD': '/home/webotpi/ros2_ws/src/pi5_robot_description/launch', 'LC_MONETARY': 'zh_CN.UTF-8', 'DBUS_SESSION_BUS_ADDRESS': 'unix:path=/run/user/1000/bus', 'LOGNAME': 'webotpi', '_': '/usr/bin/colcon', 'XDG_SESSION_CLASS': 'user', 'XDG_SESSION_ID': '17', 'PATH': '/usr/local/sbin:/usr/local/bin:/usr/sbin:/usr/bin:/sbin:/bin:/usr/games:/usr/local/games:/snap/bin', 'PAPERSIZE': 'a4', 'LC_ADDRESS': 'zh_CN.UTF-8', 'XDG_RUNTIME_DIR': '/run/user/1000', 'LANG': 'zh_CN.UTF-8', 'LC_TELEPHONE': 'zh_CN.UTF-8', 'SHELL': '/bin/bash', 'LC_NAME': 'zh_CN.UTF-8', 'LC_MEASUREMENT': 'zh_CN.UTF-8', 'LC_IDENTIFICATION': 'zh_CN.UTF-8', 'PWD': '/home/webotpi/ros2_ws/build/pi5_robot_description', 'SSH_CONNECTION': '192.168.0.111 41926 192.168.0.119 22', 'LC_NUMERIC': 'zh_CN.UTF-8', 'LC_PAPER': 'zh_CN.UTF-8', 'COLCON': '1'}), 'shell': False}
[0.099681] (-) TimerEvent: {}
[0.105462] (pi5_robot_description) StdoutLine: {'line': b'-- Install configuration: ""\n'}
[0.106068] (pi5_robot_description) StdoutLine: {'line': b'-- Execute custom install script\n'}
[0.106619] (pi5_robot_description) StdoutLine: {'line': b'-- Up-to-date symlink: /home/webotpi/ros2_ws/install/pi5_robot_description/share/pi5_robot_description/urdf/pi5_arm_robot.urdf.xacro\n'}
[0.106949] (pi5_robot_description) StdoutLine: {'line': b'-- Up-to-date symlink: /home/webotpi/ros2_ws/install/pi5_robot_description/share/pi5_robot_description/launch/nav2_navigation.launch.py\n'}
[0.107152] (pi5_robot_description) StdoutLine: {'line': b'-- Up-to-date symlink: /home/webotpi/ros2_ws/install/pi5_robot_description/share/pi5_robot_description/launch/nav2_navigation_with_depth.launch.py\n'}
[0.107283] (pi5_robot_description) StdoutLine: {'line': b'-- Up-to-date symlink: /home/webotpi/ros2_ws/install/pi5_robot_description/share/pi5_robot_description/launch/slam_mapping.launch.py\n'}
[0.107412] (pi5_robot_description) StdoutLine: {'line': b'-- Up-to-date symlink: /home/webotpi/ros2_ws/install/pi5_robot_description/share/pi5_robot_description/launch/view_robot.launch.py\n'}
[0.107763] (pi5_robot_description) StdoutLine: {'line': b'-- Up-to-date symlink: /home/webotpi/ros2_ws/install/pi5_robot_description/share/pi5_robot_description/config/collision_monitor_params.yaml\n'}
[0.107894] (pi5_robot_description) StdoutLine: {'line': b'-- Up-to-date symlink: /home/webotpi/ros2_ws/install/pi5_robot_description/share/pi5_robot_description/config/nav2.rviz\n'}
[0.108040] (pi5_robot_description) StdoutLine: {'line': b'-- Up-to-date symlink: /home/webotpi/ros2_ws/install/pi5_robot_description/share/pi5_robot_description/config/nav2_params.yaml\n'}
[0.108174] (pi5_robot_description) StdoutLine: {'line': b'-- Up-to-date symlink: /home/webotpi/ros2_ws/install/pi5_robot_description/share/pi5_robot_description/config/nav2_params.yaml.bak\n'}
[0.108301] (pi5_robot_description) StdoutLine: {'line': b'-- Up-to-date symlink: /home/webotpi/ros2_ws/install/pi5_robot_description/share/pi5_robot_description/config/nav2_params.yaml.bak2\n'}
[0.108425] (pi5_robot_description) StdoutLine: {'line': b'-- Up-to-date symlink: /home/webotpi/ros2_ws/install/pi5_robot_description/share/pi5_robot_description/config/slam_toolbox_mapping.yaml\n'}
[0.108553] (pi5_robot_description) StdoutLine: {'line': b'-- Up-to-date symlink: /home/webotpi/ros2_ws/install/pi5_robot_description/share/pi5_robot_description/config/view_robot.rviz\n'}
[0.108773] (pi5_robot_description) StdoutLine: {'line': b'-- Up-to-date symlink: /home/webotpi/ros2_ws/install/pi5_robot_description/lib/pi5_robot_description/odom_only_node.py\n'}
[0.108902] (pi5_robot_description) StdoutLine: {'line': b'-- Up-to-date symlink: /home/webotpi/ros2_ws/install/pi5_robot_description/lib/pi5_robot_description/cmd_vel_bridge_node.py\n'}
[0.109173] (pi5_robot_description) StdoutLine: {'line': b'-- Up-to-date symlink: /home/webotpi/ros2_ws/install/pi5_robot_description/lib/pi5_robot_description/goal_pose_bridge.py\n'}
[0.109550] (pi5_robot_description) StdoutLine: {'line': b'-- Up-to-date symlink: /home/webotpi/ros2_ws/install/pi5_robot_description/lib/pi5_robot_description/save_map.sh\n'}
[0.109682] (pi5_robot_description) StdoutLine: {'line': b'-- Up-to-date symlink: /home/webotpi/ros2_ws/install/pi5_robot_description/lib/pi5_robot_description/verify_urdf.sh\n'}
[0.109899] (pi5_robot_description) StdoutLine: {'line': b'-- Up-to-date symlink: /home/webotpi/ros2_ws/install/pi5_robot_description/share/ament_index/resource_index/package_run_dependencies/pi5_robot_description\n'}
[0.110114] (pi5_robot_description) StdoutLine: {'line': b'-- Up-to-date symlink: /home/webotpi/ros2_ws/install/pi5_robot_description/share/ament_index/resource_index/parent_prefix_path/pi5_robot_description\n'}
[0.110334] (pi5_robot_description) StdoutLine: {'line': b'-- Up-to-date symlink: /home/webotpi/ros2_ws/install/pi5_robot_description/share/pi5_robot_description/environment/ament_prefix_path.sh\n'}
[0.110518] (pi5_robot_description) StdoutLine: {'line': b'-- Up-to-date symlink: /home/webotpi/ros2_ws/install/pi5_robot_description/share/pi5_robot_description/environment/ament_prefix_path.dsv\n'}
[0.110704] (pi5_robot_description) StdoutLine: {'line': b'-- Up-to-date symlink: /home/webotpi/ros2_ws/install/pi5_robot_description/share/pi5_robot_description/environment/path.sh\n'}
[0.110883] (pi5_robot_description) StdoutLine: {'line': b'-- Up-to-date symlink: /home/webotpi/ros2_ws/install/pi5_robot_description/share/pi5_robot_description/environment/path.dsv\n'}
[0.111065] (pi5_robot_description) StdoutLine: {'line': b'-- Up-to-date symlink: /home/webotpi/ros2_ws/install/pi5_robot_description/share/pi5_robot_description/local_setup.bash\n'}
[0.111244] (pi5_robot_description) StdoutLine: {'line': b'-- Up-to-date symlink: /home/webotpi/ros2_ws/install/pi5_robot_description/share/pi5_robot_description/local_setup.sh\n'}
[0.111422] (pi5_robot_description) StdoutLine: {'line': b'-- Up-to-date symlink: /home/webotpi/ros2_ws/install/pi5_robot_description/share/pi5_robot_description/local_setup.zsh\n'}
[0.111594] (pi5_robot_description) StdoutLine: {'line': b'-- Up-to-date symlink: /home/webotpi/ros2_ws/install/pi5_robot_description/share/pi5_robot_description/local_setup.dsv\n'}
[0.111725] (pi5_robot_description) StdoutLine: {'line': b'-- Symlinking: /home/webotpi/ros2_ws/install/pi5_robot_description/share/pi5_robot_description/package.dsv\n'}
[0.128212] (pi5_robot_description) StdoutLine: {'line': b'-- Up-to-date symlink: /home/webotpi/ros2_ws/install/pi5_robot_description/share/ament_index/resource_index/packages/pi5_robot_description\n'}
[0.128548] (pi5_robot_description) StdoutLine: {'line': b'-- Up-to-date symlink: /home/webotpi/ros2_ws/install/pi5_robot_description/share/pi5_robot_description/cmake/pi5_robot_descriptionConfig.cmake\n'}
[0.128751] (pi5_robot_description) StdoutLine: {'line': b'-- Up-to-date symlink: /home/webotpi/ros2_ws/install/pi5_robot_description/share/pi5_robot_description/cmake/pi5_robot_descriptionConfig-version.cmake\n'}
[0.128849] (pi5_robot_description) StdoutLine: {'line': b'-- Up-to-date symlink: /home/webotpi/ros2_ws/install/pi5_robot_description/share/pi5_robot_description/package.xml\n'}
[0.131689] (pi5_robot_description) CommandEnded: {'returncode': 0}
[0.171117] (pi5_robot_description) JobEnded: {'identifier': 'pi5_robot_description', 'rc': 0}
[0.172058] (-) EventReactorShutdown: {}
