[0.000000] (-) TimerEvent: {}
[0.000673] (-) JobUnselected: {'identifier': 'deptrum-ros-driver-aurora930'}
[0.000893] (-) JobUnselected: {'identifier': 'my_launch_pkg'}
[0.002262] (-) JobUnselected: {'identifier': 'my_srv'}
[0.002311] (-) JobUnselected: {'identifier': 'py_pkg'}
[0.002336] (-) JobUnselected: {'identifier': 'rplidar_ros'}
[0.002381] (voice_interaction) JobQueued: {'identifier': 'voice_interaction', 'dependencies': OrderedDict()}
[0.002436] (voice_interaction) JobStarted: {'identifier': 'voice_interaction'}
[0.098437] (-) TimerEvent: {}
[0.199168] (-) TimerEvent: {}
[0.299743] (-) TimerEvent: {}
[0.400093] (-) TimerEvent: {}
[0.500912] (-) TimerEvent: {}
[0.601802] (-) TimerEvent: {}
[0.702992] (-) TimerEvent: {}
[0.805085] (-) TimerEvent: {}
[0.905675] (-) TimerEvent: {}
[1.006095] (-) TimerEvent: {}
[1.106455] (-) TimerEvent: {}
[1.206705] (-) TimerEvent: {}
[1.308606] (-) TimerEvent: {}
[1.409446] (-) TimerEvent: {}
[1.509684] (-) TimerEvent: {}
[1.610039] (-) TimerEvent: {}
[1.711676] (-) TimerEvent: {}
[1.811905] (-) TimerEvent: {}
[1.912379] (-) TimerEvent: {}
[2.012586] (-) TimerEvent: {}
[2.113462] (-) TimerEvent: {}
[2.214108] (-) TimerEvent: {}
[2.293795] (voice_interaction) Command: {'cmd': ['/usr/bin/python3', '-W', 'ignore:setup.py install is deprecated', '-W', 'ignore:easy_install command is deprecated', 'setup.py', 'egg_info', '--egg-base', '../../build/voice_interaction', 'build', '--build-base', '/home/webotpi/ros2_ws/build/voice_interaction/build', 'install', '--record', '/home/webotpi/ros2_ws/build/voice_interaction/install.log', '--single-version-externally-managed', 'install_data'], 'cwd': '/home/webotpi/ros2_ws/src/voice_interaction', 'env': {'LANGUAGE': 'zh_CN:en', 'USER': 'webotpi', 'SSH_CLIENT': '192.168.0.111 56250 22', 'LC_TIME': 'zh_CN.UTF-8', 'XDG_SESSION_TYPE': 'tty', 'SHLVL': '1', 'LD_LIBRARY_PATH': '/opt/ros/jazzy/opt/rviz_ogre_vendor/lib:/opt/ros/jazzy/lib/aarch64-linux-gnu:/opt/ros/jazzy/opt/gz_math_vendor/lib:/opt/ros/jazzy/opt/gz_utils_vendor/lib:/opt/ros/jazzy/opt/gz_cmake_vendor/lib:/opt/ros/jazzy/lib', 'HOME': '/home/webotpi', 'OLDPWD': '/home/webotpi', 'ROS_PYTHON_VERSION': '3', 'LC_MONETARY': 'zh_CN.UTF-8', 'DBUS_SESSION_BUS_ADDRESS': 'unix:path=/run/user/1000/bus', 'ROS_DISTRO': 'jazzy', 'LOGNAME': 'webotpi', '_': '/usr/bin/colcon', 'ROS_VERSION': '2', 'XDG_SESSION_CLASS': 'user', 'XDG_SESSION_ID': '82', 'PATH': '/opt/ros/jazzy/bin:/usr/local/sbin:/usr/local/bin:/usr/sbin:/usr/bin:/sbin:/bin:/usr/games:/usr/local/games:/snap/bin', 'PAPERSIZE': 'a4', 'LC_ADDRESS': 'zh_CN.UTF-8', 'XDG_RUNTIME_DIR': '/run/user/1000', 'LANG': 'zh_CN.UTF-8', 'LC_TELEPHONE': 'zh_CN.UTF-8', 'AMENT_PREFIX_PATH': '/opt/ros/jazzy', 'SHELL': '/bin/bash', 'LC_NAME': 'zh_CN.UTF-8', 'LC_MEASUREMENT': 'zh_CN.UTF-8', 'LC_IDENTIFICATION': 'zh_CN.UTF-8', 'ROS_AUTOMATIC_DISCOVERY_RANGE': 'SUBNET', 'PWD': '/home/webotpi/ros2_ws/build/voice_interaction', 'SSH_CONNECTION': '192.168.0.111 56250 192.168.0.119 22', 'PYTHONPATH': '/home/webotpi/ros2_ws/build/voice_interaction/prefix_override:/usr/lib/python3/dist-packages/colcon_core/task/python/colcon_distutils_commands:/home/webotpi/ros2_ws/install/voice_interaction/lib/python3.12/site-packages:/opt/ros/jazzy/lib/python3.12/site-packages', 'LC_NUMERIC': 'zh_CN.UTF-8', 'LC_PAPER': 'zh_CN.UTF-8', 'COLCON': '1', 'CMAKE_PREFIX_PATH': '/opt/ros/jazzy/opt/gz_math_vendor:/opt/ros/jazzy/opt/gz_utils_vendor:/opt/ros/jazzy/opt/gz_cmake_vendor'}, 'shell': False}
[2.314418] (-) TimerEvent: {}
[2.415411] (-) TimerEvent: {}
[2.516016] (-) TimerEvent: {}
[2.616261] (-) TimerEvent: {}
[2.716488] (-) TimerEvent: {}
[2.816716] (-) TimerEvent: {}
[2.891266] (voice_interaction) StdoutLine: {'line': b'running egg_info\n'}
[2.916819] (-) TimerEvent: {}
[2.928914] (voice_interaction) StdoutLine: {'line': b'writing ../../build/voice_interaction/voice_interaction.egg-info/PKG-INFO\n'}
[2.929331] (voice_interaction) StdoutLine: {'line': b'writing dependency_links to ../../build/voice_interaction/voice_interaction.egg-info/dependency_links.txt\n'}
[2.937054] (voice_interaction) StdoutLine: {'line': b'writing entry points to ../../build/voice_interaction/voice_interaction.egg-info/entry_points.txt\n'}
[2.937368] (voice_interaction) StdoutLine: {'line': b'writing requirements to ../../build/voice_interaction/voice_interaction.egg-info/requires.txt\n'}
[2.937484] (voice_interaction) StdoutLine: {'line': b'writing top-level names to ../../build/voice_interaction/voice_interaction.egg-info/top_level.txt\n'}
[3.016931] (-) TimerEvent: {}
[3.081135] (voice_interaction) StdoutLine: {'line': b"reading manifest file '../../build/voice_interaction/voice_interaction.egg-info/SOURCES.txt'\n"}
[3.082790] (voice_interaction) StdoutLine: {'line': b"writing manifest file '../../build/voice_interaction/voice_interaction.egg-info/SOURCES.txt'\n"}
[3.083417] (voice_interaction) StdoutLine: {'line': b'running build\n'}
[3.086970] (voice_interaction) StdoutLine: {'line': b'running build_py\n'}
[3.087147] (voice_interaction) StdoutLine: {'line': b'copying voice_interaction/intent_parser_node.py -> /home/webotpi/ros2_ws/build/voice_interaction/build/lib/voice_interaction\n'}
[3.087282] (voice_interaction) StdoutLine: {'line': b'running install\n'}
[3.104298] (voice_interaction) StdoutLine: {'line': b'running install_lib\n'}
[3.119134] (-) TimerEvent: {}
[3.172757] (voice_interaction) StdoutLine: {'line': b'copying /home/webotpi/ros2_ws/build/voice_interaction/build/lib/voice_interaction/intent_parser_node.py -> /home/webotpi/ros2_ws/install/voice_interaction/lib/python3.12/site-packages/voice_interaction\n'}
[3.175049] (voice_interaction) StdoutLine: {'line': b'byte-compiling /home/webotpi/ros2_ws/install/voice_interaction/lib/python3.12/site-packages/voice_interaction/intent_parser_node.py to intent_parser_node.cpython-312.pyc\n'}
[3.180249] (voice_interaction) StdoutLine: {'line': b'running install_data\n'}
[3.182342] (voice_interaction) StdoutLine: {'line': b'running install_egg_info\n'}
[3.217848] (-) TimerEvent: {}
[3.251945] (voice_interaction) StdoutLine: {'line': b"removing '/home/webotpi/ros2_ws/install/voice_interaction/lib/python3.12/site-packages/voice_interaction-0.1.0-py3.12.egg-info' (and everything under it)\n"}
[3.252294] (voice_interaction) StdoutLine: {'line': b'Copying ../../build/voice_interaction/voice_interaction.egg-info to /home/webotpi/ros2_ws/install/voice_interaction/lib/python3.12/site-packages/voice_interaction-0.1.0-py3.12.egg-info\n'}
[3.255461] (voice_interaction) StdoutLine: {'line': b'running install_scripts\n'}
[3.318281] (-) TimerEvent: {}
[3.423127] (-) TimerEvent: {}
[3.523373] (-) TimerEvent: {}
[3.571426] (voice_interaction) StdoutLine: {'line': b'Installing arm_executor_node script to /home/webotpi/ros2_ws/install/voice_interaction/lib/voice_interaction\n'}
[3.572290] (voice_interaction) StdoutLine: {'line': b'Installing intent_parser_node script to /home/webotpi/ros2_ws/install/voice_interaction/lib/voice_interaction\n'}
[3.573788] (voice_interaction) StdoutLine: {'line': b'Installing voice_recognition_node script to /home/webotpi/ros2_ws/install/voice_interaction/lib/voice_interaction\n'}
[3.574347] (voice_interaction) StdoutLine: {'line': b'Installing voice_synthesis_node script to /home/webotpi/ros2_ws/install/voice_interaction/lib/voice_interaction\n'}
[3.575834] (voice_interaction) StdoutLine: {'line': b"writing list of installed files to '/home/webotpi/ros2_ws/build/voice_interaction/install.log'\n"}
[3.623502] (-) TimerEvent: {}
[3.724311] (-) TimerEvent: {}
[3.737765] (voice_interaction) CommandEnded: {'returncode': 0}
[3.768107] (voice_interaction) JobEnded: {'identifier': 'voice_interaction', 'rc': 0}
[3.768765] (-) EventReactorShutdown: {}
