[1.267s] Invoking command in '/home/webotpi/ros2_ws/src/robot_integration': PYTHONPATH=/home/webotpi/ros2_ws/build/robot_integration/prefix_override:/usr/lib/python3/dist-packages/colcon_core/task/python/colcon_distutils_commands:/home/webotpi/ros2_ws/install/robot_integration/lib/python3.12/site-packages:${PYTHONPATH} /usr/bin/python3 -W ignore:setup.py install is deprecated -W ignore:easy_install command is deprecated setup.py egg_info --egg-base ../../build/robot_integration build --build-base /home/webotpi/ros2_ws/build/robot_integration/build install --record /home/webotpi/ros2_ws/build/robot_integration/install.log --single-version-externally-managed install_data
[1.630s] running egg_info
[1.657s] writing ../../build/robot_integration/robot_integration.egg-info/PKG-INFO
[1.657s] writing dependency_links to ../../build/robot_integration/robot_integration.egg-info/dependency_links.txt
[1.660s] writing entry points to ../../build/robot_integration/robot_integration.egg-info/entry_points.txt
[1.661s] writing requirements to ../../build/robot_integration/robot_integration.egg-info/requires.txt
[1.661s] writing top-level names to ../../build/robot_integration/robot_integration.egg-info/top_level.txt
[1.717s] reading manifest file '../../build/robot_integration/robot_integration.egg-info/SOURCES.txt'
[1.718s] writing manifest file '../../build/robot_integration/robot_integration.egg-info/SOURCES.txt'
[1.718s] running build
[1.718s] running build_py
[1.718s] running install
[1.727s] running install_lib
[1.755s] running install_data
[1.755s] running install_egg_info
[1.784s] removing '/home/webotpi/ros2_ws/install/robot_integration/lib/python3.12/site-packages/robot_integration-1.0.0-py3.12.egg-info' (and everything under it)
[1.784s] Copying ../../build/robot_integration/robot_integration.egg-info to /home/webotpi/ros2_ws/install/robot_integration/lib/python3.12/site-packages/robot_integration-1.0.0-py3.12.egg-info
[1.785s] running install_scripts
[1.968s] Installing arm_controller_node script to /home/webotpi/ros2_ws/install/robot_integration/lib/robot_integration
[1.968s] Installing car_controller_node script to /home/webotpi/ros2_ws/install/robot_integration/lib/robot_integration
[1.971s] Installing coordinator_node script to /home/webotpi/ros2_ws/install/robot_integration/lib/robot_integration
[1.972s] Installing stm32_bridge_node script to /home/webotpi/ros2_ws/install/robot_integration/lib/robot_integration
[1.973s] writing list of installed files to '/home/webotpi/ros2_ws/build/robot_integration/install.log'
[2.053s] Invoked command in '/home/webotpi/ros2_ws/src/robot_integration' returned '0': PYTHONPATH=/home/webotpi/ros2_ws/build/robot_integration/prefix_override:/usr/lib/python3/dist-packages/colcon_core/task/python/colcon_distutils_commands:/home/webotpi/ros2_ws/install/robot_integration/lib/python3.12/site-packages:${PYTHONPATH} /usr/bin/python3 -W ignore:setup.py install is deprecated -W ignore:easy_install command is deprecated setup.py egg_info --egg-base ../../build/robot_integration build --build-base /home/webotpi/ros2_ws/build/robot_integration/build install --record /home/webotpi/ros2_ws/build/robot_integration/install.log --single-version-externally-managed install_data
