[0.000000] (-) TimerEvent: {}
[0.000332] (-) JobUnselected: {'identifier': 'deptrum-ros-driver-aurora930'}
[0.000374] (-) JobUnselected: {'identifier': 'my_launch_pkg'}
[0.000399] (-) JobUnselected: {'identifier': 'my_srv'}
[0.000421] (-) JobUnselected: {'identifier': 'py_pkg'}
[0.000436] (-) JobUnselected: {'identifier': 'rplidar_ros'}
[0.000452] (-) JobUnselected: {'identifier': 'voice_interaction'}
[0.000474] (robot_integration) JobQueued: {'identifier': 'robot_integration', 'dependencies': OrderedDict()}
[0.003928] (robot_integration) JobStarted: {'identifier': 'robot_integration'}
[0.099586] (-) TimerEvent: {}
[0.200065] (-) TimerEvent: {}
[0.300266] (-) TimerEvent: {}
[0.400650] (-) TimerEvent: {}
[0.501011] (-) TimerEvent: {}
[0.601248] (-) TimerEvent: {}
[0.702169] (-) TimerEvent: {}
[0.804848] (-) TimerEvent: {}
[0.905054] (-) TimerEvent: {}
[1.005789] (-) TimerEvent: {}
[1.106102] (-) TimerEvent: {}
[1.206431] (-) TimerEvent: {}
[1.306695] (-) TimerEvent: {}
[1.407610] (-) TimerEvent: {}
[1.507816] (-) TimerEvent: {}
[1.608091] (-) TimerEvent: {}
[1.708307] (-) TimerEvent: {}
[1.808808] (-) TimerEvent: {}
[1.910023] (-) TimerEvent: {}
[1.977390] (robot_integration) Command: {'cmd': ['/usr/bin/python3', '-W', 'ignore:setup.py install is deprecated', '-W', 'ignore:easy_install command is deprecated', 'setup.py', 'egg_info', '--egg-base', '../../build/robot_integration', 'build', '--build-base', '/home/webotpi/ros2_ws/build/robot_integration/build', 'install', '--record', '/home/webotpi/ros2_ws/build/robot_integration/install.log', '--single-version-externally-managed', 'install_data'], 'cwd': '/home/webotpi/ros2_ws/src/robot_integration', 'env': {'LANGUAGE': 'zh_CN:en', 'USER': 'webotpi', 'SSH_CLIENT': '192.168.0.111 36154 22', 'LC_TIME': 'zh_CN.UTF-8', 'XDG_SESSION_TYPE': 'tty', 'SHLVL': '1', 'LD_LIBRARY_PATH': '/opt/ros/jazzy/opt/rviz_ogre_vendor/lib:/opt/ros/jazzy/lib/aarch64-linux-gnu:/opt/ros/jazzy/opt/gz_math_vendor/lib:/opt/ros/jazzy/opt/gz_utils_vendor/lib:/opt/ros/jazzy/opt/gz_cmake_vendor/lib:/opt/ros/jazzy/lib', 'HOME': '/home/webotpi', 'OLDPWD': '/home/webotpi', 'ROS_PYTHON_VERSION': '3', 'LC_MONETARY': 'zh_CN.UTF-8', 'DBUS_SESSION_BUS_ADDRESS': 'unix:path=/run/user/1000/bus', 'ROS_DISTRO': 'jazzy', 'LOGNAME': 'webotpi', '_': '/usr/bin/colcon', 'ROS_VERSION': '2', 'XDG_SESSION_CLASS': 'user', 'XDG_SESSION_ID': '25', 'PATH': '/opt/ros/jazzy/bin:/usr/local/sbin:/usr/local/bin:/usr/sbin:/usr/bin:/sbin:/bin:/usr/games:/usr/local/games:/snap/bin', 'PAPERSIZE': 'a4', 'LC_ADDRESS': 'zh_CN.UTF-8', 'XDG_RUNTIME_DIR': '/run/user/1000', 'LANG': 'zh_CN.UTF-8', 'LC_TELEPHONE': 'zh_CN.UTF-8', 'AMENT_PREFIX_PATH': '/opt/ros/jazzy', 'SHELL': '/bin/bash', 'LC_NAME': 'zh_CN.UTF-8', 'LC_MEASUREMENT': 'zh_CN.UTF-8', 'LC_IDENTIFICATION': 'zh_CN.UTF-8', 'ROS_AUTOMATIC_DISCOVERY_RANGE': 'SUBNET', 'PWD': '/home/webotpi/ros2_ws/build/robot_integration', 'SSH_CONNECTION': '192.168.0.111 36154 192.168.0.119 22', 'PYTHONPATH': '/home/webotpi/ros2_ws/build/robot_integration/prefix_override:/usr/lib/python3/dist-packages/colcon_core/task/python/colcon_distutils_commands:/home/webotpi/ros2_ws/install/robot_integration/lib/python3.12/site-packages:/opt/ros/jazzy/lib/python3.12/site-packages', 'LC_NUMERIC': 'zh_CN.UTF-8', 'LC_PAPER': 'zh_CN.UTF-8', 'COLCON': '1', 'CMAKE_PREFIX_PATH': '/opt/ros/jazzy/opt/gz_math_vendor:/opt/ros/jazzy/opt/gz_utils_vendor:/opt/ros/jazzy/opt/gz_cmake_vendor'}, 'shell': False}
[2.010133] (-) TimerEvent: {}
[2.110431] (-) TimerEvent: {}
[2.210755] (-) TimerEvent: {}
[2.311431] (-) TimerEvent: {}
[2.411609] (-) TimerEvent: {}
[2.511842] (-) TimerEvent: {}
[2.612212] (-) TimerEvent: {}
[2.620188] (robot_integration) StdoutLine: {'line': b'running egg_info\n'}
[2.658867] (robot_integration) StdoutLine: {'line': b'writing ../../build/robot_integration/robot_integration.egg-info/PKG-INFO\n'}
[2.659203] (robot_integration) StdoutLine: {'line': b'writing dependency_links to ../../build/robot_integration/robot_integration.egg-info/dependency_links.txt\n'}
[2.665554] (robot_integration) StdoutLine: {'line': b'writing entry points to ../../build/robot_integration/robot_integration.egg-info/entry_points.txt\n'}
[2.666191] (robot_integration) StdoutLine: {'line': b'writing requirements to ../../build/robot_integration/robot_integration.egg-info/requires.txt\n'}
[2.667430] (robot_integration) StdoutLine: {'line': b'writing top-level names to ../../build/robot_integration/robot_integration.egg-info/top_level.txt\n'}
[2.712305] (-) TimerEvent: {}
[2.735867] (robot_integration) StdoutLine: {'line': b"reading manifest file '../../build/robot_integration/robot_integration.egg-info/SOURCES.txt'\n"}
[2.737210] (robot_integration) StdoutLine: {'line': b"writing manifest file '../../build/robot_integration/robot_integration.egg-info/SOURCES.txt'\n"}
[2.737425] (robot_integration) StdoutLine: {'line': b'running build\n'}
[2.737578] (robot_integration) StdoutLine: {'line': b'running build_py\n'}
[2.738013] (robot_integration) StdoutLine: {'line': b'copying robot_integration/self_driving_node.py -> /home/webotpi/ros2_ws/build/robot_integration/build/lib/robot_integration\n'}
[2.738564] (robot_integration) StdoutLine: {'line': b'running install\n'}
[2.747776] (robot_integration) StdoutLine: {'line': b'running install_lib\n'}
[2.812904] (-) TimerEvent: {}
[2.848225] (robot_integration) StdoutLine: {'line': b'byte-compiling /home/webotpi/ros2_ws/install/robot_integration/lib/python3.12/site-packages/robot_integration/self_driving_node.py to self_driving_node.cpython-312.pyc\n'}
[2.867977] (robot_integration) StdoutLine: {'line': b'running install_data\n'}
[2.869481] (robot_integration) StdoutLine: {'line': b'copying config/self_driving_params.yaml -> /home/webotpi/ros2_ws/install/robot_integration/share/robot_integration/config\n'}
[2.869785] (robot_integration) StdoutLine: {'line': b'running install_egg_info\n'}
[2.908517] (robot_integration) StdoutLine: {'line': b"removing '/home/webotpi/ros2_ws/install/robot_integration/lib/python3.12/site-packages/robot_integration-1.0.0-py3.12.egg-info' (and everything under it)\n"}
[2.912909] (-) TimerEvent: {}
[2.927789] (robot_integration) StdoutLine: {'line': b'Copying ../../build/robot_integration/robot_integration.egg-info to /home/webotpi/ros2_ws/install/robot_integration/lib/python3.12/site-packages/robot_integration-1.0.0-py3.12.egg-info\n'}
[2.931025] (robot_integration) StdoutLine: {'line': b'running install_scripts\n'}
[3.013654] (-) TimerEvent: {}
[3.113978] (-) TimerEvent: {}
[3.214188] (-) TimerEvent: {}
[3.218796] (robot_integration) StdoutLine: {'line': b'Installing arm_controller_node script to /home/webotpi/ros2_ws/install/robot_integration/lib/robot_integration\n'}
[3.219066] (robot_integration) StdoutLine: {'line': b'Installing balance_beam_node script to /home/webotpi/ros2_ws/install/robot_integration/lib/robot_integration\n'}
[3.226215] (robot_integration) StdoutLine: {'line': b'Installing car_controller_node script to /home/webotpi/ros2_ws/install/robot_integration/lib/robot_integration\n'}
[3.228483] (robot_integration) StdoutLine: {'line': b'Installing coordinator_node script to /home/webotpi/ros2_ws/install/robot_integration/lib/robot_integration\n'}
[3.229299] (robot_integration) StdoutLine: {'line': b'Installing edge_detect_node script to /home/webotpi/ros2_ws/install/robot_integration/lib/robot_integration\n'}
[3.230133] (robot_integration) StdoutLine: {'line': b'Installing line_follow_node script to /home/webotpi/ros2_ws/install/robot_integration/lib/robot_integration\n'}
[3.230994] (robot_integration) StdoutLine: {'line': b'Installing self_driving_node script to /home/webotpi/ros2_ws/install/robot_integration/lib/robot_integration\n'}
[3.231953] (robot_integration) StdoutLine: {'line': b'Installing stm32_bridge_node script to /home/webotpi/ros2_ws/install/robot_integration/lib/robot_integration\n'}
[3.233313] (robot_integration) StdoutLine: {'line': b"writing list of installed files to '/home/webotpi/ros2_ws/build/robot_integration/install.log'\n"}
[3.314342] (-) TimerEvent: {}
[3.415330] (-) TimerEvent: {}
[3.420320] (robot_integration) CommandEnded: {'returncode': 0}
[3.451362] (robot_integration) JobEnded: {'identifier': 'robot_integration', 'rc': 0}
[3.453103] (-) EventReactorShutdown: {}
